Creating test database for alias 'default'...
System check identified some issues:

WARNINGS:
?: (staticfiles.W004) The directory '/home/alimt/Minibini/static' in the STATICFILES_DIRS setting does not exist.

System check identified 1 issue (0 silenced).
..........EEEEEEEEEEEEEEEEEEEEEEEEEEEEEEEEEEEEEEEEEEEEEEEEEEEEEEEEEEEEEEEEEEEEEEEEEEEEEEEEEEEEEEEEEEEEEEEEEEEEEEEEEEEEEEEEEEE..EEE.......E...EEEEEEEEEEEEEEEEEEEEE.......FEEE.....E.E..F.F..E.E....FFF.FF.......EEEEEEEEEEEEEEEEEEEEEEEEEEEEEEEEEEEEEEEEEEEEEEEEEEEEEEEEEEEEEEEEEEEEEEEEEEEEEEEEEEEEEEEEEEEEEEEEEEEEEEEEEEEEEEEEEEEEE...EEE................/home/alimt/Minibini/venv/lib/python3.12/site-packages/django/db/models/fields/__init__.py:1612: RuntimeWarning: DateTimeField Job.due_date received a naive datetime (2025-12-07 00:00:00) while time zone support is active.
  warnings.warn(
...EEEEEEEEEEEEEEEEEEEEEEEEEEEEEEEEEEEEEEEEEEEEEEEEEEEEEEEEEEEE....EEEEEEEEEEEEEEEEE......EEEEEEEEEEEEEEEEEEEEEEEEEEEEEEEEEEEEEEEEEEEEEEEEEEEEEEEEEEEEEEEEEEEEEEEEEEEEEEEEE.....................EEEEEEEEEEEEEEEEEEEEEEEEEEEEEEEEEEEEEEEEEEEEEEEEEEEEEEEEEEEEEEEEEEEEEEEEEEEEEEEEEEEEEEEEEEEEEEEEEEEEEEE.......EEEEEEEEEEEEEEEEEEEEEEEE
======================================================================
ERROR: test_bill_auto_associates_business_from_contact_on_creation (tests.test_bill_business_association.BillBusinessAutoAssociationTest.test_bill_auto_associates_business_from_contact_on_creation)
Test that when creating a Bill with a Contact that has a Business,
----------------------------------------------------------------------
Traceback (most recent call last):
  File "/home/alimt/Minibini/tests/test_bill_business_association.py", line 14, in setUp
    self.default_contact1 = Contact.objects.create(name="Default Contact 1")
                            ^^^^^^^^^^^^^^^^^^^^^^^^^^^^^^^^^^^^^^^^^^^^^^^^
  File "/home/alimt/Minibini/venv/lib/python3.12/site-packages/django/db/models/manager.py", line 87, in manager_method
    return getattr(self.get_queryset(), name)(*args, **kwargs)
           ^^^^^^^^^^^^^^^^^^^^^^^^^^^^^^^^^^^^^^^^^^^^^^^^^^^
  File "/home/alimt/Minibini/venv/lib/python3.12/site-packages/django/db/models/query.py", line 661, in create
    obj = self.model(**kwargs)
          ^^^^^^^^^^^^^^^^^^^^
  File "/home/alimt/Minibini/venv/lib/python3.12/site-packages/django/db/models/base.py", line 558, in __init__
    _setattr(self, prop, value)
AttributeError: property 'name' of 'Contact' object has no setter

======================================================================
ERROR: test_bill_business_not_changed_on_update (tests.test_bill_business_association.BillBusinessAutoAssociationTest.test_bill_business_not_changed_on_update)
Test that when updating an existing Bill, the business is not changed.
----------------------------------------------------------------------
Traceback (most recent call last):
  File "/home/alimt/Minibini/tests/test_bill_business_association.py", line 14, in setUp
    self.default_contact1 = Contact.objects.create(name="Default Contact 1")
                            ^^^^^^^^^^^^^^^^^^^^^^^^^^^^^^^^^^^^^^^^^^^^^^^^
  File "/home/alimt/Minibini/venv/lib/python3.12/site-packages/django/db/models/manager.py", line 87, in manager_method
    return getattr(self.get_queryset(), name)(*args, **kwargs)
           ^^^^^^^^^^^^^^^^^^^^^^^^^^^^^^^^^^^^^^^^^^^^^^^^^^^
  File "/home/alimt/Minibini/venv/lib/python3.12/site-packages/django/db/models/query.py", line 661, in create
    obj = self.model(**kwargs)
          ^^^^^^^^^^^^^^^^^^^^
  File "/home/alimt/Minibini/venv/lib/python3.12/site-packages/django/db/models/base.py", line 558, in __init__
    _setattr(self, prop, value)
AttributeError: property 'name' of 'Contact' object has no setter

======================================================================
ERROR: test_bill_explicit_business_must_match_contact_business (tests.test_bill_business_association.BillBusinessAutoAssociationTest.test_bill_explicit_business_must_match_contact_business)
Test that when creating a Bill with both Contact and Business,
----------------------------------------------------------------------
Traceback (most recent call last):
  File "/home/alimt/Minibini/tests/test_bill_business_association.py", line 14, in setUp
    self.default_contact1 = Contact.objects.create(name="Default Contact 1")
                            ^^^^^^^^^^^^^^^^^^^^^^^^^^^^^^^^^^^^^^^^^^^^^^^^
  File "/home/alimt/Minibini/venv/lib/python3.12/site-packages/django/db/models/manager.py", line 87, in manager_method
    return getattr(self.get_queryset(), name)(*args, **kwargs)
           ^^^^^^^^^^^^^^^^^^^^^^^^^^^^^^^^^^^^^^^^^^^^^^^^^^^
  File "/home/alimt/Minibini/venv/lib/python3.12/site-packages/django/db/models/query.py", line 661, in create
    obj = self.model(**kwargs)
          ^^^^^^^^^^^^^^^^^^^^
  File "/home/alimt/Minibini/venv/lib/python3.12/site-packages/django/db/models/base.py", line 558, in __init__
    _setattr(self, prop, value)
AttributeError: property 'name' of 'Contact' object has no setter

======================================================================
ERROR: test_bill_with_purchase_order_auto_associates_business (tests.test_bill_business_association.BillBusinessAutoAssociationTest.test_bill_with_purchase_order_auto_associates_business)
Test that Bill auto-associates business even when created with a PurchaseOrder.
----------------------------------------------------------------------
Traceback (most recent call last):
  File "/home/alimt/Minibini/tests/test_bill_business_association.py", line 14, in setUp
    self.default_contact1 = Contact.objects.create(name="Default Contact 1")
                            ^^^^^^^^^^^^^^^^^^^^^^^^^^^^^^^^^^^^^^^^^^^^^^^^
  File "/home/alimt/Minibini/venv/lib/python3.12/site-packages/django/db/models/manager.py", line 87, in manager_method
    return getattr(self.get_queryset(), name)(*args, **kwargs)
           ^^^^^^^^^^^^^^^^^^^^^^^^^^^^^^^^^^^^^^^^^^^^^^^^^^^
  File "/home/alimt/Minibini/venv/lib/python3.12/site-packages/django/db/models/query.py", line 661, in create
    obj = self.model(**kwargs)
          ^^^^^^^^^^^^^^^^^^^^
  File "/home/alimt/Minibini/venv/lib/python3.12/site-packages/django/db/models/base.py", line 558, in __init__
    _setattr(self, prop, value)
AttributeError: property 'name' of 'Contact' object has no setter

======================================================================
ERROR: test_bill_detail_view_displays_status_form_for_non_terminal_status (tests.test_bill_detail_view.BillDetailViewTest.test_bill_detail_view_displays_status_form_for_non_terminal_status)
Test that bill detail view displays status update form for draft status.
----------------------------------------------------------------------
Traceback (most recent call last):
  File "/home/alimt/Minibini/tests/test_bill_detail_view.py", line 20, in setUp
    self.default_contact = Contact.objects.create(name='Default Contact')
                           ^^^^^^^^^^^^^^^^^^^^^^^^^^^^^^^^^^^^^^^^^^^^^^
  File "/home/alimt/Minibini/venv/lib/python3.12/site-packages/django/db/models/manager.py", line 87, in manager_method
    return getattr(self.get_queryset(), name)(*args, **kwargs)
           ^^^^^^^^^^^^^^^^^^^^^^^^^^^^^^^^^^^^^^^^^^^^^^^^^^^
  File "/home/alimt/Minibini/venv/lib/python3.12/site-packages/django/db/models/query.py", line 661, in create
    obj = self.model(**kwargs)
          ^^^^^^^^^^^^^^^^^^^^
  File "/home/alimt/Minibini/venv/lib/python3.12/site-packages/django/db/models/base.py", line 558, in __init__
    _setattr(self, prop, value)
AttributeError: property 'name' of 'Contact' object has no setter

======================================================================
ERROR: test_bill_detail_view_no_status_form_for_terminal_status (tests.test_bill_detail_view.BillDetailViewTest.test_bill_detail_view_no_status_form_for_terminal_status)
Test that bill detail view does not display status form for terminal states.
----------------------------------------------------------------------
Traceback (most recent call last):
  File "/home/alimt/Minibini/tests/test_bill_detail_view.py", line 20, in setUp
    self.default_contact = Contact.objects.create(name='Default Contact')
                           ^^^^^^^^^^^^^^^^^^^^^^^^^^^^^^^^^^^^^^^^^^^^^^
  File "/home/alimt/Minibini/venv/lib/python3.12/site-packages/django/db/models/manager.py", line 87, in manager_method
    return getattr(self.get_queryset(), name)(*args, **kwargs)
           ^^^^^^^^^^^^^^^^^^^^^^^^^^^^^^^^^^^^^^^^^^^^^^^^^^^
  File "/home/alimt/Minibini/venv/lib/python3.12/site-packages/django/db/models/query.py", line 661, in create
    obj = self.model(**kwargs)
          ^^^^^^^^^^^^^^^^^^^^
  File "/home/alimt/Minibini/venv/lib/python3.12/site-packages/django/db/models/base.py", line 558, in __init__
    _setattr(self, prop, value)
AttributeError: property 'name' of 'Contact' object has no setter

======================================================================
ERROR: test_bill_status_choices_are_context_aware (tests.test_bill_detail_view.BillDetailViewTest.test_bill_status_choices_are_context_aware)
Test that status form only shows valid transitions for current status.
----------------------------------------------------------------------
Traceback (most recent call last):
  File "/home/alimt/Minibini/tests/test_bill_detail_view.py", line 20, in setUp
    self.default_contact = Contact.objects.create(name='Default Contact')
                           ^^^^^^^^^^^^^^^^^^^^^^^^^^^^^^^^^^^^^^^^^^^^^^
  File "/home/alimt/Minibini/venv/lib/python3.12/site-packages/django/db/models/manager.py", line 87, in manager_method
    return getattr(self.get_queryset(), name)(*args, **kwargs)
           ^^^^^^^^^^^^^^^^^^^^^^^^^^^^^^^^^^^^^^^^^^^^^^^^^^^
  File "/home/alimt/Minibini/venv/lib/python3.12/site-packages/django/db/models/query.py", line 661, in create
    obj = self.model(**kwargs)
          ^^^^^^^^^^^^^^^^^^^^
  File "/home/alimt/Minibini/venv/lib/python3.12/site-packages/django/db/models/base.py", line 558, in __init__
    _setattr(self, prop, value)
AttributeError: property 'name' of 'Contact' object has no setter

======================================================================
ERROR: test_bill_status_update_from_terminal_state_shows_error (tests.test_bill_detail_view.BillDetailViewTest.test_bill_status_update_from_terminal_state_shows_error)
Test that attempting to update from terminal state shows error.
----------------------------------------------------------------------
Traceback (most recent call last):
  File "/home/alimt/Minibini/tests/test_bill_detail_view.py", line 20, in setUp
    self.default_contact = Contact.objects.create(name='Default Contact')
                           ^^^^^^^^^^^^^^^^^^^^^^^^^^^^^^^^^^^^^^^^^^^^^^
  File "/home/alimt/Minibini/venv/lib/python3.12/site-packages/django/db/models/manager.py", line 87, in manager_method
    return getattr(self.get_queryset(), name)(*args, **kwargs)
           ^^^^^^^^^^^^^^^^^^^^^^^^^^^^^^^^^^^^^^^^^^^^^^^^^^^
  File "/home/alimt/Minibini/venv/lib/python3.12/site-packages/django/db/models/query.py", line 661, in create
    obj = self.model(**kwargs)
          ^^^^^^^^^^^^^^^^^^^^
  File "/home/alimt/Minibini/venv/lib/python3.12/site-packages/django/db/models/base.py", line 558, in __init__
    _setattr(self, prop, value)
AttributeError: property 'name' of 'Contact' object has no setter

======================================================================
ERROR: test_bill_status_update_invalid_transition (tests.test_bill_detail_view.BillDetailViewTest.test_bill_status_update_invalid_transition)
Test that invalid status transitions show error message.
----------------------------------------------------------------------
Traceback (most recent call last):
  File "/home/alimt/Minibini/tests/test_bill_detail_view.py", line 20, in setUp
    self.default_contact = Contact.objects.create(name='Default Contact')
                           ^^^^^^^^^^^^^^^^^^^^^^^^^^^^^^^^^^^^^^^^^^^^^^
  File "/home/alimt/Minibini/venv/lib/python3.12/site-packages/django/db/models/manager.py", line 87, in manager_method
    return getattr(self.get_queryset(), name)(*args, **kwargs)
           ^^^^^^^^^^^^^^^^^^^^^^^^^^^^^^^^^^^^^^^^^^^^^^^^^^^
  File "/home/alimt/Minibini/venv/lib/python3.12/site-packages/django/db/models/query.py", line 661, in create
    obj = self.model(**kwargs)
          ^^^^^^^^^^^^^^^^^^^^
  File "/home/alimt/Minibini/venv/lib/python3.12/site-packages/django/db/models/base.py", line 558, in __init__
    _setattr(self, prop, value)
AttributeError: property 'name' of 'Contact' object has no setter

======================================================================
ERROR: test_bill_status_update_via_post (tests.test_bill_detail_view.BillDetailViewTest.test_bill_status_update_via_post)
Test that posting to bill detail view updates status.
----------------------------------------------------------------------
Traceback (most recent call last):
  File "/home/alimt/Minibini/tests/test_bill_detail_view.py", line 20, in setUp
    self.default_contact = Contact.objects.create(name='Default Contact')
                           ^^^^^^^^^^^^^^^^^^^^^^^^^^^^^^^^^^^^^^^^^^^^^^
  File "/home/alimt/Minibini/venv/lib/python3.12/site-packages/django/db/models/manager.py", line 87, in manager_method
    return getattr(self.get_queryset(), name)(*args, **kwargs)
           ^^^^^^^^^^^^^^^^^^^^^^^^^^^^^^^^^^^^^^^^^^^^^^^^^^^
  File "/home/alimt/Minibini/venv/lib/python3.12/site-packages/django/db/models/query.py", line 661, in create
    obj = self.model(**kwargs)
          ^^^^^^^^^^^^^^^^^^^^
  File "/home/alimt/Minibini/venv/lib/python3.12/site-packages/django/db/models/base.py", line 558, in __init__
    _setattr(self, prop, value)
AttributeError: property 'name' of 'Contact' object has no setter

======================================================================
ERROR: test_can_stay_in_draft_without_line_items (tests.test_bill_enhancements.BillDraftStateValidationTest.test_can_stay_in_draft_without_line_items)
Test that Bill can remain in draft status without line items.
----------------------------------------------------------------------
Traceback (most recent call last):
  File "/home/alimt/Minibini/tests/test_bill_enhancements.py", line 207, in setUp
    self.business = Business.objects.create(business_name="Test Vendor Business", default_contact=self.default_contact)
                                                                                                  ^^^^^^^^^^^^^^^^^^^^
AttributeError: 'BillDraftStateValidationTest' object has no attribute 'default_contact'

======================================================================
ERROR: test_can_transition_from_draft_with_line_items (tests.test_bill_enhancements.BillDraftStateValidationTest.test_can_transition_from_draft_with_line_items)
Test that Bill can transition from draft to received with line items.
----------------------------------------------------------------------
Traceback (most recent call last):
  File "/home/alimt/Minibini/tests/test_bill_enhancements.py", line 207, in setUp
    self.business = Business.objects.create(business_name="Test Vendor Business", default_contact=self.default_contact)
                                                                                                  ^^^^^^^^^^^^^^^^^^^^
AttributeError: 'BillDraftStateValidationTest' object has no attribute 'default_contact'

======================================================================
ERROR: test_cannot_transition_from_draft_without_line_items (tests.test_bill_enhancements.BillDraftStateValidationTest.test_cannot_transition_from_draft_without_line_items)
Test that Bill cannot transition from draft to received without line items.
----------------------------------------------------------------------
Traceback (most recent call last):
  File "/home/alimt/Minibini/tests/test_bill_enhancements.py", line 207, in setUp
    self.business = Business.objects.create(business_name="Test Vendor Business", default_contact=self.default_contact)
                                                                                                  ^^^^^^^^^^^^^^^^^^^^
AttributeError: 'BillDraftStateValidationTest' object has no attribute 'default_contact'

======================================================================
ERROR: test_transitions_after_draft_not_affected_by_line_item_count (tests.test_bill_enhancements.BillDraftStateValidationTest.test_transitions_after_draft_not_affected_by_line_item_count)
Test that transitions after draft don't check line item count.
----------------------------------------------------------------------
Traceback (most recent call last):
  File "/home/alimt/Minibini/tests/test_bill_enhancements.py", line 207, in setUp
    self.business = Business.objects.create(business_name="Test Vendor Business", default_contact=self.default_contact)
                                                                                                  ^^^^^^^^^^^^^^^^^^^^
AttributeError: 'BillDraftStateValidationTest' object has no attribute 'default_contact'

======================================================================
ERROR: test_validation_message_is_clear (tests.test_bill_enhancements.BillDraftStateValidationTest.test_validation_message_is_clear)
Test that validation error message is clear and helpful.
----------------------------------------------------------------------
Traceback (most recent call last):
  File "/home/alimt/Minibini/tests/test_bill_enhancements.py", line 207, in setUp
    self.business = Business.objects.create(business_name="Test Vendor Business", default_contact=self.default_contact)
                                                                                                  ^^^^^^^^^^^^^^^^^^^^
AttributeError: 'BillDraftStateValidationTest' object has no attribute 'default_contact'

======================================================================
ERROR: test_bill_line_item_form_allows_manual_entry (tests.test_bill_enhancements.BillLineItemManualEntryTest.test_bill_line_item_form_allows_manual_entry)
Test that BillLineItemForm accepts manual entry without price_list_item.
----------------------------------------------------------------------
Traceback (most recent call last):
  File "/home/alimt/Minibini/tests/test_bill_enhancements.py", line 112, in setUp
    self.business = Business.objects.create(business_name="Test Vendor Business", default_contact=self.default_contact)
                                                                                                  ^^^^^^^^^^^^^^^^^^^^
AttributeError: 'BillLineItemManualEntryTest' object has no attribute 'default_contact'

======================================================================
ERROR: test_bill_line_item_form_requires_description_for_manual_entry (tests.test_bill_enhancements.BillLineItemManualEntryTest.test_bill_line_item_form_requires_description_for_manual_entry)
Test that BillLineItemForm requires description when no price_list_item.
----------------------------------------------------------------------
Traceback (most recent call last):
  File "/home/alimt/Minibini/tests/test_bill_enhancements.py", line 112, in setUp
    self.business = Business.objects.create(business_name="Test Vendor Business", default_contact=self.default_contact)
                                                                                                  ^^^^^^^^^^^^^^^^^^^^
AttributeError: 'BillLineItemManualEntryTest' object has no attribute 'default_contact'

======================================================================
ERROR: test_create_line_item_with_manual_entry (tests.test_bill_enhancements.BillLineItemManualEntryTest.test_create_line_item_with_manual_entry)
Test creating a bill line item with manual entry (no price list item).
----------------------------------------------------------------------
Traceback (most recent call last):
  File "/home/alimt/Minibini/tests/test_bill_enhancements.py", line 112, in setUp
    self.business = Business.objects.create(business_name="Test Vendor Business", default_contact=self.default_contact)
                                                                                                  ^^^^^^^^^^^^^^^^^^^^
AttributeError: 'BillLineItemManualEntryTest' object has no attribute 'default_contact'

======================================================================
ERROR: test_manual_line_item_total_amount (tests.test_bill_enhancements.BillLineItemManualEntryTest.test_manual_line_item_total_amount)
Test that manual line items calculate total_amount correctly.
----------------------------------------------------------------------
Traceback (most recent call last):
  File "/home/alimt/Minibini/tests/test_bill_enhancements.py", line 112, in setUp
    self.business = Business.objects.create(business_name="Test Vendor Business", default_contact=self.default_contact)
                                                                                                  ^^^^^^^^^^^^^^^^^^^^
AttributeError: 'BillLineItemManualEntryTest' object has no attribute 'default_contact'

======================================================================
ERROR: test_multiple_manual_line_items_on_same_bill (tests.test_bill_enhancements.BillLineItemManualEntryTest.test_multiple_manual_line_items_on_same_bill)
Test that multiple manual line items can be added to the same bill.
----------------------------------------------------------------------
Traceback (most recent call last):
  File "/home/alimt/Minibini/tests/test_bill_enhancements.py", line 112, in setUp
    self.business = Business.objects.create(business_name="Test Vendor Business", default_contact=self.default_contact)
                                                                                                  ^^^^^^^^^^^^^^^^^^^^
AttributeError: 'BillLineItemManualEntryTest' object has no attribute 'default_contact'

======================================================================
ERROR: test_bill_number_generated_on_form_save (tests.test_bill_enhancements.BillNumberGenerationTest.test_bill_number_generated_on_form_save)
Test that bill number is automatically generated when using BillForm.
----------------------------------------------------------------------
Traceback (most recent call last):
  File "/home/alimt/Minibini/tests/test_bill_enhancements.py", line 21, in setUp
    self.business = Business.objects.create(business_name="Test Vendor Business", default_contact=self.default_contact)
                                                                                                  ^^^^^^^^^^^^^^^^^^^^
AttributeError: 'BillNumberGenerationTest' object has no attribute 'default_contact'

======================================================================
ERROR: test_bill_number_is_unique (tests.test_bill_enhancements.BillNumberGenerationTest.test_bill_number_is_unique)
Test that bill numbers are unique.
----------------------------------------------------------------------
Traceback (most recent call last):
  File "/home/alimt/Minibini/tests/test_bill_enhancements.py", line 21, in setUp
    self.business = Business.objects.create(business_name="Test Vendor Business", default_contact=self.default_contact)
                                                                                                  ^^^^^^^^^^^^^^^^^^^^
AttributeError: 'BillNumberGenerationTest' object has no attribute 'default_contact'

======================================================================
ERROR: test_bill_numbers_increment_sequentially (tests.test_bill_enhancements.BillNumberGenerationTest.test_bill_numbers_increment_sequentially)
Test that bill numbers increment sequentially.
----------------------------------------------------------------------
Traceback (most recent call last):
  File "/home/alimt/Minibini/tests/test_bill_enhancements.py", line 21, in setUp
    self.business = Business.objects.create(business_name="Test Vendor Business", default_contact=self.default_contact)
                                                                                                  ^^^^^^^^^^^^^^^^^^^^
AttributeError: 'BillNumberGenerationTest' object has no attribute 'default_contact'

======================================================================
ERROR: test_bill_str_method_uses_bill_number (tests.test_bill_enhancements.BillNumberGenerationTest.test_bill_str_method_uses_bill_number)
Test that Bill's __str__ method uses bill_number.
----------------------------------------------------------------------
Traceback (most recent call last):
  File "/home/alimt/Minibini/tests/test_bill_enhancements.py", line 21, in setUp
    self.business = Business.objects.create(business_name="Test Vendor Business", default_contact=self.default_contact)
                                                                                                  ^^^^^^^^^^^^^^^^^^^^
AttributeError: 'BillNumberGenerationTest' object has no attribute 'default_contact'

======================================================================
ERROR: test_add_line_item_from_price_list (tests.test_bill_line_item_addition.BillLineItemAdditionTests.test_add_line_item_from_price_list)
Test adding a line item from price list.
----------------------------------------------------------------------
Traceback (most recent call last):
  File "/home/alimt/Minibini/tests/test_bill_line_item_addition.py", line 19, in setUp
    self.default_contact = Contact.objects.create(name='Default Contact')
                           ^^^^^^^^^^^^^^^^^^^^^^^^^^^^^^^^^^^^^^^^^^^^^^
  File "/home/alimt/Minibini/venv/lib/python3.12/site-packages/django/db/models/manager.py", line 87, in manager_method
    return getattr(self.get_queryset(), name)(*args, **kwargs)
           ^^^^^^^^^^^^^^^^^^^^^^^^^^^^^^^^^^^^^^^^^^^^^^^^^^^
  File "/home/alimt/Minibini/venv/lib/python3.12/site-packages/django/db/models/query.py", line 661, in create
    obj = self.model(**kwargs)
          ^^^^^^^^^^^^^^^^^^^^
  File "/home/alimt/Minibini/venv/lib/python3.12/site-packages/django/db/models/base.py", line 558, in __init__
    _setattr(self, prop, value)
AttributeError: property 'name' of 'Contact' object has no setter

======================================================================
ERROR: test_add_line_item_missing_price_list_item (tests.test_bill_line_item_addition.BillLineItemAdditionTests.test_add_line_item_missing_price_list_item)
Test that price_list_item is required when adding a line item.
----------------------------------------------------------------------
Traceback (most recent call last):
  File "/home/alimt/Minibini/tests/test_bill_line_item_addition.py", line 19, in setUp
    self.default_contact = Contact.objects.create(name='Default Contact')
                           ^^^^^^^^^^^^^^^^^^^^^^^^^^^^^^^^^^^^^^^^^^^^^^
  File "/home/alimt/Minibini/venv/lib/python3.12/site-packages/django/db/models/manager.py", line 87, in manager_method
    return getattr(self.get_queryset(), name)(*args, **kwargs)
           ^^^^^^^^^^^^^^^^^^^^^^^^^^^^^^^^^^^^^^^^^^^^^^^^^^^
  File "/home/alimt/Minibini/venv/lib/python3.12/site-packages/django/db/models/query.py", line 661, in create
    obj = self.model(**kwargs)
          ^^^^^^^^^^^^^^^^^^^^
  File "/home/alimt/Minibini/venv/lib/python3.12/site-packages/django/db/models/base.py", line 558, in __init__
    _setattr(self, prop, value)
AttributeError: property 'name' of 'Contact' object has no setter

======================================================================
ERROR: test_add_line_item_missing_qty (tests.test_bill_line_item_addition.BillLineItemAdditionTests.test_add_line_item_missing_qty)
Test that qty is required when adding a line item.
----------------------------------------------------------------------
Traceback (most recent call last):
  File "/home/alimt/Minibini/tests/test_bill_line_item_addition.py", line 19, in setUp
    self.default_contact = Contact.objects.create(name='Default Contact')
                           ^^^^^^^^^^^^^^^^^^^^^^^^^^^^^^^^^^^^^^^^^^^^^^
  File "/home/alimt/Minibini/venv/lib/python3.12/site-packages/django/db/models/manager.py", line 87, in manager_method
    return getattr(self.get_queryset(), name)(*args, **kwargs)
           ^^^^^^^^^^^^^^^^^^^^^^^^^^^^^^^^^^^^^^^^^^^^^^^^^^^
  File "/home/alimt/Minibini/venv/lib/python3.12/site-packages/django/db/models/query.py", line 661, in create
    obj = self.model(**kwargs)
          ^^^^^^^^^^^^^^^^^^^^
  File "/home/alimt/Minibini/venv/lib/python3.12/site-packages/django/db/models/base.py", line 558, in __init__
    _setattr(self, prop, value)
AttributeError: property 'name' of 'Contact' object has no setter

======================================================================
ERROR: test_add_line_item_to_bill_without_po (tests.test_bill_line_item_addition.BillLineItemAdditionTests.test_add_line_item_to_bill_without_po)
Test that line items can be added to bills without a PO.
----------------------------------------------------------------------
Traceback (most recent call last):
  File "/home/alimt/Minibini/tests/test_bill_line_item_addition.py", line 19, in setUp
    self.default_contact = Contact.objects.create(name='Default Contact')
                           ^^^^^^^^^^^^^^^^^^^^^^^^^^^^^^^^^^^^^^^^^^^^^^
  File "/home/alimt/Minibini/venv/lib/python3.12/site-packages/django/db/models/manager.py", line 87, in manager_method
    return getattr(self.get_queryset(), name)(*args, **kwargs)
           ^^^^^^^^^^^^^^^^^^^^^^^^^^^^^^^^^^^^^^^^^^^^^^^^^^^
  File "/home/alimt/Minibini/venv/lib/python3.12/site-packages/django/db/models/query.py", line 661, in create
    obj = self.model(**kwargs)
          ^^^^^^^^^^^^^^^^^^^^
  File "/home/alimt/Minibini/venv/lib/python3.12/site-packages/django/db/models/base.py", line 558, in __init__
    _setattr(self, prop, value)
AttributeError: property 'name' of 'Contact' object has no setter

======================================================================
ERROR: test_bill_detail_calculates_total (tests.test_bill_line_item_addition.BillLineItemAdditionTests.test_bill_detail_calculates_total)
Test that Bill detail page calculates total correctly.
----------------------------------------------------------------------
Traceback (most recent call last):
  File "/home/alimt/Minibini/tests/test_bill_line_item_addition.py", line 19, in setUp
    self.default_contact = Contact.objects.create(name='Default Contact')
                           ^^^^^^^^^^^^^^^^^^^^^^^^^^^^^^^^^^^^^^^^^^^^^^
  File "/home/alimt/Minibini/venv/lib/python3.12/site-packages/django/db/models/manager.py", line 87, in manager_method
    return getattr(self.get_queryset(), name)(*args, **kwargs)
           ^^^^^^^^^^^^^^^^^^^^^^^^^^^^^^^^^^^^^^^^^^^^^^^^^^^
  File "/home/alimt/Minibini/venv/lib/python3.12/site-packages/django/db/models/query.py", line 661, in create
    obj = self.model(**kwargs)
          ^^^^^^^^^^^^^^^^^^^^
  File "/home/alimt/Minibini/venv/lib/python3.12/site-packages/django/db/models/base.py", line 558, in __init__
    _setattr(self, prop, value)
AttributeError: property 'name' of 'Contact' object has no setter

======================================================================
ERROR: test_bill_detail_shows_add_line_item_link (tests.test_bill_line_item_addition.BillLineItemAdditionTests.test_bill_detail_shows_add_line_item_link)
Test that Bill detail page has a link to add line items.
----------------------------------------------------------------------
Traceback (most recent call last):
  File "/home/alimt/Minibini/tests/test_bill_line_item_addition.py", line 19, in setUp
    self.default_contact = Contact.objects.create(name='Default Contact')
                           ^^^^^^^^^^^^^^^^^^^^^^^^^^^^^^^^^^^^^^^^^^^^^^
  File "/home/alimt/Minibini/venv/lib/python3.12/site-packages/django/db/models/manager.py", line 87, in manager_method
    return getattr(self.get_queryset(), name)(*args, **kwargs)
           ^^^^^^^^^^^^^^^^^^^^^^^^^^^^^^^^^^^^^^^^^^^^^^^^^^^
  File "/home/alimt/Minibini/venv/lib/python3.12/site-packages/django/db/models/query.py", line 661, in create
    obj = self.model(**kwargs)
          ^^^^^^^^^^^^^^^^^^^^
  File "/home/alimt/Minibini/venv/lib/python3.12/site-packages/django/db/models/base.py", line 558, in __init__
    _setattr(self, prop, value)
AttributeError: property 'name' of 'Contact' object has no setter

======================================================================
ERROR: test_get_add_line_item_page (tests.test_bill_line_item_addition.BillLineItemAdditionTests.test_get_add_line_item_page)
Test GET request to add line item page shows form.
----------------------------------------------------------------------
Traceback (most recent call last):
  File "/home/alimt/Minibini/tests/test_bill_line_item_addition.py", line 19, in setUp
    self.default_contact = Contact.objects.create(name='Default Contact')
                           ^^^^^^^^^^^^^^^^^^^^^^^^^^^^^^^^^^^^^^^^^^^^^^
  File "/home/alimt/Minibini/venv/lib/python3.12/site-packages/django/db/models/manager.py", line 87, in manager_method
    return getattr(self.get_queryset(), name)(*args, **kwargs)
           ^^^^^^^^^^^^^^^^^^^^^^^^^^^^^^^^^^^^^^^^^^^^^^^^^^^
  File "/home/alimt/Minibini/venv/lib/python3.12/site-packages/django/db/models/query.py", line 661, in create
    obj = self.model(**kwargs)
          ^^^^^^^^^^^^^^^^^^^^
  File "/home/alimt/Minibini/venv/lib/python3.12/site-packages/django/db/models/base.py", line 558, in __init__
    _setattr(self, prop, value)
AttributeError: property 'name' of 'Contact' object has no setter

======================================================================
ERROR: test_line_item_auto_numbering (tests.test_bill_line_item_addition.BillLineItemAdditionTests.test_line_item_auto_numbering)
Test that line items are automatically numbered sequentially.
----------------------------------------------------------------------
Traceback (most recent call last):
  File "/home/alimt/Minibini/tests/test_bill_line_item_addition.py", line 19, in setUp
    self.default_contact = Contact.objects.create(name='Default Contact')
                           ^^^^^^^^^^^^^^^^^^^^^^^^^^^^^^^^^^^^^^^^^^^^^^
  File "/home/alimt/Minibini/venv/lib/python3.12/site-packages/django/db/models/manager.py", line 87, in manager_method
    return getattr(self.get_queryset(), name)(*args, **kwargs)
           ^^^^^^^^^^^^^^^^^^^^^^^^^^^^^^^^^^^^^^^^^^^^^^^^^^^
  File "/home/alimt/Minibini/venv/lib/python3.12/site-packages/django/db/models/query.py", line 661, in create
    obj = self.model(**kwargs)
          ^^^^^^^^^^^^^^^^^^^^
  File "/home/alimt/Minibini/venv/lib/python3.12/site-packages/django/db/models/base.py", line 558, in __init__
    _setattr(self, prop, value)
AttributeError: property 'name' of 'Contact' object has no setter

======================================================================
ERROR: test_line_item_total_amount_calculation (tests.test_bill_line_item_addition.BillLineItemAdditionTests.test_line_item_total_amount_calculation)
Test that line item total amount is calculated correctly.
----------------------------------------------------------------------
Traceback (most recent call last):
  File "/home/alimt/Minibini/tests/test_bill_line_item_addition.py", line 19, in setUp
    self.default_contact = Contact.objects.create(name='Default Contact')
                           ^^^^^^^^^^^^^^^^^^^^^^^^^^^^^^^^^^^^^^^^^^^^^^
  File "/home/alimt/Minibini/venv/lib/python3.12/site-packages/django/db/models/manager.py", line 87, in manager_method
    return getattr(self.get_queryset(), name)(*args, **kwargs)
           ^^^^^^^^^^^^^^^^^^^^^^^^^^^^^^^^^^^^^^^^^^^^^^^^^^^
  File "/home/alimt/Minibini/venv/lib/python3.12/site-packages/django/db/models/query.py", line 661, in create
    obj = self.model(**kwargs)
          ^^^^^^^^^^^^^^^^^^^^
  File "/home/alimt/Minibini/venv/lib/python3.12/site-packages/django/db/models/base.py", line 558, in __init__
    _setattr(self, prop, value)
AttributeError: property 'name' of 'Contact' object has no setter

======================================================================
ERROR: test_line_item_uses_purchase_price_not_selling_price (tests.test_bill_line_item_addition.BillLineItemAdditionTests.test_line_item_uses_purchase_price_not_selling_price)
Test that line items use purchase_price from PriceListItem, not selling_price.
----------------------------------------------------------------------
Traceback (most recent call last):
  File "/home/alimt/Minibini/tests/test_bill_line_item_addition.py", line 19, in setUp
    self.default_contact = Contact.objects.create(name='Default Contact')
                           ^^^^^^^^^^^^^^^^^^^^^^^^^^^^^^^^^^^^^^^^^^^^^^
  File "/home/alimt/Minibini/venv/lib/python3.12/site-packages/django/db/models/manager.py", line 87, in manager_method
    return getattr(self.get_queryset(), name)(*args, **kwargs)
           ^^^^^^^^^^^^^^^^^^^^^^^^^^^^^^^^^^^^^^^^^^^^^^^^^^^
  File "/home/alimt/Minibini/venv/lib/python3.12/site-packages/django/db/models/query.py", line 661, in create
    obj = self.model(**kwargs)
          ^^^^^^^^^^^^^^^^^^^^
  File "/home/alimt/Minibini/venv/lib/python3.12/site-packages/django/db/models/base.py", line 558, in __init__
    _setattr(self, prop, value)
AttributeError: property 'name' of 'Contact' object has no setter

======================================================================
ERROR: test_multiple_line_items_can_be_added (tests.test_bill_line_item_addition.BillLineItemAdditionTests.test_multiple_line_items_can_be_added)
Test that multiple line items can be added to a Bill.
----------------------------------------------------------------------
Traceback (most recent call last):
  File "/home/alimt/Minibini/tests/test_bill_line_item_addition.py", line 19, in setUp
    self.default_contact = Contact.objects.create(name='Default Contact')
                           ^^^^^^^^^^^^^^^^^^^^^^^^^^^^^^^^^^^^^^^^^^^^^^
  File "/home/alimt/Minibini/venv/lib/python3.12/site-packages/django/db/models/manager.py", line 87, in manager_method
    return getattr(self.get_queryset(), name)(*args, **kwargs)
           ^^^^^^^^^^^^^^^^^^^^^^^^^^^^^^^^^^^^^^^^^^^^^^^^^^^
  File "/home/alimt/Minibini/venv/lib/python3.12/site-packages/django/db/models/query.py", line 661, in create
    obj = self.model(**kwargs)
          ^^^^^^^^^^^^^^^^^^^^
  File "/home/alimt/Minibini/venv/lib/python3.12/site-packages/django/db/models/base.py", line 558, in __init__
    _setattr(self, prop, value)
AttributeError: property 'name' of 'Contact' object has no setter

======================================================================
ERROR: test_bill_creation_with_cancelled_po_succeeds (tests.test_bill_po_status_validation.BillPurchaseOrderStatusValidationTest.test_bill_creation_with_cancelled_po_succeeds)
Test that a Bill can be created from a cancelled PO.
----------------------------------------------------------------------
Traceback (most recent call last):
  File "/home/alimt/Minibini/tests/test_bill_po_status_validation.py", line 22, in setUp
    self.default_contact = Contact.objects.create(name='Default Contact')
                           ^^^^^^^^^^^^^^^^^^^^^^^^^^^^^^^^^^^^^^^^^^^^^^
  File "/home/alimt/Minibini/venv/lib/python3.12/site-packages/django/db/models/manager.py", line 87, in manager_method
    return getattr(self.get_queryset(), name)(*args, **kwargs)
           ^^^^^^^^^^^^^^^^^^^^^^^^^^^^^^^^^^^^^^^^^^^^^^^^^^^
  File "/home/alimt/Minibini/venv/lib/python3.12/site-packages/django/db/models/query.py", line 661, in create
    obj = self.model(**kwargs)
          ^^^^^^^^^^^^^^^^^^^^
  File "/home/alimt/Minibini/venv/lib/python3.12/site-packages/django/db/models/base.py", line 558, in __init__
    _setattr(self, prop, value)
AttributeError: property 'name' of 'Contact' object has no setter

======================================================================
ERROR: test_bill_creation_with_draft_po_fails (tests.test_bill_po_status_validation.BillPurchaseOrderStatusValidationTest.test_bill_creation_with_draft_po_fails)
Test that a Bill cannot be created from a draft PO.
----------------------------------------------------------------------
Traceback (most recent call last):
  File "/home/alimt/Minibini/tests/test_bill_po_status_validation.py", line 22, in setUp
    self.default_contact = Contact.objects.create(name='Default Contact')
                           ^^^^^^^^^^^^^^^^^^^^^^^^^^^^^^^^^^^^^^^^^^^^^^
  File "/home/alimt/Minibini/venv/lib/python3.12/site-packages/django/db/models/manager.py", line 87, in manager_method
    return getattr(self.get_queryset(), name)(*args, **kwargs)
           ^^^^^^^^^^^^^^^^^^^^^^^^^^^^^^^^^^^^^^^^^^^^^^^^^^^
  File "/home/alimt/Minibini/venv/lib/python3.12/site-packages/django/db/models/query.py", line 661, in create
    obj = self.model(**kwargs)
          ^^^^^^^^^^^^^^^^^^^^
  File "/home/alimt/Minibini/venv/lib/python3.12/site-packages/django/db/models/base.py", line 558, in __init__
    _setattr(self, prop, value)
AttributeError: property 'name' of 'Contact' object has no setter

======================================================================
ERROR: test_bill_creation_with_issued_po_succeeds (tests.test_bill_po_status_validation.BillPurchaseOrderStatusValidationTest.test_bill_creation_with_issued_po_succeeds)
Test that a Bill can be created from an issued PO.
----------------------------------------------------------------------
Traceback (most recent call last):
  File "/home/alimt/Minibini/tests/test_bill_po_status_validation.py", line 22, in setUp
    self.default_contact = Contact.objects.create(name='Default Contact')
                           ^^^^^^^^^^^^^^^^^^^^^^^^^^^^^^^^^^^^^^^^^^^^^^
  File "/home/alimt/Minibini/venv/lib/python3.12/site-packages/django/db/models/manager.py", line 87, in manager_method
    return getattr(self.get_queryset(), name)(*args, **kwargs)
           ^^^^^^^^^^^^^^^^^^^^^^^^^^^^^^^^^^^^^^^^^^^^^^^^^^^
  File "/home/alimt/Minibini/venv/lib/python3.12/site-packages/django/db/models/query.py", line 661, in create
    obj = self.model(**kwargs)
          ^^^^^^^^^^^^^^^^^^^^
  File "/home/alimt/Minibini/venv/lib/python3.12/site-packages/django/db/models/base.py", line 558, in __init__
    _setattr(self, prop, value)
AttributeError: property 'name' of 'Contact' object has no setter

======================================================================
ERROR: test_bill_creation_with_partly_received_po_succeeds (tests.test_bill_po_status_validation.BillPurchaseOrderStatusValidationTest.test_bill_creation_with_partly_received_po_succeeds)
Test that a Bill can be created from a partly_received PO.
----------------------------------------------------------------------
Traceback (most recent call last):
  File "/home/alimt/Minibini/tests/test_bill_po_status_validation.py", line 22, in setUp
    self.default_contact = Contact.objects.create(name='Default Contact')
                           ^^^^^^^^^^^^^^^^^^^^^^^^^^^^^^^^^^^^^^^^^^^^^^
  File "/home/alimt/Minibini/venv/lib/python3.12/site-packages/django/db/models/manager.py", line 87, in manager_method
    return getattr(self.get_queryset(), name)(*args, **kwargs)
           ^^^^^^^^^^^^^^^^^^^^^^^^^^^^^^^^^^^^^^^^^^^^^^^^^^^
  File "/home/alimt/Minibini/venv/lib/python3.12/site-packages/django/db/models/query.py", line 661, in create
    obj = self.model(**kwargs)
          ^^^^^^^^^^^^^^^^^^^^
  File "/home/alimt/Minibini/venv/lib/python3.12/site-packages/django/db/models/base.py", line 558, in __init__
    _setattr(self, prop, value)
AttributeError: property 'name' of 'Contact' object has no setter

======================================================================
ERROR: test_bill_creation_with_received_in_full_po_succeeds (tests.test_bill_po_status_validation.BillPurchaseOrderStatusValidationTest.test_bill_creation_with_received_in_full_po_succeeds)
Test that a Bill can be created from a received_in_full PO.
----------------------------------------------------------------------
Traceback (most recent call last):
  File "/home/alimt/Minibini/tests/test_bill_po_status_validation.py", line 22, in setUp
    self.default_contact = Contact.objects.create(name='Default Contact')
                           ^^^^^^^^^^^^^^^^^^^^^^^^^^^^^^^^^^^^^^^^^^^^^^
  File "/home/alimt/Minibini/venv/lib/python3.12/site-packages/django/db/models/manager.py", line 87, in manager_method
    return getattr(self.get_queryset(), name)(*args, **kwargs)
           ^^^^^^^^^^^^^^^^^^^^^^^^^^^^^^^^^^^^^^^^^^^^^^^^^^^
  File "/home/alimt/Minibini/venv/lib/python3.12/site-packages/django/db/models/query.py", line 661, in create
    obj = self.model(**kwargs)
          ^^^^^^^^^^^^^^^^^^^^
  File "/home/alimt/Minibini/venv/lib/python3.12/site-packages/django/db/models/base.py", line 558, in __init__
    _setattr(self, prop, value)
AttributeError: property 'name' of 'Contact' object has no setter

======================================================================
ERROR: test_bill_creation_without_po_succeeds (tests.test_bill_po_status_validation.BillPurchaseOrderStatusValidationTest.test_bill_creation_without_po_succeeds)
Test that a Bill can be created without a Purchase Order.
----------------------------------------------------------------------
Traceback (most recent call last):
  File "/home/alimt/Minibini/tests/test_bill_po_status_validation.py", line 22, in setUp
    self.default_contact = Contact.objects.create(name='Default Contact')
                           ^^^^^^^^^^^^^^^^^^^^^^^^^^^^^^^^^^^^^^^^^^^^^^
  File "/home/alimt/Minibini/venv/lib/python3.12/site-packages/django/db/models/manager.py", line 87, in manager_method
    return getattr(self.get_queryset(), name)(*args, **kwargs)
           ^^^^^^^^^^^^^^^^^^^^^^^^^^^^^^^^^^^^^^^^^^^^^^^^^^^
  File "/home/alimt/Minibini/venv/lib/python3.12/site-packages/django/db/models/query.py", line 661, in create
    obj = self.model(**kwargs)
          ^^^^^^^^^^^^^^^^^^^^
  File "/home/alimt/Minibini/venv/lib/python3.12/site-packages/django/db/models/base.py", line 558, in __init__
    _setattr(self, prop, value)
AttributeError: property 'name' of 'Contact' object has no setter

======================================================================
ERROR: test_bill_update_from_issued_to_draft_po_fails (tests.test_bill_po_status_validation.BillPurchaseOrderStatusValidationTest.test_bill_update_from_issued_to_draft_po_fails)
Test that a Bill cannot be updated to reference a draft PO even if it previously had an issued PO.
----------------------------------------------------------------------
Traceback (most recent call last):
  File "/home/alimt/Minibini/tests/test_bill_po_status_validation.py", line 22, in setUp
    self.default_contact = Contact.objects.create(name='Default Contact')
                           ^^^^^^^^^^^^^^^^^^^^^^^^^^^^^^^^^^^^^^^^^^^^^^
  File "/home/alimt/Minibini/venv/lib/python3.12/site-packages/django/db/models/manager.py", line 87, in manager_method
    return getattr(self.get_queryset(), name)(*args, **kwargs)
           ^^^^^^^^^^^^^^^^^^^^^^^^^^^^^^^^^^^^^^^^^^^^^^^^^^^
  File "/home/alimt/Minibini/venv/lib/python3.12/site-packages/django/db/models/query.py", line 661, in create
    obj = self.model(**kwargs)
          ^^^^^^^^^^^^^^^^^^^^
  File "/home/alimt/Minibini/venv/lib/python3.12/site-packages/django/db/models/base.py", line 558, in __init__
    _setattr(self, prop, value)
AttributeError: property 'name' of 'Contact' object has no setter

======================================================================
ERROR: test_bill_update_to_draft_po_fails (tests.test_bill_po_status_validation.BillPurchaseOrderStatusValidationTest.test_bill_update_to_draft_po_fails)
Test that an existing Bill cannot be updated to reference a draft PO.
----------------------------------------------------------------------
Traceback (most recent call last):
  File "/home/alimt/Minibini/tests/test_bill_po_status_validation.py", line 22, in setUp
    self.default_contact = Contact.objects.create(name='Default Contact')
                           ^^^^^^^^^^^^^^^^^^^^^^^^^^^^^^^^^^^^^^^^^^^^^^
  File "/home/alimt/Minibini/venv/lib/python3.12/site-packages/django/db/models/manager.py", line 87, in manager_method
    return getattr(self.get_queryset(), name)(*args, **kwargs)
           ^^^^^^^^^^^^^^^^^^^^^^^^^^^^^^^^^^^^^^^^^^^^^^^^^^^
  File "/home/alimt/Minibini/venv/lib/python3.12/site-packages/django/db/models/query.py", line 661, in create
    obj = self.model(**kwargs)
          ^^^^^^^^^^^^^^^^^^^^
  File "/home/alimt/Minibini/venv/lib/python3.12/site-packages/django/db/models/base.py", line 558, in __init__
    _setattr(self, prop, value)
AttributeError: property 'name' of 'Contact' object has no setter

======================================================================
ERROR: test_bill_update_to_none_succeeds (tests.test_bill_po_status_validation.BillPurchaseOrderStatusValidationTest.test_bill_update_to_none_succeeds)
Test that a Bill can be updated to have no PO.
----------------------------------------------------------------------
Traceback (most recent call last):
  File "/home/alimt/Minibini/tests/test_bill_po_status_validation.py", line 22, in setUp
    self.default_contact = Contact.objects.create(name='Default Contact')
                           ^^^^^^^^^^^^^^^^^^^^^^^^^^^^^^^^^^^^^^^^^^^^^^
  File "/home/alimt/Minibini/venv/lib/python3.12/site-packages/django/db/models/manager.py", line 87, in manager_method
    return getattr(self.get_queryset(), name)(*args, **kwargs)
           ^^^^^^^^^^^^^^^^^^^^^^^^^^^^^^^^^^^^^^^^^^^^^^^^^^^
  File "/home/alimt/Minibini/venv/lib/python3.12/site-packages/django/db/models/query.py", line 661, in create
    obj = self.model(**kwargs)
          ^^^^^^^^^^^^^^^^^^^^
  File "/home/alimt/Minibini/venv/lib/python3.12/site-packages/django/db/models/base.py", line 558, in __init__
    _setattr(self, prop, value)
AttributeError: property 'name' of 'Contact' object has no setter

======================================================================
ERROR: test_bill_created_date_is_set_automatically (tests.test_bill_status_transitions.BillStatusTransitionTest.test_bill_created_date_is_set_automatically)
Test that created_date is automatically set on creation.
----------------------------------------------------------------------
Traceback (most recent call last):
  File "/home/alimt/Minibini/tests/test_bill_status_transitions.py", line 33, in setUp
    self.default_contact = Contact.objects.create(name='Default Contact')
                           ^^^^^^^^^^^^^^^^^^^^^^^^^^^^^^^^^^^^^^^^^^^^^^
  File "/home/alimt/Minibini/venv/lib/python3.12/site-packages/django/db/models/manager.py", line 87, in manager_method
    return getattr(self.get_queryset(), name)(*args, **kwargs)
           ^^^^^^^^^^^^^^^^^^^^^^^^^^^^^^^^^^^^^^^^^^^^^^^^^^^
  File "/home/alimt/Minibini/venv/lib/python3.12/site-packages/django/db/models/query.py", line 661, in create
    obj = self.model(**kwargs)
          ^^^^^^^^^^^^^^^^^^^^
  File "/home/alimt/Minibini/venv/lib/python3.12/site-packages/django/db/models/base.py", line 558, in __init__
    _setattr(self, prop, value)
AttributeError: property 'name' of 'Contact' object has no setter

======================================================================
ERROR: test_bill_default_status_is_draft (tests.test_bill_status_transitions.BillStatusTransitionTest.test_bill_default_status_is_draft)
Test that a new Bill starts in draft status.
----------------------------------------------------------------------
Traceback (most recent call last):
  File "/home/alimt/Minibini/tests/test_bill_status_transitions.py", line 33, in setUp
    self.default_contact = Contact.objects.create(name='Default Contact')
                           ^^^^^^^^^^^^^^^^^^^^^^^^^^^^^^^^^^^^^^^^^^^^^^
  File "/home/alimt/Minibini/venv/lib/python3.12/site-packages/django/db/models/manager.py", line 87, in manager_method
    return getattr(self.get_queryset(), name)(*args, **kwargs)
           ^^^^^^^^^^^^^^^^^^^^^^^^^^^^^^^^^^^^^^^^^^^^^^^^^^^
  File "/home/alimt/Minibini/venv/lib/python3.12/site-packages/django/db/models/query.py", line 661, in create
    obj = self.model(**kwargs)
          ^^^^^^^^^^^^^^^^^^^^
  File "/home/alimt/Minibini/venv/lib/python3.12/site-packages/django/db/models/base.py", line 558, in __init__
    _setattr(self, prop, value)
AttributeError: property 'name' of 'Contact' object has no setter

======================================================================
ERROR: test_cancelled_date_is_immutable (tests.test_bill_status_transitions.BillStatusTransitionTest.test_cancelled_date_is_immutable)
Test that cancelled_date cannot be changed after being set.
----------------------------------------------------------------------
Traceback (most recent call last):
  File "/home/alimt/Minibini/tests/test_bill_status_transitions.py", line 33, in setUp
    self.default_contact = Contact.objects.create(name='Default Contact')
                           ^^^^^^^^^^^^^^^^^^^^^^^^^^^^^^^^^^^^^^^^^^^^^^
  File "/home/alimt/Minibini/venv/lib/python3.12/site-packages/django/db/models/manager.py", line 87, in manager_method
    return getattr(self.get_queryset(), name)(*args, **kwargs)
           ^^^^^^^^^^^^^^^^^^^^^^^^^^^^^^^^^^^^^^^^^^^^^^^^^^^
  File "/home/alimt/Minibini/venv/lib/python3.12/site-packages/django/db/models/query.py", line 661, in create
    obj = self.model(**kwargs)
          ^^^^^^^^^^^^^^^^^^^^
  File "/home/alimt/Minibini/venv/lib/python3.12/site-packages/django/db/models/base.py", line 558, in __init__
    _setattr(self, prop, value)
AttributeError: property 'name' of 'Contact' object has no setter

======================================================================
ERROR: test_cancelled_date_set_automatically (tests.test_bill_status_transitions.BillStatusTransitionTest.test_cancelled_date_set_automatically)
Test that cancelled_date is automatically set when transitioning to cancelled.
----------------------------------------------------------------------
Traceback (most recent call last):
  File "/home/alimt/Minibini/tests/test_bill_status_transitions.py", line 33, in setUp
    self.default_contact = Contact.objects.create(name='Default Contact')
                           ^^^^^^^^^^^^^^^^^^^^^^^^^^^^^^^^^^^^^^^^^^^^^^
  File "/home/alimt/Minibini/venv/lib/python3.12/site-packages/django/db/models/manager.py", line 87, in manager_method
    return getattr(self.get_queryset(), name)(*args, **kwargs)
           ^^^^^^^^^^^^^^^^^^^^^^^^^^^^^^^^^^^^^^^^^^^^^^^^^^^
  File "/home/alimt/Minibini/venv/lib/python3.12/site-packages/django/db/models/query.py", line 661, in create
    obj = self.model(**kwargs)
          ^^^^^^^^^^^^^^^^^^^^
  File "/home/alimt/Minibini/venv/lib/python3.12/site-packages/django/db/models/base.py", line 558, in __init__
    _setattr(self, prop, value)
AttributeError: property 'name' of 'Contact' object has no setter

======================================================================
ERROR: test_created_date_is_immutable (tests.test_bill_status_transitions.BillStatusTransitionTest.test_created_date_is_immutable)
Test that created_date cannot be changed after creation.
----------------------------------------------------------------------
Traceback (most recent call last):
  File "/home/alimt/Minibini/tests/test_bill_status_transitions.py", line 33, in setUp
    self.default_contact = Contact.objects.create(name='Default Contact')
                           ^^^^^^^^^^^^^^^^^^^^^^^^^^^^^^^^^^^^^^^^^^^^^^
  File "/home/alimt/Minibini/venv/lib/python3.12/site-packages/django/db/models/manager.py", line 87, in manager_method
    return getattr(self.get_queryset(), name)(*args, **kwargs)
           ^^^^^^^^^^^^^^^^^^^^^^^^^^^^^^^^^^^^^^^^^^^^^^^^^^^
  File "/home/alimt/Minibini/venv/lib/python3.12/site-packages/django/db/models/query.py", line 661, in create
    obj = self.model(**kwargs)
          ^^^^^^^^^^^^^^^^^^^^
  File "/home/alimt/Minibini/venv/lib/python3.12/site-packages/django/db/models/base.py", line 558, in __init__
    _setattr(self, prop, value)
AttributeError: property 'name' of 'Contact' object has no setter

======================================================================
ERROR: test_due_date_is_optional_and_editable (tests.test_bill_status_transitions.BillStatusTransitionTest.test_due_date_is_optional_and_editable)
Test that due_date is optional and can be edited.
----------------------------------------------------------------------
Traceback (most recent call last):
  File "/home/alimt/Minibini/tests/test_bill_status_transitions.py", line 33, in setUp
    self.default_contact = Contact.objects.create(name='Default Contact')
                           ^^^^^^^^^^^^^^^^^^^^^^^^^^^^^^^^^^^^^^^^^^^^^^
  File "/home/alimt/Minibini/venv/lib/python3.12/site-packages/django/db/models/manager.py", line 87, in manager_method
    return getattr(self.get_queryset(), name)(*args, **kwargs)
           ^^^^^^^^^^^^^^^^^^^^^^^^^^^^^^^^^^^^^^^^^^^^^^^^^^^
  File "/home/alimt/Minibini/venv/lib/python3.12/site-packages/django/db/models/query.py", line 661, in create
    obj = self.model(**kwargs)
          ^^^^^^^^^^^^^^^^^^^^
  File "/home/alimt/Minibini/venv/lib/python3.12/site-packages/django/db/models/base.py", line 558, in __init__
    _setattr(self, prop, value)
AttributeError: property 'name' of 'Contact' object has no setter

======================================================================
ERROR: test_invalid_transition_draft_to_cancelled (tests.test_bill_status_transitions.BillStatusTransitionTest.test_invalid_transition_draft_to_cancelled)
Test that draft cannot transition to cancelled.
----------------------------------------------------------------------
Traceback (most recent call last):
  File "/home/alimt/Minibini/tests/test_bill_status_transitions.py", line 33, in setUp
    self.default_contact = Contact.objects.create(name='Default Contact')
                           ^^^^^^^^^^^^^^^^^^^^^^^^^^^^^^^^^^^^^^^^^^^^^^
  File "/home/alimt/Minibini/venv/lib/python3.12/site-packages/django/db/models/manager.py", line 87, in manager_method
    return getattr(self.get_queryset(), name)(*args, **kwargs)
           ^^^^^^^^^^^^^^^^^^^^^^^^^^^^^^^^^^^^^^^^^^^^^^^^^^^
  File "/home/alimt/Minibini/venv/lib/python3.12/site-packages/django/db/models/query.py", line 661, in create
    obj = self.model(**kwargs)
          ^^^^^^^^^^^^^^^^^^^^
  File "/home/alimt/Minibini/venv/lib/python3.12/site-packages/django/db/models/base.py", line 558, in __init__
    _setattr(self, prop, value)
AttributeError: property 'name' of 'Contact' object has no setter

======================================================================
ERROR: test_invalid_transition_draft_to_paid_in_full (tests.test_bill_status_transitions.BillStatusTransitionTest.test_invalid_transition_draft_to_paid_in_full)
Test that draft cannot transition to paid_in_full.
----------------------------------------------------------------------
Traceback (most recent call last):
  File "/home/alimt/Minibini/tests/test_bill_status_transitions.py", line 33, in setUp
    self.default_contact = Contact.objects.create(name='Default Contact')
                           ^^^^^^^^^^^^^^^^^^^^^^^^^^^^^^^^^^^^^^^^^^^^^^
  File "/home/alimt/Minibini/venv/lib/python3.12/site-packages/django/db/models/manager.py", line 87, in manager_method
    return getattr(self.get_queryset(), name)(*args, **kwargs)
           ^^^^^^^^^^^^^^^^^^^^^^^^^^^^^^^^^^^^^^^^^^^^^^^^^^^
  File "/home/alimt/Minibini/venv/lib/python3.12/site-packages/django/db/models/query.py", line 661, in create
    obj = self.model(**kwargs)
          ^^^^^^^^^^^^^^^^^^^^
  File "/home/alimt/Minibini/venv/lib/python3.12/site-packages/django/db/models/base.py", line 558, in __init__
    _setattr(self, prop, value)
AttributeError: property 'name' of 'Contact' object has no setter

======================================================================
ERROR: test_invalid_transition_draft_to_partly_paid (tests.test_bill_status_transitions.BillStatusTransitionTest.test_invalid_transition_draft_to_partly_paid)
Test that draft cannot transition to partly_paid.
----------------------------------------------------------------------
Traceback (most recent call last):
  File "/home/alimt/Minibini/tests/test_bill_status_transitions.py", line 33, in setUp
    self.default_contact = Contact.objects.create(name='Default Contact')
                           ^^^^^^^^^^^^^^^^^^^^^^^^^^^^^^^^^^^^^^^^^^^^^^
  File "/home/alimt/Minibini/venv/lib/python3.12/site-packages/django/db/models/manager.py", line 87, in manager_method
    return getattr(self.get_queryset(), name)(*args, **kwargs)
           ^^^^^^^^^^^^^^^^^^^^^^^^^^^^^^^^^^^^^^^^^^^^^^^^^^^
  File "/home/alimt/Minibini/venv/lib/python3.12/site-packages/django/db/models/query.py", line 661, in create
    obj = self.model(**kwargs)
          ^^^^^^^^^^^^^^^^^^^^
  File "/home/alimt/Minibini/venv/lib/python3.12/site-packages/django/db/models/base.py", line 558, in __init__
    _setattr(self, prop, value)
AttributeError: property 'name' of 'Contact' object has no setter

======================================================================
ERROR: test_invalid_transition_draft_to_refunded (tests.test_bill_status_transitions.BillStatusTransitionTest.test_invalid_transition_draft_to_refunded)
Test that draft cannot transition to refunded.
----------------------------------------------------------------------
Traceback (most recent call last):
  File "/home/alimt/Minibini/tests/test_bill_status_transitions.py", line 33, in setUp
    self.default_contact = Contact.objects.create(name='Default Contact')
                           ^^^^^^^^^^^^^^^^^^^^^^^^^^^^^^^^^^^^^^^^^^^^^^
  File "/home/alimt/Minibini/venv/lib/python3.12/site-packages/django/db/models/manager.py", line 87, in manager_method
    return getattr(self.get_queryset(), name)(*args, **kwargs)
           ^^^^^^^^^^^^^^^^^^^^^^^^^^^^^^^^^^^^^^^^^^^^^^^^^^^
  File "/home/alimt/Minibini/venv/lib/python3.12/site-packages/django/db/models/query.py", line 661, in create
    obj = self.model(**kwargs)
          ^^^^^^^^^^^^^^^^^^^^
  File "/home/alimt/Minibini/venv/lib/python3.12/site-packages/django/db/models/base.py", line 558, in __init__
    _setattr(self, prop, value)
AttributeError: property 'name' of 'Contact' object has no setter

======================================================================
ERROR: test_invalid_transition_paid_in_full_to_partly_paid (tests.test_bill_status_transitions.BillStatusTransitionTest.test_invalid_transition_paid_in_full_to_partly_paid)
Test that paid_in_full cannot transition to partly_paid.
----------------------------------------------------------------------
Traceback (most recent call last):
  File "/home/alimt/Minibini/tests/test_bill_status_transitions.py", line 33, in setUp
    self.default_contact = Contact.objects.create(name='Default Contact')
                           ^^^^^^^^^^^^^^^^^^^^^^^^^^^^^^^^^^^^^^^^^^^^^^
  File "/home/alimt/Minibini/venv/lib/python3.12/site-packages/django/db/models/manager.py", line 87, in manager_method
    return getattr(self.get_queryset(), name)(*args, **kwargs)
           ^^^^^^^^^^^^^^^^^^^^^^^^^^^^^^^^^^^^^^^^^^^^^^^^^^^
  File "/home/alimt/Minibini/venv/lib/python3.12/site-packages/django/db/models/query.py", line 661, in create
    obj = self.model(**kwargs)
          ^^^^^^^^^^^^^^^^^^^^
  File "/home/alimt/Minibini/venv/lib/python3.12/site-packages/django/db/models/base.py", line 558, in __init__
    _setattr(self, prop, value)
AttributeError: property 'name' of 'Contact' object has no setter

======================================================================
ERROR: test_invalid_transition_partly_paid_to_cancelled (tests.test_bill_status_transitions.BillStatusTransitionTest.test_invalid_transition_partly_paid_to_cancelled)
Test that partly_paid cannot transition to cancelled.
----------------------------------------------------------------------
Traceback (most recent call last):
  File "/home/alimt/Minibini/tests/test_bill_status_transitions.py", line 33, in setUp
    self.default_contact = Contact.objects.create(name='Default Contact')
                           ^^^^^^^^^^^^^^^^^^^^^^^^^^^^^^^^^^^^^^^^^^^^^^
  File "/home/alimt/Minibini/venv/lib/python3.12/site-packages/django/db/models/manager.py", line 87, in manager_method
    return getattr(self.get_queryset(), name)(*args, **kwargs)
           ^^^^^^^^^^^^^^^^^^^^^^^^^^^^^^^^^^^^^^^^^^^^^^^^^^^
  File "/home/alimt/Minibini/venv/lib/python3.12/site-packages/django/db/models/query.py", line 661, in create
    obj = self.model(**kwargs)
          ^^^^^^^^^^^^^^^^^^^^
  File "/home/alimt/Minibini/venv/lib/python3.12/site-packages/django/db/models/base.py", line 558, in __init__
    _setattr(self, prop, value)
AttributeError: property 'name' of 'Contact' object has no setter

======================================================================
ERROR: test_invalid_transition_partly_paid_to_received (tests.test_bill_status_transitions.BillStatusTransitionTest.test_invalid_transition_partly_paid_to_received)
Test that partly_paid cannot transition back to received.
----------------------------------------------------------------------
Traceback (most recent call last):
  File "/home/alimt/Minibini/tests/test_bill_status_transitions.py", line 33, in setUp
    self.default_contact = Contact.objects.create(name='Default Contact')
                           ^^^^^^^^^^^^^^^^^^^^^^^^^^^^^^^^^^^^^^^^^^^^^^
  File "/home/alimt/Minibini/venv/lib/python3.12/site-packages/django/db/models/manager.py", line 87, in manager_method
    return getattr(self.get_queryset(), name)(*args, **kwargs)
           ^^^^^^^^^^^^^^^^^^^^^^^^^^^^^^^^^^^^^^^^^^^^^^^^^^^
  File "/home/alimt/Minibini/venv/lib/python3.12/site-packages/django/db/models/query.py", line 661, in create
    obj = self.model(**kwargs)
          ^^^^^^^^^^^^^^^^^^^^
  File "/home/alimt/Minibini/venv/lib/python3.12/site-packages/django/db/models/base.py", line 558, in __init__
    _setattr(self, prop, value)
AttributeError: property 'name' of 'Contact' object has no setter

======================================================================
ERROR: test_paid_date_is_immutable (tests.test_bill_status_transitions.BillStatusTransitionTest.test_paid_date_is_immutable)
Test that paid_date cannot be changed after being set.
----------------------------------------------------------------------
Traceback (most recent call last):
  File "/home/alimt/Minibini/tests/test_bill_status_transitions.py", line 33, in setUp
    self.default_contact = Contact.objects.create(name='Default Contact')
                           ^^^^^^^^^^^^^^^^^^^^^^^^^^^^^^^^^^^^^^^^^^^^^^
  File "/home/alimt/Minibini/venv/lib/python3.12/site-packages/django/db/models/manager.py", line 87, in manager_method
    return getattr(self.get_queryset(), name)(*args, **kwargs)
           ^^^^^^^^^^^^^^^^^^^^^^^^^^^^^^^^^^^^^^^^^^^^^^^^^^^
  File "/home/alimt/Minibini/venv/lib/python3.12/site-packages/django/db/models/query.py", line 661, in create
    obj = self.model(**kwargs)
          ^^^^^^^^^^^^^^^^^^^^
  File "/home/alimt/Minibini/venv/lib/python3.12/site-packages/django/db/models/base.py", line 558, in __init__
    _setattr(self, prop, value)
AttributeError: property 'name' of 'Contact' object has no setter

======================================================================
ERROR: test_paid_date_set_automatically (tests.test_bill_status_transitions.BillStatusTransitionTest.test_paid_date_set_automatically)
Test that paid_date is automatically set when transitioning to paid_in_full.
----------------------------------------------------------------------
Traceback (most recent call last):
  File "/home/alimt/Minibini/tests/test_bill_status_transitions.py", line 33, in setUp
    self.default_contact = Contact.objects.create(name='Default Contact')
                           ^^^^^^^^^^^^^^^^^^^^^^^^^^^^^^^^^^^^^^^^^^^^^^
  File "/home/alimt/Minibini/venv/lib/python3.12/site-packages/django/db/models/manager.py", line 87, in manager_method
    return getattr(self.get_queryset(), name)(*args, **kwargs)
           ^^^^^^^^^^^^^^^^^^^^^^^^^^^^^^^^^^^^^^^^^^^^^^^^^^^
  File "/home/alimt/Minibini/venv/lib/python3.12/site-packages/django/db/models/query.py", line 661, in create
    obj = self.model(**kwargs)
          ^^^^^^^^^^^^^^^^^^^^
  File "/home/alimt/Minibini/venv/lib/python3.12/site-packages/django/db/models/base.py", line 558, in __init__
    _setattr(self, prop, value)
AttributeError: property 'name' of 'Contact' object has no setter

======================================================================
ERROR: test_received_date_is_immutable (tests.test_bill_status_transitions.BillStatusTransitionTest.test_received_date_is_immutable)
Test that received_date cannot be changed after being set.
----------------------------------------------------------------------
Traceback (most recent call last):
  File "/home/alimt/Minibini/tests/test_bill_status_transitions.py", line 33, in setUp
    self.default_contact = Contact.objects.create(name='Default Contact')
                           ^^^^^^^^^^^^^^^^^^^^^^^^^^^^^^^^^^^^^^^^^^^^^^
  File "/home/alimt/Minibini/venv/lib/python3.12/site-packages/django/db/models/manager.py", line 87, in manager_method
    return getattr(self.get_queryset(), name)(*args, **kwargs)
           ^^^^^^^^^^^^^^^^^^^^^^^^^^^^^^^^^^^^^^^^^^^^^^^^^^^
  File "/home/alimt/Minibini/venv/lib/python3.12/site-packages/django/db/models/query.py", line 661, in create
    obj = self.model(**kwargs)
          ^^^^^^^^^^^^^^^^^^^^
  File "/home/alimt/Minibini/venv/lib/python3.12/site-packages/django/db/models/base.py", line 558, in __init__
    _setattr(self, prop, value)
AttributeError: property 'name' of 'Contact' object has no setter

======================================================================
ERROR: test_received_date_set_automatically (tests.test_bill_status_transitions.BillStatusTransitionTest.test_received_date_set_automatically)
Test that received_date is automatically set when transitioning to received.
----------------------------------------------------------------------
Traceback (most recent call last):
  File "/home/alimt/Minibini/tests/test_bill_status_transitions.py", line 33, in setUp
    self.default_contact = Contact.objects.create(name='Default Contact')
                           ^^^^^^^^^^^^^^^^^^^^^^^^^^^^^^^^^^^^^^^^^^^^^^
  File "/home/alimt/Minibini/venv/lib/python3.12/site-packages/django/db/models/manager.py", line 87, in manager_method
    return getattr(self.get_queryset(), name)(*args, **kwargs)
           ^^^^^^^^^^^^^^^^^^^^^^^^^^^^^^^^^^^^^^^^^^^^^^^^^^^
  File "/home/alimt/Minibini/venv/lib/python3.12/site-packages/django/db/models/query.py", line 661, in create
    obj = self.model(**kwargs)
          ^^^^^^^^^^^^^^^^^^^^
  File "/home/alimt/Minibini/venv/lib/python3.12/site-packages/django/db/models/base.py", line 558, in __init__
    _setattr(self, prop, value)
AttributeError: property 'name' of 'Contact' object has no setter

======================================================================
ERROR: test_terminal_state_cancelled_cannot_transition (tests.test_bill_status_transitions.BillStatusTransitionTest.test_terminal_state_cancelled_cannot_transition)
Test that cancelled is a terminal state.
----------------------------------------------------------------------
Traceback (most recent call last):
  File "/home/alimt/Minibini/tests/test_bill_status_transitions.py", line 33, in setUp
    self.default_contact = Contact.objects.create(name='Default Contact')
                           ^^^^^^^^^^^^^^^^^^^^^^^^^^^^^^^^^^^^^^^^^^^^^^
  File "/home/alimt/Minibini/venv/lib/python3.12/site-packages/django/db/models/manager.py", line 87, in manager_method
    return getattr(self.get_queryset(), name)(*args, **kwargs)
           ^^^^^^^^^^^^^^^^^^^^^^^^^^^^^^^^^^^^^^^^^^^^^^^^^^^
  File "/home/alimt/Minibini/venv/lib/python3.12/site-packages/django/db/models/query.py", line 661, in create
    obj = self.model(**kwargs)
          ^^^^^^^^^^^^^^^^^^^^
  File "/home/alimt/Minibini/venv/lib/python3.12/site-packages/django/db/models/base.py", line 558, in __init__
    _setattr(self, prop, value)
AttributeError: property 'name' of 'Contact' object has no setter

======================================================================
ERROR: test_terminal_state_refunded_cannot_transition (tests.test_bill_status_transitions.BillStatusTransitionTest.test_terminal_state_refunded_cannot_transition)
Test that refunded is a terminal state.
----------------------------------------------------------------------
Traceback (most recent call last):
  File "/home/alimt/Minibini/tests/test_bill_status_transitions.py", line 33, in setUp
    self.default_contact = Contact.objects.create(name='Default Contact')
                           ^^^^^^^^^^^^^^^^^^^^^^^^^^^^^^^^^^^^^^^^^^^^^^
  File "/home/alimt/Minibini/venv/lib/python3.12/site-packages/django/db/models/manager.py", line 87, in manager_method
    return getattr(self.get_queryset(), name)(*args, **kwargs)
           ^^^^^^^^^^^^^^^^^^^^^^^^^^^^^^^^^^^^^^^^^^^^^^^^^^^
  File "/home/alimt/Minibini/venv/lib/python3.12/site-packages/django/db/models/query.py", line 661, in create
    obj = self.model(**kwargs)
          ^^^^^^^^^^^^^^^^^^^^
  File "/home/alimt/Minibini/venv/lib/python3.12/site-packages/django/db/models/base.py", line 558, in __init__
    _setattr(self, prop, value)
AttributeError: property 'name' of 'Contact' object has no setter

======================================================================
ERROR: test_transition_draft_to_received (tests.test_bill_status_transitions.BillStatusTransitionTest.test_transition_draft_to_received)
Test valid transition from draft to received.
----------------------------------------------------------------------
Traceback (most recent call last):
  File "/home/alimt/Minibini/tests/test_bill_status_transitions.py", line 33, in setUp
    self.default_contact = Contact.objects.create(name='Default Contact')
                           ^^^^^^^^^^^^^^^^^^^^^^^^^^^^^^^^^^^^^^^^^^^^^^
  File "/home/alimt/Minibini/venv/lib/python3.12/site-packages/django/db/models/manager.py", line 87, in manager_method
    return getattr(self.get_queryset(), name)(*args, **kwargs)
           ^^^^^^^^^^^^^^^^^^^^^^^^^^^^^^^^^^^^^^^^^^^^^^^^^^^
  File "/home/alimt/Minibini/venv/lib/python3.12/site-packages/django/db/models/query.py", line 661, in create
    obj = self.model(**kwargs)
          ^^^^^^^^^^^^^^^^^^^^
  File "/home/alimt/Minibini/venv/lib/python3.12/site-packages/django/db/models/base.py", line 558, in __init__
    _setattr(self, prop, value)
AttributeError: property 'name' of 'Contact' object has no setter

======================================================================
ERROR: test_transition_paid_in_full_to_refunded (tests.test_bill_status_transitions.BillStatusTransitionTest.test_transition_paid_in_full_to_refunded)
Test valid transition from paid_in_full to refunded.
----------------------------------------------------------------------
Traceback (most recent call last):
  File "/home/alimt/Minibini/tests/test_bill_status_transitions.py", line 33, in setUp
    self.default_contact = Contact.objects.create(name='Default Contact')
                           ^^^^^^^^^^^^^^^^^^^^^^^^^^^^^^^^^^^^^^^^^^^^^^
  File "/home/alimt/Minibini/venv/lib/python3.12/site-packages/django/db/models/manager.py", line 87, in manager_method
    return getattr(self.get_queryset(), name)(*args, **kwargs)
           ^^^^^^^^^^^^^^^^^^^^^^^^^^^^^^^^^^^^^^^^^^^^^^^^^^^
  File "/home/alimt/Minibini/venv/lib/python3.12/site-packages/django/db/models/query.py", line 661, in create
    obj = self.model(**kwargs)
          ^^^^^^^^^^^^^^^^^^^^
  File "/home/alimt/Minibini/venv/lib/python3.12/site-packages/django/db/models/base.py", line 558, in __init__
    _setattr(self, prop, value)
AttributeError: property 'name' of 'Contact' object has no setter

======================================================================
ERROR: test_transition_partly_paid_to_paid_in_full (tests.test_bill_status_transitions.BillStatusTransitionTest.test_transition_partly_paid_to_paid_in_full)
Test valid transition from partly_paid to paid_in_full.
----------------------------------------------------------------------
Traceback (most recent call last):
  File "/home/alimt/Minibini/tests/test_bill_status_transitions.py", line 33, in setUp
    self.default_contact = Contact.objects.create(name='Default Contact')
                           ^^^^^^^^^^^^^^^^^^^^^^^^^^^^^^^^^^^^^^^^^^^^^^
  File "/home/alimt/Minibini/venv/lib/python3.12/site-packages/django/db/models/manager.py", line 87, in manager_method
    return getattr(self.get_queryset(), name)(*args, **kwargs)
           ^^^^^^^^^^^^^^^^^^^^^^^^^^^^^^^^^^^^^^^^^^^^^^^^^^^
  File "/home/alimt/Minibini/venv/lib/python3.12/site-packages/django/db/models/query.py", line 661, in create
    obj = self.model(**kwargs)
          ^^^^^^^^^^^^^^^^^^^^
  File "/home/alimt/Minibini/venv/lib/python3.12/site-packages/django/db/models/base.py", line 558, in __init__
    _setattr(self, prop, value)
AttributeError: property 'name' of 'Contact' object has no setter

======================================================================
ERROR: test_transition_received_to_cancelled (tests.test_bill_status_transitions.BillStatusTransitionTest.test_transition_received_to_cancelled)
Test valid transition from received to cancelled.
----------------------------------------------------------------------
Traceback (most recent call last):
  File "/home/alimt/Minibini/tests/test_bill_status_transitions.py", line 33, in setUp
    self.default_contact = Contact.objects.create(name='Default Contact')
                           ^^^^^^^^^^^^^^^^^^^^^^^^^^^^^^^^^^^^^^^^^^^^^^
  File "/home/alimt/Minibini/venv/lib/python3.12/site-packages/django/db/models/manager.py", line 87, in manager_method
    return getattr(self.get_queryset(), name)(*args, **kwargs)
           ^^^^^^^^^^^^^^^^^^^^^^^^^^^^^^^^^^^^^^^^^^^^^^^^^^^
  File "/home/alimt/Minibini/venv/lib/python3.12/site-packages/django/db/models/query.py", line 661, in create
    obj = self.model(**kwargs)
          ^^^^^^^^^^^^^^^^^^^^
  File "/home/alimt/Minibini/venv/lib/python3.12/site-packages/django/db/models/base.py", line 558, in __init__
    _setattr(self, prop, value)
AttributeError: property 'name' of 'Contact' object has no setter

======================================================================
ERROR: test_transition_received_to_paid_in_full (tests.test_bill_status_transitions.BillStatusTransitionTest.test_transition_received_to_paid_in_full)
Test valid transition from received to paid_in_full.
----------------------------------------------------------------------
Traceback (most recent call last):
  File "/home/alimt/Minibini/tests/test_bill_status_transitions.py", line 33, in setUp
    self.default_contact = Contact.objects.create(name='Default Contact')
                           ^^^^^^^^^^^^^^^^^^^^^^^^^^^^^^^^^^^^^^^^^^^^^^
  File "/home/alimt/Minibini/venv/lib/python3.12/site-packages/django/db/models/manager.py", line 87, in manager_method
    return getattr(self.get_queryset(), name)(*args, **kwargs)
           ^^^^^^^^^^^^^^^^^^^^^^^^^^^^^^^^^^^^^^^^^^^^^^^^^^^
  File "/home/alimt/Minibini/venv/lib/python3.12/site-packages/django/db/models/query.py", line 661, in create
    obj = self.model(**kwargs)
          ^^^^^^^^^^^^^^^^^^^^
  File "/home/alimt/Minibini/venv/lib/python3.12/site-packages/django/db/models/base.py", line 558, in __init__
    _setattr(self, prop, value)
AttributeError: property 'name' of 'Contact' object has no setter

======================================================================
ERROR: test_transition_received_to_partly_paid (tests.test_bill_status_transitions.BillStatusTransitionTest.test_transition_received_to_partly_paid)
Test valid transition from received to partly_paid.
----------------------------------------------------------------------
Traceback (most recent call last):
  File "/home/alimt/Minibini/tests/test_bill_status_transitions.py", line 33, in setUp
    self.default_contact = Contact.objects.create(name='Default Contact')
                           ^^^^^^^^^^^^^^^^^^^^^^^^^^^^^^^^^^^^^^^^^^^^^^
  File "/home/alimt/Minibini/venv/lib/python3.12/site-packages/django/db/models/manager.py", line 87, in manager_method
    return getattr(self.get_queryset(), name)(*args, **kwargs)
           ^^^^^^^^^^^^^^^^^^^^^^^^^^^^^^^^^^^^^^^^^^^^^^^^^^^
  File "/home/alimt/Minibini/venv/lib/python3.12/site-packages/django/db/models/query.py", line 661, in create
    obj = self.model(**kwargs)
          ^^^^^^^^^^^^^^^^^^^^
  File "/home/alimt/Minibini/venv/lib/python3.12/site-packages/django/db/models/base.py", line 558, in __init__
    _setattr(self, prop, value)
AttributeError: property 'name' of 'Contact' object has no setter

======================================================================
ERROR: test_valid_path_draft_received_cancelled (tests.test_bill_status_transitions.BillStatusTransitionTest.test_valid_path_draft_received_cancelled)
Test the path: draft -> received -> cancelled.
----------------------------------------------------------------------
Traceback (most recent call last):
  File "/home/alimt/Minibini/tests/test_bill_status_transitions.py", line 33, in setUp
    self.default_contact = Contact.objects.create(name='Default Contact')
                           ^^^^^^^^^^^^^^^^^^^^^^^^^^^^^^^^^^^^^^^^^^^^^^
  File "/home/alimt/Minibini/venv/lib/python3.12/site-packages/django/db/models/manager.py", line 87, in manager_method
    return getattr(self.get_queryset(), name)(*args, **kwargs)
           ^^^^^^^^^^^^^^^^^^^^^^^^^^^^^^^^^^^^^^^^^^^^^^^^^^^
  File "/home/alimt/Minibini/venv/lib/python3.12/site-packages/django/db/models/query.py", line 661, in create
    obj = self.model(**kwargs)
          ^^^^^^^^^^^^^^^^^^^^
  File "/home/alimt/Minibini/venv/lib/python3.12/site-packages/django/db/models/base.py", line 558, in __init__
    _setattr(self, prop, value)
AttributeError: property 'name' of 'Contact' object has no setter

======================================================================
ERROR: test_valid_path_draft_received_full (tests.test_bill_status_transitions.BillStatusTransitionTest.test_valid_path_draft_received_full)
Test the path: draft -> received -> paid_in_full.
----------------------------------------------------------------------
Traceback (most recent call last):
  File "/home/alimt/Minibini/tests/test_bill_status_transitions.py", line 33, in setUp
    self.default_contact = Contact.objects.create(name='Default Contact')
                           ^^^^^^^^^^^^^^^^^^^^^^^^^^^^^^^^^^^^^^^^^^^^^^
  File "/home/alimt/Minibini/venv/lib/python3.12/site-packages/django/db/models/manager.py", line 87, in manager_method
    return getattr(self.get_queryset(), name)(*args, **kwargs)
           ^^^^^^^^^^^^^^^^^^^^^^^^^^^^^^^^^^^^^^^^^^^^^^^^^^^
  File "/home/alimt/Minibini/venv/lib/python3.12/site-packages/django/db/models/query.py", line 661, in create
    obj = self.model(**kwargs)
          ^^^^^^^^^^^^^^^^^^^^
  File "/home/alimt/Minibini/venv/lib/python3.12/site-packages/django/db/models/base.py", line 558, in __init__
    _setattr(self, prop, value)
AttributeError: property 'name' of 'Contact' object has no setter

======================================================================
ERROR: test_valid_path_draft_received_full_refunded (tests.test_bill_status_transitions.BillStatusTransitionTest.test_valid_path_draft_received_full_refunded)
Test the path: draft -> received -> paid_in_full -> refunded.
----------------------------------------------------------------------
Traceback (most recent call last):
  File "/home/alimt/Minibini/tests/test_bill_status_transitions.py", line 33, in setUp
    self.default_contact = Contact.objects.create(name='Default Contact')
                           ^^^^^^^^^^^^^^^^^^^^^^^^^^^^^^^^^^^^^^^^^^^^^^
  File "/home/alimt/Minibini/venv/lib/python3.12/site-packages/django/db/models/manager.py", line 87, in manager_method
    return getattr(self.get_queryset(), name)(*args, **kwargs)
           ^^^^^^^^^^^^^^^^^^^^^^^^^^^^^^^^^^^^^^^^^^^^^^^^^^^
  File "/home/alimt/Minibini/venv/lib/python3.12/site-packages/django/db/models/query.py", line 661, in create
    obj = self.model(**kwargs)
          ^^^^^^^^^^^^^^^^^^^^
  File "/home/alimt/Minibini/venv/lib/python3.12/site-packages/django/db/models/base.py", line 558, in __init__
    _setattr(self, prop, value)
AttributeError: property 'name' of 'Contact' object has no setter

======================================================================
ERROR: test_valid_path_draft_received_partly_paid_full (tests.test_bill_status_transitions.BillStatusTransitionTest.test_valid_path_draft_received_partly_paid_full)
Test the path: draft -> received -> partly_paid -> paid_in_full.
----------------------------------------------------------------------
Traceback (most recent call last):
  File "/home/alimt/Minibini/tests/test_bill_status_transitions.py", line 33, in setUp
    self.default_contact = Contact.objects.create(name='Default Contact')
                           ^^^^^^^^^^^^^^^^^^^^^^^^^^^^^^^^^^^^^^^^^^^^^^
  File "/home/alimt/Minibini/venv/lib/python3.12/site-packages/django/db/models/manager.py", line 87, in manager_method
    return getattr(self.get_queryset(), name)(*args, **kwargs)
           ^^^^^^^^^^^^^^^^^^^^^^^^^^^^^^^^^^^^^^^^^^^^^^^^^^^
  File "/home/alimt/Minibini/venv/lib/python3.12/site-packages/django/db/models/query.py", line 661, in create
    obj = self.model(**kwargs)
          ^^^^^^^^^^^^^^^^^^^^
  File "/home/alimt/Minibini/venv/lib/python3.12/site-packages/django/db/models/base.py", line 558, in __init__
    _setattr(self, prop, value)
AttributeError: property 'name' of 'Contact' object has no setter

======================================================================
ERROR: test_valid_path_draft_received_partly_paid_full_refunded (tests.test_bill_status_transitions.BillStatusTransitionTest.test_valid_path_draft_received_partly_paid_full_refunded)
Test the path: draft -> received -> partly_paid -> paid_in_full -> refunded.
----------------------------------------------------------------------
Traceback (most recent call last):
  File "/home/alimt/Minibini/tests/test_bill_status_transitions.py", line 33, in setUp
    self.default_contact = Contact.objects.create(name='Default Contact')
                           ^^^^^^^^^^^^^^^^^^^^^^^^^^^^^^^^^^^^^^^^^^^^^^
  File "/home/alimt/Minibini/venv/lib/python3.12/site-packages/django/db/models/manager.py", line 87, in manager_method
    return getattr(self.get_queryset(), name)(*args, **kwargs)
           ^^^^^^^^^^^^^^^^^^^^^^^^^^^^^^^^^^^^^^^^^^^^^^^^^^^
  File "/home/alimt/Minibini/venv/lib/python3.12/site-packages/django/db/models/query.py", line 661, in create
    obj = self.model(**kwargs)
          ^^^^^^^^^^^^^^^^^^^^
  File "/home/alimt/Minibini/venv/lib/python3.12/site-packages/django/db/models/base.py", line 558, in __init__
    _setattr(self, prop, value)
AttributeError: property 'name' of 'Contact' object has no setter

======================================================================
ERROR: test_complete_job_workflow (tests.test_comprehensive_models.ComprehensiveModelIntegrationTest.test_complete_job_workflow)
----------------------------------------------------------------------
Traceback (most recent call last):
  File "/home/alimt/Minibini/tests/test_comprehensive_models.py", line 23, in setUp
    self.default_contact = Contact.objects.create(name="Default Contact")
                           ^^^^^^^^^^^^^^^^^^^^^^^^^^^^^^^^^^^^^^^^^^^^^^
  File "/home/alimt/Minibini/venv/lib/python3.12/site-packages/django/db/models/manager.py", line 87, in manager_method
    return getattr(self.get_queryset(), name)(*args, **kwargs)
           ^^^^^^^^^^^^^^^^^^^^^^^^^^^^^^^^^^^^^^^^^^^^^^^^^^^
  File "/home/alimt/Minibini/venv/lib/python3.12/site-packages/django/db/models/query.py", line 661, in create
    obj = self.model(**kwargs)
          ^^^^^^^^^^^^^^^^^^^^
  File "/home/alimt/Minibini/venv/lib/python3.12/site-packages/django/db/models/base.py", line 558, in __init__
    _setattr(self, prop, value)
AttributeError: property 'name' of 'Contact' object has no setter

======================================================================
ERROR: test_configuration_number_sequences (tests.test_comprehensive_models.ComprehensiveModelIntegrationTest.test_configuration_number_sequences)
----------------------------------------------------------------------
Traceback (most recent call last):
  File "/home/alimt/Minibini/tests/test_comprehensive_models.py", line 23, in setUp
    self.default_contact = Contact.objects.create(name="Default Contact")
                           ^^^^^^^^^^^^^^^^^^^^^^^^^^^^^^^^^^^^^^^^^^^^^^
  File "/home/alimt/Minibini/venv/lib/python3.12/site-packages/django/db/models/manager.py", line 87, in manager_method
    return getattr(self.get_queryset(), name)(*args, **kwargs)
           ^^^^^^^^^^^^^^^^^^^^^^^^^^^^^^^^^^^^^^^^^^^^^^^^^^^
  File "/home/alimt/Minibini/venv/lib/python3.12/site-packages/django/db/models/query.py", line 661, in create
    obj = self.model(**kwargs)
          ^^^^^^^^^^^^^^^^^^^^
  File "/home/alimt/Minibini/venv/lib/python3.12/site-packages/django/db/models/base.py", line 558, in __init__
    _setattr(self, prop, value)
AttributeError: property 'name' of 'Contact' object has no setter

======================================================================
ERROR: test_estimate_superseding (tests.test_comprehensive_models.ComprehensiveModelIntegrationTest.test_estimate_superseding)
----------------------------------------------------------------------
Traceback (most recent call last):
  File "/home/alimt/Minibini/tests/test_comprehensive_models.py", line 23, in setUp
    self.default_contact = Contact.objects.create(name="Default Contact")
                           ^^^^^^^^^^^^^^^^^^^^^^^^^^^^^^^^^^^^^^^^^^^^^^
  File "/home/alimt/Minibini/venv/lib/python3.12/site-packages/django/db/models/manager.py", line 87, in manager_method
    return getattr(self.get_queryset(), name)(*args, **kwargs)
           ^^^^^^^^^^^^^^^^^^^^^^^^^^^^^^^^^^^^^^^^^^^^^^^^^^^
  File "/home/alimt/Minibini/venv/lib/python3.12/site-packages/django/db/models/query.py", line 661, in create
    obj = self.model(**kwargs)
          ^^^^^^^^^^^^^^^^^^^^
  File "/home/alimt/Minibini/venv/lib/python3.12/site-packages/django/db/models/base.py", line 558, in __init__
    _setattr(self, prop, value)
AttributeError: property 'name' of 'Contact' object has no setter

======================================================================
ERROR: test_invoice_line_item_workflow (tests.test_comprehensive_models.ComprehensiveModelIntegrationTest.test_invoice_line_item_workflow)
----------------------------------------------------------------------
Traceback (most recent call last):
  File "/home/alimt/Minibini/tests/test_comprehensive_models.py", line 23, in setUp
    self.default_contact = Contact.objects.create(name="Default Contact")
                           ^^^^^^^^^^^^^^^^^^^^^^^^^^^^^^^^^^^^^^^^^^^^^^
  File "/home/alimt/Minibini/venv/lib/python3.12/site-packages/django/db/models/manager.py", line 87, in manager_method
    return getattr(self.get_queryset(), name)(*args, **kwargs)
           ^^^^^^^^^^^^^^^^^^^^^^^^^^^^^^^^^^^^^^^^^^^^^^^^^^^
  File "/home/alimt/Minibini/venv/lib/python3.12/site-packages/django/db/models/query.py", line 661, in create
    obj = self.model(**kwargs)
          ^^^^^^^^^^^^^^^^^^^^
  File "/home/alimt/Minibini/venv/lib/python3.12/site-packages/django/db/models/base.py", line 558, in __init__
    _setattr(self, prop, value)
AttributeError: property 'name' of 'Contact' object has no setter

======================================================================
ERROR: test_model_cascade_deletions (tests.test_comprehensive_models.ComprehensiveModelIntegrationTest.test_model_cascade_deletions)
----------------------------------------------------------------------
Traceback (most recent call last):
  File "/home/alimt/Minibini/tests/test_comprehensive_models.py", line 23, in setUp
    self.default_contact = Contact.objects.create(name="Default Contact")
                           ^^^^^^^^^^^^^^^^^^^^^^^^^^^^^^^^^^^^^^^^^^^^^^
  File "/home/alimt/Minibini/venv/lib/python3.12/site-packages/django/db/models/manager.py", line 87, in manager_method
    return getattr(self.get_queryset(), name)(*args, **kwargs)
           ^^^^^^^^^^^^^^^^^^^^^^^^^^^^^^^^^^^^^^^^^^^^^^^^^^^
  File "/home/alimt/Minibini/venv/lib/python3.12/site-packages/django/db/models/query.py", line 661, in create
    obj = self.model(**kwargs)
          ^^^^^^^^^^^^^^^^^^^^
  File "/home/alimt/Minibini/venv/lib/python3.12/site-packages/django/db/models/base.py", line 558, in __init__
    _setattr(self, prop, value)
AttributeError: property 'name' of 'Contact' object has no setter

======================================================================
ERROR: test_model_str_representations (tests.test_comprehensive_models.ComprehensiveModelIntegrationTest.test_model_str_representations)
----------------------------------------------------------------------
Traceback (most recent call last):
  File "/home/alimt/Minibini/tests/test_comprehensive_models.py", line 23, in setUp
    self.default_contact = Contact.objects.create(name="Default Contact")
                           ^^^^^^^^^^^^^^^^^^^^^^^^^^^^^^^^^^^^^^^^^^^^^^
  File "/home/alimt/Minibini/venv/lib/python3.12/site-packages/django/db/models/manager.py", line 87, in manager_method
    return getattr(self.get_queryset(), name)(*args, **kwargs)
           ^^^^^^^^^^^^^^^^^^^^^^^^^^^^^^^^^^^^^^^^^^^^^^^^^^^
  File "/home/alimt/Minibini/venv/lib/python3.12/site-packages/django/db/models/query.py", line 661, in create
    obj = self.model(**kwargs)
          ^^^^^^^^^^^^^^^^^^^^
  File "/home/alimt/Minibini/venv/lib/python3.12/site-packages/django/db/models/base.py", line 558, in __init__
    _setattr(self, prop, value)
AttributeError: property 'name' of 'Contact' object has no setter

======================================================================
ERROR: test_price_calculation_accuracy (tests.test_comprehensive_models.ComprehensiveModelIntegrationTest.test_price_calculation_accuracy)
----------------------------------------------------------------------
Traceback (most recent call last):
  File "/home/alimt/Minibini/tests/test_comprehensive_models.py", line 23, in setUp
    self.default_contact = Contact.objects.create(name="Default Contact")
                           ^^^^^^^^^^^^^^^^^^^^^^^^^^^^^^^^^^^^^^^^^^^^^^
  File "/home/alimt/Minibini/venv/lib/python3.12/site-packages/django/db/models/manager.py", line 87, in manager_method
    return getattr(self.get_queryset(), name)(*args, **kwargs)
           ^^^^^^^^^^^^^^^^^^^^^^^^^^^^^^^^^^^^^^^^^^^^^^^^^^^
  File "/home/alimt/Minibini/venv/lib/python3.12/site-packages/django/db/models/query.py", line 661, in create
    obj = self.model(**kwargs)
          ^^^^^^^^^^^^^^^^^^^^
  File "/home/alimt/Minibini/venv/lib/python3.12/site-packages/django/db/models/base.py", line 558, in __init__
    _setattr(self, prop, value)
AttributeError: property 'name' of 'Contact' object has no setter

======================================================================
ERROR: test_purchase_order_workflow (tests.test_comprehensive_models.ComprehensiveModelIntegrationTest.test_purchase_order_workflow)
----------------------------------------------------------------------
Traceback (most recent call last):
  File "/home/alimt/Minibini/tests/test_comprehensive_models.py", line 23, in setUp
    self.default_contact = Contact.objects.create(name="Default Contact")
                           ^^^^^^^^^^^^^^^^^^^^^^^^^^^^^^^^^^^^^^^^^^^^^^
  File "/home/alimt/Minibini/venv/lib/python3.12/site-packages/django/db/models/manager.py", line 87, in manager_method
    return getattr(self.get_queryset(), name)(*args, **kwargs)
           ^^^^^^^^^^^^^^^^^^^^^^^^^^^^^^^^^^^^^^^^^^^^^^^^^^^
  File "/home/alimt/Minibini/venv/lib/python3.12/site-packages/django/db/models/query.py", line 661, in create
    obj = self.model(**kwargs)
          ^^^^^^^^^^^^^^^^^^^^
  File "/home/alimt/Minibini/venv/lib/python3.12/site-packages/django/db/models/base.py", line 558, in __init__
    _setattr(self, prop, value)
AttributeError: property 'name' of 'Contact' object has no setter

======================================================================
ERROR: test_task_workflow (tests.test_comprehensive_models.ComprehensiveModelIntegrationTest.test_task_workflow)
----------------------------------------------------------------------
Traceback (most recent call last):
  File "/home/alimt/Minibini/tests/test_comprehensive_models.py", line 23, in setUp
    self.default_contact = Contact.objects.create(name="Default Contact")
                           ^^^^^^^^^^^^^^^^^^^^^^^^^^^^^^^^^^^^^^^^^^^^^^
  File "/home/alimt/Minibini/venv/lib/python3.12/site-packages/django/db/models/manager.py", line 87, in manager_method
    return getattr(self.get_queryset(), name)(*args, **kwargs)
           ^^^^^^^^^^^^^^^^^^^^^^^^^^^^^^^^^^^^^^^^^^^^^^^^^^^
  File "/home/alimt/Minibini/venv/lib/python3.12/site-packages/django/db/models/query.py", line 661, in create
    obj = self.model(**kwargs)
          ^^^^^^^^^^^^^^^^^^^^
  File "/home/alimt/Minibini/venv/lib/python3.12/site-packages/django/db/models/base.py", line 558, in __init__
    _setattr(self, prop, value)
AttributeError: property 'name' of 'Contact' object has no setter

======================================================================
ERROR: test_unique_constraints (tests.test_comprehensive_models.ComprehensiveModelIntegrationTest.test_unique_constraints)
----------------------------------------------------------------------
Traceback (most recent call last):
  File "/home/alimt/Minibini/tests/test_comprehensive_models.py", line 23, in setUp
    self.default_contact = Contact.objects.create(name="Default Contact")
                           ^^^^^^^^^^^^^^^^^^^^^^^^^^^^^^^^^^^^^^^^^^^^^^
  File "/home/alimt/Minibini/venv/lib/python3.12/site-packages/django/db/models/manager.py", line 87, in manager_method
    return getattr(self.get_queryset(), name)(*args, **kwargs)
           ^^^^^^^^^^^^^^^^^^^^^^^^^^^^^^^^^^^^^^^^^^^^^^^^^^^
  File "/home/alimt/Minibini/venv/lib/python3.12/site-packages/django/db/models/query.py", line 661, in create
    obj = self.model(**kwargs)
          ^^^^^^^^^^^^^^^^^^^^
  File "/home/alimt/Minibini/venv/lib/python3.12/site-packages/django/db/models/base.py", line 558, in __init__
    _setattr(self, prop, value)
AttributeError: property 'name' of 'Contact' object has no setter

======================================================================
ERROR: test_user_group_relationship (tests.test_comprehensive_models.ComprehensiveModelIntegrationTest.test_user_group_relationship)
----------------------------------------------------------------------
Traceback (most recent call last):
  File "/home/alimt/Minibini/tests/test_comprehensive_models.py", line 23, in setUp
    self.default_contact = Contact.objects.create(name="Default Contact")
                           ^^^^^^^^^^^^^^^^^^^^^^^^^^^^^^^^^^^^^^^^^^^^^^
  File "/home/alimt/Minibini/venv/lib/python3.12/site-packages/django/db/models/manager.py", line 87, in manager_method
    return getattr(self.get_queryset(), name)(*args, **kwargs)
           ^^^^^^^^^^^^^^^^^^^^^^^^^^^^^^^^^^^^^^^^^^^^^^^^^^^
  File "/home/alimt/Minibini/venv/lib/python3.12/site-packages/django/db/models/query.py", line 661, in create
    obj = self.model(**kwargs)
          ^^^^^^^^^^^^^^^^^^^^
  File "/home/alimt/Minibini/venv/lib/python3.12/site-packages/django/db/models/base.py", line 558, in __init__
    _setattr(self, prop, value)
AttributeError: property 'name' of 'Contact' object has no setter

======================================================================
ERROR: test_bill_line_item_validation_both_null_allowed (tests.test_comprehensive_models.LineItemValidationTest.test_bill_line_item_validation_both_null_allowed)
Test BillLineItem allows both task and price_list_item to be null
----------------------------------------------------------------------
Traceback (most recent call last):
  File "/home/alimt/Minibini/tests/test_comprehensive_models.py", line 353, in setUp
    self.default_contact = Contact.objects.create(name="Default Contact")
                           ^^^^^^^^^^^^^^^^^^^^^^^^^^^^^^^^^^^^^^^^^^^^^^
  File "/home/alimt/Minibini/venv/lib/python3.12/site-packages/django/db/models/manager.py", line 87, in manager_method
    return getattr(self.get_queryset(), name)(*args, **kwargs)
           ^^^^^^^^^^^^^^^^^^^^^^^^^^^^^^^^^^^^^^^^^^^^^^^^^^^
  File "/home/alimt/Minibini/venv/lib/python3.12/site-packages/django/db/models/query.py", line 661, in create
    obj = self.model(**kwargs)
          ^^^^^^^^^^^^^^^^^^^^
  File "/home/alimt/Minibini/venv/lib/python3.12/site-packages/django/db/models/base.py", line 558, in __init__
    _setattr(self, prop, value)
AttributeError: property 'name' of 'Contact' object has no setter

======================================================================
ERROR: test_bill_line_item_validation_cannot_have_both (tests.test_comprehensive_models.LineItemValidationTest.test_bill_line_item_validation_cannot_have_both)
Test BillLineItem cannot have both task and price_list_item
----------------------------------------------------------------------
Traceback (most recent call last):
  File "/home/alimt/Minibini/tests/test_comprehensive_models.py", line 353, in setUp
    self.default_contact = Contact.objects.create(name="Default Contact")
                           ^^^^^^^^^^^^^^^^^^^^^^^^^^^^^^^^^^^^^^^^^^^^^^
  File "/home/alimt/Minibini/venv/lib/python3.12/site-packages/django/db/models/manager.py", line 87, in manager_method
    return getattr(self.get_queryset(), name)(*args, **kwargs)
           ^^^^^^^^^^^^^^^^^^^^^^^^^^^^^^^^^^^^^^^^^^^^^^^^^^^
  File "/home/alimt/Minibini/venv/lib/python3.12/site-packages/django/db/models/query.py", line 661, in create
    obj = self.model(**kwargs)
          ^^^^^^^^^^^^^^^^^^^^
  File "/home/alimt/Minibini/venv/lib/python3.12/site-packages/django/db/models/base.py", line 558, in __init__
    _setattr(self, prop, value)
AttributeError: property 'name' of 'Contact' object has no setter

======================================================================
ERROR: test_estimate_line_item_validation_both_null_allowed (tests.test_comprehensive_models.LineItemValidationTest.test_estimate_line_item_validation_both_null_allowed)
Test EstimateLineItem allows both task and price_list_item to be null
----------------------------------------------------------------------
Traceback (most recent call last):
  File "/home/alimt/Minibini/tests/test_comprehensive_models.py", line 353, in setUp
    self.default_contact = Contact.objects.create(name="Default Contact")
                           ^^^^^^^^^^^^^^^^^^^^^^^^^^^^^^^^^^^^^^^^^^^^^^
  File "/home/alimt/Minibini/venv/lib/python3.12/site-packages/django/db/models/manager.py", line 87, in manager_method
    return getattr(self.get_queryset(), name)(*args, **kwargs)
           ^^^^^^^^^^^^^^^^^^^^^^^^^^^^^^^^^^^^^^^^^^^^^^^^^^^
  File "/home/alimt/Minibini/venv/lib/python3.12/site-packages/django/db/models/query.py", line 661, in create
    obj = self.model(**kwargs)
          ^^^^^^^^^^^^^^^^^^^^
  File "/home/alimt/Minibini/venv/lib/python3.12/site-packages/django/db/models/base.py", line 558, in __init__
    _setattr(self, prop, value)
AttributeError: property 'name' of 'Contact' object has no setter

======================================================================
ERROR: test_estimate_line_item_validation_cannot_have_both (tests.test_comprehensive_models.LineItemValidationTest.test_estimate_line_item_validation_cannot_have_both)
Test EstimateLineItem cannot have both task and price_list_item
----------------------------------------------------------------------
Traceback (most recent call last):
  File "/home/alimt/Minibini/tests/test_comprehensive_models.py", line 353, in setUp
    self.default_contact = Contact.objects.create(name="Default Contact")
                           ^^^^^^^^^^^^^^^^^^^^^^^^^^^^^^^^^^^^^^^^^^^^^^
  File "/home/alimt/Minibini/venv/lib/python3.12/site-packages/django/db/models/manager.py", line 87, in manager_method
    return getattr(self.get_queryset(), name)(*args, **kwargs)
           ^^^^^^^^^^^^^^^^^^^^^^^^^^^^^^^^^^^^^^^^^^^^^^^^^^^
  File "/home/alimt/Minibini/venv/lib/python3.12/site-packages/django/db/models/query.py", line 661, in create
    obj = self.model(**kwargs)
          ^^^^^^^^^^^^^^^^^^^^
  File "/home/alimt/Minibini/venv/lib/python3.12/site-packages/django/db/models/base.py", line 558, in __init__
    _setattr(self, prop, value)
AttributeError: property 'name' of 'Contact' object has no setter

======================================================================
ERROR: test_purchase_order_line_item_validation_both_null_allowed (tests.test_comprehensive_models.LineItemValidationTest.test_purchase_order_line_item_validation_both_null_allowed)
Test PurchaseOrderLineItem allows both task and price_list_item to be null
----------------------------------------------------------------------
Traceback (most recent call last):
  File "/home/alimt/Minibini/tests/test_comprehensive_models.py", line 353, in setUp
    self.default_contact = Contact.objects.create(name="Default Contact")
                           ^^^^^^^^^^^^^^^^^^^^^^^^^^^^^^^^^^^^^^^^^^^^^^
  File "/home/alimt/Minibini/venv/lib/python3.12/site-packages/django/db/models/manager.py", line 87, in manager_method
    return getattr(self.get_queryset(), name)(*args, **kwargs)
           ^^^^^^^^^^^^^^^^^^^^^^^^^^^^^^^^^^^^^^^^^^^^^^^^^^^
  File "/home/alimt/Minibini/venv/lib/python3.12/site-packages/django/db/models/query.py", line 661, in create
    obj = self.model(**kwargs)
          ^^^^^^^^^^^^^^^^^^^^
  File "/home/alimt/Minibini/venv/lib/python3.12/site-packages/django/db/models/base.py", line 558, in __init__
    _setattr(self, prop, value)
AttributeError: property 'name' of 'Contact' object has no setter

======================================================================
ERROR: test_purchase_order_line_item_validation_cannot_have_both (tests.test_comprehensive_models.LineItemValidationTest.test_purchase_order_line_item_validation_cannot_have_both)
Test PurchaseOrderLineItem cannot have both task and price_list_item
----------------------------------------------------------------------
Traceback (most recent call last):
  File "/home/alimt/Minibini/tests/test_comprehensive_models.py", line 353, in setUp
    self.default_contact = Contact.objects.create(name="Default Contact")
                           ^^^^^^^^^^^^^^^^^^^^^^^^^^^^^^^^^^^^^^^^^^^^^^
  File "/home/alimt/Minibini/venv/lib/python3.12/site-packages/django/db/models/manager.py", line 87, in manager_method
    return getattr(self.get_queryset(), name)(*args, **kwargs)
           ^^^^^^^^^^^^^^^^^^^^^^^^^^^^^^^^^^^^^^^^^^^^^^^^^^^
  File "/home/alimt/Minibini/venv/lib/python3.12/site-packages/django/db/models/query.py", line 661, in create
    obj = self.model(**kwargs)
          ^^^^^^^^^^^^^^^^^^^^
  File "/home/alimt/Minibini/venv/lib/python3.12/site-packages/django/db/models/base.py", line 558, in __init__
    _setattr(self, prop, value)
AttributeError: property 'name' of 'Contact' object has no setter

======================================================================
ERROR: test_bill_business_is_required (tests.test_contact_business_associations.BillContactBusinessTest.test_bill_business_is_required)
Bill cannot be created without a Business
----------------------------------------------------------------------
Traceback (most recent call last):
  File "/home/alimt/Minibini/tests/test_contact_business_associations.py", line 88, in setUp
    self.business = Business.objects.create(business_name="Test Vendor", default_contact=self.default_contact)
                                                                                         ^^^^^^^^^^^^^^^^^^^^
AttributeError: 'BillContactBusinessTest' object has no attribute 'default_contact'

======================================================================
ERROR: test_bill_contact_auto_assigns_business (tests.test_contact_business_associations.BillContactBusinessTest.test_bill_contact_auto_assigns_business)
When Contact is provided without Business, Business is auto-assigned from Contact
----------------------------------------------------------------------
Traceback (most recent call last):
  File "/home/alimt/Minibini/tests/test_contact_business_associations.py", line 88, in setUp
    self.business = Business.objects.create(business_name="Test Vendor", default_contact=self.default_contact)
                                                                                         ^^^^^^^^^^^^^^^^^^^^
AttributeError: 'BillContactBusinessTest' object has no attribute 'default_contact'

======================================================================
ERROR: test_bill_contact_business_mismatch_fails (tests.test_contact_business_associations.BillContactBusinessTest.test_bill_contact_business_mismatch_fails)
Bill creation fails if Contact's Business doesn't match explicitly set Business
----------------------------------------------------------------------
Traceback (most recent call last):
  File "/home/alimt/Minibini/tests/test_contact_business_associations.py", line 88, in setUp
    self.business = Business.objects.create(business_name="Test Vendor", default_contact=self.default_contact)
                                                                                         ^^^^^^^^^^^^^^^^^^^^
AttributeError: 'BillContactBusinessTest' object has no attribute 'default_contact'

======================================================================
ERROR: test_bill_contact_without_business_fails (tests.test_contact_business_associations.BillContactBusinessTest.test_bill_contact_without_business_fails)
Bill creation fails if Contact doesn't have a Business
----------------------------------------------------------------------
Traceback (most recent call last):
  File "/home/alimt/Minibini/tests/test_contact_business_associations.py", line 88, in setUp
    self.business = Business.objects.create(business_name="Test Vendor", default_contact=self.default_contact)
                                                                                         ^^^^^^^^^^^^^^^^^^^^
AttributeError: 'BillContactBusinessTest' object has no attribute 'default_contact'

======================================================================
ERROR: test_bill_creation_with_business_only (tests.test_contact_business_associations.BillContactBusinessTest.test_bill_creation_with_business_only)
Bill can be created with just a Business
----------------------------------------------------------------------
Traceback (most recent call last):
  File "/home/alimt/Minibini/tests/test_contact_business_associations.py", line 88, in setUp
    self.business = Business.objects.create(business_name="Test Vendor", default_contact=self.default_contact)
                                                                                         ^^^^^^^^^^^^^^^^^^^^
AttributeError: 'BillContactBusinessTest' object has no attribute 'default_contact'

======================================================================
ERROR: test_bill_creation_with_contact_and_business (tests.test_contact_business_associations.BillContactBusinessTest.test_bill_creation_with_contact_and_business)
Bill can be created with both Contact and Business
----------------------------------------------------------------------
Traceback (most recent call last):
  File "/home/alimt/Minibini/tests/test_contact_business_associations.py", line 88, in setUp
    self.business = Business.objects.create(business_name="Test Vendor", default_contact=self.default_contact)
                                                                                         ^^^^^^^^^^^^^^^^^^^^
AttributeError: 'BillContactBusinessTest' object has no attribute 'default_contact'

======================================================================
ERROR: test_bill_copies_contact_and_business_from_po (tests.test_contact_business_associations.BillFromPurchaseOrderTest.test_bill_copies_contact_and_business_from_po)
When creating Bill from PO, Contact and Business are copied
----------------------------------------------------------------------
Traceback (most recent call last):
  File "/home/alimt/Minibini/tests/test_contact_business_associations.py", line 171, in setUp
    self.business = Business.objects.create(business_name="Test Vendor", default_contact=self.default_contact)
                                                                                         ^^^^^^^^^^^^^^^^^^^^
AttributeError: 'BillFromPurchaseOrderTest' object has no attribute 'default_contact'

======================================================================
ERROR: test_bill_from_po_without_contact (tests.test_contact_business_associations.BillFromPurchaseOrderTest.test_bill_from_po_without_contact)
Bill can be created from PO even if PO has no Contact
----------------------------------------------------------------------
Traceback (most recent call last):
  File "/home/alimt/Minibini/tests/test_contact_business_associations.py", line 171, in setUp
    self.business = Business.objects.create(business_name="Test Vendor", default_contact=self.default_contact)
                                                                                         ^^^^^^^^^^^^^^^^^^^^
AttributeError: 'BillFromPurchaseOrderTest' object has no attribute 'default_contact'

======================================================================
ERROR: test_bill_line_items_can_be_modified_after_creation (tests.test_contact_business_associations.BillFromPurchaseOrderTest.test_bill_line_items_can_be_modified_after_creation)
Bill line items can be modified after creation from PO
----------------------------------------------------------------------
Traceback (most recent call last):
  File "/home/alimt/Minibini/tests/test_contact_business_associations.py", line 171, in setUp
    self.business = Business.objects.create(business_name="Test Vendor", default_contact=self.default_contact)
                                                                                         ^^^^^^^^^^^^^^^^^^^^
AttributeError: 'BillFromPurchaseOrderTest' object has no attribute 'default_contact'

======================================================================
ERROR: test_line_items_copied_from_po_to_bill (tests.test_contact_business_associations.BillFromPurchaseOrderTest.test_line_items_copied_from_po_to_bill)
Line items from PO are copied to Bill
----------------------------------------------------------------------
Traceback (most recent call last):
  File "/home/alimt/Minibini/tests/test_contact_business_associations.py", line 171, in setUp
    self.business = Business.objects.create(business_name="Test Vendor", default_contact=self.default_contact)
                                                                                         ^^^^^^^^^^^^^^^^^^^^
AttributeError: 'BillFromPurchaseOrderTest' object has no attribute 'default_contact'

======================================================================
ERROR: test_po_business_is_required (tests.test_contact_business_associations.PurchaseOrderContactBusinessTest.test_po_business_is_required)
PO cannot be created without a Business
----------------------------------------------------------------------
Traceback (most recent call last):
  File "/home/alimt/Minibini/tests/test_contact_business_associations.py", line 13, in setUp
    self.business = Business.objects.create(business_name="Test Vendor", default_contact=self.default_contact)
                                                                                         ^^^^^^^^^^^^^^^^^^^^
AttributeError: 'PurchaseOrderContactBusinessTest' object has no attribute 'default_contact'

======================================================================
ERROR: test_po_contact_auto_assigns_business (tests.test_contact_business_associations.PurchaseOrderContactBusinessTest.test_po_contact_auto_assigns_business)
When Contact is provided without Business, Business is auto-assigned from Contact
----------------------------------------------------------------------
Traceback (most recent call last):
  File "/home/alimt/Minibini/tests/test_contact_business_associations.py", line 13, in setUp
    self.business = Business.objects.create(business_name="Test Vendor", default_contact=self.default_contact)
                                                                                         ^^^^^^^^^^^^^^^^^^^^
AttributeError: 'PurchaseOrderContactBusinessTest' object has no attribute 'default_contact'

======================================================================
ERROR: test_po_contact_business_mismatch_fails (tests.test_contact_business_associations.PurchaseOrderContactBusinessTest.test_po_contact_business_mismatch_fails)
PO creation fails if Contact's Business doesn't match explicitly set Business
----------------------------------------------------------------------
Traceback (most recent call last):
  File "/home/alimt/Minibini/tests/test_contact_business_associations.py", line 13, in setUp
    self.business = Business.objects.create(business_name="Test Vendor", default_contact=self.default_contact)
                                                                                         ^^^^^^^^^^^^^^^^^^^^
AttributeError: 'PurchaseOrderContactBusinessTest' object has no attribute 'default_contact'

======================================================================
ERROR: test_po_contact_without_business_fails (tests.test_contact_business_associations.PurchaseOrderContactBusinessTest.test_po_contact_without_business_fails)
PO creation fails if Contact doesn't have a Business
----------------------------------------------------------------------
Traceback (most recent call last):
  File "/home/alimt/Minibini/tests/test_contact_business_associations.py", line 13, in setUp
    self.business = Business.objects.create(business_name="Test Vendor", default_contact=self.default_contact)
                                                                                         ^^^^^^^^^^^^^^^^^^^^
AttributeError: 'PurchaseOrderContactBusinessTest' object has no attribute 'default_contact'

======================================================================
ERROR: test_po_creation_with_business_only (tests.test_contact_business_associations.PurchaseOrderContactBusinessTest.test_po_creation_with_business_only)
PO can be created with just a Business
----------------------------------------------------------------------
Traceback (most recent call last):
  File "/home/alimt/Minibini/tests/test_contact_business_associations.py", line 13, in setUp
    self.business = Business.objects.create(business_name="Test Vendor", default_contact=self.default_contact)
                                                                                         ^^^^^^^^^^^^^^^^^^^^
AttributeError: 'PurchaseOrderContactBusinessTest' object has no attribute 'default_contact'

======================================================================
ERROR: test_po_creation_with_contact_and_business (tests.test_contact_business_associations.PurchaseOrderContactBusinessTest.test_po_creation_with_contact_and_business)
PO can be created with both Contact and Business
----------------------------------------------------------------------
Traceback (most recent call last):
  File "/home/alimt/Minibini/tests/test_contact_business_associations.py", line 13, in setUp
    self.business = Business.objects.create(business_name="Test Vendor", default_contact=self.default_contact)
                                                                                         ^^^^^^^^^^^^^^^^^^^^
AttributeError: 'PurchaseOrderContactBusinessTest' object has no attribute 'default_contact'

======================================================================
ERROR: test_business_creation (tests.test_contacts_models.BusinessModelTest.test_business_creation)
----------------------------------------------------------------------
Traceback (most recent call last):
  File "/home/alimt/Minibini/tests/test_contacts_models.py", line 57, in test_business_creation
    contact = Contact.objects.create(
              ^^^^^^^^^^^^^^^^^^^^^^^
  File "/home/alimt/Minibini/venv/lib/python3.12/site-packages/django/db/models/manager.py", line 87, in manager_method
    return getattr(self.get_queryset(), name)(*args, **kwargs)
           ^^^^^^^^^^^^^^^^^^^^^^^^^^^^^^^^^^^^^^^^^^^^^^^^^^^
  File "/home/alimt/Minibini/venv/lib/python3.12/site-packages/django/db/models/query.py", line 661, in create
    obj = self.model(**kwargs)
          ^^^^^^^^^^^^^^^^^^^^
  File "/home/alimt/Minibini/venv/lib/python3.12/site-packages/django/db/models/base.py", line 558, in __init__
    _setattr(self, prop, value)
AttributeError: property 'name' of 'Contact' object has no setter

======================================================================
ERROR: test_business_optional_fields (tests.test_contacts_models.BusinessModelTest.test_business_optional_fields)
----------------------------------------------------------------------
Traceback (most recent call last):
  File "/home/alimt/Minibini/tests/test_contacts_models.py", line 98, in test_business_optional_fields
    contact = Contact.objects.create(
              ^^^^^^^^^^^^^^^^^^^^^^^
  File "/home/alimt/Minibini/venv/lib/python3.12/site-packages/django/db/models/manager.py", line 87, in manager_method
    return getattr(self.get_queryset(), name)(*args, **kwargs)
           ^^^^^^^^^^^^^^^^^^^^^^^^^^^^^^^^^^^^^^^^^^^^^^^^^^^
  File "/home/alimt/Minibini/venv/lib/python3.12/site-packages/django/db/models/query.py", line 661, in create
    obj = self.model(**kwargs)
          ^^^^^^^^^^^^^^^^^^^^
  File "/home/alimt/Minibini/venv/lib/python3.12/site-packages/django/db/models/base.py", line 558, in __init__
    _setattr(self, prop, value)
AttributeError: property 'name' of 'Contact' object has no setter

======================================================================
ERROR: test_business_str_method (tests.test_contacts_models.BusinessModelTest.test_business_str_method)
----------------------------------------------------------------------
Traceback (most recent call last):
  File "/home/alimt/Minibini/tests/test_contacts_models.py", line 84, in test_business_str_method
    contact = Contact.objects.create(
              ^^^^^^^^^^^^^^^^^^^^^^^
  File "/home/alimt/Minibini/venv/lib/python3.12/site-packages/django/db/models/manager.py", line 87, in manager_method
    return getattr(self.get_queryset(), name)(*args, **kwargs)
           ^^^^^^^^^^^^^^^^^^^^^^^^^^^^^^^^^^^^^^^^^^^^^^^^^^^
  File "/home/alimt/Minibini/venv/lib/python3.12/site-packages/django/db/models/query.py", line 661, in create
    obj = self.model(**kwargs)
          ^^^^^^^^^^^^^^^^^^^^
  File "/home/alimt/Minibini/venv/lib/python3.12/site-packages/django/db/models/base.py", line 558, in __init__
    _setattr(self, prop, value)
AttributeError: property 'name' of 'Contact' object has no setter

======================================================================
ERROR: test_business_with_payment_terms_deletion (tests.test_contacts_models.BusinessModelTest.test_business_with_payment_terms_deletion)
----------------------------------------------------------------------
Traceback (most recent call last):
  File "/home/alimt/Minibini/tests/test_contacts_models.py", line 118, in test_business_with_payment_terms_deletion
    contact = Contact.objects.create(
              ^^^^^^^^^^^^^^^^^^^^^^^
  File "/home/alimt/Minibini/venv/lib/python3.12/site-packages/django/db/models/manager.py", line 87, in manager_method
    return getattr(self.get_queryset(), name)(*args, **kwargs)
           ^^^^^^^^^^^^^^^^^^^^^^^^^^^^^^^^^^^^^^^^^^^^^^^^^^^
  File "/home/alimt/Minibini/venv/lib/python3.12/site-packages/django/db/models/query.py", line 661, in create
    obj = self.model(**kwargs)
          ^^^^^^^^^^^^^^^^^^^^
  File "/home/alimt/Minibini/venv/lib/python3.12/site-packages/django/db/models/base.py", line 558, in __init__
    _setattr(self, prop, value)
AttributeError: property 'name' of 'Contact' object has no setter

======================================================================
ERROR: test_contact_creation (tests.test_contacts_models.ContactModelTest.test_contact_creation)
----------------------------------------------------------------------
Traceback (most recent call last):
  File "/home/alimt/Minibini/tests/test_contacts_models.py", line 8, in test_contact_creation
    contact = Contact.objects.create(
              ^^^^^^^^^^^^^^^^^^^^^^^
  File "/home/alimt/Minibini/venv/lib/python3.12/site-packages/django/db/models/manager.py", line 87, in manager_method
    return getattr(self.get_queryset(), name)(*args, **kwargs)
           ^^^^^^^^^^^^^^^^^^^^^^^^^^^^^^^^^^^^^^^^^^^^^^^^^^^
  File "/home/alimt/Minibini/venv/lib/python3.12/site-packages/django/db/models/query.py", line 661, in create
    obj = self.model(**kwargs)
          ^^^^^^^^^^^^^^^^^^^^
  File "/home/alimt/Minibini/venv/lib/python3.12/site-packages/django/db/models/base.py", line 558, in __init__
    _setattr(self, prop, value)
AttributeError: property 'name' of 'Contact' object has no setter

======================================================================
ERROR: test_contact_email_validation (tests.test_contacts_models.ContactModelTest.test_contact_email_validation)
----------------------------------------------------------------------
Traceback (most recent call last):
  File "/home/alimt/Minibini/tests/test_contacts_models.py", line 33, in test_contact_email_validation
    contact = Contact(
              ^^^^^^^^
  File "/home/alimt/Minibini/venv/lib/python3.12/site-packages/django/db/models/base.py", line 558, in __init__
    _setattr(self, prop, value)
AttributeError: property 'name' of 'Contact' object has no setter

======================================================================
ERROR: test_contact_optional_fields (tests.test_contacts_models.ContactModelTest.test_contact_optional_fields)
----------------------------------------------------------------------
Traceback (most recent call last):
  File "/home/alimt/Minibini/tests/test_contacts_models.py", line 27, in test_contact_optional_fields
    contact = Contact.objects.create(name="Basic Contact")
              ^^^^^^^^^^^^^^^^^^^^^^^^^^^^^^^^^^^^^^^^^^^^
  File "/home/alimt/Minibini/venv/lib/python3.12/site-packages/django/db/models/manager.py", line 87, in manager_method
    return getattr(self.get_queryset(), name)(*args, **kwargs)
           ^^^^^^^^^^^^^^^^^^^^^^^^^^^^^^^^^^^^^^^^^^^^^^^^^^^
  File "/home/alimt/Minibini/venv/lib/python3.12/site-packages/django/db/models/query.py", line 661, in create
    obj = self.model(**kwargs)
          ^^^^^^^^^^^^^^^^^^^^
  File "/home/alimt/Minibini/venv/lib/python3.12/site-packages/django/db/models/base.py", line 558, in __init__
    _setattr(self, prop, value)
AttributeError: property 'name' of 'Contact' object has no setter

======================================================================
ERROR: test_contact_str_method (tests.test_contacts_models.ContactModelTest.test_contact_str_method)
----------------------------------------------------------------------
Traceback (most recent call last):
  File "/home/alimt/Minibini/tests/test_contacts_models.py", line 23, in test_contact_str_method
    contact = Contact.objects.create(name="Jane Smith")
              ^^^^^^^^^^^^^^^^^^^^^^^^^^^^^^^^^^^^^^^^^
  File "/home/alimt/Minibini/venv/lib/python3.12/site-packages/django/db/models/manager.py", line 87, in manager_method
    return getattr(self.get_queryset(), name)(*args, **kwargs)
           ^^^^^^^^^^^^^^^^^^^^^^^^^^^^^^^^^^^^^^^^^^^^^^^^^^^
  File "/home/alimt/Minibini/venv/lib/python3.12/site-packages/django/db/models/query.py", line 661, in create
    obj = self.model(**kwargs)
          ^^^^^^^^^^^^^^^^^^^^
  File "/home/alimt/Minibini/venv/lib/python3.12/site-packages/django/db/models/base.py", line 558, in __init__
    _setattr(self, prop, value)
AttributeError: property 'name' of 'Contact' object has no setter

======================================================================
ERROR: setUpClass (tests.test_contacts_models_with_fixtures.BusinessModelFixtureTest)
----------------------------------------------------------------------
Traceback (most recent call last):
  File "/home/alimt/Minibini/venv/lib/python3.12/site-packages/django/db/models/options.py", line 683, in get_field
    return self.fields_map[field_name]
           ~~~~~~~~~~~~~~~^^^^^^^^^^^^
KeyError: 'name'

During handling of the above exception, another exception occurred:

Traceback (most recent call last):
  File "/home/alimt/Minibini/venv/lib/python3.12/site-packages/django/core/serializers/json.py", line 78, in _handle_object
    yield from super()._handle_object(obj)
  File "/home/alimt/Minibini/venv/lib/python3.12/site-packages/django/core/serializers/python.py", line 160, in _handle_object
    field = Model._meta.get_field(field_name)
            ^^^^^^^^^^^^^^^^^^^^^^^^^^^^^^^^^
  File "/home/alimt/Minibini/venv/lib/python3.12/site-packages/django/db/models/options.py", line 685, in get_field
    raise FieldDoesNotExist(
django.core.exceptions.FieldDoesNotExist: Contact has no field named 'name'

The above exception was the direct cause of the following exception:

Traceback (most recent call last):
  File "/home/alimt/Minibini/venv/lib/python3.12/site-packages/django/core/management/__init__.py", line 194, in call_command
    return command.execute(*args, **defaults)
           ^^^^^^^^^^^^^^^^^^^^^^^^^^^^^^^^^^
  File "/home/alimt/Minibini/venv/lib/python3.12/site-packages/django/core/management/base.py", line 460, in execute
    output = self.handle(*args, **options)
             ^^^^^^^^^^^^^^^^^^^^^^^^^^^^^
  File "/home/alimt/Minibini/venv/lib/python3.12/site-packages/django/core/management/commands/loaddata.py", line 103, in handle
    self.loaddata(fixture_labels)
  File "/home/alimt/Minibini/venv/lib/python3.12/site-packages/django/core/management/commands/loaddata.py", line 164, in loaddata
    self.load_label(fixture_label)
  File "/home/alimt/Minibini/venv/lib/python3.12/site-packages/django/core/management/commands/loaddata.py", line 252, in load_label
    for obj in objects:
  File "/home/alimt/Minibini/venv/lib/python3.12/site-packages/django/core/serializers/python.py", line 123, in __iter__
    yield from self._handle_object(obj)
  File "/home/alimt/Minibini/venv/lib/python3.12/site-packages/django/core/serializers/json.py", line 82, in _handle_object
    raise DeserializationError(f"Error deserializing object: {exc}") from exc
django.core.serializers.base.DeserializationError: Problem installing fixture '/home/alimt/Minibini/fixtures/unit_test_data.json': Error deserializing object: Contact has no field named 'name'

======================================================================
ERROR: setUpClass (tests.test_contacts_models_with_fixtures.ContactModelFixtureTest)
----------------------------------------------------------------------
Traceback (most recent call last):
  File "/home/alimt/Minibini/venv/lib/python3.12/site-packages/django/db/models/options.py", line 683, in get_field
    return self.fields_map[field_name]
           ~~~~~~~~~~~~~~~^^^^^^^^^^^^
KeyError: 'name'

During handling of the above exception, another exception occurred:

Traceback (most recent call last):
  File "/home/alimt/Minibini/venv/lib/python3.12/site-packages/django/core/serializers/json.py", line 78, in _handle_object
    yield from super()._handle_object(obj)
  File "/home/alimt/Minibini/venv/lib/python3.12/site-packages/django/core/serializers/python.py", line 160, in _handle_object
    field = Model._meta.get_field(field_name)
            ^^^^^^^^^^^^^^^^^^^^^^^^^^^^^^^^^
  File "/home/alimt/Minibini/venv/lib/python3.12/site-packages/django/db/models/options.py", line 685, in get_field
    raise FieldDoesNotExist(
django.core.exceptions.FieldDoesNotExist: Contact has no field named 'name'

The above exception was the direct cause of the following exception:

Traceback (most recent call last):
  File "/home/alimt/Minibini/venv/lib/python3.12/site-packages/django/core/management/__init__.py", line 194, in call_command
    return command.execute(*args, **defaults)
           ^^^^^^^^^^^^^^^^^^^^^^^^^^^^^^^^^^
  File "/home/alimt/Minibini/venv/lib/python3.12/site-packages/django/core/management/base.py", line 460, in execute
    output = self.handle(*args, **options)
             ^^^^^^^^^^^^^^^^^^^^^^^^^^^^^
  File "/home/alimt/Minibini/venv/lib/python3.12/site-packages/django/core/management/commands/loaddata.py", line 103, in handle
    self.loaddata(fixture_labels)
  File "/home/alimt/Minibini/venv/lib/python3.12/site-packages/django/core/management/commands/loaddata.py", line 164, in loaddata
    self.load_label(fixture_label)
  File "/home/alimt/Minibini/venv/lib/python3.12/site-packages/django/core/management/commands/loaddata.py", line 252, in load_label
    for obj in objects:
  File "/home/alimt/Minibini/venv/lib/python3.12/site-packages/django/core/serializers/python.py", line 123, in __iter__
    yield from self._handle_object(obj)
  File "/home/alimt/Minibini/venv/lib/python3.12/site-packages/django/core/serializers/json.py", line 82, in _handle_object
    raise DeserializationError(f"Error deserializing object: {exc}") from exc
django.core.serializers.base.DeserializationError: Problem installing fixture '/home/alimt/Minibini/fixtures/unit_test_data.json': Error deserializing object: Contact has no field named 'name'

======================================================================
ERROR: setUpClass (tests.test_contacts_models_with_fixtures.PaymentTermsModelFixtureTest)
----------------------------------------------------------------------
Traceback (most recent call last):
  File "/home/alimt/Minibini/venv/lib/python3.12/site-packages/django/db/models/options.py", line 683, in get_field
    return self.fields_map[field_name]
           ~~~~~~~~~~~~~~~^^^^^^^^^^^^
KeyError: 'name'

During handling of the above exception, another exception occurred:

Traceback (most recent call last):
  File "/home/alimt/Minibini/venv/lib/python3.12/site-packages/django/core/serializers/json.py", line 78, in _handle_object
    yield from super()._handle_object(obj)
  File "/home/alimt/Minibini/venv/lib/python3.12/site-packages/django/core/serializers/python.py", line 160, in _handle_object
    field = Model._meta.get_field(field_name)
            ^^^^^^^^^^^^^^^^^^^^^^^^^^^^^^^^^
  File "/home/alimt/Minibini/venv/lib/python3.12/site-packages/django/db/models/options.py", line 685, in get_field
    raise FieldDoesNotExist(
django.core.exceptions.FieldDoesNotExist: Contact has no field named 'name'

The above exception was the direct cause of the following exception:

Traceback (most recent call last):
  File "/home/alimt/Minibini/venv/lib/python3.12/site-packages/django/core/management/__init__.py", line 194, in call_command
    return command.execute(*args, **defaults)
           ^^^^^^^^^^^^^^^^^^^^^^^^^^^^^^^^^^
  File "/home/alimt/Minibini/venv/lib/python3.12/site-packages/django/core/management/base.py", line 460, in execute
    output = self.handle(*args, **options)
             ^^^^^^^^^^^^^^^^^^^^^^^^^^^^^
  File "/home/alimt/Minibini/venv/lib/python3.12/site-packages/django/core/management/commands/loaddata.py", line 103, in handle
    self.loaddata(fixture_labels)
  File "/home/alimt/Minibini/venv/lib/python3.12/site-packages/django/core/management/commands/loaddata.py", line 164, in loaddata
    self.load_label(fixture_label)
  File "/home/alimt/Minibini/venv/lib/python3.12/site-packages/django/core/management/commands/loaddata.py", line 252, in load_label
    for obj in objects:
  File "/home/alimt/Minibini/venv/lib/python3.12/site-packages/django/core/serializers/python.py", line 123, in __iter__
    yield from self._handle_object(obj)
  File "/home/alimt/Minibini/venv/lib/python3.12/site-packages/django/core/serializers/json.py", line 82, in _handle_object
    raise DeserializationError(f"Error deserializing object: {exc}") from exc
django.core.serializers.base.DeserializationError: Problem installing fixture '/home/alimt/Minibini/fixtures/unit_test_data.json': Error deserializing object: Contact has no field named 'name'

======================================================================
ERROR: test_user_contact_unique_constraint (tests.test_core_models.UserModelTest.test_user_contact_unique_constraint)
Test that each Contact can be associated with at most one User
----------------------------------------------------------------------
Traceback (most recent call last):
  File "/home/alimt/Minibini/tests/test_core_models.py", line 39, in test_user_contact_unique_constraint
    contact = Contact.objects.create(
              ^^^^^^^^^^^^^^^^^^^^^^^
  File "/home/alimt/Minibini/venv/lib/python3.12/site-packages/django/db/models/manager.py", line 87, in manager_method
    return getattr(self.get_queryset(), name)(*args, **kwargs)
           ^^^^^^^^^^^^^^^^^^^^^^^^^^^^^^^^^^^^^^^^^^^^^^^^^^^
  File "/home/alimt/Minibini/venv/lib/python3.12/site-packages/django/db/models/query.py", line 661, in create
    obj = self.model(**kwargs)
          ^^^^^^^^^^^^^^^^^^^^
  File "/home/alimt/Minibini/venv/lib/python3.12/site-packages/django/db/models/base.py", line 558, in __init__
    _setattr(self, prop, value)
AttributeError: property 'name' of 'Contact' object has no setter

======================================================================
ERROR: setUpClass (tests.test_core_models_with_fixtures.ConfigurationModelFixtureTest)
----------------------------------------------------------------------
Traceback (most recent call last):
  File "/home/alimt/Minibini/venv/lib/python3.12/site-packages/django/db/models/options.py", line 683, in get_field
    return self.fields_map[field_name]
           ~~~~~~~~~~~~~~~^^^^^^^^^^^^
KeyError: 'name'

During handling of the above exception, another exception occurred:

Traceback (most recent call last):
  File "/home/alimt/Minibini/venv/lib/python3.12/site-packages/django/core/serializers/json.py", line 78, in _handle_object
    yield from super()._handle_object(obj)
  File "/home/alimt/Minibini/venv/lib/python3.12/site-packages/django/core/serializers/python.py", line 160, in _handle_object
    field = Model._meta.get_field(field_name)
            ^^^^^^^^^^^^^^^^^^^^^^^^^^^^^^^^^
  File "/home/alimt/Minibini/venv/lib/python3.12/site-packages/django/db/models/options.py", line 685, in get_field
    raise FieldDoesNotExist(
django.core.exceptions.FieldDoesNotExist: Contact has no field named 'name'

The above exception was the direct cause of the following exception:

Traceback (most recent call last):
  File "/home/alimt/Minibini/venv/lib/python3.12/site-packages/django/core/management/__init__.py", line 194, in call_command
    return command.execute(*args, **defaults)
           ^^^^^^^^^^^^^^^^^^^^^^^^^^^^^^^^^^
  File "/home/alimt/Minibini/venv/lib/python3.12/site-packages/django/core/management/base.py", line 460, in execute
    output = self.handle(*args, **options)
             ^^^^^^^^^^^^^^^^^^^^^^^^^^^^^
  File "/home/alimt/Minibini/venv/lib/python3.12/site-packages/django/core/management/commands/loaddata.py", line 103, in handle
    self.loaddata(fixture_labels)
  File "/home/alimt/Minibini/venv/lib/python3.12/site-packages/django/core/management/commands/loaddata.py", line 164, in loaddata
    self.load_label(fixture_label)
  File "/home/alimt/Minibini/venv/lib/python3.12/site-packages/django/core/management/commands/loaddata.py", line 252, in load_label
    for obj in objects:
  File "/home/alimt/Minibini/venv/lib/python3.12/site-packages/django/core/serializers/python.py", line 123, in __iter__
    yield from self._handle_object(obj)
  File "/home/alimt/Minibini/venv/lib/python3.12/site-packages/django/core/serializers/json.py", line 82, in _handle_object
    raise DeserializationError(f"Error deserializing object: {exc}") from exc
django.core.serializers.base.DeserializationError: Problem installing fixture '/home/alimt/Minibini/fixtures/unit_test_data.json': Error deserializing object: Contact has no field named 'name'

======================================================================
ERROR: setUpClass (tests.test_core_models_with_fixtures.GroupModelFixtureTest)
----------------------------------------------------------------------
Traceback (most recent call last):
  File "/home/alimt/Minibini/venv/lib/python3.12/site-packages/django/db/models/options.py", line 683, in get_field
    return self.fields_map[field_name]
           ~~~~~~~~~~~~~~~^^^^^^^^^^^^
KeyError: 'name'

During handling of the above exception, another exception occurred:

Traceback (most recent call last):
  File "/home/alimt/Minibini/venv/lib/python3.12/site-packages/django/core/serializers/json.py", line 78, in _handle_object
    yield from super()._handle_object(obj)
  File "/home/alimt/Minibini/venv/lib/python3.12/site-packages/django/core/serializers/python.py", line 160, in _handle_object
    field = Model._meta.get_field(field_name)
            ^^^^^^^^^^^^^^^^^^^^^^^^^^^^^^^^^
  File "/home/alimt/Minibini/venv/lib/python3.12/site-packages/django/db/models/options.py", line 685, in get_field
    raise FieldDoesNotExist(
django.core.exceptions.FieldDoesNotExist: Contact has no field named 'name'

The above exception was the direct cause of the following exception:

Traceback (most recent call last):
  File "/home/alimt/Minibini/venv/lib/python3.12/site-packages/django/core/management/__init__.py", line 194, in call_command
    return command.execute(*args, **defaults)
           ^^^^^^^^^^^^^^^^^^^^^^^^^^^^^^^^^^
  File "/home/alimt/Minibini/venv/lib/python3.12/site-packages/django/core/management/base.py", line 460, in execute
    output = self.handle(*args, **options)
             ^^^^^^^^^^^^^^^^^^^^^^^^^^^^^
  File "/home/alimt/Minibini/venv/lib/python3.12/site-packages/django/core/management/commands/loaddata.py", line 103, in handle
    self.loaddata(fixture_labels)
  File "/home/alimt/Minibini/venv/lib/python3.12/site-packages/django/core/management/commands/loaddata.py", line 164, in loaddata
    self.load_label(fixture_label)
  File "/home/alimt/Minibini/venv/lib/python3.12/site-packages/django/core/management/commands/loaddata.py", line 252, in load_label
    for obj in objects:
  File "/home/alimt/Minibini/venv/lib/python3.12/site-packages/django/core/serializers/python.py", line 123, in __iter__
    yield from self._handle_object(obj)
  File "/home/alimt/Minibini/venv/lib/python3.12/site-packages/django/core/serializers/json.py", line 82, in _handle_object
    raise DeserializationError(f"Error deserializing object: {exc}") from exc
django.core.serializers.base.DeserializationError: Problem installing fixture '/home/alimt/Minibini/fixtures/unit_test_data.json': Error deserializing object: Contact has no field named 'name'

======================================================================
ERROR: setUpClass (tests.test_core_models_with_fixtures.UserModelFixtureTest)
----------------------------------------------------------------------
Traceback (most recent call last):
  File "/home/alimt/Minibini/venv/lib/python3.12/site-packages/django/db/models/options.py", line 683, in get_field
    return self.fields_map[field_name]
           ~~~~~~~~~~~~~~~^^^^^^^^^^^^
KeyError: 'name'

During handling of the above exception, another exception occurred:

Traceback (most recent call last):
  File "/home/alimt/Minibini/venv/lib/python3.12/site-packages/django/core/serializers/json.py", line 78, in _handle_object
    yield from super()._handle_object(obj)
  File "/home/alimt/Minibini/venv/lib/python3.12/site-packages/django/core/serializers/python.py", line 160, in _handle_object
    field = Model._meta.get_field(field_name)
            ^^^^^^^^^^^^^^^^^^^^^^^^^^^^^^^^^
  File "/home/alimt/Minibini/venv/lib/python3.12/site-packages/django/db/models/options.py", line 685, in get_field
    raise FieldDoesNotExist(
django.core.exceptions.FieldDoesNotExist: Contact has no field named 'name'

The above exception was the direct cause of the following exception:

Traceback (most recent call last):
  File "/home/alimt/Minibini/venv/lib/python3.12/site-packages/django/core/management/__init__.py", line 194, in call_command
    return command.execute(*args, **defaults)
           ^^^^^^^^^^^^^^^^^^^^^^^^^^^^^^^^^^
  File "/home/alimt/Minibini/venv/lib/python3.12/site-packages/django/core/management/base.py", line 460, in execute
    output = self.handle(*args, **options)
             ^^^^^^^^^^^^^^^^^^^^^^^^^^^^^
  File "/home/alimt/Minibini/venv/lib/python3.12/site-packages/django/core/management/commands/loaddata.py", line 103, in handle
    self.loaddata(fixture_labels)
  File "/home/alimt/Minibini/venv/lib/python3.12/site-packages/django/core/management/commands/loaddata.py", line 164, in loaddata
    self.load_label(fixture_label)
  File "/home/alimt/Minibini/venv/lib/python3.12/site-packages/django/core/management/commands/loaddata.py", line 252, in load_label
    for obj in objects:
  File "/home/alimt/Minibini/venv/lib/python3.12/site-packages/django/core/serializers/python.py", line 123, in __iter__
    yield from self._handle_object(obj)
  File "/home/alimt/Minibini/venv/lib/python3.12/site-packages/django/core/serializers/json.py", line 82, in _handle_object
    raise DeserializationError(f"Error deserializing object: {exc}") from exc
django.core.serializers.base.DeserializationError: Problem installing fixture '/home/alimt/Minibini/fixtures/unit_test_data.json': Error deserializing object: Contact has no field named 'name'

======================================================================
ERROR: test_create_estworksheet_get (tests.test_crud_operations.EstWorksheetCRUDTests.test_create_estworksheet_get)
Test GET request to create EstWorksheet form.
----------------------------------------------------------------------
Traceback (most recent call last):
  File "/home/alimt/Minibini/tests/test_crud_operations.py", line 20, in setUp
    self.contact = Contact.objects.create(
                   ^^^^^^^^^^^^^^^^^^^^^^^
  File "/home/alimt/Minibini/venv/lib/python3.12/site-packages/django/db/models/manager.py", line 87, in manager_method
    return getattr(self.get_queryset(), name)(*args, **kwargs)
           ^^^^^^^^^^^^^^^^^^^^^^^^^^^^^^^^^^^^^^^^^^^^^^^^^^^
  File "/home/alimt/Minibini/venv/lib/python3.12/site-packages/django/db/models/query.py", line 661, in create
    obj = self.model(**kwargs)
          ^^^^^^^^^^^^^^^^^^^^
  File "/home/alimt/Minibini/venv/lib/python3.12/site-packages/django/db/models/base.py", line 558, in __init__
    _setattr(self, prop, value)
AttributeError: property 'name' of 'Contact' object has no setter

======================================================================
ERROR: test_create_estworksheet_post (tests.test_crud_operations.EstWorksheetCRUDTests.test_create_estworksheet_post)
Test POST request to create new EstWorksheet.
----------------------------------------------------------------------
Traceback (most recent call last):
  File "/home/alimt/Minibini/tests/test_crud_operations.py", line 20, in setUp
    self.contact = Contact.objects.create(
                   ^^^^^^^^^^^^^^^^^^^^^^^
  File "/home/alimt/Minibini/venv/lib/python3.12/site-packages/django/db/models/manager.py", line 87, in manager_method
    return getattr(self.get_queryset(), name)(*args, **kwargs)
           ^^^^^^^^^^^^^^^^^^^^^^^^^^^^^^^^^^^^^^^^^^^^^^^^^^^
  File "/home/alimt/Minibini/venv/lib/python3.12/site-packages/django/db/models/query.py", line 661, in create
    obj = self.model(**kwargs)
          ^^^^^^^^^^^^^^^^^^^^
  File "/home/alimt/Minibini/venv/lib/python3.12/site-packages/django/db/models/base.py", line 558, in __init__
    _setattr(self, prop, value)
AttributeError: property 'name' of 'Contact' object has no setter

======================================================================
ERROR: test_add_line_item_get (tests.test_crud_operations.EstimateCRUDTests.test_add_line_item_get)
Test GET request to add line item form.
----------------------------------------------------------------------
Traceback (most recent call last):
  File "/home/alimt/Minibini/tests/test_crud_operations.py", line 191, in setUp
    self.contact = Contact.objects.create(
                   ^^^^^^^^^^^^^^^^^^^^^^^
  File "/home/alimt/Minibini/venv/lib/python3.12/site-packages/django/db/models/manager.py", line 87, in manager_method
    return getattr(self.get_queryset(), name)(*args, **kwargs)
           ^^^^^^^^^^^^^^^^^^^^^^^^^^^^^^^^^^^^^^^^^^^^^^^^^^^
  File "/home/alimt/Minibini/venv/lib/python3.12/site-packages/django/db/models/query.py", line 661, in create
    obj = self.model(**kwargs)
          ^^^^^^^^^^^^^^^^^^^^
  File "/home/alimt/Minibini/venv/lib/python3.12/site-packages/django/db/models/base.py", line 558, in __init__
    _setattr(self, prop, value)
AttributeError: property 'name' of 'Contact' object has no setter

======================================================================
ERROR: test_add_line_item_post (tests.test_crud_operations.EstimateCRUDTests.test_add_line_item_post)
Test POST request to add line item.
----------------------------------------------------------------------
Traceback (most recent call last):
  File "/home/alimt/Minibini/tests/test_crud_operations.py", line 191, in setUp
    self.contact = Contact.objects.create(
                   ^^^^^^^^^^^^^^^^^^^^^^^
  File "/home/alimt/Minibini/venv/lib/python3.12/site-packages/django/db/models/manager.py", line 87, in manager_method
    return getattr(self.get_queryset(), name)(*args, **kwargs)
           ^^^^^^^^^^^^^^^^^^^^^^^^^^^^^^^^^^^^^^^^^^^^^^^^^^^
  File "/home/alimt/Minibini/venv/lib/python3.12/site-packages/django/db/models/query.py", line 661, in create
    obj = self.model(**kwargs)
          ^^^^^^^^^^^^^^^^^^^^
  File "/home/alimt/Minibini/venv/lib/python3.12/site-packages/django/db/models/base.py", line 558, in __init__
    _setattr(self, prop, value)
AttributeError: property 'name' of 'Contact' object has no setter

======================================================================
ERROR: test_update_status_get (tests.test_crud_operations.EstimateCRUDTests.test_update_status_get)
Test GET request to update status form.
----------------------------------------------------------------------
Traceback (most recent call last):
  File "/home/alimt/Minibini/tests/test_crud_operations.py", line 191, in setUp
    self.contact = Contact.objects.create(
                   ^^^^^^^^^^^^^^^^^^^^^^^
  File "/home/alimt/Minibini/venv/lib/python3.12/site-packages/django/db/models/manager.py", line 87, in manager_method
    return getattr(self.get_queryset(), name)(*args, **kwargs)
           ^^^^^^^^^^^^^^^^^^^^^^^^^^^^^^^^^^^^^^^^^^^^^^^^^^^
  File "/home/alimt/Minibini/venv/lib/python3.12/site-packages/django/db/models/query.py", line 661, in create
    obj = self.model(**kwargs)
          ^^^^^^^^^^^^^^^^^^^^
  File "/home/alimt/Minibini/venv/lib/python3.12/site-packages/django/db/models/base.py", line 558, in __init__
    _setattr(self, prop, value)
AttributeError: property 'name' of 'Contact' object has no setter

======================================================================
ERROR: test_update_status_invalid_transition (tests.test_crud_operations.EstimateCRUDTests.test_update_status_invalid_transition)
Test that invalid status transitions are handled.
----------------------------------------------------------------------
Traceback (most recent call last):
  File "/home/alimt/Minibini/tests/test_crud_operations.py", line 191, in setUp
    self.contact = Contact.objects.create(
                   ^^^^^^^^^^^^^^^^^^^^^^^
  File "/home/alimt/Minibini/venv/lib/python3.12/site-packages/django/db/models/manager.py", line 87, in manager_method
    return getattr(self.get_queryset(), name)(*args, **kwargs)
           ^^^^^^^^^^^^^^^^^^^^^^^^^^^^^^^^^^^^^^^^^^^^^^^^^^^
  File "/home/alimt/Minibini/venv/lib/python3.12/site-packages/django/db/models/query.py", line 661, in create
    obj = self.model(**kwargs)
          ^^^^^^^^^^^^^^^^^^^^
  File "/home/alimt/Minibini/venv/lib/python3.12/site-packages/django/db/models/base.py", line 558, in __init__
    _setattr(self, prop, value)
AttributeError: property 'name' of 'Contact' object has no setter

======================================================================
ERROR: test_update_status_post (tests.test_crud_operations.EstimateCRUDTests.test_update_status_post)
Test POST request to update status.
----------------------------------------------------------------------
Traceback (most recent call last):
  File "/home/alimt/Minibini/tests/test_crud_operations.py", line 191, in setUp
    self.contact = Contact.objects.create(
                   ^^^^^^^^^^^^^^^^^^^^^^^
  File "/home/alimt/Minibini/venv/lib/python3.12/site-packages/django/db/models/manager.py", line 87, in manager_method
    return getattr(self.get_queryset(), name)(*args, **kwargs)
           ^^^^^^^^^^^^^^^^^^^^^^^^^^^^^^^^^^^^^^^^^^^^^^^^^^^
  File "/home/alimt/Minibini/venv/lib/python3.12/site-packages/django/db/models/query.py", line 661, in create
    obj = self.model(**kwargs)
          ^^^^^^^^^^^^^^^^^^^^
  File "/home/alimt/Minibini/venv/lib/python3.12/site-packages/django/db/models/base.py", line 558, in __init__
    _setattr(self, prop, value)
AttributeError: property 'name' of 'Contact' object has no setter

======================================================================
ERROR: test_estimate_shows_child_links (tests.test_crud_operations.NavigationLinksTests.test_estimate_shows_child_links)
Test that parent estimate shows links to children.
----------------------------------------------------------------------
Traceback (most recent call last):
  File "/home/alimt/Minibini/tests/test_crud_operations.py", line 290, in setUp
    self.contact = Contact.objects.create(
                   ^^^^^^^^^^^^^^^^^^^^^^^
  File "/home/alimt/Minibini/venv/lib/python3.12/site-packages/django/db/models/manager.py", line 87, in manager_method
    return getattr(self.get_queryset(), name)(*args, **kwargs)
           ^^^^^^^^^^^^^^^^^^^^^^^^^^^^^^^^^^^^^^^^^^^^^^^^^^^
  File "/home/alimt/Minibini/venv/lib/python3.12/site-packages/django/db/models/query.py", line 661, in create
    obj = self.model(**kwargs)
          ^^^^^^^^^^^^^^^^^^^^
  File "/home/alimt/Minibini/venv/lib/python3.12/site-packages/django/db/models/base.py", line 558, in __init__
    _setattr(self, prop, value)
AttributeError: property 'name' of 'Contact' object has no setter

======================================================================
ERROR: test_estimate_shows_parent_link (tests.test_crud_operations.NavigationLinksTests.test_estimate_shows_parent_link)
Test that child estimate shows link to parent.
----------------------------------------------------------------------
Traceback (most recent call last):
  File "/home/alimt/Minibini/tests/test_crud_operations.py", line 290, in setUp
    self.contact = Contact.objects.create(
                   ^^^^^^^^^^^^^^^^^^^^^^^
  File "/home/alimt/Minibini/venv/lib/python3.12/site-packages/django/db/models/manager.py", line 87, in manager_method
    return getattr(self.get_queryset(), name)(*args, **kwargs)
           ^^^^^^^^^^^^^^^^^^^^^^^^^^^^^^^^^^^^^^^^^^^^^^^^^^^
  File "/home/alimt/Minibini/venv/lib/python3.12/site-packages/django/db/models/query.py", line 661, in create
    obj = self.model(**kwargs)
          ^^^^^^^^^^^^^^^^^^^^
  File "/home/alimt/Minibini/venv/lib/python3.12/site-packages/django/db/models/base.py", line 558, in __init__
    _setattr(self, prop, value)
AttributeError: property 'name' of 'Contact' object has no setter

======================================================================
ERROR: test_worksheet_shows_child_links (tests.test_crud_operations.NavigationLinksTests.test_worksheet_shows_child_links)
Test that parent worksheet shows links to children.
----------------------------------------------------------------------
Traceback (most recent call last):
  File "/home/alimt/Minibini/tests/test_crud_operations.py", line 290, in setUp
    self.contact = Contact.objects.create(
                   ^^^^^^^^^^^^^^^^^^^^^^^
  File "/home/alimt/Minibini/venv/lib/python3.12/site-packages/django/db/models/manager.py", line 87, in manager_method
    return getattr(self.get_queryset(), name)(*args, **kwargs)
           ^^^^^^^^^^^^^^^^^^^^^^^^^^^^^^^^^^^^^^^^^^^^^^^^^^^
  File "/home/alimt/Minibini/venv/lib/python3.12/site-packages/django/db/models/query.py", line 661, in create
    obj = self.model(**kwargs)
          ^^^^^^^^^^^^^^^^^^^^
  File "/home/alimt/Minibini/venv/lib/python3.12/site-packages/django/db/models/base.py", line 558, in __init__
    _setattr(self, prop, value)
AttributeError: property 'name' of 'Contact' object has no setter

======================================================================
ERROR: test_worksheet_shows_parent_link (tests.test_crud_operations.NavigationLinksTests.test_worksheet_shows_parent_link)
Test that child worksheet shows link to parent.
----------------------------------------------------------------------
Traceback (most recent call last):
  File "/home/alimt/Minibini/tests/test_crud_operations.py", line 290, in setUp
    self.contact = Contact.objects.create(
                   ^^^^^^^^^^^^^^^^^^^^^^^
  File "/home/alimt/Minibini/venv/lib/python3.12/site-packages/django/db/models/manager.py", line 87, in manager_method
    return getattr(self.get_queryset(), name)(*args, **kwargs)
           ^^^^^^^^^^^^^^^^^^^^^^^^^^^^^^^^^^^^^^^^^^^^^^^^^^^
  File "/home/alimt/Minibini/venv/lib/python3.12/site-packages/django/db/models/query.py", line 661, in create
    obj = self.model(**kwargs)
          ^^^^^^^^^^^^^^^^^^^^
  File "/home/alimt/Minibini/venv/lib/python3.12/site-packages/django/db/models/base.py", line 558, in __init__
    _setattr(self, prop, value)
AttributeError: property 'name' of 'Contact' object has no setter

======================================================================
ERROR: test_non_superseded_has_no_styling (tests.test_crud_operations.SupersededStylingTests.test_non_superseded_has_no_styling)
Test that non-superseded items don't have styling.
----------------------------------------------------------------------
Traceback (most recent call last):
  File "/home/alimt/Minibini/tests/test_crud_operations.py", line 383, in setUp
    self.contact = Contact.objects.create(
                   ^^^^^^^^^^^^^^^^^^^^^^^
  File "/home/alimt/Minibini/venv/lib/python3.12/site-packages/django/db/models/manager.py", line 87, in manager_method
    return getattr(self.get_queryset(), name)(*args, **kwargs)
           ^^^^^^^^^^^^^^^^^^^^^^^^^^^^^^^^^^^^^^^^^^^^^^^^^^^
  File "/home/alimt/Minibini/venv/lib/python3.12/site-packages/django/db/models/query.py", line 661, in create
    obj = self.model(**kwargs)
          ^^^^^^^^^^^^^^^^^^^^
  File "/home/alimt/Minibini/venv/lib/python3.12/site-packages/django/db/models/base.py", line 558, in __init__
    _setattr(self, prop, value)
AttributeError: property 'name' of 'Contact' object has no setter

======================================================================
ERROR: test_superseded_estimate_has_styling (tests.test_crud_operations.SupersededStylingTests.test_superseded_estimate_has_styling)
Test that superseded estimate has greyed out styling.
----------------------------------------------------------------------
Traceback (most recent call last):
  File "/home/alimt/Minibini/tests/test_crud_operations.py", line 383, in setUp
    self.contact = Contact.objects.create(
                   ^^^^^^^^^^^^^^^^^^^^^^^
  File "/home/alimt/Minibini/venv/lib/python3.12/site-packages/django/db/models/manager.py", line 87, in manager_method
    return getattr(self.get_queryset(), name)(*args, **kwargs)
           ^^^^^^^^^^^^^^^^^^^^^^^^^^^^^^^^^^^^^^^^^^^^^^^^^^^
  File "/home/alimt/Minibini/venv/lib/python3.12/site-packages/django/db/models/query.py", line 661, in create
    obj = self.model(**kwargs)
          ^^^^^^^^^^^^^^^^^^^^
  File "/home/alimt/Minibini/venv/lib/python3.12/site-packages/django/db/models/base.py", line 558, in __init__
    _setattr(self, prop, value)
AttributeError: property 'name' of 'Contact' object has no setter

======================================================================
ERROR: test_superseded_worksheet_has_styling (tests.test_crud_operations.SupersededStylingTests.test_superseded_worksheet_has_styling)
Test that superseded worksheet has greyed out styling.
----------------------------------------------------------------------
Traceback (most recent call last):
  File "/home/alimt/Minibini/tests/test_crud_operations.py", line 383, in setUp
    self.contact = Contact.objects.create(
                   ^^^^^^^^^^^^^^^^^^^^^^^
  File "/home/alimt/Minibini/venv/lib/python3.12/site-packages/django/db/models/manager.py", line 87, in manager_method
    return getattr(self.get_queryset(), name)(*args, **kwargs)
           ^^^^^^^^^^^^^^^^^^^^^^^^^^^^^^^^^^^^^^^^^^^^^^^^^^^
  File "/home/alimt/Minibini/venv/lib/python3.12/site-packages/django/db/models/query.py", line 661, in create
    obj = self.model(**kwargs)
          ^^^^^^^^^^^^^^^^^^^^
  File "/home/alimt/Minibini/venv/lib/python3.12/site-packages/django/db/models/base.py", line 558, in __init__
    _setattr(self, prop, value)
AttributeError: property 'name' of 'Contact' object has no setter

======================================================================
ERROR: test_add_task_from_template_get (tests.test_crud_operations.TaskCRUDTests.test_add_task_from_template_get)
Test GET request to add task from template form.
----------------------------------------------------------------------
Traceback (most recent call last):
  File "/home/alimt/Minibini/tests/test_crud_operations.py", line 89, in setUp
    self.contact = Contact.objects.create(
                   ^^^^^^^^^^^^^^^^^^^^^^^
  File "/home/alimt/Minibini/venv/lib/python3.12/site-packages/django/db/models/manager.py", line 87, in manager_method
    return getattr(self.get_queryset(), name)(*args, **kwargs)
           ^^^^^^^^^^^^^^^^^^^^^^^^^^^^^^^^^^^^^^^^^^^^^^^^^^^
  File "/home/alimt/Minibini/venv/lib/python3.12/site-packages/django/db/models/query.py", line 661, in create
    obj = self.model(**kwargs)
          ^^^^^^^^^^^^^^^^^^^^
  File "/home/alimt/Minibini/venv/lib/python3.12/site-packages/django/db/models/base.py", line 558, in __init__
    _setattr(self, prop, value)
AttributeError: property 'name' of 'Contact' object has no setter

======================================================================
ERROR: test_add_task_from_template_post (tests.test_crud_operations.TaskCRUDTests.test_add_task_from_template_post)
Test POST request to add task from template.
----------------------------------------------------------------------
Traceback (most recent call last):
  File "/home/alimt/Minibini/tests/test_crud_operations.py", line 89, in setUp
    self.contact = Contact.objects.create(
                   ^^^^^^^^^^^^^^^^^^^^^^^
  File "/home/alimt/Minibini/venv/lib/python3.12/site-packages/django/db/models/manager.py", line 87, in manager_method
    return getattr(self.get_queryset(), name)(*args, **kwargs)
           ^^^^^^^^^^^^^^^^^^^^^^^^^^^^^^^^^^^^^^^^^^^^^^^^^^^
  File "/home/alimt/Minibini/venv/lib/python3.12/site-packages/django/db/models/query.py", line 661, in create
    obj = self.model(**kwargs)
          ^^^^^^^^^^^^^^^^^^^^
  File "/home/alimt/Minibini/venv/lib/python3.12/site-packages/django/db/models/base.py", line 558, in __init__
    _setattr(self, prop, value)
AttributeError: property 'name' of 'Contact' object has no setter

======================================================================
ERROR: test_add_task_manual_get (tests.test_crud_operations.TaskCRUDTests.test_add_task_manual_get)
Test GET request to add task manually form.
----------------------------------------------------------------------
Traceback (most recent call last):
  File "/home/alimt/Minibini/tests/test_crud_operations.py", line 89, in setUp
    self.contact = Contact.objects.create(
                   ^^^^^^^^^^^^^^^^^^^^^^^
  File "/home/alimt/Minibini/venv/lib/python3.12/site-packages/django/db/models/manager.py", line 87, in manager_method
    return getattr(self.get_queryset(), name)(*args, **kwargs)
           ^^^^^^^^^^^^^^^^^^^^^^^^^^^^^^^^^^^^^^^^^^^^^^^^^^^
  File "/home/alimt/Minibini/venv/lib/python3.12/site-packages/django/db/models/query.py", line 661, in create
    obj = self.model(**kwargs)
          ^^^^^^^^^^^^^^^^^^^^
  File "/home/alimt/Minibini/venv/lib/python3.12/site-packages/django/db/models/base.py", line 558, in __init__
    _setattr(self, prop, value)
AttributeError: property 'name' of 'Contact' object has no setter

======================================================================
ERROR: test_add_task_manual_post (tests.test_crud_operations.TaskCRUDTests.test_add_task_manual_post)
Test POST request to add task manually.
----------------------------------------------------------------------
Traceback (most recent call last):
  File "/home/alimt/Minibini/tests/test_crud_operations.py", line 89, in setUp
    self.contact = Contact.objects.create(
                   ^^^^^^^^^^^^^^^^^^^^^^^
  File "/home/alimt/Minibini/venv/lib/python3.12/site-packages/django/db/models/manager.py", line 87, in manager_method
    return getattr(self.get_queryset(), name)(*args, **kwargs)
           ^^^^^^^^^^^^^^^^^^^^^^^^^^^^^^^^^^^^^^^^^^^^^^^^^^^
  File "/home/alimt/Minibini/venv/lib/python3.12/site-packages/django/db/models/query.py", line 661, in create
    obj = self.model(**kwargs)
          ^^^^^^^^^^^^^^^^^^^^
  File "/home/alimt/Minibini/venv/lib/python3.12/site-packages/django/db/models/base.py", line 558, in __init__
    _setattr(self, prop, value)
AttributeError: property 'name' of 'Contact' object has no setter

======================================================================
ERROR: test_delete_action_redirects_to_business_list (tests.test_delete_business_functionality.BusinessDeletionDeleteActionTest.test_delete_action_redirects_to_business_list)
Delete action should redirect to business list after deletion
----------------------------------------------------------------------
Traceback (most recent call last):
  File "/home/alimt/Minibini/tests/test_delete_business_functionality.py", line 320, in test_delete_action_redirects_to_business_list
    response = self.client.post(url, {'contact_action': 'delete'})
               ^^^^^^^^^^^^^^^^^^^^^^^^^^^^^^^^^^^^^^^^^^^^^^^^^^^
  File "/home/alimt/Minibini/venv/lib/python3.12/site-packages/django/test/client.py", line 1153, in post
    response = super().post(
               ^^^^^^^^^^^^^
  File "/home/alimt/Minibini/venv/lib/python3.12/site-packages/django/test/client.py", line 499, in post
    return self.generic(
           ^^^^^^^^^^^^^
  File "/home/alimt/Minibini/venv/lib/python3.12/site-packages/django/test/client.py", line 671, in generic
    return self.request(**r)
           ^^^^^^^^^^^^^^^^^
  File "/home/alimt/Minibini/venv/lib/python3.12/site-packages/django/test/client.py", line 1087, in request
    self.check_exception(response)
  File "/home/alimt/Minibini/venv/lib/python3.12/site-packages/django/test/client.py", line 802, in check_exception
    raise exc_value
  File "/home/alimt/Minibini/venv/lib/python3.12/site-packages/django/core/handlers/exception.py", line 55, in inner
    response = get_response(request)
               ^^^^^^^^^^^^^^^^^^^^^
  File "/home/alimt/Minibini/venv/lib/python3.12/site-packages/django/core/handlers/base.py", line 197, in _get_response
    response = wrapped_callback(request, *callback_args, **callback_kwargs)
               ^^^^^^^^^^^^^^^^^^^^^^^^^^^^^^^^^^^^^^^^^^^^^^^^^^^^^^^^^^^^
  File "/home/alimt/Minibini/apps/contacts/views.py", line 647, in delete_business
    contacts.delete()
  File "/home/alimt/Minibini/venv/lib/python3.12/site-packages/django/db/models/query.py", line 1198, in delete
    collector.collect(del_query)
  File "/home/alimt/Minibini/venv/lib/python3.12/site-packages/django/db/models/deletion.py", line 350, in collect
    raise ProtectedError(
django.db.models.deletion.ProtectedError: ("Cannot delete some instances of model 'Contact' because they are referenced through protected foreign keys: 'Business.default_contact'.", {<Business: Test Business>})

======================================================================
ERROR: test_delete_action_removes_business_and_all_contacts (tests.test_delete_business_functionality.BusinessDeletionDeleteActionTest.test_delete_action_removes_business_and_all_contacts)
Delete action should remove both business and all associated contacts
----------------------------------------------------------------------
Traceback (most recent call last):
  File "/home/alimt/Minibini/tests/test_delete_business_functionality.py", line 298, in test_delete_action_removes_business_and_all_contacts
    response = self.client.post(url, {'contact_action': 'delete'}, follow=True)
               ^^^^^^^^^^^^^^^^^^^^^^^^^^^^^^^^^^^^^^^^^^^^^^^^^^^^^^^^^^^^^^^^
  File "/home/alimt/Minibini/venv/lib/python3.12/site-packages/django/test/client.py", line 1153, in post
    response = super().post(
               ^^^^^^^^^^^^^
  File "/home/alimt/Minibini/venv/lib/python3.12/site-packages/django/test/client.py", line 499, in post
    return self.generic(
           ^^^^^^^^^^^^^
  File "/home/alimt/Minibini/venv/lib/python3.12/site-packages/django/test/client.py", line 671, in generic
    return self.request(**r)
           ^^^^^^^^^^^^^^^^^
  File "/home/alimt/Minibini/venv/lib/python3.12/site-packages/django/test/client.py", line 1087, in request
    self.check_exception(response)
  File "/home/alimt/Minibini/venv/lib/python3.12/site-packages/django/test/client.py", line 802, in check_exception
    raise exc_value
  File "/home/alimt/Minibini/venv/lib/python3.12/site-packages/django/core/handlers/exception.py", line 55, in inner
    response = get_response(request)
               ^^^^^^^^^^^^^^^^^^^^^
  File "/home/alimt/Minibini/venv/lib/python3.12/site-packages/django/core/handlers/base.py", line 197, in _get_response
    response = wrapped_callback(request, *callback_args, **callback_kwargs)
               ^^^^^^^^^^^^^^^^^^^^^^^^^^^^^^^^^^^^^^^^^^^^^^^^^^^^^^^^^^^^
  File "/home/alimt/Minibini/apps/contacts/views.py", line 647, in delete_business
    contacts.delete()
  File "/home/alimt/Minibini/venv/lib/python3.12/site-packages/django/db/models/query.py", line 1198, in delete
    collector.collect(del_query)
  File "/home/alimt/Minibini/venv/lib/python3.12/site-packages/django/db/models/deletion.py", line 350, in collect
    raise ProtectedError(
django.db.models.deletion.ProtectedError: ("Cannot delete some instances of model 'Contact' because they are referenced through protected foreign keys: 'Business.default_contact'.", {<Business: Test Business>})

======================================================================
ERROR: test_delete_action_success_message (tests.test_delete_business_functionality.BusinessDeletionDeleteActionTest.test_delete_action_success_message)
Delete action should show appropriate success message
----------------------------------------------------------------------
Traceback (most recent call last):
  File "/home/alimt/Minibini/tests/test_delete_business_functionality.py", line 310, in test_delete_action_success_message
    response = self.client.post(url, {'contact_action': 'delete'}, follow=True)
               ^^^^^^^^^^^^^^^^^^^^^^^^^^^^^^^^^^^^^^^^^^^^^^^^^^^^^^^^^^^^^^^^
  File "/home/alimt/Minibini/venv/lib/python3.12/site-packages/django/test/client.py", line 1153, in post
    response = super().post(
               ^^^^^^^^^^^^^
  File "/home/alimt/Minibini/venv/lib/python3.12/site-packages/django/test/client.py", line 499, in post
    return self.generic(
           ^^^^^^^^^^^^^
  File "/home/alimt/Minibini/venv/lib/python3.12/site-packages/django/test/client.py", line 671, in generic
    return self.request(**r)
           ^^^^^^^^^^^^^^^^^
  File "/home/alimt/Minibini/venv/lib/python3.12/site-packages/django/test/client.py", line 1087, in request
    self.check_exception(response)
  File "/home/alimt/Minibini/venv/lib/python3.12/site-packages/django/test/client.py", line 802, in check_exception
    raise exc_value
  File "/home/alimt/Minibini/venv/lib/python3.12/site-packages/django/core/handlers/exception.py", line 55, in inner
    response = get_response(request)
               ^^^^^^^^^^^^^^^^^^^^^
  File "/home/alimt/Minibini/venv/lib/python3.12/site-packages/django/core/handlers/base.py", line 197, in _get_response
    response = wrapped_callback(request, *callback_args, **callback_kwargs)
               ^^^^^^^^^^^^^^^^^^^^^^^^^^^^^^^^^^^^^^^^^^^^^^^^^^^^^^^^^^^^
  File "/home/alimt/Minibini/apps/contacts/views.py", line 647, in delete_business
    contacts.delete()
  File "/home/alimt/Minibini/venv/lib/python3.12/site-packages/django/db/models/query.py", line 1198, in delete
    collector.collect(del_query)
  File "/home/alimt/Minibini/venv/lib/python3.12/site-packages/django/db/models/deletion.py", line 350, in collect
    raise ProtectedError(
django.db.models.deletion.ProtectedError: ("Cannot delete some instances of model 'Contact' because they are referenced through protected foreign keys: 'Business.default_contact'.", {<Business: Test Business>})

======================================================================
ERROR: test_cannot_delete_business_when_contact_has_bill (tests.test_delete_business_functionality.BusinessDeletionValidationTest.test_cannot_delete_business_when_contact_has_bill)
Cannot delete business if any contact has associated Bills
----------------------------------------------------------------------
Traceback (most recent call last):
  File "/home/alimt/Minibini/tests/test_delete_business_functionality.py", line 52, in test_cannot_delete_business_when_contact_has_bill
    po = PurchaseOrder.objects.create(
         ^^^^^^^^^^^^^^^^^^^^^^^^^^^^^
  File "/home/alimt/Minibini/venv/lib/python3.12/site-packages/django/db/models/manager.py", line 87, in manager_method
    return getattr(self.get_queryset(), name)(*args, **kwargs)
           ^^^^^^^^^^^^^^^^^^^^^^^^^^^^^^^^^^^^^^^^^^^^^^^^^^^
  File "/home/alimt/Minibini/venv/lib/python3.12/site-packages/django/db/models/query.py", line 663, in create
    obj.save(force_insert=True, using=self.db)
  File "/home/alimt/Minibini/apps/purchasing/models.py", line 142, in save
    self.full_clean()
  File "/home/alimt/Minibini/venv/lib/python3.12/site-packages/django/db/models/base.py", line 1679, in full_clean
    raise ValidationError(errors)
django.core.exceptions.ValidationError: {'business': ['This field cannot be null.']}

======================================================================
ERROR: test_cannot_delete_business_with_multiple_contact_associations (tests.test_delete_business_functionality.BusinessDeletionValidationTest.test_cannot_delete_business_with_multiple_contact_associations)
Cannot delete business when multiple contacts have associations
----------------------------------------------------------------------
Traceback (most recent call last):
  File "/home/alimt/Minibini/tests/test_delete_business_functionality.py", line 89, in test_cannot_delete_business_with_multiple_contact_associations
    po = PurchaseOrder.objects.create(
         ^^^^^^^^^^^^^^^^^^^^^^^^^^^^^
  File "/home/alimt/Minibini/venv/lib/python3.12/site-packages/django/db/models/manager.py", line 87, in manager_method
    return getattr(self.get_queryset(), name)(*args, **kwargs)
           ^^^^^^^^^^^^^^^^^^^^^^^^^^^^^^^^^^^^^^^^^^^^^^^^^^^
  File "/home/alimt/Minibini/venv/lib/python3.12/site-packages/django/db/models/query.py", line 663, in create
    obj.save(force_insert=True, using=self.db)
  File "/home/alimt/Minibini/apps/purchasing/models.py", line 142, in save
    self.full_clean()
  File "/home/alimt/Minibini/venv/lib/python3.12/site-packages/django/db/models/base.py", line 1679, in full_clean
    raise ValidationError(errors)
django.core.exceptions.ValidationError: {'business': ['This field cannot be null.']}

======================================================================
ERROR: test_cannot_delete_contact_with_bill (tests.test_delete_contact_functionality.ContactDeletionValidationTest.test_cannot_delete_contact_with_bill)
Contact associated with a Bill cannot be deleted
----------------------------------------------------------------------
Traceback (most recent call last):
  File "/home/alimt/Minibini/tests/test_delete_contact_functionality.py", line 66, in test_cannot_delete_contact_with_bill
    po = PurchaseOrder.objects.create(po_number='PO-001')
         ^^^^^^^^^^^^^^^^^^^^^^^^^^^^^^^^^^^^^^^^^^^^^^^^
  File "/home/alimt/Minibini/venv/lib/python3.12/site-packages/django/db/models/manager.py", line 87, in manager_method
    return getattr(self.get_queryset(), name)(*args, **kwargs)
           ^^^^^^^^^^^^^^^^^^^^^^^^^^^^^^^^^^^^^^^^^^^^^^^^^^^
  File "/home/alimt/Minibini/venv/lib/python3.12/site-packages/django/db/models/query.py", line 663, in create
    obj.save(force_insert=True, using=self.db)
  File "/home/alimt/Minibini/apps/purchasing/models.py", line 142, in save
    self.full_clean()
  File "/home/alimt/Minibini/venv/lib/python3.12/site-packages/django/db/models/base.py", line 1679, in full_clean
    raise ValidationError(errors)
django.core.exceptions.ValidationError: {'business': ['This field cannot be null.']}

======================================================================
ERROR: test_cannot_delete_contact_with_multiple_associations (tests.test_delete_contact_functionality.ContactDeletionValidationTest.test_cannot_delete_contact_with_multiple_associations)
Contact with multiple associations should show all in error message
----------------------------------------------------------------------
Traceback (most recent call last):
  File "/home/alimt/Minibini/tests/test_delete_contact_functionality.py", line 94, in test_cannot_delete_contact_with_multiple_associations
    po = PurchaseOrder.objects.create(po_number='PO-001')
         ^^^^^^^^^^^^^^^^^^^^^^^^^^^^^^^^^^^^^^^^^^^^^^^^
  File "/home/alimt/Minibini/venv/lib/python3.12/site-packages/django/db/models/manager.py", line 87, in manager_method
    return getattr(self.get_queryset(), name)(*args, **kwargs)
           ^^^^^^^^^^^^^^^^^^^^^^^^^^^^^^^^^^^^^^^^^^^^^^^^^^^
  File "/home/alimt/Minibini/venv/lib/python3.12/site-packages/django/db/models/query.py", line 663, in create
    obj.save(force_insert=True, using=self.db)
  File "/home/alimt/Minibini/apps/purchasing/models.py", line 142, in save
    self.full_clean()
  File "/home/alimt/Minibini/venv/lib/python3.12/site-packages/django/db/models/base.py", line 1679, in full_clean
    raise ValidationError(errors)
django.core.exceptions.ValidationError: {'business': ['This field cannot be null.']}

======================================================================
ERROR: test_estimate_create_for_job_get (tests.test_estimate_creation_from_job.EstimateCreationFromJobTests.test_estimate_create_for_job_get)
Test GET request creates estimate directly and redirects.
----------------------------------------------------------------------
Traceback (most recent call last):
  File "/home/alimt/Minibini/tests/test_estimate_creation_from_job.py", line 28, in setUp
    self.contact = Contact.objects.create(
                   ^^^^^^^^^^^^^^^^^^^^^^^
  File "/home/alimt/Minibini/venv/lib/python3.12/site-packages/django/db/models/manager.py", line 87, in manager_method
    return getattr(self.get_queryset(), name)(*args, **kwargs)
           ^^^^^^^^^^^^^^^^^^^^^^^^^^^^^^^^^^^^^^^^^^^^^^^^^^^
  File "/home/alimt/Minibini/venv/lib/python3.12/site-packages/django/db/models/query.py", line 661, in create
    obj = self.model(**kwargs)
          ^^^^^^^^^^^^^^^^^^^^
  File "/home/alimt/Minibini/venv/lib/python3.12/site-packages/django/db/models/base.py", line 558, in __init__
    _setattr(self, prop, value)
AttributeError: property 'name' of 'Contact' object has no setter

======================================================================
ERROR: test_estimate_create_for_job_post (tests.test_estimate_creation_from_job.EstimateCreationFromJobTests.test_estimate_create_for_job_post)
Test POST request creates estimate directly (same as GET).
----------------------------------------------------------------------
Traceback (most recent call last):
  File "/home/alimt/Minibini/tests/test_estimate_creation_from_job.py", line 28, in setUp
    self.contact = Contact.objects.create(
                   ^^^^^^^^^^^^^^^^^^^^^^^
  File "/home/alimt/Minibini/venv/lib/python3.12/site-packages/django/db/models/manager.py", line 87, in manager_method
    return getattr(self.get_queryset(), name)(*args, **kwargs)
           ^^^^^^^^^^^^^^^^^^^^^^^^^^^^^^^^^^^^^^^^^^^^^^^^^^^
  File "/home/alimt/Minibini/venv/lib/python3.12/site-packages/django/db/models/query.py", line 661, in create
    obj = self.model(**kwargs)
          ^^^^^^^^^^^^^^^^^^^^
  File "/home/alimt/Minibini/venv/lib/python3.12/site-packages/django/db/models/base.py", line 558, in __init__
    _setattr(self, prop, value)
AttributeError: property 'name' of 'Contact' object has no setter

======================================================================
ERROR: test_estimate_number_auto_generated (tests.test_estimate_creation_from_job.EstimateCreationFromJobTests.test_estimate_number_auto_generated)
Test that estimate number is auto-generated (not user-provided).
----------------------------------------------------------------------
Traceback (most recent call last):
  File "/home/alimt/Minibini/tests/test_estimate_creation_from_job.py", line 28, in setUp
    self.contact = Contact.objects.create(
                   ^^^^^^^^^^^^^^^^^^^^^^^
  File "/home/alimt/Minibini/venv/lib/python3.12/site-packages/django/db/models/manager.py", line 87, in manager_method
    return getattr(self.get_queryset(), name)(*args, **kwargs)
           ^^^^^^^^^^^^^^^^^^^^^^^^^^^^^^^^^^^^^^^^^^^^^^^^^^^
  File "/home/alimt/Minibini/venv/lib/python3.12/site-packages/django/db/models/query.py", line 661, in create
    obj = self.model(**kwargs)
          ^^^^^^^^^^^^^^^^^^^^
  File "/home/alimt/Minibini/venv/lib/python3.12/site-packages/django/db/models/base.py", line 558, in __init__
    _setattr(self, prop, value)
AttributeError: property 'name' of 'Contact' object has no setter

======================================================================
ERROR: test_estimate_versioning (tests.test_estimate_creation_from_job.EstimateCreationFromJobTests.test_estimate_versioning)
Test that versioning works when revising an estimate.
----------------------------------------------------------------------
Traceback (most recent call last):
  File "/home/alimt/Minibini/tests/test_estimate_creation_from_job.py", line 28, in setUp
    self.contact = Contact.objects.create(
                   ^^^^^^^^^^^^^^^^^^^^^^^
  File "/home/alimt/Minibini/venv/lib/python3.12/site-packages/django/db/models/manager.py", line 87, in manager_method
    return getattr(self.get_queryset(), name)(*args, **kwargs)
           ^^^^^^^^^^^^^^^^^^^^^^^^^^^^^^^^^^^^^^^^^^^^^^^^^^^
  File "/home/alimt/Minibini/venv/lib/python3.12/site-packages/django/db/models/query.py", line 661, in create
    obj = self.model(**kwargs)
          ^^^^^^^^^^^^^^^^^^^^
  File "/home/alimt/Minibini/venv/lib/python3.12/site-packages/django/db/models/base.py", line 558, in __init__
    _setattr(self, prop, value)
AttributeError: property 'name' of 'Contact' object has no setter

======================================================================
ERROR: test_comprehensive_estimate_generation_demo (tests.test_estimate_generation_demo.EstimateGenerationDemoTestCase.test_comprehensive_estimate_generation_demo)
Test comprehensive scenario with all mapping types
----------------------------------------------------------------------
Traceback (most recent call last):
  File "/home/alimt/Minibini/tests/test_estimate_generation_demo.py", line 36, in test_comprehensive_estimate_generation_demo
    contact = Contact.objects.create(name='Demo Customer')
              ^^^^^^^^^^^^^^^^^^^^^^^^^^^^^^^^^^^^^^^^^^^^
  File "/home/alimt/Minibini/venv/lib/python3.12/site-packages/django/db/models/manager.py", line 87, in manager_method
    return getattr(self.get_queryset(), name)(*args, **kwargs)
           ^^^^^^^^^^^^^^^^^^^^^^^^^^^^^^^^^^^^^^^^^^^^^^^^^^^
  File "/home/alimt/Minibini/venv/lib/python3.12/site-packages/django/db/models/query.py", line 661, in create
    obj = self.model(**kwargs)
          ^^^^^^^^^^^^^^^^^^^^
  File "/home/alimt/Minibini/venv/lib/python3.12/site-packages/django/db/models/base.py", line 558, in __init__
    _setattr(self, prop, value)
AttributeError: property 'name' of 'Contact' object has no setter

======================================================================
ERROR: test_direct_mapping_basic (tests.test_estimate_generation_simple.SimpleEstimateGenerationTestCase.test_direct_mapping_basic)
Test a single task with direct mapping
----------------------------------------------------------------------
Traceback (most recent call last):
  File "/home/alimt/Minibini/tests/test_estimate_generation_simple.py", line 40, in setUp
    self.contact = Contact.objects.create(
                   ^^^^^^^^^^^^^^^^^^^^^^^
  File "/home/alimt/Minibini/venv/lib/python3.12/site-packages/django/db/models/manager.py", line 87, in manager_method
    return getattr(self.get_queryset(), name)(*args, **kwargs)
           ^^^^^^^^^^^^^^^^^^^^^^^^^^^^^^^^^^^^^^^^^^^^^^^^^^^
  File "/home/alimt/Minibini/venv/lib/python3.12/site-packages/django/db/models/query.py", line 661, in create
    obj = self.model(**kwargs)
          ^^^^^^^^^^^^^^^^^^^^
  File "/home/alimt/Minibini/venv/lib/python3.12/site-packages/django/db/models/base.py", line 558, in __init__
    _setattr(self, prop, value)
AttributeError: property 'name' of 'Contact' object has no setter

======================================================================
ERROR: test_excluded_task (tests.test_estimate_generation_simple.SimpleEstimateGenerationTestCase.test_excluded_task)
Test that excluded tasks don't appear in estimate
----------------------------------------------------------------------
Traceback (most recent call last):
  File "/home/alimt/Minibini/tests/test_estimate_generation_simple.py", line 40, in setUp
    self.contact = Contact.objects.create(
                   ^^^^^^^^^^^^^^^^^^^^^^^
  File "/home/alimt/Minibini/venv/lib/python3.12/site-packages/django/db/models/manager.py", line 87, in manager_method
    return getattr(self.get_queryset(), name)(*args, **kwargs)
           ^^^^^^^^^^^^^^^^^^^^^^^^^^^^^^^^^^^^^^^^^^^^^^^^^^^
  File "/home/alimt/Minibini/venv/lib/python3.12/site-packages/django/db/models/query.py", line 661, in create
    obj = self.model(**kwargs)
          ^^^^^^^^^^^^^^^^^^^^
  File "/home/alimt/Minibini/venv/lib/python3.12/site-packages/django/db/models/base.py", line 558, in __init__
    _setattr(self, prop, value)
AttributeError: property 'name' of 'Contact' object has no setter

======================================================================
ERROR: test_product_bundle_basic (tests.test_estimate_generation_simple.SimpleEstimateGenerationTestCase.test_product_bundle_basic)
Test basic product bundling
----------------------------------------------------------------------
Traceback (most recent call last):
  File "/home/alimt/Minibini/tests/test_estimate_generation_simple.py", line 40, in setUp
    self.contact = Contact.objects.create(
                   ^^^^^^^^^^^^^^^^^^^^^^^
  File "/home/alimt/Minibini/venv/lib/python3.12/site-packages/django/db/models/manager.py", line 87, in manager_method
    return getattr(self.get_queryset(), name)(*args, **kwargs)
           ^^^^^^^^^^^^^^^^^^^^^^^^^^^^^^^^^^^^^^^^^^^^^^^^^^^
  File "/home/alimt/Minibini/venv/lib/python3.12/site-packages/django/db/models/query.py", line 661, in create
    obj = self.model(**kwargs)
          ^^^^^^^^^^^^^^^^^^^^
  File "/home/alimt/Minibini/venv/lib/python3.12/site-packages/django/db/models/base.py", line 558, in __init__
    _setattr(self, prop, value)
AttributeError: property 'name' of 'Contact' object has no setter

======================================================================
ERROR: test_service_bundle_basic (tests.test_estimate_generation_simple.SimpleEstimateGenerationTestCase.test_service_bundle_basic)
Test basic service bundling
----------------------------------------------------------------------
Traceback (most recent call last):
  File "/home/alimt/Minibini/tests/test_estimate_generation_simple.py", line 40, in setUp
    self.contact = Contact.objects.create(
                   ^^^^^^^^^^^^^^^^^^^^^^^
  File "/home/alimt/Minibini/venv/lib/python3.12/site-packages/django/db/models/manager.py", line 87, in manager_method
    return getattr(self.get_queryset(), name)(*args, **kwargs)
           ^^^^^^^^^^^^^^^^^^^^^^^^^^^^^^^^^^^^^^^^^^^^^^^^^^^
  File "/home/alimt/Minibini/venv/lib/python3.12/site-packages/django/db/models/query.py", line 661, in create
    obj = self.model(**kwargs)
          ^^^^^^^^^^^^^^^^^^^^
  File "/home/alimt/Minibini/venv/lib/python3.12/site-packages/django/db/models/base.py", line 558, in __init__
    _setattr(self, prop, value)
AttributeError: property 'name' of 'Contact' object has no setter

======================================================================
ERROR: test_task_without_mapping_defaults_direct (tests.test_estimate_generation_simple.SimpleEstimateGenerationTestCase.test_task_without_mapping_defaults_direct)
Test task without mapping uses direct strategy
----------------------------------------------------------------------
Traceback (most recent call last):
  File "/home/alimt/Minibini/tests/test_estimate_generation_simple.py", line 40, in setUp
    self.contact = Contact.objects.create(
                   ^^^^^^^^^^^^^^^^^^^^^^^
  File "/home/alimt/Minibini/venv/lib/python3.12/site-packages/django/db/models/manager.py", line 87, in manager_method
    return getattr(self.get_queryset(), name)(*args, **kwargs)
           ^^^^^^^^^^^^^^^^^^^^^^^^^^^^^^^^^^^^^^^^^^^^^^^^^^^
  File "/home/alimt/Minibini/venv/lib/python3.12/site-packages/django/db/models/query.py", line 661, in create
    obj = self.model(**kwargs)
          ^^^^^^^^^^^^^^^^^^^^
  File "/home/alimt/Minibini/venv/lib/python3.12/site-packages/django/db/models/base.py", line 558, in __init__
    _setattr(self, prop, value)
AttributeError: property 'name' of 'Contact' object has no setter

======================================================================
ERROR: test_approved_estimate_cannot_be_superseded (tests.test_estimate_job_status_sync.EstimateJobStatusSyncTest.test_approved_estimate_cannot_be_superseded)
Test that an accepted estimate cannot be superseded. - use a ChangeOrder instead
----------------------------------------------------------------------
Traceback (most recent call last):
  File "/home/alimt/Minibini/tests/test_estimate_job_status_sync.py", line 33, in setUp
    self.contact = Contact.objects.create(
                   ^^^^^^^^^^^^^^^^^^^^^^^
  File "/home/alimt/Minibini/venv/lib/python3.12/site-packages/django/db/models/manager.py", line 87, in manager_method
    return getattr(self.get_queryset(), name)(*args, **kwargs)
           ^^^^^^^^^^^^^^^^^^^^^^^^^^^^^^^^^^^^^^^^^^^^^^^^^^^
  File "/home/alimt/Minibini/venv/lib/python3.12/site-packages/django/db/models/query.py", line 661, in create
    obj = self.model(**kwargs)
          ^^^^^^^^^^^^^^^^^^^^
  File "/home/alimt/Minibini/venv/lib/python3.12/site-packages/django/db/models/base.py", line 558, in __init__
    _setattr(self, prop, value)
AttributeError: property 'name' of 'Contact' object has no setter

======================================================================
ERROR: test_approved_estimate_cannot_go_back_to_draft (tests.test_estimate_job_status_sync.EstimateJobStatusSyncTest.test_approved_estimate_cannot_go_back_to_draft)
Test that an accepted estimate cannot be changed back to draft status.
----------------------------------------------------------------------
Traceback (most recent call last):
  File "/home/alimt/Minibini/tests/test_estimate_job_status_sync.py", line 33, in setUp
    self.contact = Contact.objects.create(
                   ^^^^^^^^^^^^^^^^^^^^^^^
  File "/home/alimt/Minibini/venv/lib/python3.12/site-packages/django/db/models/manager.py", line 87, in manager_method
    return getattr(self.get_queryset(), name)(*args, **kwargs)
           ^^^^^^^^^^^^^^^^^^^^^^^^^^^^^^^^^^^^^^^^^^^^^^^^^^^
  File "/home/alimt/Minibini/venv/lib/python3.12/site-packages/django/db/models/query.py", line 661, in create
    obj = self.model(**kwargs)
          ^^^^^^^^^^^^^^^^^^^^
  File "/home/alimt/Minibini/venv/lib/python3.12/site-packages/django/db/models/base.py", line 558, in __init__
    _setattr(self, prop, value)
AttributeError: property 'name' of 'Contact' object has no setter

======================================================================
ERROR: test_estimate_revision_workflow (tests.test_estimate_job_status_sync.EstimateJobStatusSyncTest.test_estimate_revision_workflow)
Test the full workflow of estimate revision with job status updates.
----------------------------------------------------------------------
Traceback (most recent call last):
  File "/home/alimt/Minibini/tests/test_estimate_job_status_sync.py", line 33, in setUp
    self.contact = Contact.objects.create(
                   ^^^^^^^^^^^^^^^^^^^^^^^
  File "/home/alimt/Minibini/venv/lib/python3.12/site-packages/django/db/models/manager.py", line 87, in manager_method
    return getattr(self.get_queryset(), name)(*args, **kwargs)
           ^^^^^^^^^^^^^^^^^^^^^^^^^^^^^^^^^^^^^^^^^^^^^^^^^^^
  File "/home/alimt/Minibini/venv/lib/python3.12/site-packages/django/db/models/query.py", line 661, in create
    obj = self.model(**kwargs)
          ^^^^^^^^^^^^^^^^^^^^
  File "/home/alimt/Minibini/venv/lib/python3.12/site-packages/django/db/models/base.py", line 558, in __init__
    _setattr(self, prop, value)
AttributeError: property 'name' of 'Contact' object has no setter

======================================================================
ERROR: test_estimate_revision_workflow2 (tests.test_estimate_job_status_sync.EstimateJobStatusSyncTest.test_estimate_revision_workflow2)
Test the full workflow of estimate revision with job status updates.
----------------------------------------------------------------------
Traceback (most recent call last):
  File "/home/alimt/Minibini/tests/test_estimate_job_status_sync.py", line 33, in setUp
    self.contact = Contact.objects.create(
                   ^^^^^^^^^^^^^^^^^^^^^^^
  File "/home/alimt/Minibini/venv/lib/python3.12/site-packages/django/db/models/manager.py", line 87, in manager_method
    return getattr(self.get_queryset(), name)(*args, **kwargs)
           ^^^^^^^^^^^^^^^^^^^^^^^^^^^^^^^^^^^^^^^^^^^^^^^^^^^
  File "/home/alimt/Minibini/venv/lib/python3.12/site-packages/django/db/models/query.py", line 661, in create
    obj = self.model(**kwargs)
          ^^^^^^^^^^^^^^^^^^^^
  File "/home/alimt/Minibini/venv/lib/python3.12/site-packages/django/db/models/base.py", line 558, in __init__
    _setattr(self, prop, value)
AttributeError: property 'name' of 'Contact' object has no setter

======================================================================
ERROR: test_job_already_approved_remains_approved (tests.test_estimate_job_status_sync.EstimateJobStatusSyncTest.test_job_already_approved_remains_approved)
Test that if job is already approved, accepting an estimate keeps it approved.
----------------------------------------------------------------------
Traceback (most recent call last):
  File "/home/alimt/Minibini/tests/test_estimate_job_status_sync.py", line 33, in setUp
    self.contact = Contact.objects.create(
                   ^^^^^^^^^^^^^^^^^^^^^^^
  File "/home/alimt/Minibini/venv/lib/python3.12/site-packages/django/db/models/manager.py", line 87, in manager_method
    return getattr(self.get_queryset(), name)(*args, **kwargs)
           ^^^^^^^^^^^^^^^^^^^^^^^^^^^^^^^^^^^^^^^^^^^^^^^^^^^
  File "/home/alimt/Minibini/venv/lib/python3.12/site-packages/django/db/models/query.py", line 661, in create
    obj = self.model(**kwargs)
          ^^^^^^^^^^^^^^^^^^^^
  File "/home/alimt/Minibini/venv/lib/python3.12/site-packages/django/db/models/base.py", line 558, in __init__
    _setattr(self, prop, value)
AttributeError: property 'name' of 'Contact' object has no setter

======================================================================
ERROR: test_job_auto_approved_when_estimate_approved (tests.test_estimate_job_status_sync.EstimateJobStatusSyncTest.test_job_auto_approved_when_estimate_approved)
Test that job status changes to 'approved' when estimate is accepted.
----------------------------------------------------------------------
Traceback (most recent call last):
  File "/home/alimt/Minibini/tests/test_estimate_job_status_sync.py", line 33, in setUp
    self.contact = Contact.objects.create(
                   ^^^^^^^^^^^^^^^^^^^^^^^
  File "/home/alimt/Minibini/venv/lib/python3.12/site-packages/django/db/models/manager.py", line 87, in manager_method
    return getattr(self.get_queryset(), name)(*args, **kwargs)
           ^^^^^^^^^^^^^^^^^^^^^^^^^^^^^^^^^^^^^^^^^^^^^^^^^^^
  File "/home/alimt/Minibini/venv/lib/python3.12/site-packages/django/db/models/query.py", line 661, in create
    obj = self.model(**kwargs)
          ^^^^^^^^^^^^^^^^^^^^
  File "/home/alimt/Minibini/venv/lib/python3.12/site-packages/django/db/models/base.py", line 558, in __init__
    _setattr(self, prop, value)
AttributeError: property 'name' of 'Contact' object has no setter

======================================================================
ERROR: test_job_in_complete_status_not_affected (tests.test_estimate_job_status_sync.EstimateJobStatusSyncTest.test_job_in_complete_status_not_affected)
Test that completed jobs are not affected by estimate changes.
----------------------------------------------------------------------
Traceback (most recent call last):
  File "/home/alimt/Minibini/tests/test_estimate_job_status_sync.py", line 33, in setUp
    self.contact = Contact.objects.create(
                   ^^^^^^^^^^^^^^^^^^^^^^^
  File "/home/alimt/Minibini/venv/lib/python3.12/site-packages/django/db/models/manager.py", line 87, in manager_method
    return getattr(self.get_queryset(), name)(*args, **kwargs)
           ^^^^^^^^^^^^^^^^^^^^^^^^^^^^^^^^^^^^^^^^^^^^^^^^^^^
  File "/home/alimt/Minibini/venv/lib/python3.12/site-packages/django/db/models/query.py", line 661, in create
    obj = self.model(**kwargs)
          ^^^^^^^^^^^^^^^^^^^^
  File "/home/alimt/Minibini/venv/lib/python3.12/site-packages/django/db/models/base.py", line 558, in __init__
    _setattr(self, prop, value)
AttributeError: property 'name' of 'Contact' object has no setter

======================================================================
ERROR: test_job_status_changes_dont_affect_estimate (tests.test_estimate_job_status_sync.EstimateJobStatusSyncTest.test_job_status_changes_dont_affect_estimate)
Test that manual job status changes don't affect estimate status.
----------------------------------------------------------------------
Traceback (most recent call last):
  File "/home/alimt/Minibini/tests/test_estimate_job_status_sync.py", line 33, in setUp
    self.contact = Contact.objects.create(
                   ^^^^^^^^^^^^^^^^^^^^^^^
  File "/home/alimt/Minibini/venv/lib/python3.12/site-packages/django/db/models/manager.py", line 87, in manager_method
    return getattr(self.get_queryset(), name)(*args, **kwargs)
           ^^^^^^^^^^^^^^^^^^^^^^^^^^^^^^^^^^^^^^^^^^^^^^^^^^^
  File "/home/alimt/Minibini/venv/lib/python3.12/site-packages/django/db/models/query.py", line 661, in create
    obj = self.model(**kwargs)
          ^^^^^^^^^^^^^^^^^^^^
  File "/home/alimt/Minibini/venv/lib/python3.12/site-packages/django/db/models/base.py", line 558, in __init__
    _setattr(self, prop, value)
AttributeError: property 'name' of 'Contact' object has no setter

======================================================================
ERROR: test_multiple_estimates_with_different_statuses (tests.test_estimate_job_status_sync.EstimateJobStatusSyncTest.test_multiple_estimates_with_different_statuses)
Test multiple estimates on same job with different statuses.
----------------------------------------------------------------------
Traceback (most recent call last):
  File "/home/alimt/Minibini/tests/test_estimate_job_status_sync.py", line 33, in setUp
    self.contact = Contact.objects.create(
                   ^^^^^^^^^^^^^^^^^^^^^^^
  File "/home/alimt/Minibini/venv/lib/python3.12/site-packages/django/db/models/manager.py", line 87, in manager_method
    return getattr(self.get_queryset(), name)(*args, **kwargs)
           ^^^^^^^^^^^^^^^^^^^^^^^^^^^^^^^^^^^^^^^^^^^^^^^^^^^
  File "/home/alimt/Minibini/venv/lib/python3.12/site-packages/django/db/models/query.py", line 661, in create
    obj = self.model(**kwargs)
          ^^^^^^^^^^^^^^^^^^^^
  File "/home/alimt/Minibini/venv/lib/python3.12/site-packages/django/db/models/base.py", line 558, in __init__
    _setattr(self, prop, value)
AttributeError: property 'name' of 'Contact' object has no setter

======================================================================
ERROR: test_new_estimate_after_superseding_starts_in_draft (tests.test_estimate_job_status_sync.EstimateJobStatusSyncTest.test_new_estimate_after_superseding_starts_in_draft)
Test that a new estimate created after superseding starts in draft.
----------------------------------------------------------------------
Traceback (most recent call last):
  File "/home/alimt/Minibini/tests/test_estimate_job_status_sync.py", line 33, in setUp
    self.contact = Contact.objects.create(
                   ^^^^^^^^^^^^^^^^^^^^^^^
  File "/home/alimt/Minibini/venv/lib/python3.12/site-packages/django/db/models/manager.py", line 87, in manager_method
    return getattr(self.get_queryset(), name)(*args, **kwargs)
           ^^^^^^^^^^^^^^^^^^^^^^^^^^^^^^^^^^^^^^^^^^^^^^^^^^^
  File "/home/alimt/Minibini/venv/lib/python3.12/site-packages/django/db/models/query.py", line 661, in create
    obj = self.model(**kwargs)
          ^^^^^^^^^^^^^^^^^^^^
  File "/home/alimt/Minibini/venv/lib/python3.12/site-packages/django/db/models/base.py", line 558, in __init__
    _setattr(self, prop, value)
AttributeError: property 'name' of 'Contact' object has no setter

======================================================================
ERROR: test_only_one_approved_estimate_per_job (tests.test_estimate_job_status_sync.EstimateJobStatusSyncTest.test_only_one_approved_estimate_per_job)
Test that only one estimate per job can be in 'accepted' status.
----------------------------------------------------------------------
Traceback (most recent call last):
  File "/home/alimt/Minibini/tests/test_estimate_job_status_sync.py", line 33, in setUp
    self.contact = Contact.objects.create(
                   ^^^^^^^^^^^^^^^^^^^^^^^
  File "/home/alimt/Minibini/venv/lib/python3.12/site-packages/django/db/models/manager.py", line 87, in manager_method
    return getattr(self.get_queryset(), name)(*args, **kwargs)
           ^^^^^^^^^^^^^^^^^^^^^^^^^^^^^^^^^^^^^^^^^^^^^^^^^^^
  File "/home/alimt/Minibini/venv/lib/python3.12/site-packages/django/db/models/query.py", line 661, in create
    obj = self.model(**kwargs)
          ^^^^^^^^^^^^^^^^^^^^
  File "/home/alimt/Minibini/venv/lib/python3.12/site-packages/django/db/models/base.py", line 558, in __init__
    _setattr(self, prop, value)
AttributeError: property 'name' of 'Contact' object has no setter

======================================================================
ERROR: test_rejected_estimate_does_not_affect_job (tests.test_estimate_job_status_sync.EstimateJobStatusSyncTest.test_rejected_estimate_does_not_affect_job)
Test that rejecting an estimate doesn't change job status.
----------------------------------------------------------------------
Traceback (most recent call last):
  File "/home/alimt/Minibini/tests/test_estimate_job_status_sync.py", line 33, in setUp
    self.contact = Contact.objects.create(
                   ^^^^^^^^^^^^^^^^^^^^^^^
  File "/home/alimt/Minibini/venv/lib/python3.12/site-packages/django/db/models/manager.py", line 87, in manager_method
    return getattr(self.get_queryset(), name)(*args, **kwargs)
           ^^^^^^^^^^^^^^^^^^^^^^^^^^^^^^^^^^^^^^^^^^^^^^^^^^^
  File "/home/alimt/Minibini/venv/lib/python3.12/site-packages/django/db/models/query.py", line 661, in create
    obj = self.model(**kwargs)
          ^^^^^^^^^^^^^^^^^^^^
  File "/home/alimt/Minibini/venv/lib/python3.12/site-packages/django/db/models/base.py", line 558, in __init__
    _setattr(self, prop, value)
AttributeError: property 'name' of 'Contact' object has no setter

======================================================================
ERROR: test_worksheet_status_sync_remains_unchanged (tests.test_estimate_job_status_sync.EstimateJobStatusSyncTest.test_worksheet_status_sync_remains_unchanged)
Test that EstWorksheet status synchronization with Estimate still works.
----------------------------------------------------------------------
Traceback (most recent call last):
  File "/home/alimt/Minibini/tests/test_estimate_job_status_sync.py", line 33, in setUp
    self.contact = Contact.objects.create(
                   ^^^^^^^^^^^^^^^^^^^^^^^
  File "/home/alimt/Minibini/venv/lib/python3.12/site-packages/django/db/models/manager.py", line 87, in manager_method
    return getattr(self.get_queryset(), name)(*args, **kwargs)
           ^^^^^^^^^^^^^^^^^^^^^^^^^^^^^^^^^^^^^^^^^^^^^^^^^^^
  File "/home/alimt/Minibini/venv/lib/python3.12/site-packages/django/db/models/query.py", line 661, in create
    obj = self.model(**kwargs)
          ^^^^^^^^^^^^^^^^^^^^
  File "/home/alimt/Minibini/venv/lib/python3.12/site-packages/django/db/models/base.py", line 558, in __init__
    _setattr(self, prop, value)
AttributeError: property 'name' of 'Contact' object has no setter

======================================================================
ERROR: test_worksheet_status_sync_remains_unchanged_superseded (tests.test_estimate_job_status_sync.EstimateJobStatusSyncTest.test_worksheet_status_sync_remains_unchanged_superseded)
Test that EstWorksheet status synchronization with Estimate still works.
----------------------------------------------------------------------
Traceback (most recent call last):
  File "/home/alimt/Minibini/tests/test_estimate_job_status_sync.py", line 33, in setUp
    self.contact = Contact.objects.create(
                   ^^^^^^^^^^^^^^^^^^^^^^^
  File "/home/alimt/Minibini/venv/lib/python3.12/site-packages/django/db/models/manager.py", line 87, in manager_method
    return getattr(self.get_queryset(), name)(*args, **kwargs)
           ^^^^^^^^^^^^^^^^^^^^^^^^^^^^^^^^^^^^^^^^^^^^^^^^^^^
  File "/home/alimt/Minibini/venv/lib/python3.12/site-packages/django/db/models/query.py", line 661, in create
    obj = self.model(**kwargs)
          ^^^^^^^^^^^^^^^^^^^^
  File "/home/alimt/Minibini/venv/lib/python3.12/site-packages/django/db/models/base.py", line 558, in __init__
    _setattr(self, prop, value)
AttributeError: property 'name' of 'Contact' object has no setter

======================================================================
ERROR: test_add_manual_line_item (tests.test_estimate_line_item_addition.EstimateLineItemAdditionTests.test_add_manual_line_item)
Test adding a manual line item via POST.
----------------------------------------------------------------------
Traceback (most recent call last):
  File "/home/alimt/Minibini/tests/test_estimate_line_item_addition.py", line 30, in setUp
    self.contact = Contact.objects.create(
                   ^^^^^^^^^^^^^^^^^^^^^^^
  File "/home/alimt/Minibini/venv/lib/python3.12/site-packages/django/db/models/manager.py", line 87, in manager_method
    return getattr(self.get_queryset(), name)(*args, **kwargs)
           ^^^^^^^^^^^^^^^^^^^^^^^^^^^^^^^^^^^^^^^^^^^^^^^^^^^
  File "/home/alimt/Minibini/venv/lib/python3.12/site-packages/django/db/models/query.py", line 661, in create
    obj = self.model(**kwargs)
          ^^^^^^^^^^^^^^^^^^^^
  File "/home/alimt/Minibini/venv/lib/python3.12/site-packages/django/db/models/base.py", line 558, in __init__
    _setattr(self, prop, value)
AttributeError: property 'name' of 'Contact' object has no setter

======================================================================
ERROR: test_add_manual_line_item_missing_required_fields (tests.test_estimate_line_item_addition.EstimateLineItemAdditionTests.test_add_manual_line_item_missing_required_fields)
Test adding a manual line item with missing required fields shows errors.
----------------------------------------------------------------------
Traceback (most recent call last):
  File "/home/alimt/Minibini/tests/test_estimate_line_item_addition.py", line 30, in setUp
    self.contact = Contact.objects.create(
                   ^^^^^^^^^^^^^^^^^^^^^^^
  File "/home/alimt/Minibini/venv/lib/python3.12/site-packages/django/db/models/manager.py", line 87, in manager_method
    return getattr(self.get_queryset(), name)(*args, **kwargs)
           ^^^^^^^^^^^^^^^^^^^^^^^^^^^^^^^^^^^^^^^^^^^^^^^^^^^
  File "/home/alimt/Minibini/venv/lib/python3.12/site-packages/django/db/models/query.py", line 661, in create
    obj = self.model(**kwargs)
          ^^^^^^^^^^^^^^^^^^^^
  File "/home/alimt/Minibini/venv/lib/python3.12/site-packages/django/db/models/base.py", line 558, in __init__
    _setattr(self, prop, value)
AttributeError: property 'name' of 'Contact' object has no setter

======================================================================
ERROR: test_add_pricelist_line_item (tests.test_estimate_line_item_addition.EstimateLineItemAdditionTests.test_add_pricelist_line_item)
Test adding a line item from price list via POST.
----------------------------------------------------------------------
Traceback (most recent call last):
  File "/home/alimt/Minibini/tests/test_estimate_line_item_addition.py", line 30, in setUp
    self.contact = Contact.objects.create(
                   ^^^^^^^^^^^^^^^^^^^^^^^
  File "/home/alimt/Minibini/venv/lib/python3.12/site-packages/django/db/models/manager.py", line 87, in manager_method
    return getattr(self.get_queryset(), name)(*args, **kwargs)
           ^^^^^^^^^^^^^^^^^^^^^^^^^^^^^^^^^^^^^^^^^^^^^^^^^^^
  File "/home/alimt/Minibini/venv/lib/python3.12/site-packages/django/db/models/query.py", line 661, in create
    obj = self.model(**kwargs)
          ^^^^^^^^^^^^^^^^^^^^
  File "/home/alimt/Minibini/venv/lib/python3.12/site-packages/django/db/models/base.py", line 558, in __init__
    _setattr(self, prop, value)
AttributeError: property 'name' of 'Contact' object has no setter

======================================================================
ERROR: test_add_pricelist_line_item_missing_qty (tests.test_estimate_line_item_addition.EstimateLineItemAdditionTests.test_add_pricelist_line_item_missing_qty)
Test adding a price list line item with missing qty shows errors.
----------------------------------------------------------------------
Traceback (most recent call last):
  File "/home/alimt/Minibini/tests/test_estimate_line_item_addition.py", line 30, in setUp
    self.contact = Contact.objects.create(
                   ^^^^^^^^^^^^^^^^^^^^^^^
  File "/home/alimt/Minibini/venv/lib/python3.12/site-packages/django/db/models/manager.py", line 87, in manager_method
    return getattr(self.get_queryset(), name)(*args, **kwargs)
           ^^^^^^^^^^^^^^^^^^^^^^^^^^^^^^^^^^^^^^^^^^^^^^^^^^^
  File "/home/alimt/Minibini/venv/lib/python3.12/site-packages/django/db/models/query.py", line 661, in create
    obj = self.model(**kwargs)
          ^^^^^^^^^^^^^^^^^^^^
  File "/home/alimt/Minibini/venv/lib/python3.12/site-packages/django/db/models/base.py", line 558, in __init__
    _setattr(self, prop, value)
AttributeError: property 'name' of 'Contact' object has no setter

======================================================================
ERROR: test_cannot_add_line_item_to_superseded_estimate (tests.test_estimate_line_item_addition.EstimateLineItemAdditionTests.test_cannot_add_line_item_to_superseded_estimate)
Test that line items cannot be added to superseded estimates.
----------------------------------------------------------------------
Traceback (most recent call last):
  File "/home/alimt/Minibini/tests/test_estimate_line_item_addition.py", line 30, in setUp
    self.contact = Contact.objects.create(
                   ^^^^^^^^^^^^^^^^^^^^^^^
  File "/home/alimt/Minibini/venv/lib/python3.12/site-packages/django/db/models/manager.py", line 87, in manager_method
    return getattr(self.get_queryset(), name)(*args, **kwargs)
           ^^^^^^^^^^^^^^^^^^^^^^^^^^^^^^^^^^^^^^^^^^^^^^^^^^^
  File "/home/alimt/Minibini/venv/lib/python3.12/site-packages/django/db/models/query.py", line 661, in create
    obj = self.model(**kwargs)
          ^^^^^^^^^^^^^^^^^^^^
  File "/home/alimt/Minibini/venv/lib/python3.12/site-packages/django/db/models/base.py", line 558, in __init__
    _setattr(self, prop, value)
AttributeError: property 'name' of 'Contact' object has no setter

======================================================================
ERROR: test_get_add_line_item_page (tests.test_estimate_line_item_addition.EstimateLineItemAdditionTests.test_get_add_line_item_page)
Test GET request to add line item page shows both forms.
----------------------------------------------------------------------
Traceback (most recent call last):
  File "/home/alimt/Minibini/tests/test_estimate_line_item_addition.py", line 30, in setUp
    self.contact = Contact.objects.create(
                   ^^^^^^^^^^^^^^^^^^^^^^^
  File "/home/alimt/Minibini/venv/lib/python3.12/site-packages/django/db/models/manager.py", line 87, in manager_method
    return getattr(self.get_queryset(), name)(*args, **kwargs)
           ^^^^^^^^^^^^^^^^^^^^^^^^^^^^^^^^^^^^^^^^^^^^^^^^^^^
  File "/home/alimt/Minibini/venv/lib/python3.12/site-packages/django/db/models/query.py", line 661, in create
    obj = self.model(**kwargs)
          ^^^^^^^^^^^^^^^^^^^^
  File "/home/alimt/Minibini/venv/lib/python3.12/site-packages/django/db/models/base.py", line 558, in __init__
    _setattr(self, prop, value)
AttributeError: property 'name' of 'Contact' object has no setter

======================================================================
ERROR: test_line_item_total_amount_calculation (tests.test_estimate_line_item_addition.EstimateLineItemAdditionTests.test_line_item_total_amount_calculation)
Test that line item total amount is calculated correctly.
----------------------------------------------------------------------
Traceback (most recent call last):
  File "/home/alimt/Minibini/tests/test_estimate_line_item_addition.py", line 30, in setUp
    self.contact = Contact.objects.create(
                   ^^^^^^^^^^^^^^^^^^^^^^^
  File "/home/alimt/Minibini/venv/lib/python3.12/site-packages/django/db/models/manager.py", line 87, in manager_method
    return getattr(self.get_queryset(), name)(*args, **kwargs)
           ^^^^^^^^^^^^^^^^^^^^^^^^^^^^^^^^^^^^^^^^^^^^^^^^^^^
  File "/home/alimt/Minibini/venv/lib/python3.12/site-packages/django/db/models/query.py", line 661, in create
    obj = self.model(**kwargs)
          ^^^^^^^^^^^^^^^^^^^^
  File "/home/alimt/Minibini/venv/lib/python3.12/site-packages/django/db/models/base.py", line 558, in __init__
    _setattr(self, prop, value)
AttributeError: property 'name' of 'Contact' object has no setter

======================================================================
ERROR: test_multiple_line_items_can_be_added (tests.test_estimate_line_item_addition.EstimateLineItemAdditionTests.test_multiple_line_items_can_be_added)
Test that multiple line items can be added to an estimate.
----------------------------------------------------------------------
Traceback (most recent call last):
  File "/home/alimt/Minibini/tests/test_estimate_line_item_addition.py", line 30, in setUp
    self.contact = Contact.objects.create(
                   ^^^^^^^^^^^^^^^^^^^^^^^
  File "/home/alimt/Minibini/venv/lib/python3.12/site-packages/django/db/models/manager.py", line 87, in manager_method
    return getattr(self.get_queryset(), name)(*args, **kwargs)
           ^^^^^^^^^^^^^^^^^^^^^^^^^^^^^^^^^^^^^^^^^^^^^^^^^^^
  File "/home/alimt/Minibini/venv/lib/python3.12/site-packages/django/db/models/query.py", line 661, in create
    obj = self.model(**kwargs)
          ^^^^^^^^^^^^^^^^^^^^
  File "/home/alimt/Minibini/venv/lib/python3.12/site-packages/django/db/models/base.py", line 558, in __init__
    _setattr(self, prop, value)
AttributeError: property 'name' of 'Contact' object has no setter

======================================================================
ERROR: test_cannot_delete_from_superseded_estimate (tests.test_estimate_line_item_addition.EstimateLineItemDeletionTests.test_cannot_delete_from_superseded_estimate)
Test that line items cannot be deleted from superseded estimates.
----------------------------------------------------------------------
Traceback (most recent call last):
  File "/home/alimt/Minibini/tests/test_estimate_line_item_addition.py", line 278, in setUp
    self.contact = Contact.objects.create(
                   ^^^^^^^^^^^^^^^^^^^^^^^
  File "/home/alimt/Minibini/venv/lib/python3.12/site-packages/django/db/models/manager.py", line 87, in manager_method
    return getattr(self.get_queryset(), name)(*args, **kwargs)
           ^^^^^^^^^^^^^^^^^^^^^^^^^^^^^^^^^^^^^^^^^^^^^^^^^^^
  File "/home/alimt/Minibini/venv/lib/python3.12/site-packages/django/db/models/query.py", line 661, in create
    obj = self.model(**kwargs)
          ^^^^^^^^^^^^^^^^^^^^
  File "/home/alimt/Minibini/venv/lib/python3.12/site-packages/django/db/models/base.py", line 558, in __init__
    _setattr(self, prop, value)
AttributeError: property 'name' of 'Contact' object has no setter

======================================================================
ERROR: test_delete_action_column_only_shown_for_draft (tests.test_estimate_line_item_addition.EstimateLineItemDeletionTests.test_delete_action_column_only_shown_for_draft)
Test that delete action column only shows for draft estimates.
----------------------------------------------------------------------
Traceback (most recent call last):
  File "/home/alimt/Minibini/tests/test_estimate_line_item_addition.py", line 278, in setUp
    self.contact = Contact.objects.create(
                   ^^^^^^^^^^^^^^^^^^^^^^^
  File "/home/alimt/Minibini/venv/lib/python3.12/site-packages/django/db/models/manager.py", line 87, in manager_method
    return getattr(self.get_queryset(), name)(*args, **kwargs)
           ^^^^^^^^^^^^^^^^^^^^^^^^^^^^^^^^^^^^^^^^^^^^^^^^^^^
  File "/home/alimt/Minibini/venv/lib/python3.12/site-packages/django/db/models/query.py", line 661, in create
    obj = self.model(**kwargs)
          ^^^^^^^^^^^^^^^^^^^^
  File "/home/alimt/Minibini/venv/lib/python3.12/site-packages/django/db/models/base.py", line 558, in __init__
    _setattr(self, prop, value)
AttributeError: property 'name' of 'Contact' object has no setter

======================================================================
ERROR: test_delete_first_item_renumbers_correctly (tests.test_estimate_line_item_addition.EstimateLineItemDeletionTests.test_delete_first_item_renumbers_correctly)
Test that deleting the first item renumbers remaining items.
----------------------------------------------------------------------
Traceback (most recent call last):
  File "/home/alimt/Minibini/tests/test_estimate_line_item_addition.py", line 278, in setUp
    self.contact = Contact.objects.create(
                   ^^^^^^^^^^^^^^^^^^^^^^^
  File "/home/alimt/Minibini/venv/lib/python3.12/site-packages/django/db/models/manager.py", line 87, in manager_method
    return getattr(self.get_queryset(), name)(*args, **kwargs)
           ^^^^^^^^^^^^^^^^^^^^^^^^^^^^^^^^^^^^^^^^^^^^^^^^^^^
  File "/home/alimt/Minibini/venv/lib/python3.12/site-packages/django/db/models/query.py", line 661, in create
    obj = self.model(**kwargs)
          ^^^^^^^^^^^^^^^^^^^^
  File "/home/alimt/Minibini/venv/lib/python3.12/site-packages/django/db/models/base.py", line 558, in __init__
    _setattr(self, prop, value)
AttributeError: property 'name' of 'Contact' object has no setter

======================================================================
ERROR: test_delete_last_item_no_renumbering_needed (tests.test_estimate_line_item_addition.EstimateLineItemDeletionTests.test_delete_last_item_no_renumbering_needed)
Test that deleting the last item doesn't affect other items.
----------------------------------------------------------------------
Traceback (most recent call last):
  File "/home/alimt/Minibini/tests/test_estimate_line_item_addition.py", line 278, in setUp
    self.contact = Contact.objects.create(
                   ^^^^^^^^^^^^^^^^^^^^^^^
  File "/home/alimt/Minibini/venv/lib/python3.12/site-packages/django/db/models/manager.py", line 87, in manager_method
    return getattr(self.get_queryset(), name)(*args, **kwargs)
           ^^^^^^^^^^^^^^^^^^^^^^^^^^^^^^^^^^^^^^^^^^^^^^^^^^^
  File "/home/alimt/Minibini/venv/lib/python3.12/site-packages/django/db/models/query.py", line 661, in create
    obj = self.model(**kwargs)
          ^^^^^^^^^^^^^^^^^^^^
  File "/home/alimt/Minibini/venv/lib/python3.12/site-packages/django/db/models/base.py", line 558, in __init__
    _setattr(self, prop, value)
AttributeError: property 'name' of 'Contact' object has no setter

======================================================================
ERROR: test_delete_line_item (tests.test_estimate_line_item_addition.EstimateLineItemDeletionTests.test_delete_line_item)
Test deleting a single line item.
----------------------------------------------------------------------
Traceback (most recent call last):
  File "/home/alimt/Minibini/tests/test_estimate_line_item_addition.py", line 278, in setUp
    self.contact = Contact.objects.create(
                   ^^^^^^^^^^^^^^^^^^^^^^^
  File "/home/alimt/Minibini/venv/lib/python3.12/site-packages/django/db/models/manager.py", line 87, in manager_method
    return getattr(self.get_queryset(), name)(*args, **kwargs)
           ^^^^^^^^^^^^^^^^^^^^^^^^^^^^^^^^^^^^^^^^^^^^^^^^^^^
  File "/home/alimt/Minibini/venv/lib/python3.12/site-packages/django/db/models/query.py", line 661, in create
    obj = self.model(**kwargs)
          ^^^^^^^^^^^^^^^^^^^^
  File "/home/alimt/Minibini/venv/lib/python3.12/site-packages/django/db/models/base.py", line 558, in __init__
    _setattr(self, prop, value)
AttributeError: property 'name' of 'Contact' object has no setter

======================================================================
ERROR: test_delete_middle_item_renumbers_correctly (tests.test_estimate_line_item_addition.EstimateLineItemDeletionTests.test_delete_middle_item_renumbers_correctly)
Test that deleting a middle item renumbers remaining items.
----------------------------------------------------------------------
Traceback (most recent call last):
  File "/home/alimt/Minibini/tests/test_estimate_line_item_addition.py", line 278, in setUp
    self.contact = Contact.objects.create(
                   ^^^^^^^^^^^^^^^^^^^^^^^
  File "/home/alimt/Minibini/venv/lib/python3.12/site-packages/django/db/models/manager.py", line 87, in manager_method
    return getattr(self.get_queryset(), name)(*args, **kwargs)
           ^^^^^^^^^^^^^^^^^^^^^^^^^^^^^^^^^^^^^^^^^^^^^^^^^^^
  File "/home/alimt/Minibini/venv/lib/python3.12/site-packages/django/db/models/query.py", line 661, in create
    obj = self.model(**kwargs)
          ^^^^^^^^^^^^^^^^^^^^
  File "/home/alimt/Minibini/venv/lib/python3.12/site-packages/django/db/models/base.py", line 558, in __init__
    _setattr(self, prop, value)
AttributeError: property 'name' of 'Contact' object has no setter

======================================================================
ERROR: test_sequential_deletions_maintain_numbering (tests.test_estimate_line_item_addition.EstimateLineItemDeletionTests.test_sequential_deletions_maintain_numbering)
Test that multiple sequential deletions maintain correct numbering.
----------------------------------------------------------------------
Traceback (most recent call last):
  File "/home/alimt/Minibini/tests/test_estimate_line_item_addition.py", line 278, in setUp
    self.contact = Contact.objects.create(
                   ^^^^^^^^^^^^^^^^^^^^^^^
  File "/home/alimt/Minibini/venv/lib/python3.12/site-packages/django/db/models/manager.py", line 87, in manager_method
    return getattr(self.get_queryset(), name)(*args, **kwargs)
           ^^^^^^^^^^^^^^^^^^^^^^^^^^^^^^^^^^^^^^^^^^^^^^^^^^^
  File "/home/alimt/Minibini/venv/lib/python3.12/site-packages/django/db/models/query.py", line 661, in create
    obj = self.model(**kwargs)
          ^^^^^^^^^^^^^^^^^^^^
  File "/home/alimt/Minibini/venv/lib/python3.12/site-packages/django/db/models/base.py", line 558, in __init__
    _setattr(self, prop, value)
AttributeError: property 'name' of 'Contact' object has no setter

======================================================================
ERROR: test_can_create_estimate_after_superseded (tests.test_estimate_revision_controls.EstimateCreationControlTests.test_can_create_estimate_after_superseded)
Test that new estimate can be created if only superseded exists.
----------------------------------------------------------------------
Traceback (most recent call last):
  File "/home/alimt/Minibini/tests/test_estimate_revision_controls.py", line 30, in setUp
    self.contact = Contact.objects.create(
                   ^^^^^^^^^^^^^^^^^^^^^^^
  File "/home/alimt/Minibini/venv/lib/python3.12/site-packages/django/db/models/manager.py", line 87, in manager_method
    return getattr(self.get_queryset(), name)(*args, **kwargs)
           ^^^^^^^^^^^^^^^^^^^^^^^^^^^^^^^^^^^^^^^^^^^^^^^^^^^
  File "/home/alimt/Minibini/venv/lib/python3.12/site-packages/django/db/models/query.py", line 661, in create
    obj = self.model(**kwargs)
          ^^^^^^^^^^^^^^^^^^^^
  File "/home/alimt/Minibini/venv/lib/python3.12/site-packages/django/db/models/base.py", line 558, in __init__
    _setattr(self, prop, value)
AttributeError: property 'name' of 'Contact' object has no setter

======================================================================
ERROR: test_can_create_first_estimate (tests.test_estimate_revision_controls.EstimateCreationControlTests.test_can_create_first_estimate)
Test that first estimate can be created for a job.
----------------------------------------------------------------------
Traceback (most recent call last):
  File "/home/alimt/Minibini/tests/test_estimate_revision_controls.py", line 30, in setUp
    self.contact = Contact.objects.create(
                   ^^^^^^^^^^^^^^^^^^^^^^^
  File "/home/alimt/Minibini/venv/lib/python3.12/site-packages/django/db/models/manager.py", line 87, in manager_method
    return getattr(self.get_queryset(), name)(*args, **kwargs)
           ^^^^^^^^^^^^^^^^^^^^^^^^^^^^^^^^^^^^^^^^^^^^^^^^^^^
  File "/home/alimt/Minibini/venv/lib/python3.12/site-packages/django/db/models/query.py", line 661, in create
    obj = self.model(**kwargs)
          ^^^^^^^^^^^^^^^^^^^^
  File "/home/alimt/Minibini/venv/lib/python3.12/site-packages/django/db/models/base.py", line 558, in __init__
    _setattr(self, prop, value)
AttributeError: property 'name' of 'Contact' object has no setter

======================================================================
ERROR: test_cannot_create_second_estimate_draft (tests.test_estimate_revision_controls.EstimateCreationControlTests.test_cannot_create_second_estimate_draft)
Test that second estimate cannot be created when draft exists.
----------------------------------------------------------------------
Traceback (most recent call last):
  File "/home/alimt/Minibini/tests/test_estimate_revision_controls.py", line 30, in setUp
    self.contact = Contact.objects.create(
                   ^^^^^^^^^^^^^^^^^^^^^^^
  File "/home/alimt/Minibini/venv/lib/python3.12/site-packages/django/db/models/manager.py", line 87, in manager_method
    return getattr(self.get_queryset(), name)(*args, **kwargs)
           ^^^^^^^^^^^^^^^^^^^^^^^^^^^^^^^^^^^^^^^^^^^^^^^^^^^
  File "/home/alimt/Minibini/venv/lib/python3.12/site-packages/django/db/models/query.py", line 661, in create
    obj = self.model(**kwargs)
          ^^^^^^^^^^^^^^^^^^^^
  File "/home/alimt/Minibini/venv/lib/python3.12/site-packages/django/db/models/base.py", line 558, in __init__
    _setattr(self, prop, value)
AttributeError: property 'name' of 'Contact' object has no setter

======================================================================
ERROR: test_cannot_create_second_estimate_open (tests.test_estimate_revision_controls.EstimateCreationControlTests.test_cannot_create_second_estimate_open)
Test that second estimate cannot be created when open estimate exists.
----------------------------------------------------------------------
Traceback (most recent call last):
  File "/home/alimt/Minibini/tests/test_estimate_revision_controls.py", line 30, in setUp
    self.contact = Contact.objects.create(
                   ^^^^^^^^^^^^^^^^^^^^^^^
  File "/home/alimt/Minibini/venv/lib/python3.12/site-packages/django/db/models/manager.py", line 87, in manager_method
    return getattr(self.get_queryset(), name)(*args, **kwargs)
           ^^^^^^^^^^^^^^^^^^^^^^^^^^^^^^^^^^^^^^^^^^^^^^^^^^^
  File "/home/alimt/Minibini/venv/lib/python3.12/site-packages/django/db/models/query.py", line 661, in create
    obj = self.model(**kwargs)
          ^^^^^^^^^^^^^^^^^^^^
  File "/home/alimt/Minibini/venv/lib/python3.12/site-packages/django/db/models/base.py", line 558, in __init__
    _setattr(self, prop, value)
AttributeError: property 'name' of 'Contact' object has no setter

======================================================================
ERROR: test_job_detail_hides_create_button_when_estimate_exists (tests.test_estimate_revision_controls.EstimateCreationControlTests.test_job_detail_hides_create_button_when_estimate_exists)
Test job detail hides create button when estimate exists.
----------------------------------------------------------------------
Traceback (most recent call last):
  File "/home/alimt/Minibini/tests/test_estimate_revision_controls.py", line 30, in setUp
    self.contact = Contact.objects.create(
                   ^^^^^^^^^^^^^^^^^^^^^^^
  File "/home/alimt/Minibini/venv/lib/python3.12/site-packages/django/db/models/manager.py", line 87, in manager_method
    return getattr(self.get_queryset(), name)(*args, **kwargs)
           ^^^^^^^^^^^^^^^^^^^^^^^^^^^^^^^^^^^^^^^^^^^^^^^^^^^
  File "/home/alimt/Minibini/venv/lib/python3.12/site-packages/django/db/models/query.py", line 661, in create
    obj = self.model(**kwargs)
          ^^^^^^^^^^^^^^^^^^^^
  File "/home/alimt/Minibini/venv/lib/python3.12/site-packages/django/db/models/base.py", line 558, in __init__
    _setattr(self, prop, value)
AttributeError: property 'name' of 'Contact' object has no setter

======================================================================
ERROR: test_job_detail_shows_create_button_when_no_estimates (tests.test_estimate_revision_controls.EstimateCreationControlTests.test_job_detail_shows_create_button_when_no_estimates)
Test job detail shows create button when no estimates exist.
----------------------------------------------------------------------
Traceback (most recent call last):
  File "/home/alimt/Minibini/tests/test_estimate_revision_controls.py", line 30, in setUp
    self.contact = Contact.objects.create(
                   ^^^^^^^^^^^^^^^^^^^^^^^
  File "/home/alimt/Minibini/venv/lib/python3.12/site-packages/django/db/models/manager.py", line 87, in manager_method
    return getattr(self.get_queryset(), name)(*args, **kwargs)
           ^^^^^^^^^^^^^^^^^^^^^^^^^^^^^^^^^^^^^^^^^^^^^^^^^^^
  File "/home/alimt/Minibini/venv/lib/python3.12/site-packages/django/db/models/query.py", line 661, in create
    obj = self.model(**kwargs)
          ^^^^^^^^^^^^^^^^^^^^
  File "/home/alimt/Minibini/venv/lib/python3.12/site-packages/django/db/models/base.py", line 558, in __init__
    _setattr(self, prop, value)
AttributeError: property 'name' of 'Contact' object has no setter

======================================================================
ERROR: test_can_revise_open_estimate (tests.test_estimate_revision_controls.EstimateRevisionTests.test_can_revise_open_estimate)
Test that open estimate can be revised.
----------------------------------------------------------------------
Traceback (most recent call last):
  File "/home/alimt/Minibini/tests/test_estimate_revision_controls.py", line 159, in setUp
    self.contact = Contact.objects.create(
                   ^^^^^^^^^^^^^^^^^^^^^^^
  File "/home/alimt/Minibini/venv/lib/python3.12/site-packages/django/db/models/manager.py", line 87, in manager_method
    return getattr(self.get_queryset(), name)(*args, **kwargs)
           ^^^^^^^^^^^^^^^^^^^^^^^^^^^^^^^^^^^^^^^^^^^^^^^^^^^
  File "/home/alimt/Minibini/venv/lib/python3.12/site-packages/django/db/models/query.py", line 661, in create
    obj = self.model(**kwargs)
          ^^^^^^^^^^^^^^^^^^^^
  File "/home/alimt/Minibini/venv/lib/python3.12/site-packages/django/db/models/base.py", line 558, in __init__
    _setattr(self, prop, value)
AttributeError: property 'name' of 'Contact' object has no setter

======================================================================
ERROR: test_cannot_revise_draft_estimate (tests.test_estimate_revision_controls.EstimateRevisionTests.test_cannot_revise_draft_estimate)
Test that draft estimate cannot be revised.
----------------------------------------------------------------------
Traceback (most recent call last):
  File "/home/alimt/Minibini/tests/test_estimate_revision_controls.py", line 159, in setUp
    self.contact = Contact.objects.create(
                   ^^^^^^^^^^^^^^^^^^^^^^^
  File "/home/alimt/Minibini/venv/lib/python3.12/site-packages/django/db/models/manager.py", line 87, in manager_method
    return getattr(self.get_queryset(), name)(*args, **kwargs)
           ^^^^^^^^^^^^^^^^^^^^^^^^^^^^^^^^^^^^^^^^^^^^^^^^^^^
  File "/home/alimt/Minibini/venv/lib/python3.12/site-packages/django/db/models/query.py", line 661, in create
    obj = self.model(**kwargs)
          ^^^^^^^^^^^^^^^^^^^^
  File "/home/alimt/Minibini/venv/lib/python3.12/site-packages/django/db/models/base.py", line 558, in __init__
    _setattr(self, prop, value)
AttributeError: property 'name' of 'Contact' object has no setter

======================================================================
ERROR: test_line_items_copied_during_revision (tests.test_estimate_revision_controls.EstimateRevisionTests.test_line_items_copied_during_revision)
Test that line items are copied to new revision.
----------------------------------------------------------------------
Traceback (most recent call last):
  File "/home/alimt/Minibini/tests/test_estimate_revision_controls.py", line 159, in setUp
    self.contact = Contact.objects.create(
                   ^^^^^^^^^^^^^^^^^^^^^^^
  File "/home/alimt/Minibini/venv/lib/python3.12/site-packages/django/db/models/manager.py", line 87, in manager_method
    return getattr(self.get_queryset(), name)(*args, **kwargs)
           ^^^^^^^^^^^^^^^^^^^^^^^^^^^^^^^^^^^^^^^^^^^^^^^^^^^
  File "/home/alimt/Minibini/venv/lib/python3.12/site-packages/django/db/models/query.py", line 661, in create
    obj = self.model(**kwargs)
          ^^^^^^^^^^^^^^^^^^^^
  File "/home/alimt/Minibini/venv/lib/python3.12/site-packages/django/db/models/base.py", line 558, in __init__
    _setattr(self, prop, value)
AttributeError: property 'name' of 'Contact' object has no setter

======================================================================
ERROR: test_parent_child_relationships (tests.test_estimate_revision_controls.EstimateRevisionTests.test_parent_child_relationships)
Test that parent-child relationships are properly maintained.
----------------------------------------------------------------------
Traceback (most recent call last):
  File "/home/alimt/Minibini/tests/test_estimate_revision_controls.py", line 159, in setUp
    self.contact = Contact.objects.create(
                   ^^^^^^^^^^^^^^^^^^^^^^^
  File "/home/alimt/Minibini/venv/lib/python3.12/site-packages/django/db/models/manager.py", line 87, in manager_method
    return getattr(self.get_queryset(), name)(*args, **kwargs)
           ^^^^^^^^^^^^^^^^^^^^^^^^^^^^^^^^^^^^^^^^^^^^^^^^^^^
  File "/home/alimt/Minibini/venv/lib/python3.12/site-packages/django/db/models/query.py", line 661, in create
    obj = self.model(**kwargs)
          ^^^^^^^^^^^^^^^^^^^^
  File "/home/alimt/Minibini/venv/lib/python3.12/site-packages/django/db/models/base.py", line 558, in __init__
    _setattr(self, prop, value)
AttributeError: property 'name' of 'Contact' object has no setter

======================================================================
ERROR: test_revise_button_hidden_for_draft (tests.test_estimate_revision_controls.EstimateRevisionTests.test_revise_button_hidden_for_draft)
Test that revise button is hidden for draft estimates.
----------------------------------------------------------------------
Traceback (most recent call last):
  File "/home/alimt/Minibini/tests/test_estimate_revision_controls.py", line 159, in setUp
    self.contact = Contact.objects.create(
                   ^^^^^^^^^^^^^^^^^^^^^^^
  File "/home/alimt/Minibini/venv/lib/python3.12/site-packages/django/db/models/manager.py", line 87, in manager_method
    return getattr(self.get_queryset(), name)(*args, **kwargs)
           ^^^^^^^^^^^^^^^^^^^^^^^^^^^^^^^^^^^^^^^^^^^^^^^^^^^
  File "/home/alimt/Minibini/venv/lib/python3.12/site-packages/django/db/models/query.py", line 661, in create
    obj = self.model(**kwargs)
          ^^^^^^^^^^^^^^^^^^^^
  File "/home/alimt/Minibini/venv/lib/python3.12/site-packages/django/db/models/base.py", line 558, in __init__
    _setattr(self, prop, value)
AttributeError: property 'name' of 'Contact' object has no setter

======================================================================
ERROR: test_revise_button_hidden_for_superseded (tests.test_estimate_revision_controls.EstimateRevisionTests.test_revise_button_hidden_for_superseded)
Test that revise button is hidden for superseded estimates.
----------------------------------------------------------------------
Traceback (most recent call last):
  File "/home/alimt/Minibini/tests/test_estimate_revision_controls.py", line 159, in setUp
    self.contact = Contact.objects.create(
                   ^^^^^^^^^^^^^^^^^^^^^^^
  File "/home/alimt/Minibini/venv/lib/python3.12/site-packages/django/db/models/manager.py", line 87, in manager_method
    return getattr(self.get_queryset(), name)(*args, **kwargs)
           ^^^^^^^^^^^^^^^^^^^^^^^^^^^^^^^^^^^^^^^^^^^^^^^^^^^
  File "/home/alimt/Minibini/venv/lib/python3.12/site-packages/django/db/models/query.py", line 661, in create
    obj = self.model(**kwargs)
          ^^^^^^^^^^^^^^^^^^^^
  File "/home/alimt/Minibini/venv/lib/python3.12/site-packages/django/db/models/base.py", line 558, in __init__
    _setattr(self, prop, value)
AttributeError: property 'name' of 'Contact' object has no setter

======================================================================
ERROR: test_revise_button_shows_for_non_draft (tests.test_estimate_revision_controls.EstimateRevisionTests.test_revise_button_shows_for_non_draft)
Test that revise button shows for non-draft estimates.
----------------------------------------------------------------------
Traceback (most recent call last):
  File "/home/alimt/Minibini/tests/test_estimate_revision_controls.py", line 159, in setUp
    self.contact = Contact.objects.create(
                   ^^^^^^^^^^^^^^^^^^^^^^^
  File "/home/alimt/Minibini/venv/lib/python3.12/site-packages/django/db/models/manager.py", line 87, in manager_method
    return getattr(self.get_queryset(), name)(*args, **kwargs)
           ^^^^^^^^^^^^^^^^^^^^^^^^^^^^^^^^^^^^^^^^^^^^^^^^^^^
  File "/home/alimt/Minibini/venv/lib/python3.12/site-packages/django/db/models/query.py", line 661, in create
    obj = self.model(**kwargs)
          ^^^^^^^^^^^^^^^^^^^^
  File "/home/alimt/Minibini/venv/lib/python3.12/site-packages/django/db/models/base.py", line 558, in __init__
    _setattr(self, prop, value)
AttributeError: property 'name' of 'Contact' object has no setter

======================================================================
ERROR: test_revise_confirmation_page (tests.test_estimate_revision_controls.EstimateRevisionTests.test_revise_confirmation_page)
Test that revise confirmation page shows correctly.
----------------------------------------------------------------------
Traceback (most recent call last):
  File "/home/alimt/Minibini/tests/test_estimate_revision_controls.py", line 159, in setUp
    self.contact = Contact.objects.create(
                   ^^^^^^^^^^^^^^^^^^^^^^^
  File "/home/alimt/Minibini/venv/lib/python3.12/site-packages/django/db/models/manager.py", line 87, in manager_method
    return getattr(self.get_queryset(), name)(*args, **kwargs)
           ^^^^^^^^^^^^^^^^^^^^^^^^^^^^^^^^^^^^^^^^^^^^^^^^^^^
  File "/home/alimt/Minibini/venv/lib/python3.12/site-packages/django/db/models/query.py", line 661, in create
    obj = self.model(**kwargs)
          ^^^^^^^^^^^^^^^^^^^^
  File "/home/alimt/Minibini/venv/lib/python3.12/site-packages/django/db/models/base.py", line 558, in __init__
    _setattr(self, prop, value)
AttributeError: property 'name' of 'Contact' object has no setter

======================================================================
ERROR: test_complete_workflow (tests.test_estimate_revision_controls.EstimateWorkflowIntegrationTests.test_complete_workflow)
Test complete workflow from creation through multiple revisions.
----------------------------------------------------------------------
Traceback (most recent call last):
  File "/home/alimt/Minibini/tests/test_estimate_revision_controls.py", line 393, in setUp
    self.contact = Contact.objects.create(
                   ^^^^^^^^^^^^^^^^^^^^^^^
  File "/home/alimt/Minibini/venv/lib/python3.12/site-packages/django/db/models/manager.py", line 87, in manager_method
    return getattr(self.get_queryset(), name)(*args, **kwargs)
           ^^^^^^^^^^^^^^^^^^^^^^^^^^^^^^^^^^^^^^^^^^^^^^^^^^^
  File "/home/alimt/Minibini/venv/lib/python3.12/site-packages/django/db/models/query.py", line 661, in create
    obj = self.model(**kwargs)
          ^^^^^^^^^^^^^^^^^^^^
  File "/home/alimt/Minibini/venv/lib/python3.12/site-packages/django/db/models/base.py", line 558, in __init__
    _setattr(self, prop, value)
AttributeError: property 'name' of 'Contact' object has no setter

======================================================================
ERROR: test_cannot_generate_estimate_from_non_draft_worksheet (tests.test_estimate_worksheet_states.EstWorksheetStateTests.test_cannot_generate_estimate_from_non_draft_worksheet)
Test that estimates can only be generated from draft worksheets.
----------------------------------------------------------------------
Traceback (most recent call last):
  File "/home/alimt/Minibini/tests/test_estimate_worksheet_states.py", line 134, in setUp
    self.contact = Contact.objects.create(
                   ^^^^^^^^^^^^^^^^^^^^^^^
  File "/home/alimt/Minibini/venv/lib/python3.12/site-packages/django/db/models/manager.py", line 87, in manager_method
    return getattr(self.get_queryset(), name)(*args, **kwargs)
           ^^^^^^^^^^^^^^^^^^^^^^^^^^^^^^^^^^^^^^^^^^^^^^^^^^^
  File "/home/alimt/Minibini/venv/lib/python3.12/site-packages/django/db/models/query.py", line 661, in create
    obj = self.model(**kwargs)
          ^^^^^^^^^^^^^^^^^^^^
  File "/home/alimt/Minibini/venv/lib/python3.12/site-packages/django/db/models/base.py", line 558, in __init__
    _setattr(self, prop, value)
AttributeError: property 'name' of 'Contact' object has no setter

======================================================================
ERROR: test_cannot_revise_draft_worksheet (tests.test_estimate_worksheet_states.EstWorksheetStateTests.test_cannot_revise_draft_worksheet)
Test that draft worksheets cannot be revised.
----------------------------------------------------------------------
Traceback (most recent call last):
  File "/home/alimt/Minibini/tests/test_estimate_worksheet_states.py", line 134, in setUp
    self.contact = Contact.objects.create(
                   ^^^^^^^^^^^^^^^^^^^^^^^
  File "/home/alimt/Minibini/venv/lib/python3.12/site-packages/django/db/models/manager.py", line 87, in manager_method
    return getattr(self.get_queryset(), name)(*args, **kwargs)
           ^^^^^^^^^^^^^^^^^^^^^^^^^^^^^^^^^^^^^^^^^^^^^^^^^^^
  File "/home/alimt/Minibini/venv/lib/python3.12/site-packages/django/db/models/query.py", line 661, in create
    obj = self.model(**kwargs)
          ^^^^^^^^^^^^^^^^^^^^
  File "/home/alimt/Minibini/venv/lib/python3.12/site-packages/django/db/models/base.py", line 558, in __init__
    _setattr(self, prop, value)
AttributeError: property 'name' of 'Contact' object has no setter

======================================================================
ERROR: test_new_worksheet_not_linked_to_estimate (tests.test_estimate_worksheet_states.EstWorksheetStateTests.test_new_worksheet_not_linked_to_estimate)
Test that revised worksheet is not linked to parent's estimate.
----------------------------------------------------------------------
Traceback (most recent call last):
  File "/home/alimt/Minibini/tests/test_estimate_worksheet_states.py", line 134, in setUp
    self.contact = Contact.objects.create(
                   ^^^^^^^^^^^^^^^^^^^^^^^
  File "/home/alimt/Minibini/venv/lib/python3.12/site-packages/django/db/models/manager.py", line 87, in manager_method
    return getattr(self.get_queryset(), name)(*args, **kwargs)
           ^^^^^^^^^^^^^^^^^^^^^^^^^^^^^^^^^^^^^^^^^^^^^^^^^^^
  File "/home/alimt/Minibini/venv/lib/python3.12/site-packages/django/db/models/query.py", line 661, in create
    obj = self.model(**kwargs)
          ^^^^^^^^^^^^^^^^^^^^
  File "/home/alimt/Minibini/venv/lib/python3.12/site-packages/django/db/models/base.py", line 558, in __init__
    _setattr(self, prop, value)
AttributeError: property 'name' of 'Contact' object has no setter

======================================================================
ERROR: test_revise_worksheet_copies_tasks (tests.test_estimate_worksheet_states.EstWorksheetStateTests.test_revise_worksheet_copies_tasks)
Test that revising a worksheet copies all tasks to the new version.
----------------------------------------------------------------------
Traceback (most recent call last):
  File "/home/alimt/Minibini/tests/test_estimate_worksheet_states.py", line 134, in setUp
    self.contact = Contact.objects.create(
                   ^^^^^^^^^^^^^^^^^^^^^^^
  File "/home/alimt/Minibini/venv/lib/python3.12/site-packages/django/db/models/manager.py", line 87, in manager_method
    return getattr(self.get_queryset(), name)(*args, **kwargs)
           ^^^^^^^^^^^^^^^^^^^^^^^^^^^^^^^^^^^^^^^^^^^^^^^^^^^
  File "/home/alimt/Minibini/venv/lib/python3.12/site-packages/django/db/models/query.py", line 661, in create
    obj = self.model(**kwargs)
          ^^^^^^^^^^^^^^^^^^^^
  File "/home/alimt/Minibini/venv/lib/python3.12/site-packages/django/db/models/base.py", line 558, in __init__
    _setattr(self, prop, value)
AttributeError: property 'name' of 'Contact' object has no setter

======================================================================
ERROR: test_revise_worksheet_creates_new_draft (tests.test_estimate_worksheet_states.EstWorksheetStateTests.test_revise_worksheet_creates_new_draft)
Test that revising a worksheet creates a new draft version.
----------------------------------------------------------------------
Traceback (most recent call last):
  File "/home/alimt/Minibini/tests/test_estimate_worksheet_states.py", line 134, in setUp
    self.contact = Contact.objects.create(
                   ^^^^^^^^^^^^^^^^^^^^^^^
  File "/home/alimt/Minibini/venv/lib/python3.12/site-packages/django/db/models/manager.py", line 87, in manager_method
    return getattr(self.get_queryset(), name)(*args, **kwargs)
           ^^^^^^^^^^^^^^^^^^^^^^^^^^^^^^^^^^^^^^^^^^^^^^^^^^^
  File "/home/alimt/Minibini/venv/lib/python3.12/site-packages/django/db/models/query.py", line 661, in create
    obj = self.model(**kwargs)
          ^^^^^^^^^^^^^^^^^^^^
  File "/home/alimt/Minibini/venv/lib/python3.12/site-packages/django/db/models/base.py", line 558, in __init__
    _setattr(self, prop, value)
AttributeError: property 'name' of 'Contact' object has no setter

======================================================================
ERROR: test_generate_estimate_from_revised_worksheet (tests.test_estimate_worksheet_states.EstimateGenerationServiceTests.test_generate_estimate_from_revised_worksheet)
Test generating estimate from revised worksheet creates child estimate.
----------------------------------------------------------------------
Traceback (most recent call last):
  File "/home/alimt/Minibini/tests/test_estimate_worksheet_states.py", line 275, in setUp
    self.contact = Contact.objects.create(
                   ^^^^^^^^^^^^^^^^^^^^^^^
  File "/home/alimt/Minibini/venv/lib/python3.12/site-packages/django/db/models/manager.py", line 87, in manager_method
    return getattr(self.get_queryset(), name)(*args, **kwargs)
           ^^^^^^^^^^^^^^^^^^^^^^^^^^^^^^^^^^^^^^^^^^^^^^^^^^^
  File "/home/alimt/Minibini/venv/lib/python3.12/site-packages/django/db/models/query.py", line 661, in create
    obj = self.model(**kwargs)
          ^^^^^^^^^^^^^^^^^^^^
  File "/home/alimt/Minibini/venv/lib/python3.12/site-packages/django/db/models/base.py", line 558, in __init__
    _setattr(self, prop, value)
AttributeError: property 'name' of 'Contact' object has no setter

======================================================================
ERROR: test_generate_estimate_without_parent (tests.test_estimate_worksheet_states.EstimateGenerationServiceTests.test_generate_estimate_without_parent)
Test generating estimate from worksheet without parent.
----------------------------------------------------------------------
Traceback (most recent call last):
  File "/home/alimt/Minibini/tests/test_estimate_worksheet_states.py", line 275, in setUp
    self.contact = Contact.objects.create(
                   ^^^^^^^^^^^^^^^^^^^^^^^
  File "/home/alimt/Minibini/venv/lib/python3.12/site-packages/django/db/models/manager.py", line 87, in manager_method
    return getattr(self.get_queryset(), name)(*args, **kwargs)
           ^^^^^^^^^^^^^^^^^^^^^^^^^^^^^^^^^^^^^^^^^^^^^^^^^^^
  File "/home/alimt/Minibini/venv/lib/python3.12/site-packages/django/db/models/query.py", line 661, in create
    obj = self.model(**kwargs)
          ^^^^^^^^^^^^^^^^^^^^
  File "/home/alimt/Minibini/venv/lib/python3.12/site-packages/django/db/models/base.py", line 558, in __init__
    _setattr(self, prop, value)
AttributeError: property 'name' of 'Contact' object has no setter

======================================================================
ERROR: test_cannot_mark_non_draft_estimate_as_open (tests.test_estimate_worksheet_states.EstimateStateTests.test_cannot_mark_non_draft_estimate_as_open)
Test that only draft estimates can be marked as open.
----------------------------------------------------------------------
Traceback (most recent call last):
  File "/home/alimt/Minibini/tests/test_estimate_worksheet_states.py", line 32, in setUp
    self.contact = Contact.objects.create(
                   ^^^^^^^^^^^^^^^^^^^^^^^
  File "/home/alimt/Minibini/venv/lib/python3.12/site-packages/django/db/models/manager.py", line 87, in manager_method
    return getattr(self.get_queryset(), name)(*args, **kwargs)
           ^^^^^^^^^^^^^^^^^^^^^^^^^^^^^^^^^^^^^^^^^^^^^^^^^^^
  File "/home/alimt/Minibini/venv/lib/python3.12/site-packages/django/db/models/query.py", line 661, in create
    obj = self.model(**kwargs)
          ^^^^^^^^^^^^^^^^^^^^
  File "/home/alimt/Minibini/venv/lib/python3.12/site-packages/django/db/models/base.py", line 558, in __init__
    _setattr(self, prop, value)
AttributeError: property 'name' of 'Contact' object has no setter

======================================================================
ERROR: test_estimate_version_increment (tests.test_estimate_worksheet_states.EstimateStateTests.test_estimate_version_increment)
Test that estimate versions increment correctly.
----------------------------------------------------------------------
Traceback (most recent call last):
  File "/home/alimt/Minibini/tests/test_estimate_worksheet_states.py", line 32, in setUp
    self.contact = Contact.objects.create(
                   ^^^^^^^^^^^^^^^^^^^^^^^
  File "/home/alimt/Minibini/venv/lib/python3.12/site-packages/django/db/models/manager.py", line 87, in manager_method
    return getattr(self.get_queryset(), name)(*args, **kwargs)
           ^^^^^^^^^^^^^^^^^^^^^^^^^^^^^^^^^^^^^^^^^^^^^^^^^^^
  File "/home/alimt/Minibini/venv/lib/python3.12/site-packages/django/db/models/query.py", line 661, in create
    obj = self.model(**kwargs)
          ^^^^^^^^^^^^^^^^^^^^
  File "/home/alimt/Minibini/venv/lib/python3.12/site-packages/django/db/models/base.py", line 558, in __init__
    _setattr(self, prop, value)
AttributeError: property 'name' of 'Contact' object has no setter

======================================================================
ERROR: test_mark_estimate_as_open (tests.test_estimate_worksheet_states.EstimateStateTests.test_mark_estimate_as_open)
Test marking a draft estimate as open.
----------------------------------------------------------------------
Traceback (most recent call last):
  File "/home/alimt/Minibini/tests/test_estimate_worksheet_states.py", line 32, in setUp
    self.contact = Contact.objects.create(
                   ^^^^^^^^^^^^^^^^^^^^^^^
  File "/home/alimt/Minibini/venv/lib/python3.12/site-packages/django/db/models/manager.py", line 87, in manager_method
    return getattr(self.get_queryset(), name)(*args, **kwargs)
           ^^^^^^^^^^^^^^^^^^^^^^^^^^^^^^^^^^^^^^^^^^^^^^^^^^^
  File "/home/alimt/Minibini/venv/lib/python3.12/site-packages/django/db/models/query.py", line 661, in create
    obj = self.model(**kwargs)
          ^^^^^^^^^^^^^^^^^^^^
  File "/home/alimt/Minibini/venv/lib/python3.12/site-packages/django/db/models/base.py", line 558, in __init__
    _setattr(self, prop, value)
AttributeError: property 'name' of 'Contact' object has no setter

======================================================================
ERROR: test_full_workflow (tests.test_estimate_worksheet_states.IntegrationTests.test_full_workflow)
Test the complete workflow from draft to revision.
----------------------------------------------------------------------
Traceback (most recent call last):
  File "/home/alimt/Minibini/tests/test_estimate_worksheet_states.py", line 398, in setUp
    self.contact = Contact.objects.create(
                   ^^^^^^^^^^^^^^^^^^^^^^^
  File "/home/alimt/Minibini/venv/lib/python3.12/site-packages/django/db/models/manager.py", line 87, in manager_method
    return getattr(self.get_queryset(), name)(*args, **kwargs)
           ^^^^^^^^^^^^^^^^^^^^^^^^^^^^^^^^^^^^^^^^^^^^^^^^^^^
  File "/home/alimt/Minibini/venv/lib/python3.12/site-packages/django/db/models/query.py", line 661, in create
    obj = self.model(**kwargs)
          ^^^^^^^^^^^^^^^^^^^^
  File "/home/alimt/Minibini/venv/lib/python3.12/site-packages/django/db/models/base.py", line 558, in __init__
    _setattr(self, prop, value)
AttributeError: property 'name' of 'Contact' object has no setter

======================================================================
ERROR: test_estworksheet_cannot_be_created_with_non_draft_status (tests.test_estworksheet.EstWorksheetModelTest.test_estworksheet_cannot_be_created_with_non_draft_status)
Test that new EstWorksheets always start as draft, even if another status is attempted.
----------------------------------------------------------------------
Traceback (most recent call last):
  File "/home/alimt/Minibini/tests/test_estworksheet.py", line 21, in setUp
    self.contact = Contact.objects.create(name="Test Customer")
                   ^^^^^^^^^^^^^^^^^^^^^^^^^^^^^^^^^^^^^^^^^^^^
  File "/home/alimt/Minibini/venv/lib/python3.12/site-packages/django/db/models/manager.py", line 87, in manager_method
    return getattr(self.get_queryset(), name)(*args, **kwargs)
           ^^^^^^^^^^^^^^^^^^^^^^^^^^^^^^^^^^^^^^^^^^^^^^^^^^^
  File "/home/alimt/Minibini/venv/lib/python3.12/site-packages/django/db/models/query.py", line 661, in create
    obj = self.model(**kwargs)
          ^^^^^^^^^^^^^^^^^^^^
  File "/home/alimt/Minibini/venv/lib/python3.12/site-packages/django/db/models/base.py", line 558, in __init__
    _setattr(self, prop, value)
AttributeError: property 'name' of 'Contact' object has no setter

======================================================================
ERROR: test_estworksheet_creation (tests.test_estworksheet.EstWorksheetModelTest.test_estworksheet_creation)
Test creating an EstWorksheet.
----------------------------------------------------------------------
Traceback (most recent call last):
  File "/home/alimt/Minibini/tests/test_estworksheet.py", line 21, in setUp
    self.contact = Contact.objects.create(name="Test Customer")
                   ^^^^^^^^^^^^^^^^^^^^^^^^^^^^^^^^^^^^^^^^^^^^
  File "/home/alimt/Minibini/venv/lib/python3.12/site-packages/django/db/models/manager.py", line 87, in manager_method
    return getattr(self.get_queryset(), name)(*args, **kwargs)
           ^^^^^^^^^^^^^^^^^^^^^^^^^^^^^^^^^^^^^^^^^^^^^^^^^^^
  File "/home/alimt/Minibini/venv/lib/python3.12/site-packages/django/db/models/query.py", line 661, in create
    obj = self.model(**kwargs)
          ^^^^^^^^^^^^^^^^^^^^
  File "/home/alimt/Minibini/venv/lib/python3.12/site-packages/django/db/models/base.py", line 558, in __init__
    _setattr(self, prop, value)
AttributeError: property 'name' of 'Contact' object has no setter

======================================================================
ERROR: test_estworksheet_default_status_is_draft (tests.test_estworksheet.EstWorksheetModelTest.test_estworksheet_default_status_is_draft)
Test that EstWorksheet always starts in draft status by default.
----------------------------------------------------------------------
Traceback (most recent call last):
  File "/home/alimt/Minibini/tests/test_estworksheet.py", line 21, in setUp
    self.contact = Contact.objects.create(name="Test Customer")
                   ^^^^^^^^^^^^^^^^^^^^^^^^^^^^^^^^^^^^^^^^^^^^
  File "/home/alimt/Minibini/venv/lib/python3.12/site-packages/django/db/models/manager.py", line 87, in manager_method
    return getattr(self.get_queryset(), name)(*args, **kwargs)
           ^^^^^^^^^^^^^^^^^^^^^^^^^^^^^^^^^^^^^^^^^^^^^^^^^^^
  File "/home/alimt/Minibini/venv/lib/python3.12/site-packages/django/db/models/query.py", line 661, in create
    obj = self.model(**kwargs)
          ^^^^^^^^^^^^^^^^^^^^
  File "/home/alimt/Minibini/venv/lib/python3.12/site-packages/django/db/models/base.py", line 558, in __init__
    _setattr(self, prop, value)
AttributeError: property 'name' of 'Contact' object has no setter

======================================================================
ERROR: test_estworksheet_str_method (tests.test_estworksheet.EstWorksheetModelTest.test_estworksheet_str_method)
Test EstWorksheet string representation.
----------------------------------------------------------------------
Traceback (most recent call last):
  File "/home/alimt/Minibini/tests/test_estworksheet.py", line 21, in setUp
    self.contact = Contact.objects.create(name="Test Customer")
                   ^^^^^^^^^^^^^^^^^^^^^^^^^^^^^^^^^^^^^^^^^^^^
  File "/home/alimt/Minibini/venv/lib/python3.12/site-packages/django/db/models/manager.py", line 87, in manager_method
    return getattr(self.get_queryset(), name)(*args, **kwargs)
           ^^^^^^^^^^^^^^^^^^^^^^^^^^^^^^^^^^^^^^^^^^^^^^^^^^^
  File "/home/alimt/Minibini/venv/lib/python3.12/site-packages/django/db/models/query.py", line 661, in create
    obj = self.model(**kwargs)
          ^^^^^^^^^^^^^^^^^^^^
  File "/home/alimt/Minibini/venv/lib/python3.12/site-packages/django/db/models/base.py", line 558, in __init__
    _setattr(self, prop, value)
AttributeError: property 'name' of 'Contact' object has no setter

======================================================================
ERROR: test_estworksheet_with_template (tests.test_estworksheet.EstWorksheetModelTest.test_estworksheet_with_template)
Test creating EstWorksheet from template.
----------------------------------------------------------------------
Traceback (most recent call last):
  File "/home/alimt/Minibini/tests/test_estworksheet.py", line 21, in setUp
    self.contact = Contact.objects.create(name="Test Customer")
                   ^^^^^^^^^^^^^^^^^^^^^^^^^^^^^^^^^^^^^^^^^^^^
  File "/home/alimt/Minibini/venv/lib/python3.12/site-packages/django/db/models/manager.py", line 87, in manager_method
    return getattr(self.get_queryset(), name)(*args, **kwargs)
           ^^^^^^^^^^^^^^^^^^^^^^^^^^^^^^^^^^^^^^^^^^^^^^^^^^^
  File "/home/alimt/Minibini/venv/lib/python3.12/site-packages/django/db/models/query.py", line 661, in create
    obj = self.model(**kwargs)
          ^^^^^^^^^^^^^^^^^^^^
  File "/home/alimt/Minibini/venv/lib/python3.12/site-packages/django/db/models/base.py", line 558, in __init__
    _setattr(self, prop, value)
AttributeError: property 'name' of 'Contact' object has no setter

======================================================================
ERROR: test_worksheet_status_change_on_estimate_update (tests.test_estworksheet.EstWorksheetStatusTransitionTest.test_worksheet_status_change_on_estimate_update)
Test worksheet status updates when estimate status changes.
----------------------------------------------------------------------
Traceback (most recent call last):
  File "/home/alimt/Minibini/tests/test_estworksheet.py", line 93, in setUp
    self.contact = Contact.objects.create(name="Test Customer")
                   ^^^^^^^^^^^^^^^^^^^^^^^^^^^^^^^^^^^^^^^^^^^^
  File "/home/alimt/Minibini/venv/lib/python3.12/site-packages/django/db/models/manager.py", line 87, in manager_method
    return getattr(self.get_queryset(), name)(*args, **kwargs)
           ^^^^^^^^^^^^^^^^^^^^^^^^^^^^^^^^^^^^^^^^^^^^^^^^^^^
  File "/home/alimt/Minibini/venv/lib/python3.12/site-packages/django/db/models/query.py", line 661, in create
    obj = self.model(**kwargs)
          ^^^^^^^^^^^^^^^^^^^^
  File "/home/alimt/Minibini/venv/lib/python3.12/site-packages/django/db/models/base.py", line 558, in __init__
    _setattr(self, prop, value)
AttributeError: property 'name' of 'Contact' object has no setter

======================================================================
ERROR: test_worksheet_status_with_accepted_estimate (tests.test_estworksheet.EstWorksheetStatusTransitionTest.test_worksheet_status_with_accepted_estimate)
Test worksheet moves to final when estimate is accepted.
----------------------------------------------------------------------
Traceback (most recent call last):
  File "/home/alimt/Minibini/tests/test_estworksheet.py", line 93, in setUp
    self.contact = Contact.objects.create(name="Test Customer")
                   ^^^^^^^^^^^^^^^^^^^^^^^^^^^^^^^^^^^^^^^^^^^^
  File "/home/alimt/Minibini/venv/lib/python3.12/site-packages/django/db/models/manager.py", line 87, in manager_method
    return getattr(self.get_queryset(), name)(*args, **kwargs)
           ^^^^^^^^^^^^^^^^^^^^^^^^^^^^^^^^^^^^^^^^^^^^^^^^^^^
  File "/home/alimt/Minibini/venv/lib/python3.12/site-packages/django/db/models/query.py", line 661, in create
    obj = self.model(**kwargs)
          ^^^^^^^^^^^^^^^^^^^^
  File "/home/alimt/Minibini/venv/lib/python3.12/site-packages/django/db/models/base.py", line 558, in __init__
    _setattr(self, prop, value)
AttributeError: property 'name' of 'Contact' object has no setter

======================================================================
ERROR: test_worksheet_status_with_draft_estimate (tests.test_estworksheet.EstWorksheetStatusTransitionTest.test_worksheet_status_with_draft_estimate)
Test worksheet remains in draft when estimate is draft.
----------------------------------------------------------------------
Traceback (most recent call last):
  File "/home/alimt/Minibini/tests/test_estworksheet.py", line 93, in setUp
    self.contact = Contact.objects.create(name="Test Customer")
                   ^^^^^^^^^^^^^^^^^^^^^^^^^^^^^^^^^^^^^^^^^^^^
  File "/home/alimt/Minibini/venv/lib/python3.12/site-packages/django/db/models/manager.py", line 87, in manager_method
    return getattr(self.get_queryset(), name)(*args, **kwargs)
           ^^^^^^^^^^^^^^^^^^^^^^^^^^^^^^^^^^^^^^^^^^^^^^^^^^^
  File "/home/alimt/Minibini/venv/lib/python3.12/site-packages/django/db/models/query.py", line 661, in create
    obj = self.model(**kwargs)
          ^^^^^^^^^^^^^^^^^^^^
  File "/home/alimt/Minibini/venv/lib/python3.12/site-packages/django/db/models/base.py", line 558, in __init__
    _setattr(self, prop, value)
AttributeError: property 'name' of 'Contact' object has no setter

======================================================================
ERROR: test_worksheet_status_with_open_estimate (tests.test_estworksheet.EstWorksheetStatusTransitionTest.test_worksheet_status_with_open_estimate)
Test worksheet moves to final when estimate is open.
----------------------------------------------------------------------
Traceback (most recent call last):
  File "/home/alimt/Minibini/tests/test_estworksheet.py", line 93, in setUp
    self.contact = Contact.objects.create(name="Test Customer")
                   ^^^^^^^^^^^^^^^^^^^^^^^^^^^^^^^^^^^^^^^^^^^^
  File "/home/alimt/Minibini/venv/lib/python3.12/site-packages/django/db/models/manager.py", line 87, in manager_method
    return getattr(self.get_queryset(), name)(*args, **kwargs)
           ^^^^^^^^^^^^^^^^^^^^^^^^^^^^^^^^^^^^^^^^^^^^^^^^^^^
  File "/home/alimt/Minibini/venv/lib/python3.12/site-packages/django/db/models/query.py", line 661, in create
    obj = self.model(**kwargs)
          ^^^^^^^^^^^^^^^^^^^^
  File "/home/alimt/Minibini/venv/lib/python3.12/site-packages/django/db/models/base.py", line 558, in __init__
    _setattr(self, prop, value)
AttributeError: property 'name' of 'Contact' object has no setter

======================================================================
ERROR: test_worksheet_status_with_rejected_estimate (tests.test_estworksheet.EstWorksheetStatusTransitionTest.test_worksheet_status_with_rejected_estimate)
Test worksheet moves to final when estimate is rejected.
----------------------------------------------------------------------
Traceback (most recent call last):
  File "/home/alimt/Minibini/tests/test_estworksheet.py", line 93, in setUp
    self.contact = Contact.objects.create(name="Test Customer")
                   ^^^^^^^^^^^^^^^^^^^^^^^^^^^^^^^^^^^^^^^^^^^^
  File "/home/alimt/Minibini/venv/lib/python3.12/site-packages/django/db/models/manager.py", line 87, in manager_method
    return getattr(self.get_queryset(), name)(*args, **kwargs)
           ^^^^^^^^^^^^^^^^^^^^^^^^^^^^^^^^^^^^^^^^^^^^^^^^^^^
  File "/home/alimt/Minibini/venv/lib/python3.12/site-packages/django/db/models/query.py", line 661, in create
    obj = self.model(**kwargs)
          ^^^^^^^^^^^^^^^^^^^^
  File "/home/alimt/Minibini/venv/lib/python3.12/site-packages/django/db/models/base.py", line 558, in __init__
    _setattr(self, prop, value)
AttributeError: property 'name' of 'Contact' object has no setter

======================================================================
ERROR: test_worksheet_status_with_superseded_estimate (tests.test_estworksheet.EstWorksheetStatusTransitionTest.test_worksheet_status_with_superseded_estimate)
Test worksheet moves to superseded when estimate is superseded.
----------------------------------------------------------------------
Traceback (most recent call last):
  File "/home/alimt/Minibini/tests/test_estworksheet.py", line 93, in setUp
    self.contact = Contact.objects.create(name="Test Customer")
                   ^^^^^^^^^^^^^^^^^^^^^^^^^^^^^^^^^^^^^^^^^^^^
  File "/home/alimt/Minibini/venv/lib/python3.12/site-packages/django/db/models/manager.py", line 87, in manager_method
    return getattr(self.get_queryset(), name)(*args, **kwargs)
           ^^^^^^^^^^^^^^^^^^^^^^^^^^^^^^^^^^^^^^^^^^^^^^^^^^^
  File "/home/alimt/Minibini/venv/lib/python3.12/site-packages/django/db/models/query.py", line 661, in create
    obj = self.model(**kwargs)
          ^^^^^^^^^^^^^^^^^^^^
  File "/home/alimt/Minibini/venv/lib/python3.12/site-packages/django/db/models/base.py", line 558, in __init__
    _setattr(self, prop, value)
AttributeError: property 'name' of 'Contact' object has no setter

======================================================================
ERROR: test_create_new_version (tests.test_estworksheet.EstWorksheetVersioningTest.test_create_new_version)
Test creating a new version of EstWorksheet.
----------------------------------------------------------------------
Traceback (most recent call last):
  File "/home/alimt/Minibini/tests/test_estworksheet.py", line 210, in setUp
    self.contact = Contact.objects.create(name="Test Customer")
                   ^^^^^^^^^^^^^^^^^^^^^^^^^^^^^^^^^^^^^^^^^^^^
  File "/home/alimt/Minibini/venv/lib/python3.12/site-packages/django/db/models/manager.py", line 87, in manager_method
    return getattr(self.get_queryset(), name)(*args, **kwargs)
           ^^^^^^^^^^^^^^^^^^^^^^^^^^^^^^^^^^^^^^^^^^^^^^^^^^^
  File "/home/alimt/Minibini/venv/lib/python3.12/site-packages/django/db/models/query.py", line 661, in create
    obj = self.model(**kwargs)
          ^^^^^^^^^^^^^^^^^^^^
  File "/home/alimt/Minibini/venv/lib/python3.12/site-packages/django/db/models/base.py", line 558, in __init__
    _setattr(self, prop, value)
AttributeError: property 'name' of 'Contact' object has no setter

======================================================================
ERROR: test_version_chain (tests.test_estworksheet.EstWorksheetVersioningTest.test_version_chain)
Test creating multiple versions maintains proper chain.
----------------------------------------------------------------------
Traceback (most recent call last):
  File "/home/alimt/Minibini/tests/test_estworksheet.py", line 210, in setUp
    self.contact = Contact.objects.create(name="Test Customer")
                   ^^^^^^^^^^^^^^^^^^^^^^^^^^^^^^^^^^^^^^^^^^^^
  File "/home/alimt/Minibini/venv/lib/python3.12/site-packages/django/db/models/manager.py", line 87, in manager_method
    return getattr(self.get_queryset(), name)(*args, **kwargs)
           ^^^^^^^^^^^^^^^^^^^^^^^^^^^^^^^^^^^^^^^^^^^^^^^^^^^
  File "/home/alimt/Minibini/venv/lib/python3.12/site-packages/django/db/models/query.py", line 661, in create
    obj = self.model(**kwargs)
          ^^^^^^^^^^^^^^^^^^^^
  File "/home/alimt/Minibini/venv/lib/python3.12/site-packages/django/db/models/base.py", line 558, in __init__
    _setattr(self, prop, value)
AttributeError: property 'name' of 'Contact' object has no setter

======================================================================
ERROR: test_task_cannot_have_both_containers (tests.test_estworksheet.TaskWorkContainerTest.test_task_cannot_have_both_containers)
Test task cannot be attached to both WorkOrder and EstWorksheet.
----------------------------------------------------------------------
Traceback (most recent call last):
  File "/home/alimt/Minibini/tests/test_estworksheet.py", line 300, in setUp
    self.contact = Contact.objects.create(name="Test Customer")
                   ^^^^^^^^^^^^^^^^^^^^^^^^^^^^^^^^^^^^^^^^^^^^
  File "/home/alimt/Minibini/venv/lib/python3.12/site-packages/django/db/models/manager.py", line 87, in manager_method
    return getattr(self.get_queryset(), name)(*args, **kwargs)
           ^^^^^^^^^^^^^^^^^^^^^^^^^^^^^^^^^^^^^^^^^^^^^^^^^^^
  File "/home/alimt/Minibini/venv/lib/python3.12/site-packages/django/db/models/query.py", line 661, in create
    obj = self.model(**kwargs)
          ^^^^^^^^^^^^^^^^^^^^
  File "/home/alimt/Minibini/venv/lib/python3.12/site-packages/django/db/models/base.py", line 558, in __init__
    _setattr(self, prop, value)
AttributeError: property 'name' of 'Contact' object has no setter

======================================================================
ERROR: test_task_must_have_container (tests.test_estworksheet.TaskWorkContainerTest.test_task_must_have_container)
Test task must be attached to either WorkOrder or EstWorksheet.
----------------------------------------------------------------------
Traceback (most recent call last):
  File "/home/alimt/Minibini/tests/test_estworksheet.py", line 300, in setUp
    self.contact = Contact.objects.create(name="Test Customer")
                   ^^^^^^^^^^^^^^^^^^^^^^^^^^^^^^^^^^^^^^^^^^^^
  File "/home/alimt/Minibini/venv/lib/python3.12/site-packages/django/db/models/manager.py", line 87, in manager_method
    return getattr(self.get_queryset(), name)(*args, **kwargs)
           ^^^^^^^^^^^^^^^^^^^^^^^^^^^^^^^^^^^^^^^^^^^^^^^^^^^
  File "/home/alimt/Minibini/venv/lib/python3.12/site-packages/django/db/models/query.py", line 661, in create
    obj = self.model(**kwargs)
          ^^^^^^^^^^^^^^^^^^^^
  File "/home/alimt/Minibini/venv/lib/python3.12/site-packages/django/db/models/base.py", line 558, in __init__
    _setattr(self, prop, value)
AttributeError: property 'name' of 'Contact' object has no setter

======================================================================
ERROR: test_task_with_estworksheet (tests.test_estworksheet.TaskWorkContainerTest.test_task_with_estworksheet)
Test creating task attached to EstWorksheet.
----------------------------------------------------------------------
Traceback (most recent call last):
  File "/home/alimt/Minibini/tests/test_estworksheet.py", line 300, in setUp
    self.contact = Contact.objects.create(name="Test Customer")
                   ^^^^^^^^^^^^^^^^^^^^^^^^^^^^^^^^^^^^^^^^^^^^
  File "/home/alimt/Minibini/venv/lib/python3.12/site-packages/django/db/models/manager.py", line 87, in manager_method
    return getattr(self.get_queryset(), name)(*args, **kwargs)
           ^^^^^^^^^^^^^^^^^^^^^^^^^^^^^^^^^^^^^^^^^^^^^^^^^^^
  File "/home/alimt/Minibini/venv/lib/python3.12/site-packages/django/db/models/query.py", line 661, in create
    obj = self.model(**kwargs)
          ^^^^^^^^^^^^^^^^^^^^
  File "/home/alimt/Minibini/venv/lib/python3.12/site-packages/django/db/models/base.py", line 558, in __init__
    _setattr(self, prop, value)
AttributeError: property 'name' of 'Contact' object has no setter

======================================================================
ERROR: test_task_with_workorder (tests.test_estworksheet.TaskWorkContainerTest.test_task_with_workorder)
Test creating task attached to WorkOrder.
----------------------------------------------------------------------
Traceback (most recent call last):
  File "/home/alimt/Minibini/tests/test_estworksheet.py", line 300, in setUp
    self.contact = Contact.objects.create(name="Test Customer")
                   ^^^^^^^^^^^^^^^^^^^^^^^^^^^^^^^^^^^^^^^^^^^^
  File "/home/alimt/Minibini/venv/lib/python3.12/site-packages/django/db/models/manager.py", line 87, in manager_method
    return getattr(self.get_queryset(), name)(*args, **kwargs)
           ^^^^^^^^^^^^^^^^^^^^^^^^^^^^^^^^^^^^^^^^^^^^^^^^^^^
  File "/home/alimt/Minibini/venv/lib/python3.12/site-packages/django/db/models/query.py", line 661, in create
    obj = self.model(**kwargs)
          ^^^^^^^^^^^^^^^^^^^^
  File "/home/alimt/Minibini/venv/lib/python3.12/site-packages/django/db/models/base.py", line 558, in __init__
    _setattr(self, prop, value)
AttributeError: property 'name' of 'Contact' object has no setter

======================================================================
ERROR: test_worksheet_task_set (tests.test_estworksheet.TaskWorkContainerTest.test_worksheet_task_set)
Test accessing tasks through EstWorksheet.
----------------------------------------------------------------------
Traceback (most recent call last):
  File "/home/alimt/Minibini/tests/test_estworksheet.py", line 300, in setUp
    self.contact = Contact.objects.create(name="Test Customer")
                   ^^^^^^^^^^^^^^^^^^^^^^^^^^^^^^^^^^^^^^^^^^^^
  File "/home/alimt/Minibini/venv/lib/python3.12/site-packages/django/db/models/manager.py", line 87, in manager_method
    return getattr(self.get_queryset(), name)(*args, **kwargs)
           ^^^^^^^^^^^^^^^^^^^^^^^^^^^^^^^^^^^^^^^^^^^^^^^^^^^
  File "/home/alimt/Minibini/venv/lib/python3.12/site-packages/django/db/models/query.py", line 661, in create
    obj = self.model(**kwargs)
          ^^^^^^^^^^^^^^^^^^^^
  File "/home/alimt/Minibini/venv/lib/python3.12/site-packages/django/db/models/base.py", line 558, in __init__
    _setattr(self, prop, value)
AttributeError: property 'name' of 'Contact' object has no setter

======================================================================
ERROR: test_cancel_returns_to_job_detail (tests.test_estworksheet_creation_from_job.EstWorksheetCreateFromJobTest.test_cancel_returns_to_job_detail)
Test that cancel link returns to job detail page
----------------------------------------------------------------------
Traceback (most recent call last):
  File "/home/alimt/Minibini/tests/test_estworksheet_creation_from_job.py", line 10, in setUp
    self.contact = Contact.objects.create(name="Test Customer")
                   ^^^^^^^^^^^^^^^^^^^^^^^^^^^^^^^^^^^^^^^^^^^^
  File "/home/alimt/Minibini/venv/lib/python3.12/site-packages/django/db/models/manager.py", line 87, in manager_method
    return getattr(self.get_queryset(), name)(*args, **kwargs)
           ^^^^^^^^^^^^^^^^^^^^^^^^^^^^^^^^^^^^^^^^^^^^^^^^^^^
  File "/home/alimt/Minibini/venv/lib/python3.12/site-packages/django/db/models/query.py", line 661, in create
    obj = self.model(**kwargs)
          ^^^^^^^^^^^^^^^^^^^^
  File "/home/alimt/Minibini/venv/lib/python3.12/site-packages/django/db/models/base.py", line 558, in __init__
    _setattr(self, prop, value)
AttributeError: property 'name' of 'Contact' object has no setter

======================================================================
ERROR: test_estworksheet_always_created_as_draft (tests.test_estworksheet_creation_from_job.EstWorksheetCreateFromJobTest.test_estworksheet_always_created_as_draft)
Test that new worksheet always starts in draft status
----------------------------------------------------------------------
Traceback (most recent call last):
  File "/home/alimt/Minibini/tests/test_estworksheet_creation_from_job.py", line 10, in setUp
    self.contact = Contact.objects.create(name="Test Customer")
                   ^^^^^^^^^^^^^^^^^^^^^^^^^^^^^^^^^^^^^^^^^^^^
  File "/home/alimt/Minibini/venv/lib/python3.12/site-packages/django/db/models/manager.py", line 87, in manager_method
    return getattr(self.get_queryset(), name)(*args, **kwargs)
           ^^^^^^^^^^^^^^^^^^^^^^^^^^^^^^^^^^^^^^^^^^^^^^^^^^^
  File "/home/alimt/Minibini/venv/lib/python3.12/site-packages/django/db/models/query.py", line 661, in create
    obj = self.model(**kwargs)
          ^^^^^^^^^^^^^^^^^^^^
  File "/home/alimt/Minibini/venv/lib/python3.12/site-packages/django/db/models/base.py", line 558, in __init__
    _setattr(self, prop, value)
AttributeError: property 'name' of 'Contact' object has no setter

======================================================================
ERROR: test_estworksheet_create_for_job_get (tests.test_estworksheet_creation_from_job.EstWorksheetCreateFromJobTest.test_estworksheet_create_for_job_get)
Test GET request to worksheet creation form from job
----------------------------------------------------------------------
Traceback (most recent call last):
  File "/home/alimt/Minibini/tests/test_estworksheet_creation_from_job.py", line 10, in setUp
    self.contact = Contact.objects.create(name="Test Customer")
                   ^^^^^^^^^^^^^^^^^^^^^^^^^^^^^^^^^^^^^^^^^^^^
  File "/home/alimt/Minibini/venv/lib/python3.12/site-packages/django/db/models/manager.py", line 87, in manager_method
    return getattr(self.get_queryset(), name)(*args, **kwargs)
           ^^^^^^^^^^^^^^^^^^^^^^^^^^^^^^^^^^^^^^^^^^^^^^^^^^^
  File "/home/alimt/Minibini/venv/lib/python3.12/site-packages/django/db/models/query.py", line 661, in create
    obj = self.model(**kwargs)
          ^^^^^^^^^^^^^^^^^^^^
  File "/home/alimt/Minibini/venv/lib/python3.12/site-packages/django/db/models/base.py", line 558, in __init__
    _setattr(self, prop, value)
AttributeError: property 'name' of 'Contact' object has no setter

======================================================================
ERROR: test_estworksheet_create_for_job_post_success (tests.test_estworksheet_creation_from_job.EstWorksheetCreateFromJobTest.test_estworksheet_create_for_job_post_success)
Test successful POST request to create worksheet for job
----------------------------------------------------------------------
Traceback (most recent call last):
  File "/home/alimt/Minibini/tests/test_estworksheet_creation_from_job.py", line 10, in setUp
    self.contact = Contact.objects.create(name="Test Customer")
                   ^^^^^^^^^^^^^^^^^^^^^^^^^^^^^^^^^^^^^^^^^^^^
  File "/home/alimt/Minibini/venv/lib/python3.12/site-packages/django/db/models/manager.py", line 87, in manager_method
    return getattr(self.get_queryset(), name)(*args, **kwargs)
           ^^^^^^^^^^^^^^^^^^^^^^^^^^^^^^^^^^^^^^^^^^^^^^^^^^^
  File "/home/alimt/Minibini/venv/lib/python3.12/site-packages/django/db/models/query.py", line 661, in create
    obj = self.model(**kwargs)
          ^^^^^^^^^^^^^^^^^^^^
  File "/home/alimt/Minibini/venv/lib/python3.12/site-packages/django/db/models/base.py", line 558, in __init__
    _setattr(self, prop, value)
AttributeError: property 'name' of 'Contact' object has no setter

======================================================================
ERROR: test_estworksheet_create_with_template (tests.test_estworksheet_creation_from_job.EstWorksheetCreateFromJobTest.test_estworksheet_create_with_template)
Test creating worksheet with a template selected
----------------------------------------------------------------------
Traceback (most recent call last):
  File "/home/alimt/Minibini/tests/test_estworksheet_creation_from_job.py", line 10, in setUp
    self.contact = Contact.objects.create(name="Test Customer")
                   ^^^^^^^^^^^^^^^^^^^^^^^^^^^^^^^^^^^^^^^^^^^^
  File "/home/alimt/Minibini/venv/lib/python3.12/site-packages/django/db/models/manager.py", line 87, in manager_method
    return getattr(self.get_queryset(), name)(*args, **kwargs)
           ^^^^^^^^^^^^^^^^^^^^^^^^^^^^^^^^^^^^^^^^^^^^^^^^^^^
  File "/home/alimt/Minibini/venv/lib/python3.12/site-packages/django/db/models/query.py", line 661, in create
    obj = self.model(**kwargs)
          ^^^^^^^^^^^^^^^^^^^^
  File "/home/alimt/Minibini/venv/lib/python3.12/site-packages/django/db/models/base.py", line 558, in __init__
    _setattr(self, prop, value)
AttributeError: property 'name' of 'Contact' object has no setter

======================================================================
ERROR: test_job_detail_has_create_worksheet_link (tests.test_estworksheet_creation_from_job.EstWorksheetCreateFromJobTest.test_job_detail_has_create_worksheet_link)
Test that job detail page has the Create Worksheet link
----------------------------------------------------------------------
Traceback (most recent call last):
  File "/home/alimt/Minibini/tests/test_estworksheet_creation_from_job.py", line 10, in setUp
    self.contact = Contact.objects.create(name="Test Customer")
                   ^^^^^^^^^^^^^^^^^^^^^^^^^^^^^^^^^^^^^^^^^^^^
  File "/home/alimt/Minibini/venv/lib/python3.12/site-packages/django/db/models/manager.py", line 87, in manager_method
    return getattr(self.get_queryset(), name)(*args, **kwargs)
           ^^^^^^^^^^^^^^^^^^^^^^^^^^^^^^^^^^^^^^^^^^^^^^^^^^^
  File "/home/alimt/Minibini/venv/lib/python3.12/site-packages/django/db/models/query.py", line 661, in create
    obj = self.model(**kwargs)
          ^^^^^^^^^^^^^^^^^^^^
  File "/home/alimt/Minibini/venv/lib/python3.12/site-packages/django/db/models/base.py", line 558, in __init__
    _setattr(self, prop, value)
AttributeError: property 'name' of 'Contact' object has no setter

======================================================================
ERROR: test_multiple_worksheets_for_same_job (tests.test_estworksheet_creation_from_job.EstWorksheetCreateFromJobTest.test_multiple_worksheets_for_same_job)
Test that multiple worksheets can be created for the same job
----------------------------------------------------------------------
Traceback (most recent call last):
  File "/home/alimt/Minibini/tests/test_estworksheet_creation_from_job.py", line 10, in setUp
    self.contact = Contact.objects.create(name="Test Customer")
                   ^^^^^^^^^^^^^^^^^^^^^^^^^^^^^^^^^^^^^^^^^^^^
  File "/home/alimt/Minibini/venv/lib/python3.12/site-packages/django/db/models/manager.py", line 87, in manager_method
    return getattr(self.get_queryset(), name)(*args, **kwargs)
           ^^^^^^^^^^^^^^^^^^^^^^^^^^^^^^^^^^^^^^^^^^^^^^^^^^^
  File "/home/alimt/Minibini/venv/lib/python3.12/site-packages/django/db/models/query.py", line 661, in create
    obj = self.model(**kwargs)
          ^^^^^^^^^^^^^^^^^^^^
  File "/home/alimt/Minibini/venv/lib/python3.12/site-packages/django/db/models/base.py", line 558, in __init__
    _setattr(self, prop, value)
AttributeError: property 'name' of 'Contact' object has no setter

======================================================================
ERROR: test_status_field_not_in_form (tests.test_estworksheet_creation_from_job.EstWorksheetCreateFromJobTest.test_status_field_not_in_form)
Test that status field is not present in the creation form
----------------------------------------------------------------------
Traceback (most recent call last):
  File "/home/alimt/Minibini/tests/test_estworksheet_creation_from_job.py", line 10, in setUp
    self.contact = Contact.objects.create(name="Test Customer")
                   ^^^^^^^^^^^^^^^^^^^^^^^^^^^^^^^^^^^^^^^^^^^^
  File "/home/alimt/Minibini/venv/lib/python3.12/site-packages/django/db/models/manager.py", line 87, in manager_method
    return getattr(self.get_queryset(), name)(*args, **kwargs)
           ^^^^^^^^^^^^^^^^^^^^^^^^^^^^^^^^^^^^^^^^^^^^^^^^^^^
  File "/home/alimt/Minibini/venv/lib/python3.12/site-packages/django/db/models/query.py", line 661, in create
    obj = self.model(**kwargs)
          ^^^^^^^^^^^^^^^^^^^^
  File "/home/alimt/Minibini/venv/lib/python3.12/site-packages/django/db/models/base.py", line 558, in __init__
    _setattr(self, prop, value)
AttributeError: property 'name' of 'Contact' object has no setter

======================================================================
ERROR: test_template_selection_creates_tasks (tests.test_estworksheet_creation_from_job.EstWorksheetCreateFromJobTest.test_template_selection_creates_tasks)
Test that selecting a template creates tasks from it
----------------------------------------------------------------------
Traceback (most recent call last):
  File "/home/alimt/Minibini/tests/test_estworksheet_creation_from_job.py", line 10, in setUp
    self.contact = Contact.objects.create(name="Test Customer")
                   ^^^^^^^^^^^^^^^^^^^^^^^^^^^^^^^^^^^^^^^^^^^^
  File "/home/alimt/Minibini/venv/lib/python3.12/site-packages/django/db/models/manager.py", line 87, in manager_method
    return getattr(self.get_queryset(), name)(*args, **kwargs)
           ^^^^^^^^^^^^^^^^^^^^^^^^^^^^^^^^^^^^^^^^^^^^^^^^^^^
  File "/home/alimt/Minibini/venv/lib/python3.12/site-packages/django/db/models/query.py", line 661, in create
    obj = self.model(**kwargs)
          ^^^^^^^^^^^^^^^^^^^^
  File "/home/alimt/Minibini/venv/lib/python3.12/site-packages/django/db/models/base.py", line 558, in __init__
    _setattr(self, prop, value)
AttributeError: property 'name' of 'Contact' object has no setter

======================================================================
ERROR: test_worksheet_created_with_draft_estimate (tests.test_estworksheet_signals.EstWorksheetInitialStatusTest.test_worksheet_created_with_draft_estimate)
Test worksheet created with draft estimate starts as draft.
----------------------------------------------------------------------
Traceback (most recent call last):
  File "/home/alimt/Minibini/tests/test_estworksheet_signals.py", line 281, in setUp
    self.contact = Contact.objects.create(name="Test Customer")
                   ^^^^^^^^^^^^^^^^^^^^^^^^^^^^^^^^^^^^^^^^^^^^
  File "/home/alimt/Minibini/venv/lib/python3.12/site-packages/django/db/models/manager.py", line 87, in manager_method
    return getattr(self.get_queryset(), name)(*args, **kwargs)
           ^^^^^^^^^^^^^^^^^^^^^^^^^^^^^^^^^^^^^^^^^^^^^^^^^^^
  File "/home/alimt/Minibini/venv/lib/python3.12/site-packages/django/db/models/query.py", line 661, in create
    obj = self.model(**kwargs)
          ^^^^^^^^^^^^^^^^^^^^
  File "/home/alimt/Minibini/venv/lib/python3.12/site-packages/django/db/models/base.py", line 558, in __init__
    _setattr(self, prop, value)
AttributeError: property 'name' of 'Contact' object has no setter

======================================================================
ERROR: test_worksheet_created_with_open_estimate (tests.test_estworksheet_signals.EstWorksheetInitialStatusTest.test_worksheet_created_with_open_estimate)
Test worksheet created with open estimate starts as final.
----------------------------------------------------------------------
Traceback (most recent call last):
  File "/home/alimt/Minibini/tests/test_estworksheet_signals.py", line 281, in setUp
    self.contact = Contact.objects.create(name="Test Customer")
                   ^^^^^^^^^^^^^^^^^^^^^^^^^^^^^^^^^^^^^^^^^^^^
  File "/home/alimt/Minibini/venv/lib/python3.12/site-packages/django/db/models/manager.py", line 87, in manager_method
    return getattr(self.get_queryset(), name)(*args, **kwargs)
           ^^^^^^^^^^^^^^^^^^^^^^^^^^^^^^^^^^^^^^^^^^^^^^^^^^^
  File "/home/alimt/Minibini/venv/lib/python3.12/site-packages/django/db/models/query.py", line 661, in create
    obj = self.model(**kwargs)
          ^^^^^^^^^^^^^^^^^^^^
  File "/home/alimt/Minibini/venv/lib/python3.12/site-packages/django/db/models/base.py", line 558, in __init__
    _setattr(self, prop, value)
AttributeError: property 'name' of 'Contact' object has no setter

======================================================================
ERROR: test_worksheet_created_without_estimate (tests.test_estworksheet_signals.EstWorksheetInitialStatusTest.test_worksheet_created_without_estimate)
Test worksheet created without estimate uses default status.
----------------------------------------------------------------------
Traceback (most recent call last):
  File "/home/alimt/Minibini/tests/test_estworksheet_signals.py", line 281, in setUp
    self.contact = Contact.objects.create(name="Test Customer")
                   ^^^^^^^^^^^^^^^^^^^^^^^^^^^^^^^^^^^^^^^^^^^^
  File "/home/alimt/Minibini/venv/lib/python3.12/site-packages/django/db/models/manager.py", line 87, in manager_method
    return getattr(self.get_queryset(), name)(*args, **kwargs)
           ^^^^^^^^^^^^^^^^^^^^^^^^^^^^^^^^^^^^^^^^^^^^^^^^^^^
  File "/home/alimt/Minibini/venv/lib/python3.12/site-packages/django/db/models/query.py", line 661, in create
    obj = self.model(**kwargs)
          ^^^^^^^^^^^^^^^^^^^^
  File "/home/alimt/Minibini/venv/lib/python3.12/site-packages/django/db/models/base.py", line 558, in __init__
    _setattr(self, prop, value)
AttributeError: property 'name' of 'Contact' object has no setter

======================================================================
ERROR: test_worksheet_status_not_changed_on_update (tests.test_estworksheet_signals.EstWorksheetInitialStatusTest.test_worksheet_status_not_changed_on_update)
Test that worksheet status isn't automatically changed on save after creation.
----------------------------------------------------------------------
Traceback (most recent call last):
  File "/home/alimt/Minibini/tests/test_estworksheet_signals.py", line 281, in setUp
    self.contact = Contact.objects.create(name="Test Customer")
                   ^^^^^^^^^^^^^^^^^^^^^^^^^^^^^^^^^^^^^^^^^^^^
  File "/home/alimt/Minibini/venv/lib/python3.12/site-packages/django/db/models/manager.py", line 87, in manager_method
    return getattr(self.get_queryset(), name)(*args, **kwargs)
           ^^^^^^^^^^^^^^^^^^^^^^^^^^^^^^^^^^^^^^^^^^^^^^^^^^^
  File "/home/alimt/Minibini/venv/lib/python3.12/site-packages/django/db/models/query.py", line 661, in create
    obj = self.model(**kwargs)
          ^^^^^^^^^^^^^^^^^^^^
  File "/home/alimt/Minibini/venv/lib/python3.12/site-packages/django/db/models/base.py", line 558, in __init__
    _setattr(self, prop, value)
AttributeError: property 'name' of 'Contact' object has no setter

======================================================================
ERROR: test_no_database_hit_when_no_worksheets (tests.test_estworksheet_signals.EstWorksheetSignalEfficiencyTest.test_no_database_hit_when_no_worksheets)
Test that UPDATE query affects 0 rows when no worksheets exist.
----------------------------------------------------------------------
Traceback (most recent call last):
  File "/home/alimt/Minibini/tests/test_estworksheet_signals.py", line 20, in setUp
    self.contact = Contact.objects.create(name="Test Customer")
                   ^^^^^^^^^^^^^^^^^^^^^^^^^^^^^^^^^^^^^^^^^^^^
  File "/home/alimt/Minibini/venv/lib/python3.12/site-packages/django/db/models/manager.py", line 87, in manager_method
    return getattr(self.get_queryset(), name)(*args, **kwargs)
           ^^^^^^^^^^^^^^^^^^^^^^^^^^^^^^^^^^^^^^^^^^^^^^^^^^^
  File "/home/alimt/Minibini/venv/lib/python3.12/site-packages/django/db/models/query.py", line 661, in create
    obj = self.model(**kwargs)
          ^^^^^^^^^^^^^^^^^^^^
  File "/home/alimt/Minibini/venv/lib/python3.12/site-packages/django/db/models/base.py", line 558, in __init__
    _setattr(self, prop, value)
AttributeError: property 'name' of 'Contact' object has no setter

======================================================================
ERROR: test_no_signal_on_irrelevant_status_change (tests.test_estworksheet_signals.EstWorksheetSignalEfficiencyTest.test_no_signal_on_irrelevant_status_change)
Test that signal doesn't fire when status change doesn't affect worksheets.
----------------------------------------------------------------------
Traceback (most recent call last):
  File "/home/alimt/Minibini/tests/test_estworksheet_signals.py", line 20, in setUp
    self.contact = Contact.objects.create(name="Test Customer")
                   ^^^^^^^^^^^^^^^^^^^^^^^^^^^^^^^^^^^^^^^^^^^^
  File "/home/alimt/Minibini/venv/lib/python3.12/site-packages/django/db/models/manager.py", line 87, in manager_method
    return getattr(self.get_queryset(), name)(*args, **kwargs)
           ^^^^^^^^^^^^^^^^^^^^^^^^^^^^^^^^^^^^^^^^^^^^^^^^^^^
  File "/home/alimt/Minibini/venv/lib/python3.12/site-packages/django/db/models/query.py", line 661, in create
    obj = self.model(**kwargs)
          ^^^^^^^^^^^^^^^^^^^^
  File "/home/alimt/Minibini/venv/lib/python3.12/site-packages/django/db/models/base.py", line 558, in __init__
    _setattr(self, prop, value)
AttributeError: property 'name' of 'Contact' object has no setter

======================================================================
ERROR: test_no_signal_on_non_status_change (tests.test_estworksheet_signals.EstWorksheetSignalEfficiencyTest.test_no_signal_on_non_status_change)
Test that signal doesn't fire when fields other than status change.
----------------------------------------------------------------------
Traceback (most recent call last):
  File "/home/alimt/Minibini/tests/test_estworksheet_signals.py", line 20, in setUp
    self.contact = Contact.objects.create(name="Test Customer")
                   ^^^^^^^^^^^^^^^^^^^^^^^^^^^^^^^^^^^^^^^^^^^^
  File "/home/alimt/Minibini/venv/lib/python3.12/site-packages/django/db/models/manager.py", line 87, in manager_method
    return getattr(self.get_queryset(), name)(*args, **kwargs)
           ^^^^^^^^^^^^^^^^^^^^^^^^^^^^^^^^^^^^^^^^^^^^^^^^^^^
  File "/home/alimt/Minibini/venv/lib/python3.12/site-packages/django/db/models/query.py", line 661, in create
    obj = self.model(**kwargs)
          ^^^^^^^^^^^^^^^^^^^^
  File "/home/alimt/Minibini/venv/lib/python3.12/site-packages/django/db/models/base.py", line 558, in __init__
    _setattr(self, prop, value)
AttributeError: property 'name' of 'Contact' object has no setter

======================================================================
ERROR: test_signal_fires_on_relevant_status_change (tests.test_estworksheet_signals.EstWorksheetSignalEfficiencyTest.test_signal_fires_on_relevant_status_change)
Test that signal fires when status change affects worksheets.
----------------------------------------------------------------------
Traceback (most recent call last):
  File "/home/alimt/Minibini/tests/test_estworksheet_signals.py", line 20, in setUp
    self.contact = Contact.objects.create(name="Test Customer")
                   ^^^^^^^^^^^^^^^^^^^^^^^^^^^^^^^^^^^^^^^^^^^^
  File "/home/alimt/Minibini/venv/lib/python3.12/site-packages/django/db/models/manager.py", line 87, in manager_method
    return getattr(self.get_queryset(), name)(*args, **kwargs)
           ^^^^^^^^^^^^^^^^^^^^^^^^^^^^^^^^^^^^^^^^^^^^^^^^^^^
  File "/home/alimt/Minibini/venv/lib/python3.12/site-packages/django/db/models/query.py", line 661, in create
    obj = self.model(**kwargs)
          ^^^^^^^^^^^^^^^^^^^^
  File "/home/alimt/Minibini/venv/lib/python3.12/site-packages/django/db/models/base.py", line 558, in __init__
    _setattr(self, prop, value)
AttributeError: property 'name' of 'Contact' object has no setter

======================================================================
ERROR: test_status_mapping_logic (tests.test_estworksheet_signals.EstWorksheetSignalEfficiencyTest.test_status_mapping_logic)
Test the status mapping logic.
----------------------------------------------------------------------
Traceback (most recent call last):
  File "/home/alimt/Minibini/tests/test_estworksheet_signals.py", line 20, in setUp
    self.contact = Contact.objects.create(name="Test Customer")
                   ^^^^^^^^^^^^^^^^^^^^^^^^^^^^^^^^^^^^^^^^^^^^
  File "/home/alimt/Minibini/venv/lib/python3.12/site-packages/django/db/models/manager.py", line 87, in manager_method
    return getattr(self.get_queryset(), name)(*args, **kwargs)
           ^^^^^^^^^^^^^^^^^^^^^^^^^^^^^^^^^^^^^^^^^^^^^^^^^^^
  File "/home/alimt/Minibini/venv/lib/python3.12/site-packages/django/db/models/query.py", line 661, in create
    obj = self.model(**kwargs)
          ^^^^^^^^^^^^^^^^^^^^
  File "/home/alimt/Minibini/venv/lib/python3.12/site-packages/django/db/models/base.py", line 558, in __init__
    _setattr(self, prop, value)
AttributeError: property 'name' of 'Contact' object has no setter

======================================================================
ERROR: test_already_correct_status_not_updated (tests.test_estworksheet_signals.EstWorksheetSignalIntegrationTest.test_already_correct_status_not_updated)
Test that worksheets with correct status are not updated unnecessarily.
----------------------------------------------------------------------
Traceback (most recent call last):
  File "/home/alimt/Minibini/tests/test_estworksheet_signals.py", line 151, in setUp
    self.contact = Contact.objects.create(name="Test Customer")
                   ^^^^^^^^^^^^^^^^^^^^^^^^^^^^^^^^^^^^^^^^^^^^
  File "/home/alimt/Minibini/venv/lib/python3.12/site-packages/django/db/models/manager.py", line 87, in manager_method
    return getattr(self.get_queryset(), name)(*args, **kwargs)
           ^^^^^^^^^^^^^^^^^^^^^^^^^^^^^^^^^^^^^^^^^^^^^^^^^^^
  File "/home/alimt/Minibini/venv/lib/python3.12/site-packages/django/db/models/query.py", line 661, in create
    obj = self.model(**kwargs)
          ^^^^^^^^^^^^^^^^^^^^
  File "/home/alimt/Minibini/venv/lib/python3.12/site-packages/django/db/models/base.py", line 558, in __init__
    _setattr(self, prop, value)
AttributeError: property 'name' of 'Contact' object has no setter

======================================================================
ERROR: test_multiple_worksheets_updated (tests.test_estworksheet_signals.EstWorksheetSignalIntegrationTest.test_multiple_worksheets_updated)
Test that multiple worksheets for the same estimate are updated.
----------------------------------------------------------------------
Traceback (most recent call last):
  File "/home/alimt/Minibini/tests/test_estworksheet_signals.py", line 151, in setUp
    self.contact = Contact.objects.create(name="Test Customer")
                   ^^^^^^^^^^^^^^^^^^^^^^^^^^^^^^^^^^^^^^^^^^^^
  File "/home/alimt/Minibini/venv/lib/python3.12/site-packages/django/db/models/manager.py", line 87, in manager_method
    return getattr(self.get_queryset(), name)(*args, **kwargs)
           ^^^^^^^^^^^^^^^^^^^^^^^^^^^^^^^^^^^^^^^^^^^^^^^^^^^
  File "/home/alimt/Minibini/venv/lib/python3.12/site-packages/django/db/models/query.py", line 661, in create
    obj = self.model(**kwargs)
          ^^^^^^^^^^^^^^^^^^^^
  File "/home/alimt/Minibini/venv/lib/python3.12/site-packages/django/db/models/base.py", line 558, in __init__
    _setattr(self, prop, value)
AttributeError: property 'name' of 'Contact' object has no setter

======================================================================
ERROR: test_only_matching_worksheets_updated (tests.test_estworksheet_signals.EstWorksheetSignalIntegrationTest.test_only_matching_worksheets_updated)
Test that only worksheets for the changed estimate are updated.
----------------------------------------------------------------------
Traceback (most recent call last):
  File "/home/alimt/Minibini/tests/test_estworksheet_signals.py", line 151, in setUp
    self.contact = Contact.objects.create(name="Test Customer")
                   ^^^^^^^^^^^^^^^^^^^^^^^^^^^^^^^^^^^^^^^^^^^^
  File "/home/alimt/Minibini/venv/lib/python3.12/site-packages/django/db/models/manager.py", line 87, in manager_method
    return getattr(self.get_queryset(), name)(*args, **kwargs)
           ^^^^^^^^^^^^^^^^^^^^^^^^^^^^^^^^^^^^^^^^^^^^^^^^^^^
  File "/home/alimt/Minibini/venv/lib/python3.12/site-packages/django/db/models/query.py", line 661, in create
    obj = self.model(**kwargs)
          ^^^^^^^^^^^^^^^^^^^^
  File "/home/alimt/Minibini/venv/lib/python3.12/site-packages/django/db/models/base.py", line 558, in __init__
    _setattr(self, prop, value)
AttributeError: property 'name' of 'Contact' object has no setter

======================================================================
ERROR: test_worksheet_status_updates_correctly (tests.test_estworksheet_signals.EstWorksheetSignalIntegrationTest.test_worksheet_status_updates_correctly)
Test that worksheet status actually updates in the database.
----------------------------------------------------------------------
Traceback (most recent call last):
  File "/home/alimt/Minibini/tests/test_estworksheet_signals.py", line 151, in setUp
    self.contact = Contact.objects.create(name="Test Customer")
                   ^^^^^^^^^^^^^^^^^^^^^^^^^^^^^^^^^^^^^^^^^^^^
  File "/home/alimt/Minibini/venv/lib/python3.12/site-packages/django/db/models/manager.py", line 87, in manager_method
    return getattr(self.get_queryset(), name)(*args, **kwargs)
           ^^^^^^^^^^^^^^^^^^^^^^^^^^^^^^^^^^^^^^^^^^^^^^^^^^^
  File "/home/alimt/Minibini/venv/lib/python3.12/site-packages/django/db/models/query.py", line 661, in create
    obj = self.model(**kwargs)
          ^^^^^^^^^^^^^^^^^^^^
  File "/home/alimt/Minibini/venv/lib/python3.12/site-packages/django/db/models/base.py", line 558, in __init__
    _setattr(self, prop, value)
AttributeError: property 'name' of 'Contact' object has no setter

======================================================================
ERROR: test_invoice_line_item_creation (tests.test_invoicing_models.InvoiceLineItemModelTest.test_invoice_line_item_creation)
----------------------------------------------------------------------
Traceback (most recent call last):
  File "/home/alimt/Minibini/tests/test_invoicing_models.py", line 97, in setUp
    self.default_contact = Contact.objects.create(name="Default Contact")
                           ^^^^^^^^^^^^^^^^^^^^^^^^^^^^^^^^^^^^^^^^^^^^^^
  File "/home/alimt/Minibini/venv/lib/python3.12/site-packages/django/db/models/manager.py", line 87, in manager_method
    return getattr(self.get_queryset(), name)(*args, **kwargs)
           ^^^^^^^^^^^^^^^^^^^^^^^^^^^^^^^^^^^^^^^^^^^^^^^^^^^
  File "/home/alimt/Minibini/venv/lib/python3.12/site-packages/django/db/models/query.py", line 661, in create
    obj = self.model(**kwargs)
          ^^^^^^^^^^^^^^^^^^^^
  File "/home/alimt/Minibini/venv/lib/python3.12/site-packages/django/db/models/base.py", line 558, in __init__
    _setattr(self, prop, value)
AttributeError: property 'name' of 'Contact' object has no setter

======================================================================
ERROR: test_invoice_line_item_defaults (tests.test_invoicing_models.InvoiceLineItemModelTest.test_invoice_line_item_defaults)
----------------------------------------------------------------------
Traceback (most recent call last):
  File "/home/alimt/Minibini/tests/test_invoicing_models.py", line 97, in setUp
    self.default_contact = Contact.objects.create(name="Default Contact")
                           ^^^^^^^^^^^^^^^^^^^^^^^^^^^^^^^^^^^^^^^^^^^^^^
  File "/home/alimt/Minibini/venv/lib/python3.12/site-packages/django/db/models/manager.py", line 87, in manager_method
    return getattr(self.get_queryset(), name)(*args, **kwargs)
           ^^^^^^^^^^^^^^^^^^^^^^^^^^^^^^^^^^^^^^^^^^^^^^^^^^^
  File "/home/alimt/Minibini/venv/lib/python3.12/site-packages/django/db/models/query.py", line 661, in create
    obj = self.model(**kwargs)
          ^^^^^^^^^^^^^^^^^^^^
  File "/home/alimt/Minibini/venv/lib/python3.12/site-packages/django/db/models/base.py", line 558, in __init__
    _setattr(self, prop, value)
AttributeError: property 'name' of 'Contact' object has no setter

======================================================================
ERROR: test_invoice_line_item_optional_relationships (tests.test_invoicing_models.InvoiceLineItemModelTest.test_invoice_line_item_optional_relationships)
----------------------------------------------------------------------
Traceback (most recent call last):
  File "/home/alimt/Minibini/tests/test_invoicing_models.py", line 97, in setUp
    self.default_contact = Contact.objects.create(name="Default Contact")
                           ^^^^^^^^^^^^^^^^^^^^^^^^^^^^^^^^^^^^^^^^^^^^^^
  File "/home/alimt/Minibini/venv/lib/python3.12/site-packages/django/db/models/manager.py", line 87, in manager_method
    return getattr(self.get_queryset(), name)(*args, **kwargs)
           ^^^^^^^^^^^^^^^^^^^^^^^^^^^^^^^^^^^^^^^^^^^^^^^^^^^
  File "/home/alimt/Minibini/venv/lib/python3.12/site-packages/django/db/models/query.py", line 661, in create
    obj = self.model(**kwargs)
          ^^^^^^^^^^^^^^^^^^^^
  File "/home/alimt/Minibini/venv/lib/python3.12/site-packages/django/db/models/base.py", line 558, in __init__
    _setattr(self, prop, value)
AttributeError: property 'name' of 'Contact' object has no setter

======================================================================
ERROR: test_invoice_line_item_str_method (tests.test_invoicing_models.InvoiceLineItemModelTest.test_invoice_line_item_str_method)
----------------------------------------------------------------------
Traceback (most recent call last):
  File "/home/alimt/Minibini/tests/test_invoicing_models.py", line 97, in setUp
    self.default_contact = Contact.objects.create(name="Default Contact")
                           ^^^^^^^^^^^^^^^^^^^^^^^^^^^^^^^^^^^^^^^^^^^^^^
  File "/home/alimt/Minibini/venv/lib/python3.12/site-packages/django/db/models/manager.py", line 87, in manager_method
    return getattr(self.get_queryset(), name)(*args, **kwargs)
           ^^^^^^^^^^^^^^^^^^^^^^^^^^^^^^^^^^^^^^^^^^^^^^^^^^^
  File "/home/alimt/Minibini/venv/lib/python3.12/site-packages/django/db/models/query.py", line 661, in create
    obj = self.model(**kwargs)
          ^^^^^^^^^^^^^^^^^^^^
  File "/home/alimt/Minibini/venv/lib/python3.12/site-packages/django/db/models/base.py", line 558, in __init__
    _setattr(self, prop, value)
AttributeError: property 'name' of 'Contact' object has no setter

======================================================================
ERROR: test_invoice_line_item_validation_both_null_allowed (tests.test_invoicing_models.InvoiceLineItemModelTest.test_invoice_line_item_validation_both_null_allowed)
Test that validation allows both task and price_list_item to be null
----------------------------------------------------------------------
Traceback (most recent call last):
  File "/home/alimt/Minibini/tests/test_invoicing_models.py", line 97, in setUp
    self.default_contact = Contact.objects.create(name="Default Contact")
                           ^^^^^^^^^^^^^^^^^^^^^^^^^^^^^^^^^^^^^^^^^^^^^^
  File "/home/alimt/Minibini/venv/lib/python3.12/site-packages/django/db/models/manager.py", line 87, in manager_method
    return getattr(self.get_queryset(), name)(*args, **kwargs)
           ^^^^^^^^^^^^^^^^^^^^^^^^^^^^^^^^^^^^^^^^^^^^^^^^^^^
  File "/home/alimt/Minibini/venv/lib/python3.12/site-packages/django/db/models/query.py", line 661, in create
    obj = self.model(**kwargs)
          ^^^^^^^^^^^^^^^^^^^^
  File "/home/alimt/Minibini/venv/lib/python3.12/site-packages/django/db/models/base.py", line 558, in __init__
    _setattr(self, prop, value)
AttributeError: property 'name' of 'Contact' object has no setter

======================================================================
ERROR: test_invoice_line_item_validation_both_task_and_price_item (tests.test_invoicing_models.InvoiceLineItemModelTest.test_invoice_line_item_validation_both_task_and_price_item)
Test that validation prevents having both task and price_list_item
----------------------------------------------------------------------
Traceback (most recent call last):
  File "/home/alimt/Minibini/tests/test_invoicing_models.py", line 97, in setUp
    self.default_contact = Contact.objects.create(name="Default Contact")
                           ^^^^^^^^^^^^^^^^^^^^^^^^^^^^^^^^^^^^^^^^^^^^^^
  File "/home/alimt/Minibini/venv/lib/python3.12/site-packages/django/db/models/manager.py", line 87, in manager_method
    return getattr(self.get_queryset(), name)(*args, **kwargs)
           ^^^^^^^^^^^^^^^^^^^^^^^^^^^^^^^^^^^^^^^^^^^^^^^^^^^
  File "/home/alimt/Minibini/venv/lib/python3.12/site-packages/django/db/models/query.py", line 661, in create
    obj = self.model(**kwargs)
          ^^^^^^^^^^^^^^^^^^^^
  File "/home/alimt/Minibini/venv/lib/python3.12/site-packages/django/db/models/base.py", line 558, in __init__
    _setattr(self, prop, value)
AttributeError: property 'name' of 'Contact' object has no setter

======================================================================
ERROR: test_invoice_line_item_validation_price_item_only (tests.test_invoicing_models.InvoiceLineItemModelTest.test_invoice_line_item_validation_price_item_only)
Test that line item with only price_list_item is valid
----------------------------------------------------------------------
Traceback (most recent call last):
  File "/home/alimt/Minibini/tests/test_invoicing_models.py", line 97, in setUp
    self.default_contact = Contact.objects.create(name="Default Contact")
                           ^^^^^^^^^^^^^^^^^^^^^^^^^^^^^^^^^^^^^^^^^^^^^^
  File "/home/alimt/Minibini/venv/lib/python3.12/site-packages/django/db/models/manager.py", line 87, in manager_method
    return getattr(self.get_queryset(), name)(*args, **kwargs)
           ^^^^^^^^^^^^^^^^^^^^^^^^^^^^^^^^^^^^^^^^^^^^^^^^^^^
  File "/home/alimt/Minibini/venv/lib/python3.12/site-packages/django/db/models/query.py", line 661, in create
    obj = self.model(**kwargs)
          ^^^^^^^^^^^^^^^^^^^^
  File "/home/alimt/Minibini/venv/lib/python3.12/site-packages/django/db/models/base.py", line 558, in __init__
    _setattr(self, prop, value)
AttributeError: property 'name' of 'Contact' object has no setter

======================================================================
ERROR: test_invoice_line_item_validation_task_only (tests.test_invoicing_models.InvoiceLineItemModelTest.test_invoice_line_item_validation_task_only)
Test that line item with only task is valid
----------------------------------------------------------------------
Traceback (most recent call last):
  File "/home/alimt/Minibini/tests/test_invoicing_models.py", line 97, in setUp
    self.default_contact = Contact.objects.create(name="Default Contact")
                           ^^^^^^^^^^^^^^^^^^^^^^^^^^^^^^^^^^^^^^^^^^^^^^
  File "/home/alimt/Minibini/venv/lib/python3.12/site-packages/django/db/models/manager.py", line 87, in manager_method
    return getattr(self.get_queryset(), name)(*args, **kwargs)
           ^^^^^^^^^^^^^^^^^^^^^^^^^^^^^^^^^^^^^^^^^^^^^^^^^^^
  File "/home/alimt/Minibini/venv/lib/python3.12/site-packages/django/db/models/query.py", line 661, in create
    obj = self.model(**kwargs)
          ^^^^^^^^^^^^^^^^^^^^
  File "/home/alimt/Minibini/venv/lib/python3.12/site-packages/django/db/models/base.py", line 558, in __init__
    _setattr(self, prop, value)
AttributeError: property 'name' of 'Contact' object has no setter

======================================================================
ERROR: test_invoice_creation (tests.test_invoicing_models.InvoiceModelTest.test_invoice_creation)
----------------------------------------------------------------------
Traceback (most recent call last):
  File "/home/alimt/Minibini/tests/test_invoicing_models.py", line 55, in setUp
    self.contact = Contact.objects.create(name="Test Customer")
                   ^^^^^^^^^^^^^^^^^^^^^^^^^^^^^^^^^^^^^^^^^^^^
  File "/home/alimt/Minibini/venv/lib/python3.12/site-packages/django/db/models/manager.py", line 87, in manager_method
    return getattr(self.get_queryset(), name)(*args, **kwargs)
           ^^^^^^^^^^^^^^^^^^^^^^^^^^^^^^^^^^^^^^^^^^^^^^^^^^^
  File "/home/alimt/Minibini/venv/lib/python3.12/site-packages/django/db/models/query.py", line 661, in create
    obj = self.model(**kwargs)
          ^^^^^^^^^^^^^^^^^^^^
  File "/home/alimt/Minibini/venv/lib/python3.12/site-packages/django/db/models/base.py", line 558, in __init__
    _setattr(self, prop, value)
AttributeError: property 'name' of 'Contact' object has no setter

======================================================================
ERROR: test_invoice_default_status (tests.test_invoicing_models.InvoiceModelTest.test_invoice_default_status)
----------------------------------------------------------------------
Traceback (most recent call last):
  File "/home/alimt/Minibini/tests/test_invoicing_models.py", line 55, in setUp
    self.contact = Contact.objects.create(name="Test Customer")
                   ^^^^^^^^^^^^^^^^^^^^^^^^^^^^^^^^^^^^^^^^^^^^
  File "/home/alimt/Minibini/venv/lib/python3.12/site-packages/django/db/models/manager.py", line 87, in manager_method
    return getattr(self.get_queryset(), name)(*args, **kwargs)
           ^^^^^^^^^^^^^^^^^^^^^^^^^^^^^^^^^^^^^^^^^^^^^^^^^^^
  File "/home/alimt/Minibini/venv/lib/python3.12/site-packages/django/db/models/query.py", line 661, in create
    obj = self.model(**kwargs)
          ^^^^^^^^^^^^^^^^^^^^
  File "/home/alimt/Minibini/venv/lib/python3.12/site-packages/django/db/models/base.py", line 558, in __init__
    _setattr(self, prop, value)
AttributeError: property 'name' of 'Contact' object has no setter

======================================================================
ERROR: test_invoice_status_choices (tests.test_invoicing_models.InvoiceModelTest.test_invoice_status_choices)
----------------------------------------------------------------------
Traceback (most recent call last):
  File "/home/alimt/Minibini/tests/test_invoicing_models.py", line 55, in setUp
    self.contact = Contact.objects.create(name="Test Customer")
                   ^^^^^^^^^^^^^^^^^^^^^^^^^^^^^^^^^^^^^^^^^^^^
  File "/home/alimt/Minibini/venv/lib/python3.12/site-packages/django/db/models/manager.py", line 87, in manager_method
    return getattr(self.get_queryset(), name)(*args, **kwargs)
           ^^^^^^^^^^^^^^^^^^^^^^^^^^^^^^^^^^^^^^^^^^^^^^^^^^^
  File "/home/alimt/Minibini/venv/lib/python3.12/site-packages/django/db/models/query.py", line 661, in create
    obj = self.model(**kwargs)
          ^^^^^^^^^^^^^^^^^^^^
  File "/home/alimt/Minibini/venv/lib/python3.12/site-packages/django/db/models/base.py", line 558, in __init__
    _setattr(self, prop, value)
AttributeError: property 'name' of 'Contact' object has no setter

======================================================================
ERROR: test_invoice_str_method (tests.test_invoicing_models.InvoiceModelTest.test_invoice_str_method)
----------------------------------------------------------------------
Traceback (most recent call last):
  File "/home/alimt/Minibini/tests/test_invoicing_models.py", line 55, in setUp
    self.contact = Contact.objects.create(name="Test Customer")
                   ^^^^^^^^^^^^^^^^^^^^^^^^^^^^^^^^^^^^^^^^^^^^
  File "/home/alimt/Minibini/venv/lib/python3.12/site-packages/django/db/models/manager.py", line 87, in manager_method
    return getattr(self.get_queryset(), name)(*args, **kwargs)
           ^^^^^^^^^^^^^^^^^^^^^^^^^^^^^^^^^^^^^^^^^^^^^^^^^^^
  File "/home/alimt/Minibini/venv/lib/python3.12/site-packages/django/db/models/query.py", line 661, in create
    obj = self.model(**kwargs)
          ^^^^^^^^^^^^^^^^^^^^
  File "/home/alimt/Minibini/venv/lib/python3.12/site-packages/django/db/models/base.py", line 558, in __init__
    _setattr(self, prop, value)
AttributeError: property 'name' of 'Contact' object has no setter

======================================================================
ERROR: setUpClass (tests.test_invoicing_models_with_fixtures.InvoiceModelFixtureTest)
----------------------------------------------------------------------
Traceback (most recent call last):
  File "/home/alimt/Minibini/venv/lib/python3.12/site-packages/django/db/models/options.py", line 683, in get_field
    return self.fields_map[field_name]
           ~~~~~~~~~~~~~~~^^^^^^^^^^^^
KeyError: 'name'

During handling of the above exception, another exception occurred:

Traceback (most recent call last):
  File "/home/alimt/Minibini/venv/lib/python3.12/site-packages/django/core/serializers/json.py", line 78, in _handle_object
    yield from super()._handle_object(obj)
  File "/home/alimt/Minibini/venv/lib/python3.12/site-packages/django/core/serializers/python.py", line 160, in _handle_object
    field = Model._meta.get_field(field_name)
            ^^^^^^^^^^^^^^^^^^^^^^^^^^^^^^^^^
  File "/home/alimt/Minibini/venv/lib/python3.12/site-packages/django/db/models/options.py", line 685, in get_field
    raise FieldDoesNotExist(
django.core.exceptions.FieldDoesNotExist: Contact has no field named 'name'

The above exception was the direct cause of the following exception:

Traceback (most recent call last):
  File "/home/alimt/Minibini/venv/lib/python3.12/site-packages/django/core/management/__init__.py", line 194, in call_command
    return command.execute(*args, **defaults)
           ^^^^^^^^^^^^^^^^^^^^^^^^^^^^^^^^^^
  File "/home/alimt/Minibini/venv/lib/python3.12/site-packages/django/core/management/base.py", line 460, in execute
    output = self.handle(*args, **options)
             ^^^^^^^^^^^^^^^^^^^^^^^^^^^^^
  File "/home/alimt/Minibini/venv/lib/python3.12/site-packages/django/core/management/commands/loaddata.py", line 103, in handle
    self.loaddata(fixture_labels)
  File "/home/alimt/Minibini/venv/lib/python3.12/site-packages/django/core/management/commands/loaddata.py", line 164, in loaddata
    self.load_label(fixture_label)
  File "/home/alimt/Minibini/venv/lib/python3.12/site-packages/django/core/management/commands/loaddata.py", line 252, in load_label
    for obj in objects:
  File "/home/alimt/Minibini/venv/lib/python3.12/site-packages/django/core/serializers/python.py", line 123, in __iter__
    yield from self._handle_object(obj)
  File "/home/alimt/Minibini/venv/lib/python3.12/site-packages/django/core/serializers/json.py", line 82, in _handle_object
    raise DeserializationError(f"Error deserializing object: {exc}") from exc
django.core.serializers.base.DeserializationError: Problem installing fixture '/home/alimt/Minibini/fixtures/unit_test_data.json': Error deserializing object: Contact has no field named 'name'

======================================================================
ERROR: setUpClass (tests.test_invoicing_models_with_fixtures.LineItemModelFixtureTest)
----------------------------------------------------------------------
Traceback (most recent call last):
  File "/home/alimt/Minibini/venv/lib/python3.12/site-packages/django/db/models/options.py", line 683, in get_field
    return self.fields_map[field_name]
           ~~~~~~~~~~~~~~~^^^^^^^^^^^^
KeyError: 'name'

During handling of the above exception, another exception occurred:

Traceback (most recent call last):
  File "/home/alimt/Minibini/venv/lib/python3.12/site-packages/django/core/serializers/json.py", line 78, in _handle_object
    yield from super()._handle_object(obj)
  File "/home/alimt/Minibini/venv/lib/python3.12/site-packages/django/core/serializers/python.py", line 160, in _handle_object
    field = Model._meta.get_field(field_name)
            ^^^^^^^^^^^^^^^^^^^^^^^^^^^^^^^^^
  File "/home/alimt/Minibini/venv/lib/python3.12/site-packages/django/db/models/options.py", line 685, in get_field
    raise FieldDoesNotExist(
django.core.exceptions.FieldDoesNotExist: Contact has no field named 'name'

The above exception was the direct cause of the following exception:

Traceback (most recent call last):
  File "/home/alimt/Minibini/venv/lib/python3.12/site-packages/django/core/management/__init__.py", line 194, in call_command
    return command.execute(*args, **defaults)
           ^^^^^^^^^^^^^^^^^^^^^^^^^^^^^^^^^^
  File "/home/alimt/Minibini/venv/lib/python3.12/site-packages/django/core/management/base.py", line 460, in execute
    output = self.handle(*args, **options)
             ^^^^^^^^^^^^^^^^^^^^^^^^^^^^^
  File "/home/alimt/Minibini/venv/lib/python3.12/site-packages/django/core/management/commands/loaddata.py", line 103, in handle
    self.loaddata(fixture_labels)
  File "/home/alimt/Minibini/venv/lib/python3.12/site-packages/django/core/management/commands/loaddata.py", line 164, in loaddata
    self.load_label(fixture_label)
  File "/home/alimt/Minibini/venv/lib/python3.12/site-packages/django/core/management/commands/loaddata.py", line 252, in load_label
    for obj in objects:
  File "/home/alimt/Minibini/venv/lib/python3.12/site-packages/django/core/serializers/python.py", line 123, in __iter__
    yield from self._handle_object(obj)
  File "/home/alimt/Minibini/venv/lib/python3.12/site-packages/django/core/serializers/json.py", line 82, in _handle_object
    raise DeserializationError(f"Error deserializing object: {exc}") from exc
django.core.serializers.base.DeserializationError: Problem installing fixture '/home/alimt/Minibini/fixtures/unit_test_data.json': Error deserializing object: Contact has no field named 'name'

======================================================================
ERROR: setUpClass (tests.test_invoicing_models_with_fixtures.PriceListItemModelFixtureTest)
----------------------------------------------------------------------
Traceback (most recent call last):
  File "/home/alimt/Minibini/venv/lib/python3.12/site-packages/django/db/models/options.py", line 683, in get_field
    return self.fields_map[field_name]
           ~~~~~~~~~~~~~~~^^^^^^^^^^^^
KeyError: 'name'

During handling of the above exception, another exception occurred:

Traceback (most recent call last):
  File "/home/alimt/Minibini/venv/lib/python3.12/site-packages/django/core/serializers/json.py", line 78, in _handle_object
    yield from super()._handle_object(obj)
  File "/home/alimt/Minibini/venv/lib/python3.12/site-packages/django/core/serializers/python.py", line 160, in _handle_object
    field = Model._meta.get_field(field_name)
            ^^^^^^^^^^^^^^^^^^^^^^^^^^^^^^^^^
  File "/home/alimt/Minibini/venv/lib/python3.12/site-packages/django/db/models/options.py", line 685, in get_field
    raise FieldDoesNotExist(
django.core.exceptions.FieldDoesNotExist: Contact has no field named 'name'

The above exception was the direct cause of the following exception:

Traceback (most recent call last):
  File "/home/alimt/Minibini/venv/lib/python3.12/site-packages/django/core/management/__init__.py", line 194, in call_command
    return command.execute(*args, **defaults)
           ^^^^^^^^^^^^^^^^^^^^^^^^^^^^^^^^^^
  File "/home/alimt/Minibini/venv/lib/python3.12/site-packages/django/core/management/base.py", line 460, in execute
    output = self.handle(*args, **options)
             ^^^^^^^^^^^^^^^^^^^^^^^^^^^^^
  File "/home/alimt/Minibini/venv/lib/python3.12/site-packages/django/core/management/commands/loaddata.py", line 103, in handle
    self.loaddata(fixture_labels)
  File "/home/alimt/Minibini/venv/lib/python3.12/site-packages/django/core/management/commands/loaddata.py", line 164, in loaddata
    self.load_label(fixture_label)
  File "/home/alimt/Minibini/venv/lib/python3.12/site-packages/django/core/management/commands/loaddata.py", line 252, in load_label
    for obj in objects:
  File "/home/alimt/Minibini/venv/lib/python3.12/site-packages/django/core/serializers/python.py", line 123, in __iter__
    yield from self._handle_object(obj)
  File "/home/alimt/Minibini/venv/lib/python3.12/site-packages/django/core/serializers/json.py", line 82, in _handle_object
    raise DeserializationError(f"Error deserializing object: {exc}") from exc
django.core.serializers.base.DeserializationError: Problem installing fixture '/home/alimt/Minibini/fixtures/unit_test_data.json': Error deserializing object: Contact has no field named 'name'

======================================================================
ERROR: test_approved_job_can_change_customer_po_number (tests.test_job_edit_views.JobEditApprovedStatusTest.test_approved_job_can_change_customer_po_number)
Approved jobs can change customer_po_number
----------------------------------------------------------------------
Traceback (most recent call last):
  File "/home/alimt/Minibini/tests/test_job_edit_views.py", line 170, in setUp
    self.contact1 = Contact.objects.create(name='Contact One', email='contact1@example.com')
                    ^^^^^^^^^^^^^^^^^^^^^^^^^^^^^^^^^^^^^^^^^^^^^^^^^^^^^^^^^^^^^^^^^^^^^^^^
  File "/home/alimt/Minibini/venv/lib/python3.12/site-packages/django/db/models/manager.py", line 87, in manager_method
    return getattr(self.get_queryset(), name)(*args, **kwargs)
           ^^^^^^^^^^^^^^^^^^^^^^^^^^^^^^^^^^^^^^^^^^^^^^^^^^^
  File "/home/alimt/Minibini/venv/lib/python3.12/site-packages/django/db/models/query.py", line 661, in create
    obj = self.model(**kwargs)
          ^^^^^^^^^^^^^^^^^^^^
  File "/home/alimt/Minibini/venv/lib/python3.12/site-packages/django/db/models/base.py", line 558, in __init__
    _setattr(self, prop, value)
AttributeError: property 'name' of 'Contact' object has no setter

======================================================================
ERROR: test_approved_job_can_change_description (tests.test_job_edit_views.JobEditApprovedStatusTest.test_approved_job_can_change_description)
Approved jobs can change description
----------------------------------------------------------------------
Traceback (most recent call last):
  File "/home/alimt/Minibini/tests/test_job_edit_views.py", line 170, in setUp
    self.contact1 = Contact.objects.create(name='Contact One', email='contact1@example.com')
                    ^^^^^^^^^^^^^^^^^^^^^^^^^^^^^^^^^^^^^^^^^^^^^^^^^^^^^^^^^^^^^^^^^^^^^^^^
  File "/home/alimt/Minibini/venv/lib/python3.12/site-packages/django/db/models/manager.py", line 87, in manager_method
    return getattr(self.get_queryset(), name)(*args, **kwargs)
           ^^^^^^^^^^^^^^^^^^^^^^^^^^^^^^^^^^^^^^^^^^^^^^^^^^^
  File "/home/alimt/Minibini/venv/lib/python3.12/site-packages/django/db/models/query.py", line 661, in create
    obj = self.model(**kwargs)
          ^^^^^^^^^^^^^^^^^^^^
  File "/home/alimt/Minibini/venv/lib/python3.12/site-packages/django/db/models/base.py", line 558, in __init__
    _setattr(self, prop, value)
AttributeError: property 'name' of 'Contact' object has no setter

======================================================================
ERROR: test_approved_job_can_change_due_date (tests.test_job_edit_views.JobEditApprovedStatusTest.test_approved_job_can_change_due_date)
Approved jobs can change due_date
----------------------------------------------------------------------
Traceback (most recent call last):
  File "/home/alimt/Minibini/tests/test_job_edit_views.py", line 170, in setUp
    self.contact1 = Contact.objects.create(name='Contact One', email='contact1@example.com')
                    ^^^^^^^^^^^^^^^^^^^^^^^^^^^^^^^^^^^^^^^^^^^^^^^^^^^^^^^^^^^^^^^^^^^^^^^^
  File "/home/alimt/Minibini/venv/lib/python3.12/site-packages/django/db/models/manager.py", line 87, in manager_method
    return getattr(self.get_queryset(), name)(*args, **kwargs)
           ^^^^^^^^^^^^^^^^^^^^^^^^^^^^^^^^^^^^^^^^^^^^^^^^^^^
  File "/home/alimt/Minibini/venv/lib/python3.12/site-packages/django/db/models/query.py", line 661, in create
    obj = self.model(**kwargs)
          ^^^^^^^^^^^^^^^^^^^^
  File "/home/alimt/Minibini/venv/lib/python3.12/site-packages/django/db/models/base.py", line 558, in __init__
    _setattr(self, prop, value)
AttributeError: property 'name' of 'Contact' object has no setter

======================================================================
ERROR: test_approved_job_can_change_status (tests.test_job_edit_views.JobEditApprovedStatusTest.test_approved_job_can_change_status)
Approved jobs can change status to completed
----------------------------------------------------------------------
Traceback (most recent call last):
  File "/home/alimt/Minibini/tests/test_job_edit_views.py", line 170, in setUp
    self.contact1 = Contact.objects.create(name='Contact One', email='contact1@example.com')
                    ^^^^^^^^^^^^^^^^^^^^^^^^^^^^^^^^^^^^^^^^^^^^^^^^^^^^^^^^^^^^^^^^^^^^^^^^
  File "/home/alimt/Minibini/venv/lib/python3.12/site-packages/django/db/models/manager.py", line 87, in manager_method
    return getattr(self.get_queryset(), name)(*args, **kwargs)
           ^^^^^^^^^^^^^^^^^^^^^^^^^^^^^^^^^^^^^^^^^^^^^^^^^^^
  File "/home/alimt/Minibini/venv/lib/python3.12/site-packages/django/db/models/query.py", line 661, in create
    obj = self.model(**kwargs)
          ^^^^^^^^^^^^^^^^^^^^
  File "/home/alimt/Minibini/venv/lib/python3.12/site-packages/django/db/models/base.py", line 558, in __init__
    _setattr(self, prop, value)
AttributeError: property 'name' of 'Contact' object has no setter

======================================================================
ERROR: test_approved_job_cannot_change_contact (tests.test_job_edit_views.JobEditApprovedStatusTest.test_approved_job_cannot_change_contact)
Approved jobs cannot change contact
----------------------------------------------------------------------
Traceback (most recent call last):
  File "/home/alimt/Minibini/tests/test_job_edit_views.py", line 170, in setUp
    self.contact1 = Contact.objects.create(name='Contact One', email='contact1@example.com')
                    ^^^^^^^^^^^^^^^^^^^^^^^^^^^^^^^^^^^^^^^^^^^^^^^^^^^^^^^^^^^^^^^^^^^^^^^^
  File "/home/alimt/Minibini/venv/lib/python3.12/site-packages/django/db/models/manager.py", line 87, in manager_method
    return getattr(self.get_queryset(), name)(*args, **kwargs)
           ^^^^^^^^^^^^^^^^^^^^^^^^^^^^^^^^^^^^^^^^^^^^^^^^^^^
  File "/home/alimt/Minibini/venv/lib/python3.12/site-packages/django/db/models/query.py", line 661, in create
    obj = self.model(**kwargs)
          ^^^^^^^^^^^^^^^^^^^^
  File "/home/alimt/Minibini/venv/lib/python3.12/site-packages/django/db/models/base.py", line 558, in __init__
    _setattr(self, prop, value)
AttributeError: property 'name' of 'Contact' object has no setter

======================================================================
ERROR: test_approved_job_cannot_change_created_date (tests.test_job_edit_views.JobEditApprovedStatusTest.test_approved_job_cannot_change_created_date)
Approved jobs cannot change created_date
----------------------------------------------------------------------
Traceback (most recent call last):
  File "/home/alimt/Minibini/tests/test_job_edit_views.py", line 170, in setUp
    self.contact1 = Contact.objects.create(name='Contact One', email='contact1@example.com')
                    ^^^^^^^^^^^^^^^^^^^^^^^^^^^^^^^^^^^^^^^^^^^^^^^^^^^^^^^^^^^^^^^^^^^^^^^^
  File "/home/alimt/Minibini/venv/lib/python3.12/site-packages/django/db/models/manager.py", line 87, in manager_method
    return getattr(self.get_queryset(), name)(*args, **kwargs)
           ^^^^^^^^^^^^^^^^^^^^^^^^^^^^^^^^^^^^^^^^^^^^^^^^^^^
  File "/home/alimt/Minibini/venv/lib/python3.12/site-packages/django/db/models/query.py", line 661, in create
    obj = self.model(**kwargs)
          ^^^^^^^^^^^^^^^^^^^^
  File "/home/alimt/Minibini/venv/lib/python3.12/site-packages/django/db/models/base.py", line 558, in __init__
    _setattr(self, prop, value)
AttributeError: property 'name' of 'Contact' object has no setter

======================================================================
ERROR: test_approved_job_form_has_disabled_fields (tests.test_job_edit_views.JobEditApprovedStatusTest.test_approved_job_form_has_disabled_fields)
Form for approved job has contact and created_date disabled
----------------------------------------------------------------------
Traceback (most recent call last):
  File "/home/alimt/Minibini/tests/test_job_edit_views.py", line 170, in setUp
    self.contact1 = Contact.objects.create(name='Contact One', email='contact1@example.com')
                    ^^^^^^^^^^^^^^^^^^^^^^^^^^^^^^^^^^^^^^^^^^^^^^^^^^^^^^^^^^^^^^^^^^^^^^^^
  File "/home/alimt/Minibini/venv/lib/python3.12/site-packages/django/db/models/manager.py", line 87, in manager_method
    return getattr(self.get_queryset(), name)(*args, **kwargs)
           ^^^^^^^^^^^^^^^^^^^^^^^^^^^^^^^^^^^^^^^^^^^^^^^^^^^
  File "/home/alimt/Minibini/venv/lib/python3.12/site-packages/django/db/models/query.py", line 661, in create
    obj = self.model(**kwargs)
          ^^^^^^^^^^^^^^^^^^^^
  File "/home/alimt/Minibini/venv/lib/python3.12/site-packages/django/db/models/base.py", line 558, in __init__
    _setattr(self, prop, value)
AttributeError: property 'name' of 'Contact' object has no setter

======================================================================
ERROR: test_complete_job_all_fields_disabled (tests.test_job_edit_views.JobEditCompleteStatusTest.test_complete_job_all_fields_disabled)
Complete jobs have all fields disabled
----------------------------------------------------------------------
Traceback (most recent call last):
  File "/home/alimt/Minibini/tests/test_job_edit_views.py", line 415, in setUp
    self.contact1 = Contact.objects.create(name='Contact One', email='contact1@example.com')
                    ^^^^^^^^^^^^^^^^^^^^^^^^^^^^^^^^^^^^^^^^^^^^^^^^^^^^^^^^^^^^^^^^^^^^^^^^
  File "/home/alimt/Minibini/venv/lib/python3.12/site-packages/django/db/models/manager.py", line 87, in manager_method
    return getattr(self.get_queryset(), name)(*args, **kwargs)
           ^^^^^^^^^^^^^^^^^^^^^^^^^^^^^^^^^^^^^^^^^^^^^^^^^^^
  File "/home/alimt/Minibini/venv/lib/python3.12/site-packages/django/db/models/query.py", line 661, in create
    obj = self.model(**kwargs)
          ^^^^^^^^^^^^^^^^^^^^
  File "/home/alimt/Minibini/venv/lib/python3.12/site-packages/django/db/models/base.py", line 558, in __init__
    _setattr(self, prop, value)
AttributeError: property 'name' of 'Contact' object has no setter

======================================================================
ERROR: test_draft_job_can_change_contact (tests.test_job_edit_views.JobEditDraftStatusTest.test_draft_job_can_change_contact)
Draft jobs can change contact
----------------------------------------------------------------------
Traceback (most recent call last):
  File "/home/alimt/Minibini/tests/test_job_edit_views.py", line 30, in setUp
    self.contact1 = Contact.objects.create(name='Contact One', email='contact1@example.com')
                    ^^^^^^^^^^^^^^^^^^^^^^^^^^^^^^^^^^^^^^^^^^^^^^^^^^^^^^^^^^^^^^^^^^^^^^^^
  File "/home/alimt/Minibini/venv/lib/python3.12/site-packages/django/db/models/manager.py", line 87, in manager_method
    return getattr(self.get_queryset(), name)(*args, **kwargs)
           ^^^^^^^^^^^^^^^^^^^^^^^^^^^^^^^^^^^^^^^^^^^^^^^^^^^
  File "/home/alimt/Minibini/venv/lib/python3.12/site-packages/django/db/models/query.py", line 661, in create
    obj = self.model(**kwargs)
          ^^^^^^^^^^^^^^^^^^^^
  File "/home/alimt/Minibini/venv/lib/python3.12/site-packages/django/db/models/base.py", line 558, in __init__
    _setattr(self, prop, value)
AttributeError: property 'name' of 'Contact' object has no setter

======================================================================
ERROR: test_draft_job_can_change_customer_po_number (tests.test_job_edit_views.JobEditDraftStatusTest.test_draft_job_can_change_customer_po_number)
Draft jobs can change customer_po_number
----------------------------------------------------------------------
Traceback (most recent call last):
  File "/home/alimt/Minibini/tests/test_job_edit_views.py", line 30, in setUp
    self.contact1 = Contact.objects.create(name='Contact One', email='contact1@example.com')
                    ^^^^^^^^^^^^^^^^^^^^^^^^^^^^^^^^^^^^^^^^^^^^^^^^^^^^^^^^^^^^^^^^^^^^^^^^
  File "/home/alimt/Minibini/venv/lib/python3.12/site-packages/django/db/models/manager.py", line 87, in manager_method
    return getattr(self.get_queryset(), name)(*args, **kwargs)
           ^^^^^^^^^^^^^^^^^^^^^^^^^^^^^^^^^^^^^^^^^^^^^^^^^^^
  File "/home/alimt/Minibini/venv/lib/python3.12/site-packages/django/db/models/query.py", line 661, in create
    obj = self.model(**kwargs)
          ^^^^^^^^^^^^^^^^^^^^
  File "/home/alimt/Minibini/venv/lib/python3.12/site-packages/django/db/models/base.py", line 558, in __init__
    _setattr(self, prop, value)
AttributeError: property 'name' of 'Contact' object has no setter

======================================================================
ERROR: test_draft_job_can_change_description (tests.test_job_edit_views.JobEditDraftStatusTest.test_draft_job_can_change_description)
Draft jobs can change description
----------------------------------------------------------------------
Traceback (most recent call last):
  File "/home/alimt/Minibini/tests/test_job_edit_views.py", line 30, in setUp
    self.contact1 = Contact.objects.create(name='Contact One', email='contact1@example.com')
                    ^^^^^^^^^^^^^^^^^^^^^^^^^^^^^^^^^^^^^^^^^^^^^^^^^^^^^^^^^^^^^^^^^^^^^^^^
  File "/home/alimt/Minibini/venv/lib/python3.12/site-packages/django/db/models/manager.py", line 87, in manager_method
    return getattr(self.get_queryset(), name)(*args, **kwargs)
           ^^^^^^^^^^^^^^^^^^^^^^^^^^^^^^^^^^^^^^^^^^^^^^^^^^^
  File "/home/alimt/Minibini/venv/lib/python3.12/site-packages/django/db/models/query.py", line 661, in create
    obj = self.model(**kwargs)
          ^^^^^^^^^^^^^^^^^^^^
  File "/home/alimt/Minibini/venv/lib/python3.12/site-packages/django/db/models/base.py", line 558, in __init__
    _setattr(self, prop, value)
AttributeError: property 'name' of 'Contact' object has no setter

======================================================================
ERROR: test_draft_job_can_change_due_date (tests.test_job_edit_views.JobEditDraftStatusTest.test_draft_job_can_change_due_date)
Draft jobs can change due_date
----------------------------------------------------------------------
Traceback (most recent call last):
  File "/home/alimt/Minibini/tests/test_job_edit_views.py", line 30, in setUp
    self.contact1 = Contact.objects.create(name='Contact One', email='contact1@example.com')
                    ^^^^^^^^^^^^^^^^^^^^^^^^^^^^^^^^^^^^^^^^^^^^^^^^^^^^^^^^^^^^^^^^^^^^^^^^
  File "/home/alimt/Minibini/venv/lib/python3.12/site-packages/django/db/models/manager.py", line 87, in manager_method
    return getattr(self.get_queryset(), name)(*args, **kwargs)
           ^^^^^^^^^^^^^^^^^^^^^^^^^^^^^^^^^^^^^^^^^^^^^^^^^^^
  File "/home/alimt/Minibini/venv/lib/python3.12/site-packages/django/db/models/query.py", line 661, in create
    obj = self.model(**kwargs)
          ^^^^^^^^^^^^^^^^^^^^
  File "/home/alimt/Minibini/venv/lib/python3.12/site-packages/django/db/models/base.py", line 558, in __init__
    _setattr(self, prop, value)
AttributeError: property 'name' of 'Contact' object has no setter

======================================================================
ERROR: test_draft_job_can_change_status (tests.test_job_edit_views.JobEditDraftStatusTest.test_draft_job_can_change_status)
Draft jobs can change status to submitted
----------------------------------------------------------------------
Traceback (most recent call last):
  File "/home/alimt/Minibini/tests/test_job_edit_views.py", line 30, in setUp
    self.contact1 = Contact.objects.create(name='Contact One', email='contact1@example.com')
                    ^^^^^^^^^^^^^^^^^^^^^^^^^^^^^^^^^^^^^^^^^^^^^^^^^^^^^^^^^^^^^^^^^^^^^^^^
  File "/home/alimt/Minibini/venv/lib/python3.12/site-packages/django/db/models/manager.py", line 87, in manager_method
    return getattr(self.get_queryset(), name)(*args, **kwargs)
           ^^^^^^^^^^^^^^^^^^^^^^^^^^^^^^^^^^^^^^^^^^^^^^^^^^^
  File "/home/alimt/Minibini/venv/lib/python3.12/site-packages/django/db/models/query.py", line 661, in create
    obj = self.model(**kwargs)
          ^^^^^^^^^^^^^^^^^^^^
  File "/home/alimt/Minibini/venv/lib/python3.12/site-packages/django/db/models/base.py", line 558, in __init__
    _setattr(self, prop, value)
AttributeError: property 'name' of 'Contact' object has no setter

======================================================================
ERROR: test_draft_job_cannot_change_created_date (tests.test_job_edit_views.JobEditDraftStatusTest.test_draft_job_cannot_change_created_date)
Draft jobs cannot change created_date (it's immutable)
----------------------------------------------------------------------
Traceback (most recent call last):
  File "/home/alimt/Minibini/tests/test_job_edit_views.py", line 30, in setUp
    self.contact1 = Contact.objects.create(name='Contact One', email='contact1@example.com')
                    ^^^^^^^^^^^^^^^^^^^^^^^^^^^^^^^^^^^^^^^^^^^^^^^^^^^^^^^^^^^^^^^^^^^^^^^^
  File "/home/alimt/Minibini/venv/lib/python3.12/site-packages/django/db/models/manager.py", line 87, in manager_method
    return getattr(self.get_queryset(), name)(*args, **kwargs)
           ^^^^^^^^^^^^^^^^^^^^^^^^^^^^^^^^^^^^^^^^^^^^^^^^^^^
  File "/home/alimt/Minibini/venv/lib/python3.12/site-packages/django/db/models/query.py", line 661, in create
    obj = self.model(**kwargs)
          ^^^^^^^^^^^^^^^^^^^^
  File "/home/alimt/Minibini/venv/lib/python3.12/site-packages/django/db/models/base.py", line 558, in __init__
    _setattr(self, prop, value)
AttributeError: property 'name' of 'Contact' object has no setter

======================================================================
ERROR: test_draft_job_edit_form_loads (tests.test_job_edit_views.JobEditDraftStatusTest.test_draft_job_edit_form_loads)
GET request shows form for draft job
----------------------------------------------------------------------
Traceback (most recent call last):
  File "/home/alimt/Minibini/tests/test_job_edit_views.py", line 30, in setUp
    self.contact1 = Contact.objects.create(name='Contact One', email='contact1@example.com')
                    ^^^^^^^^^^^^^^^^^^^^^^^^^^^^^^^^^^^^^^^^^^^^^^^^^^^^^^^^^^^^^^^^^^^^^^^^
  File "/home/alimt/Minibini/venv/lib/python3.12/site-packages/django/db/models/manager.py", line 87, in manager_method
    return getattr(self.get_queryset(), name)(*args, **kwargs)
           ^^^^^^^^^^^^^^^^^^^^^^^^^^^^^^^^^^^^^^^^^^^^^^^^^^^
  File "/home/alimt/Minibini/venv/lib/python3.12/site-packages/django/db/models/query.py", line 661, in create
    obj = self.model(**kwargs)
          ^^^^^^^^^^^^^^^^^^^^
  File "/home/alimt/Minibini/venv/lib/python3.12/site-packages/django/db/models/base.py", line 558, in __init__
    _setattr(self, prop, value)
AttributeError: property 'name' of 'Contact' object has no setter

======================================================================
ERROR: test_rejected_job_cannot_change_contact (tests.test_job_edit_views.JobEditRejectedStatusTest.test_rejected_job_cannot_change_contact)
Rejected jobs cannot change contact
----------------------------------------------------------------------
Traceback (most recent call last):
  File "/home/alimt/Minibini/tests/test_job_edit_views.py", line 311, in setUp
    self.contact1 = Contact.objects.create(name='Contact One', email='contact1@example.com')
                    ^^^^^^^^^^^^^^^^^^^^^^^^^^^^^^^^^^^^^^^^^^^^^^^^^^^^^^^^^^^^^^^^^^^^^^^^
  File "/home/alimt/Minibini/venv/lib/python3.12/site-packages/django/db/models/manager.py", line 87, in manager_method
    return getattr(self.get_queryset(), name)(*args, **kwargs)
           ^^^^^^^^^^^^^^^^^^^^^^^^^^^^^^^^^^^^^^^^^^^^^^^^^^^
  File "/home/alimt/Minibini/venv/lib/python3.12/site-packages/django/db/models/query.py", line 661, in create
    obj = self.model(**kwargs)
          ^^^^^^^^^^^^^^^^^^^^
  File "/home/alimt/Minibini/venv/lib/python3.12/site-packages/django/db/models/base.py", line 558, in __init__
    _setattr(self, prop, value)
AttributeError: property 'name' of 'Contact' object has no setter

======================================================================
ERROR: test_rejected_job_cannot_change_customer_po_number (tests.test_job_edit_views.JobEditRejectedStatusTest.test_rejected_job_cannot_change_customer_po_number)
Rejected jobs cannot change customer_po_number
----------------------------------------------------------------------
Traceback (most recent call last):
  File "/home/alimt/Minibini/tests/test_job_edit_views.py", line 311, in setUp
    self.contact1 = Contact.objects.create(name='Contact One', email='contact1@example.com')
                    ^^^^^^^^^^^^^^^^^^^^^^^^^^^^^^^^^^^^^^^^^^^^^^^^^^^^^^^^^^^^^^^^^^^^^^^^
  File "/home/alimt/Minibini/venv/lib/python3.12/site-packages/django/db/models/manager.py", line 87, in manager_method
    return getattr(self.get_queryset(), name)(*args, **kwargs)
           ^^^^^^^^^^^^^^^^^^^^^^^^^^^^^^^^^^^^^^^^^^^^^^^^^^^
  File "/home/alimt/Minibini/venv/lib/python3.12/site-packages/django/db/models/query.py", line 661, in create
    obj = self.model(**kwargs)
          ^^^^^^^^^^^^^^^^^^^^
  File "/home/alimt/Minibini/venv/lib/python3.12/site-packages/django/db/models/base.py", line 558, in __init__
    _setattr(self, prop, value)
AttributeError: property 'name' of 'Contact' object has no setter

======================================================================
ERROR: test_rejected_job_cannot_change_description (tests.test_job_edit_views.JobEditRejectedStatusTest.test_rejected_job_cannot_change_description)
Rejected jobs cannot change description
----------------------------------------------------------------------
Traceback (most recent call last):
  File "/home/alimt/Minibini/tests/test_job_edit_views.py", line 311, in setUp
    self.contact1 = Contact.objects.create(name='Contact One', email='contact1@example.com')
                    ^^^^^^^^^^^^^^^^^^^^^^^^^^^^^^^^^^^^^^^^^^^^^^^^^^^^^^^^^^^^^^^^^^^^^^^^
  File "/home/alimt/Minibini/venv/lib/python3.12/site-packages/django/db/models/manager.py", line 87, in manager_method
    return getattr(self.get_queryset(), name)(*args, **kwargs)
           ^^^^^^^^^^^^^^^^^^^^^^^^^^^^^^^^^^^^^^^^^^^^^^^^^^^
  File "/home/alimt/Minibini/venv/lib/python3.12/site-packages/django/db/models/query.py", line 661, in create
    obj = self.model(**kwargs)
          ^^^^^^^^^^^^^^^^^^^^
  File "/home/alimt/Minibini/venv/lib/python3.12/site-packages/django/db/models/base.py", line 558, in __init__
    _setattr(self, prop, value)
AttributeError: property 'name' of 'Contact' object has no setter

======================================================================
ERROR: test_rejected_job_cannot_change_status (tests.test_job_edit_views.JobEditRejectedStatusTest.test_rejected_job_cannot_change_status)
Rejected jobs cannot change status (terminal state)
----------------------------------------------------------------------
Traceback (most recent call last):
  File "/home/alimt/Minibini/tests/test_job_edit_views.py", line 311, in setUp
    self.contact1 = Contact.objects.create(name='Contact One', email='contact1@example.com')
                    ^^^^^^^^^^^^^^^^^^^^^^^^^^^^^^^^^^^^^^^^^^^^^^^^^^^^^^^^^^^^^^^^^^^^^^^^
  File "/home/alimt/Minibini/venv/lib/python3.12/site-packages/django/db/models/manager.py", line 87, in manager_method
    return getattr(self.get_queryset(), name)(*args, **kwargs)
           ^^^^^^^^^^^^^^^^^^^^^^^^^^^^^^^^^^^^^^^^^^^^^^^^^^^
  File "/home/alimt/Minibini/venv/lib/python3.12/site-packages/django/db/models/query.py", line 661, in create
    obj = self.model(**kwargs)
          ^^^^^^^^^^^^^^^^^^^^
  File "/home/alimt/Minibini/venv/lib/python3.12/site-packages/django/db/models/base.py", line 558, in __init__
    _setattr(self, prop, value)
AttributeError: property 'name' of 'Contact' object has no setter

======================================================================
ERROR: test_rejected_job_form_all_fields_disabled_except_status (tests.test_job_edit_views.JobEditRejectedStatusTest.test_rejected_job_form_all_fields_disabled_except_status)
Form for rejected job has all fields disabled except status
----------------------------------------------------------------------
Traceback (most recent call last):
  File "/home/alimt/Minibini/tests/test_job_edit_views.py", line 311, in setUp
    self.contact1 = Contact.objects.create(name='Contact One', email='contact1@example.com')
                    ^^^^^^^^^^^^^^^^^^^^^^^^^^^^^^^^^^^^^^^^^^^^^^^^^^^^^^^^^^^^^^^^^^^^^^^^
  File "/home/alimt/Minibini/venv/lib/python3.12/site-packages/django/db/models/manager.py", line 87, in manager_method
    return getattr(self.get_queryset(), name)(*args, **kwargs)
           ^^^^^^^^^^^^^^^^^^^^^^^^^^^^^^^^^^^^^^^^^^^^^^^^^^^
  File "/home/alimt/Minibini/venv/lib/python3.12/site-packages/django/db/models/query.py", line 661, in create
    obj = self.model(**kwargs)
          ^^^^^^^^^^^^^^^^^^^^
  File "/home/alimt/Minibini/venv/lib/python3.12/site-packages/django/db/models/base.py", line 558, in __init__
    _setattr(self, prop, value)
AttributeError: property 'name' of 'Contact' object has no setter

======================================================================
ERROR: test_blep_creation (tests.test_jobs_models.BlepModelTest.test_blep_creation)
----------------------------------------------------------------------
Traceback (most recent call last):
  File "/home/alimt/Minibini/tests/test_jobs_models.py", line 295, in setUp
    self.contact = Contact.objects.create(name="Test Customer")
                   ^^^^^^^^^^^^^^^^^^^^^^^^^^^^^^^^^^^^^^^^^^^^
  File "/home/alimt/Minibini/venv/lib/python3.12/site-packages/django/db/models/manager.py", line 87, in manager_method
    return getattr(self.get_queryset(), name)(*args, **kwargs)
           ^^^^^^^^^^^^^^^^^^^^^^^^^^^^^^^^^^^^^^^^^^^^^^^^^^^
  File "/home/alimt/Minibini/venv/lib/python3.12/site-packages/django/db/models/query.py", line 661, in create
    obj = self.model(**kwargs)
          ^^^^^^^^^^^^^^^^^^^^
  File "/home/alimt/Minibini/venv/lib/python3.12/site-packages/django/db/models/base.py", line 558, in __init__
    _setattr(self, prop, value)
AttributeError: property 'name' of 'Contact' object has no setter

======================================================================
ERROR: test_blep_str_method (tests.test_jobs_models.BlepModelTest.test_blep_str_method)
----------------------------------------------------------------------
Traceback (most recent call last):
  File "/home/alimt/Minibini/tests/test_jobs_models.py", line 295, in setUp
    self.contact = Contact.objects.create(name="Test Customer")
                   ^^^^^^^^^^^^^^^^^^^^^^^^^^^^^^^^^^^^^^^^^^^^
  File "/home/alimt/Minibini/venv/lib/python3.12/site-packages/django/db/models/manager.py", line 87, in manager_method
    return getattr(self.get_queryset(), name)(*args, **kwargs)
           ^^^^^^^^^^^^^^^^^^^^^^^^^^^^^^^^^^^^^^^^^^^^^^^^^^^
  File "/home/alimt/Minibini/venv/lib/python3.12/site-packages/django/db/models/query.py", line 661, in create
    obj = self.model(**kwargs)
          ^^^^^^^^^^^^^^^^^^^^
  File "/home/alimt/Minibini/venv/lib/python3.12/site-packages/django/db/models/base.py", line 558, in __init__
    _setattr(self, prop, value)
AttributeError: property 'name' of 'Contact' object has no setter

======================================================================
ERROR: test_estimate_creation (tests.test_jobs_models.EstimateModelTest.test_estimate_creation)
----------------------------------------------------------------------
Traceback (most recent call last):
  File "/home/alimt/Minibini/tests/test_jobs_models.py", line 131, in setUp
    self.contact = Contact.objects.create(name="Test Customer")
                   ^^^^^^^^^^^^^^^^^^^^^^^^^^^^^^^^^^^^^^^^^^^^
  File "/home/alimt/Minibini/venv/lib/python3.12/site-packages/django/db/models/manager.py", line 87, in manager_method
    return getattr(self.get_queryset(), name)(*args, **kwargs)
           ^^^^^^^^^^^^^^^^^^^^^^^^^^^^^^^^^^^^^^^^^^^^^^^^^^^
  File "/home/alimt/Minibini/venv/lib/python3.12/site-packages/django/db/models/query.py", line 661, in create
    obj = self.model(**kwargs)
          ^^^^^^^^^^^^^^^^^^^^
  File "/home/alimt/Minibini/venv/lib/python3.12/site-packages/django/db/models/base.py", line 558, in __init__
    _setattr(self, prop, value)
AttributeError: property 'name' of 'Contact' object has no setter

======================================================================
ERROR: test_estimate_defaults (tests.test_jobs_models.EstimateModelTest.test_estimate_defaults)
----------------------------------------------------------------------
Traceback (most recent call last):
  File "/home/alimt/Minibini/tests/test_jobs_models.py", line 131, in setUp
    self.contact = Contact.objects.create(name="Test Customer")
                   ^^^^^^^^^^^^^^^^^^^^^^^^^^^^^^^^^^^^^^^^^^^^
  File "/home/alimt/Minibini/venv/lib/python3.12/site-packages/django/db/models/manager.py", line 87, in manager_method
    return getattr(self.get_queryset(), name)(*args, **kwargs)
           ^^^^^^^^^^^^^^^^^^^^^^^^^^^^^^^^^^^^^^^^^^^^^^^^^^^
  File "/home/alimt/Minibini/venv/lib/python3.12/site-packages/django/db/models/query.py", line 661, in create
    obj = self.model(**kwargs)
          ^^^^^^^^^^^^^^^^^^^^
  File "/home/alimt/Minibini/venv/lib/python3.12/site-packages/django/db/models/base.py", line 558, in __init__
    _setattr(self, prop, value)
AttributeError: property 'name' of 'Contact' object has no setter

======================================================================
ERROR: test_estimate_status_choices (tests.test_jobs_models.EstimateModelTest.test_estimate_status_choices)
----------------------------------------------------------------------
Traceback (most recent call last):
  File "/home/alimt/Minibini/tests/test_jobs_models.py", line 131, in setUp
    self.contact = Contact.objects.create(name="Test Customer")
                   ^^^^^^^^^^^^^^^^^^^^^^^^^^^^^^^^^^^^^^^^^^^^
  File "/home/alimt/Minibini/venv/lib/python3.12/site-packages/django/db/models/manager.py", line 87, in manager_method
    return getattr(self.get_queryset(), name)(*args, **kwargs)
           ^^^^^^^^^^^^^^^^^^^^^^^^^^^^^^^^^^^^^^^^^^^^^^^^^^^
  File "/home/alimt/Minibini/venv/lib/python3.12/site-packages/django/db/models/query.py", line 661, in create
    obj = self.model(**kwargs)
          ^^^^^^^^^^^^^^^^^^^^
  File "/home/alimt/Minibini/venv/lib/python3.12/site-packages/django/db/models/base.py", line 558, in __init__
    _setattr(self, prop, value)
AttributeError: property 'name' of 'Contact' object has no setter

======================================================================
ERROR: test_estimate_str_method (tests.test_jobs_models.EstimateModelTest.test_estimate_str_method)
----------------------------------------------------------------------
Traceback (most recent call last):
  File "/home/alimt/Minibini/tests/test_jobs_models.py", line 131, in setUp
    self.contact = Contact.objects.create(name="Test Customer")
                   ^^^^^^^^^^^^^^^^^^^^^^^^^^^^^^^^^^^^^^^^^^^^
  File "/home/alimt/Minibini/venv/lib/python3.12/site-packages/django/db/models/manager.py", line 87, in manager_method
    return getattr(self.get_queryset(), name)(*args, **kwargs)
           ^^^^^^^^^^^^^^^^^^^^^^^^^^^^^^^^^^^^^^^^^^^^^^^^^^^
  File "/home/alimt/Minibini/venv/lib/python3.12/site-packages/django/db/models/query.py", line 661, in create
    obj = self.model(**kwargs)
          ^^^^^^^^^^^^^^^^^^^^
  File "/home/alimt/Minibini/venv/lib/python3.12/site-packages/django/db/models/base.py", line 558, in __init__
    _setattr(self, prop, value)
AttributeError: property 'name' of 'Contact' object has no setter

======================================================================
ERROR: test_job_contact_cannot_be_none (tests.test_jobs_models.JobModelTest.test_job_contact_cannot_be_none)
Test that a Job's contact field cannot be None
----------------------------------------------------------------------
Traceback (most recent call last):
  File "/home/alimt/Minibini/tests/test_jobs_models.py", line 13, in setUp
    self.contact = Contact.objects.create(name="Test Customer")
                   ^^^^^^^^^^^^^^^^^^^^^^^^^^^^^^^^^^^^^^^^^^^^
  File "/home/alimt/Minibini/venv/lib/python3.12/site-packages/django/db/models/manager.py", line 87, in manager_method
    return getattr(self.get_queryset(), name)(*args, **kwargs)
           ^^^^^^^^^^^^^^^^^^^^^^^^^^^^^^^^^^^^^^^^^^^^^^^^^^^
  File "/home/alimt/Minibini/venv/lib/python3.12/site-packages/django/db/models/query.py", line 661, in create
    obj = self.model(**kwargs)
          ^^^^^^^^^^^^^^^^^^^^
  File "/home/alimt/Minibini/venv/lib/python3.12/site-packages/django/db/models/base.py", line 558, in __init__
    _setattr(self, prop, value)
AttributeError: property 'name' of 'Contact' object has no setter

======================================================================
ERROR: test_job_creation (tests.test_jobs_models.JobModelTest.test_job_creation)
----------------------------------------------------------------------
Traceback (most recent call last):
  File "/home/alimt/Minibini/tests/test_jobs_models.py", line 13, in setUp
    self.contact = Contact.objects.create(name="Test Customer")
                   ^^^^^^^^^^^^^^^^^^^^^^^^^^^^^^^^^^^^^^^^^^^^
  File "/home/alimt/Minibini/venv/lib/python3.12/site-packages/django/db/models/manager.py", line 87, in manager_method
    return getattr(self.get_queryset(), name)(*args, **kwargs)
           ^^^^^^^^^^^^^^^^^^^^^^^^^^^^^^^^^^^^^^^^^^^^^^^^^^^
  File "/home/alimt/Minibini/venv/lib/python3.12/site-packages/django/db/models/query.py", line 661, in create
    obj = self.model(**kwargs)
          ^^^^^^^^^^^^^^^^^^^^
  File "/home/alimt/Minibini/venv/lib/python3.12/site-packages/django/db/models/base.py", line 558, in __init__
    _setattr(self, prop, value)
AttributeError: property 'name' of 'Contact' object has no setter

======================================================================
ERROR: test_job_creation_timestamp_is_current (tests.test_jobs_models.JobModelTest.test_job_creation_timestamp_is_current)
Test that a new Job is always created with a current timestamp
----------------------------------------------------------------------
Traceback (most recent call last):
  File "/home/alimt/Minibini/tests/test_jobs_models.py", line 13, in setUp
    self.contact = Contact.objects.create(name="Test Customer")
                   ^^^^^^^^^^^^^^^^^^^^^^^^^^^^^^^^^^^^^^^^^^^^
  File "/home/alimt/Minibini/venv/lib/python3.12/site-packages/django/db/models/manager.py", line 87, in manager_method
    return getattr(self.get_queryset(), name)(*args, **kwargs)
           ^^^^^^^^^^^^^^^^^^^^^^^^^^^^^^^^^^^^^^^^^^^^^^^^^^^
  File "/home/alimt/Minibini/venv/lib/python3.12/site-packages/django/db/models/query.py", line 661, in create
    obj = self.model(**kwargs)
          ^^^^^^^^^^^^^^^^^^^^
  File "/home/alimt/Minibini/venv/lib/python3.12/site-packages/django/db/models/base.py", line 558, in __init__
    _setattr(self, prop, value)
AttributeError: property 'name' of 'Contact' object has no setter

======================================================================
ERROR: test_job_default_status_is_draft (tests.test_jobs_models.JobModelTest.test_job_default_status_is_draft)
Test that a new Job always starts in Draft state by default
----------------------------------------------------------------------
Traceback (most recent call last):
  File "/home/alimt/Minibini/tests/test_jobs_models.py", line 13, in setUp
    self.contact = Contact.objects.create(name="Test Customer")
                   ^^^^^^^^^^^^^^^^^^^^^^^^^^^^^^^^^^^^^^^^^^^^
  File "/home/alimt/Minibini/venv/lib/python3.12/site-packages/django/db/models/manager.py", line 87, in manager_method
    return getattr(self.get_queryset(), name)(*args, **kwargs)
           ^^^^^^^^^^^^^^^^^^^^^^^^^^^^^^^^^^^^^^^^^^^^^^^^^^^
  File "/home/alimt/Minibini/venv/lib/python3.12/site-packages/django/db/models/query.py", line 661, in create
    obj = self.model(**kwargs)
          ^^^^^^^^^^^^^^^^^^^^
  File "/home/alimt/Minibini/venv/lib/python3.12/site-packages/django/db/models/base.py", line 558, in __init__
    _setattr(self, prop, value)
AttributeError: property 'name' of 'Contact' object has no setter

======================================================================
ERROR: test_job_default_values (tests.test_jobs_models.JobModelTest.test_job_default_values)
----------------------------------------------------------------------
Traceback (most recent call last):
  File "/home/alimt/Minibini/tests/test_jobs_models.py", line 13, in setUp
    self.contact = Contact.objects.create(name="Test Customer")
                   ^^^^^^^^^^^^^^^^^^^^^^^^^^^^^^^^^^^^^^^^^^^^
  File "/home/alimt/Minibini/venv/lib/python3.12/site-packages/django/db/models/manager.py", line 87, in manager_method
    return getattr(self.get_queryset(), name)(*args, **kwargs)
           ^^^^^^^^^^^^^^^^^^^^^^^^^^^^^^^^^^^^^^^^^^^^^^^^^^^
  File "/home/alimt/Minibini/venv/lib/python3.12/site-packages/django/db/models/query.py", line 661, in create
    obj = self.model(**kwargs)
          ^^^^^^^^^^^^^^^^^^^^
  File "/home/alimt/Minibini/venv/lib/python3.12/site-packages/django/db/models/base.py", line 558, in __init__
    _setattr(self, prop, value)
AttributeError: property 'name' of 'Contact' object has no setter

======================================================================
ERROR: test_job_minimal_creation_requirements (tests.test_jobs_models.JobModelTest.test_job_minimal_creation_requirements)
Test that only job_number and contact are required for Job creation
----------------------------------------------------------------------
Traceback (most recent call last):
  File "/home/alimt/Minibini/tests/test_jobs_models.py", line 13, in setUp
    self.contact = Contact.objects.create(name="Test Customer")
                   ^^^^^^^^^^^^^^^^^^^^^^^^^^^^^^^^^^^^^^^^^^^^
  File "/home/alimt/Minibini/venv/lib/python3.12/site-packages/django/db/models/manager.py", line 87, in manager_method
    return getattr(self.get_queryset(), name)(*args, **kwargs)
           ^^^^^^^^^^^^^^^^^^^^^^^^^^^^^^^^^^^^^^^^^^^^^^^^^^^
  File "/home/alimt/Minibini/venv/lib/python3.12/site-packages/django/db/models/query.py", line 661, in create
    obj = self.model(**kwargs)
          ^^^^^^^^^^^^^^^^^^^^
  File "/home/alimt/Minibini/venv/lib/python3.12/site-packages/django/db/models/base.py", line 558, in __init__
    _setattr(self, prop, value)
AttributeError: property 'name' of 'Contact' object has no setter

======================================================================
ERROR: test_job_requires_contact (tests.test_jobs_models.JobModelTest.test_job_requires_contact)
Test that a Job must have a Contact associated with it
----------------------------------------------------------------------
Traceback (most recent call last):
  File "/home/alimt/Minibini/tests/test_jobs_models.py", line 13, in setUp
    self.contact = Contact.objects.create(name="Test Customer")
                   ^^^^^^^^^^^^^^^^^^^^^^^^^^^^^^^^^^^^^^^^^^^^
  File "/home/alimt/Minibini/venv/lib/python3.12/site-packages/django/db/models/manager.py", line 87, in manager_method
    return getattr(self.get_queryset(), name)(*args, **kwargs)
           ^^^^^^^^^^^^^^^^^^^^^^^^^^^^^^^^^^^^^^^^^^^^^^^^^^^
  File "/home/alimt/Minibini/venv/lib/python3.12/site-packages/django/db/models/query.py", line 661, in create
    obj = self.model(**kwargs)
          ^^^^^^^^^^^^^^^^^^^^
  File "/home/alimt/Minibini/venv/lib/python3.12/site-packages/django/db/models/base.py", line 558, in __init__
    _setattr(self, prop, value)
AttributeError: property 'name' of 'Contact' object has no setter

======================================================================
ERROR: test_job_status_choices (tests.test_jobs_models.JobModelTest.test_job_status_choices)
----------------------------------------------------------------------
Traceback (most recent call last):
  File "/home/alimt/Minibini/tests/test_jobs_models.py", line 13, in setUp
    self.contact = Contact.objects.create(name="Test Customer")
                   ^^^^^^^^^^^^^^^^^^^^^^^^^^^^^^^^^^^^^^^^^^^^
  File "/home/alimt/Minibini/venv/lib/python3.12/site-packages/django/db/models/manager.py", line 87, in manager_method
    return getattr(self.get_queryset(), name)(*args, **kwargs)
           ^^^^^^^^^^^^^^^^^^^^^^^^^^^^^^^^^^^^^^^^^^^^^^^^^^^
  File "/home/alimt/Minibini/venv/lib/python3.12/site-packages/django/db/models/query.py", line 661, in create
    obj = self.model(**kwargs)
          ^^^^^^^^^^^^^^^^^^^^
  File "/home/alimt/Minibini/venv/lib/python3.12/site-packages/django/db/models/base.py", line 558, in __init__
    _setattr(self, prop, value)
AttributeError: property 'name' of 'Contact' object has no setter

======================================================================
ERROR: test_job_str_method (tests.test_jobs_models.JobModelTest.test_job_str_method)
----------------------------------------------------------------------
Traceback (most recent call last):
  File "/home/alimt/Minibini/tests/test_jobs_models.py", line 13, in setUp
    self.contact = Contact.objects.create(name="Test Customer")
                   ^^^^^^^^^^^^^^^^^^^^^^^^^^^^^^^^^^^^^^^^^^^^
  File "/home/alimt/Minibini/venv/lib/python3.12/site-packages/django/db/models/manager.py", line 87, in manager_method
    return getattr(self.get_queryset(), name)(*args, **kwargs)
           ^^^^^^^^^^^^^^^^^^^^^^^^^^^^^^^^^^^^^^^^^^^^^^^^^^^
  File "/home/alimt/Minibini/venv/lib/python3.12/site-packages/django/db/models/query.py", line 661, in create
    obj = self.model(**kwargs)
          ^^^^^^^^^^^^^^^^^^^^
  File "/home/alimt/Minibini/venv/lib/python3.12/site-packages/django/db/models/base.py", line 558, in __init__
    _setattr(self, prop, value)
AttributeError: property 'name' of 'Contact' object has no setter

======================================================================
ERROR: test_job_with_completed_date (tests.test_jobs_models.JobModelTest.test_job_with_completed_date)
----------------------------------------------------------------------
Traceback (most recent call last):
  File "/home/alimt/Minibini/tests/test_jobs_models.py", line 13, in setUp
    self.contact = Contact.objects.create(name="Test Customer")
                   ^^^^^^^^^^^^^^^^^^^^^^^^^^^^^^^^^^^^^^^^^^^^
  File "/home/alimt/Minibini/venv/lib/python3.12/site-packages/django/db/models/manager.py", line 87, in manager_method
    return getattr(self.get_queryset(), name)(*args, **kwargs)
           ^^^^^^^^^^^^^^^^^^^^^^^^^^^^^^^^^^^^^^^^^^^^^^^^^^^
  File "/home/alimt/Minibini/venv/lib/python3.12/site-packages/django/db/models/query.py", line 661, in create
    obj = self.model(**kwargs)
          ^^^^^^^^^^^^^^^^^^^^
  File "/home/alimt/Minibini/venv/lib/python3.12/site-packages/django/db/models/base.py", line 558, in __init__
    _setattr(self, prop, value)
AttributeError: property 'name' of 'Contact' object has no setter

======================================================================
ERROR: test_job_with_due_date (tests.test_jobs_models.JobModelTest.test_job_with_due_date)
Test that a Job can have an optional due date
----------------------------------------------------------------------
Traceback (most recent call last):
  File "/home/alimt/Minibini/tests/test_jobs_models.py", line 13, in setUp
    self.contact = Contact.objects.create(name="Test Customer")
                   ^^^^^^^^^^^^^^^^^^^^^^^^^^^^^^^^^^^^^^^^^^^^
  File "/home/alimt/Minibini/venv/lib/python3.12/site-packages/django/db/models/manager.py", line 87, in manager_method
    return getattr(self.get_queryset(), name)(*args, **kwargs)
           ^^^^^^^^^^^^^^^^^^^^^^^^^^^^^^^^^^^^^^^^^^^^^^^^^^^
  File "/home/alimt/Minibini/venv/lib/python3.12/site-packages/django/db/models/query.py", line 661, in create
    obj = self.model(**kwargs)
          ^^^^^^^^^^^^^^^^^^^^
  File "/home/alimt/Minibini/venv/lib/python3.12/site-packages/django/db/models/base.py", line 558, in __init__
    _setattr(self, prop, value)
AttributeError: property 'name' of 'Contact' object has no setter

======================================================================
ERROR: test_task_mapping_creation (tests.test_jobs_models.TaskMappingModelTest.test_task_mapping_creation)
----------------------------------------------------------------------
Traceback (most recent call last):
  File "/home/alimt/Minibini/tests/test_jobs_models.py", line 328, in setUp
    self.contact = Contact.objects.create(name="Test Customer")
                   ^^^^^^^^^^^^^^^^^^^^^^^^^^^^^^^^^^^^^^^^^^^^
  File "/home/alimt/Minibini/venv/lib/python3.12/site-packages/django/db/models/manager.py", line 87, in manager_method
    return getattr(self.get_queryset(), name)(*args, **kwargs)
           ^^^^^^^^^^^^^^^^^^^^^^^^^^^^^^^^^^^^^^^^^^^^^^^^^^^
  File "/home/alimt/Minibini/venv/lib/python3.12/site-packages/django/db/models/query.py", line 661, in create
    obj = self.model(**kwargs)
          ^^^^^^^^^^^^^^^^^^^^
  File "/home/alimt/Minibini/venv/lib/python3.12/site-packages/django/db/models/base.py", line 558, in __init__
    _setattr(self, prop, value)
AttributeError: property 'name' of 'Contact' object has no setter

======================================================================
ERROR: test_task_mapping_optional_breakdown (tests.test_jobs_models.TaskMappingModelTest.test_task_mapping_optional_breakdown)
----------------------------------------------------------------------
Traceback (most recent call last):
  File "/home/alimt/Minibini/tests/test_jobs_models.py", line 328, in setUp
    self.contact = Contact.objects.create(name="Test Customer")
                   ^^^^^^^^^^^^^^^^^^^^^^^^^^^^^^^^^^^^^^^^^^^^
  File "/home/alimt/Minibini/venv/lib/python3.12/site-packages/django/db/models/manager.py", line 87, in manager_method
    return getattr(self.get_queryset(), name)(*args, **kwargs)
           ^^^^^^^^^^^^^^^^^^^^^^^^^^^^^^^^^^^^^^^^^^^^^^^^^^^
  File "/home/alimt/Minibini/venv/lib/python3.12/site-packages/django/db/models/query.py", line 661, in create
    obj = self.model(**kwargs)
          ^^^^^^^^^^^^^^^^^^^^
  File "/home/alimt/Minibini/venv/lib/python3.12/site-packages/django/db/models/base.py", line 558, in __init__
    _setattr(self, prop, value)
AttributeError: property 'name' of 'Contact' object has no setter

======================================================================
ERROR: test_task_mapping_str_method (tests.test_jobs_models.TaskMappingModelTest.test_task_mapping_str_method)
----------------------------------------------------------------------
Traceback (most recent call last):
  File "/home/alimt/Minibini/tests/test_jobs_models.py", line 328, in setUp
    self.contact = Contact.objects.create(name="Test Customer")
                   ^^^^^^^^^^^^^^^^^^^^^^^^^^^^^^^^^^^^^^^^^^^^
  File "/home/alimt/Minibini/venv/lib/python3.12/site-packages/django/db/models/manager.py", line 87, in manager_method
    return getattr(self.get_queryset(), name)(*args, **kwargs)
           ^^^^^^^^^^^^^^^^^^^^^^^^^^^^^^^^^^^^^^^^^^^^^^^^^^^
  File "/home/alimt/Minibini/venv/lib/python3.12/site-packages/django/db/models/query.py", line 661, in create
    obj = self.model(**kwargs)
          ^^^^^^^^^^^^^^^^^^^^
  File "/home/alimt/Minibini/venv/lib/python3.12/site-packages/django/db/models/base.py", line 558, in __init__
    _setattr(self, prop, value)
AttributeError: property 'name' of 'Contact' object has no setter

======================================================================
ERROR: test_task_mapping_template_relationship (tests.test_jobs_models.TaskMappingModelTest.test_task_mapping_template_relationship)
Test TaskMapping used as template via TaskTemplate.
----------------------------------------------------------------------
Traceback (most recent call last):
  File "/home/alimt/Minibini/tests/test_jobs_models.py", line 328, in setUp
    self.contact = Contact.objects.create(name="Test Customer")
                   ^^^^^^^^^^^^^^^^^^^^^^^^^^^^^^^^^^^^^^^^^^^^
  File "/home/alimt/Minibini/venv/lib/python3.12/site-packages/django/db/models/manager.py", line 87, in manager_method
    return getattr(self.get_queryset(), name)(*args, **kwargs)
           ^^^^^^^^^^^^^^^^^^^^^^^^^^^^^^^^^^^^^^^^^^^^^^^^^^^
  File "/home/alimt/Minibini/venv/lib/python3.12/site-packages/django/db/models/query.py", line 661, in create
    obj = self.model(**kwargs)
          ^^^^^^^^^^^^^^^^^^^^
  File "/home/alimt/Minibini/venv/lib/python3.12/site-packages/django/db/models/base.py", line 558, in __init__
    _setattr(self, prop, value)
AttributeError: property 'name' of 'Contact' object has no setter

======================================================================
ERROR: test_task_calculated_total (tests.test_jobs_models.TaskModelTest.test_task_calculated_total)
Test calculating total from rate and est_qty.
----------------------------------------------------------------------
Traceback (most recent call last):
  File "/home/alimt/Minibini/tests/test_jobs_models.py", line 217, in setUp
    self.contact = Contact.objects.create(name="Test Customer")
                   ^^^^^^^^^^^^^^^^^^^^^^^^^^^^^^^^^^^^^^^^^^^^
  File "/home/alimt/Minibini/venv/lib/python3.12/site-packages/django/db/models/manager.py", line 87, in manager_method
    return getattr(self.get_queryset(), name)(*args, **kwargs)
           ^^^^^^^^^^^^^^^^^^^^^^^^^^^^^^^^^^^^^^^^^^^^^^^^^^^
  File "/home/alimt/Minibini/venv/lib/python3.12/site-packages/django/db/models/query.py", line 661, in create
    obj = self.model(**kwargs)
          ^^^^^^^^^^^^^^^^^^^^
  File "/home/alimt/Minibini/venv/lib/python3.12/site-packages/django/db/models/base.py", line 558, in __init__
    _setattr(self, prop, value)
AttributeError: property 'name' of 'Contact' object has no setter

======================================================================
ERROR: test_task_creation (tests.test_jobs_models.TaskModelTest.test_task_creation)
----------------------------------------------------------------------
Traceback (most recent call last):
  File "/home/alimt/Minibini/tests/test_jobs_models.py", line 217, in setUp
    self.contact = Contact.objects.create(name="Test Customer")
                   ^^^^^^^^^^^^^^^^^^^^^^^^^^^^^^^^^^^^^^^^^^^^
  File "/home/alimt/Minibini/venv/lib/python3.12/site-packages/django/db/models/manager.py", line 87, in manager_method
    return getattr(self.get_queryset(), name)(*args, **kwargs)
           ^^^^^^^^^^^^^^^^^^^^^^^^^^^^^^^^^^^^^^^^^^^^^^^^^^^
  File "/home/alimt/Minibini/venv/lib/python3.12/site-packages/django/db/models/query.py", line 661, in create
    obj = self.model(**kwargs)
          ^^^^^^^^^^^^^^^^^^^^
  File "/home/alimt/Minibini/venv/lib/python3.12/site-packages/django/db/models/base.py", line 558, in __init__
    _setattr(self, prop, value)
AttributeError: property 'name' of 'Contact' object has no setter

======================================================================
ERROR: test_task_new_fields (tests.test_jobs_models.TaskModelTest.test_task_new_fields)
Test the new units, rate, and est_qty fields on Task.
----------------------------------------------------------------------
Traceback (most recent call last):
  File "/home/alimt/Minibini/tests/test_jobs_models.py", line 217, in setUp
    self.contact = Contact.objects.create(name="Test Customer")
                   ^^^^^^^^^^^^^^^^^^^^^^^^^^^^^^^^^^^^^^^^^^^^
  File "/home/alimt/Minibini/venv/lib/python3.12/site-packages/django/db/models/manager.py", line 87, in manager_method
    return getattr(self.get_queryset(), name)(*args, **kwargs)
           ^^^^^^^^^^^^^^^^^^^^^^^^^^^^^^^^^^^^^^^^^^^^^^^^^^^
  File "/home/alimt/Minibini/venv/lib/python3.12/site-packages/django/db/models/query.py", line 661, in create
    obj = self.model(**kwargs)
          ^^^^^^^^^^^^^^^^^^^^
  File "/home/alimt/Minibini/venv/lib/python3.12/site-packages/django/db/models/base.py", line 558, in __init__
    _setattr(self, prop, value)
AttributeError: property 'name' of 'Contact' object has no setter

======================================================================
ERROR: test_task_new_fields_optional (tests.test_jobs_models.TaskModelTest.test_task_new_fields_optional)
Test that new fields are optional on Task.
----------------------------------------------------------------------
Traceback (most recent call last):
  File "/home/alimt/Minibini/tests/test_jobs_models.py", line 217, in setUp
    self.contact = Contact.objects.create(name="Test Customer")
                   ^^^^^^^^^^^^^^^^^^^^^^^^^^^^^^^^^^^^^^^^^^^^
  File "/home/alimt/Minibini/venv/lib/python3.12/site-packages/django/db/models/manager.py", line 87, in manager_method
    return getattr(self.get_queryset(), name)(*args, **kwargs)
           ^^^^^^^^^^^^^^^^^^^^^^^^^^^^^^^^^^^^^^^^^^^^^^^^^^^
  File "/home/alimt/Minibini/venv/lib/python3.12/site-packages/django/db/models/query.py", line 661, in create
    obj = self.model(**kwargs)
          ^^^^^^^^^^^^^^^^^^^^
  File "/home/alimt/Minibini/venv/lib/python3.12/site-packages/django/db/models/base.py", line 558, in __init__
    _setattr(self, prop, value)
AttributeError: property 'name' of 'Contact' object has no setter

======================================================================
ERROR: test_task_optional_fields (tests.test_jobs_models.TaskModelTest.test_task_optional_fields)
----------------------------------------------------------------------
Traceback (most recent call last):
  File "/home/alimt/Minibini/tests/test_jobs_models.py", line 217, in setUp
    self.contact = Contact.objects.create(name="Test Customer")
                   ^^^^^^^^^^^^^^^^^^^^^^^^^^^^^^^^^^^^^^^^^^^^
  File "/home/alimt/Minibini/venv/lib/python3.12/site-packages/django/db/models/manager.py", line 87, in manager_method
    return getattr(self.get_queryset(), name)(*args, **kwargs)
           ^^^^^^^^^^^^^^^^^^^^^^^^^^^^^^^^^^^^^^^^^^^^^^^^^^^
  File "/home/alimt/Minibini/venv/lib/python3.12/site-packages/django/db/models/query.py", line 661, in create
    obj = self.model(**kwargs)
          ^^^^^^^^^^^^^^^^^^^^
  File "/home/alimt/Minibini/venv/lib/python3.12/site-packages/django/db/models/base.py", line 558, in __init__
    _setattr(self, prop, value)
AttributeError: property 'name' of 'Contact' object has no setter

======================================================================
ERROR: test_task_str_method (tests.test_jobs_models.TaskModelTest.test_task_str_method)
----------------------------------------------------------------------
Traceback (most recent call last):
  File "/home/alimt/Minibini/tests/test_jobs_models.py", line 217, in setUp
    self.contact = Contact.objects.create(name="Test Customer")
                   ^^^^^^^^^^^^^^^^^^^^^^^^^^^^^^^^^^^^^^^^^^^^
  File "/home/alimt/Minibini/venv/lib/python3.12/site-packages/django/db/models/manager.py", line 87, in manager_method
    return getattr(self.get_queryset(), name)(*args, **kwargs)
           ^^^^^^^^^^^^^^^^^^^^^^^^^^^^^^^^^^^^^^^^^^^^^^^^^^^
  File "/home/alimt/Minibini/venv/lib/python3.12/site-packages/django/db/models/query.py", line 661, in create
    obj = self.model(**kwargs)
          ^^^^^^^^^^^^^^^^^^^^
  File "/home/alimt/Minibini/venv/lib/python3.12/site-packages/django/db/models/base.py", line 558, in __init__
    _setattr(self, prop, value)
AttributeError: property 'name' of 'Contact' object has no setter

======================================================================
ERROR: test_task_template_creation (tests.test_jobs_models.TaskTemplateModelTest.test_task_template_creation)
----------------------------------------------------------------------
Traceback (most recent call last):
  File "/home/alimt/Minibini/tests/test_jobs_models.py", line 420, in setUp
    self.contact = Contact.objects.create(name="Test Customer")
                   ^^^^^^^^^^^^^^^^^^^^^^^^^^^^^^^^^^^^^^^^^^^^
  File "/home/alimt/Minibini/venv/lib/python3.12/site-packages/django/db/models/manager.py", line 87, in manager_method
    return getattr(self.get_queryset(), name)(*args, **kwargs)
           ^^^^^^^^^^^^^^^^^^^^^^^^^^^^^^^^^^^^^^^^^^^^^^^^^^^
  File "/home/alimt/Minibini/venv/lib/python3.12/site-packages/django/db/models/query.py", line 661, in create
    obj = self.model(**kwargs)
          ^^^^^^^^^^^^^^^^^^^^
  File "/home/alimt/Minibini/venv/lib/python3.12/site-packages/django/db/models/base.py", line 558, in __init__
    _setattr(self, prop, value)
AttributeError: property 'name' of 'Contact' object has no setter

======================================================================
ERROR: test_task_template_defaults (tests.test_jobs_models.TaskTemplateModelTest.test_task_template_defaults)
----------------------------------------------------------------------
Traceback (most recent call last):
  File "/home/alimt/Minibini/tests/test_jobs_models.py", line 420, in setUp
    self.contact = Contact.objects.create(name="Test Customer")
                   ^^^^^^^^^^^^^^^^^^^^^^^^^^^^^^^^^^^^^^^^^^^^
  File "/home/alimt/Minibini/venv/lib/python3.12/site-packages/django/db/models/manager.py", line 87, in manager_method
    return getattr(self.get_queryset(), name)(*args, **kwargs)
           ^^^^^^^^^^^^^^^^^^^^^^^^^^^^^^^^^^^^^^^^^^^^^^^^^^^
  File "/home/alimt/Minibini/venv/lib/python3.12/site-packages/django/db/models/query.py", line 661, in create
    obj = self.model(**kwargs)
          ^^^^^^^^^^^^^^^^^^^^
  File "/home/alimt/Minibini/venv/lib/python3.12/site-packages/django/db/models/base.py", line 558, in __init__
    _setattr(self, prop, value)
AttributeError: property 'name' of 'Contact' object has no setter

======================================================================
ERROR: test_task_template_new_fields_optional (tests.test_jobs_models.TaskTemplateModelTest.test_task_template_new_fields_optional)
Test that new pricing fields are optional.
----------------------------------------------------------------------
Traceback (most recent call last):
  File "/home/alimt/Minibini/tests/test_jobs_models.py", line 420, in setUp
    self.contact = Contact.objects.create(name="Test Customer")
                   ^^^^^^^^^^^^^^^^^^^^^^^^^^^^^^^^^^^^^^^^^^^^
  File "/home/alimt/Minibini/venv/lib/python3.12/site-packages/django/db/models/manager.py", line 87, in manager_method
    return getattr(self.get_queryset(), name)(*args, **kwargs)
           ^^^^^^^^^^^^^^^^^^^^^^^^^^^^^^^^^^^^^^^^^^^^^^^^^^^
  File "/home/alimt/Minibini/venv/lib/python3.12/site-packages/django/db/models/query.py", line 661, in create
    obj = self.model(**kwargs)
          ^^^^^^^^^^^^^^^^^^^^
  File "/home/alimt/Minibini/venv/lib/python3.12/site-packages/django/db/models/base.py", line 558, in __init__
    _setattr(self, prop, value)
AttributeError: property 'name' of 'Contact' object has no setter

======================================================================
ERROR: test_task_template_pricing_calculation (tests.test_jobs_models.TaskTemplateModelTest.test_task_template_pricing_calculation)
Test using TaskTemplate fields with association quantities for cost calculations.
----------------------------------------------------------------------
Traceback (most recent call last):
  File "/home/alimt/Minibini/tests/test_jobs_models.py", line 420, in setUp
    self.contact = Contact.objects.create(name="Test Customer")
                   ^^^^^^^^^^^^^^^^^^^^^^^^^^^^^^^^^^^^^^^^^^^^
  File "/home/alimt/Minibini/venv/lib/python3.12/site-packages/django/db/models/manager.py", line 87, in manager_method
    return getattr(self.get_queryset(), name)(*args, **kwargs)
           ^^^^^^^^^^^^^^^^^^^^^^^^^^^^^^^^^^^^^^^^^^^^^^^^^^^
  File "/home/alimt/Minibini/venv/lib/python3.12/site-packages/django/db/models/query.py", line 661, in create
    obj = self.model(**kwargs)
          ^^^^^^^^^^^^^^^^^^^^
  File "/home/alimt/Minibini/venv/lib/python3.12/site-packages/django/db/models/base.py", line 558, in __init__
    _setattr(self, prop, value)
AttributeError: property 'name' of 'Contact' object has no setter

======================================================================
ERROR: test_task_template_str_method (tests.test_jobs_models.TaskTemplateModelTest.test_task_template_str_method)
----------------------------------------------------------------------
Traceback (most recent call last):
  File "/home/alimt/Minibini/tests/test_jobs_models.py", line 420, in setUp
    self.contact = Contact.objects.create(name="Test Customer")
                   ^^^^^^^^^^^^^^^^^^^^^^^^^^^^^^^^^^^^^^^^^^^^
  File "/home/alimt/Minibini/venv/lib/python3.12/site-packages/django/db/models/manager.py", line 87, in manager_method
    return getattr(self.get_queryset(), name)(*args, **kwargs)
           ^^^^^^^^^^^^^^^^^^^^^^^^^^^^^^^^^^^^^^^^^^^^^^^^^^^
  File "/home/alimt/Minibini/venv/lib/python3.12/site-packages/django/db/models/query.py", line 661, in create
    obj = self.model(**kwargs)
          ^^^^^^^^^^^^^^^^^^^^
  File "/home/alimt/Minibini/venv/lib/python3.12/site-packages/django/db/models/base.py", line 558, in __init__
    _setattr(self, prop, value)
AttributeError: property 'name' of 'Contact' object has no setter

======================================================================
ERROR: test_task_template_without_task_mapping (tests.test_jobs_models.TaskTemplateModelTest.test_task_template_without_task_mapping)
Test TaskTemplate can be created without TaskMapping.
----------------------------------------------------------------------
Traceback (most recent call last):
  File "/home/alimt/Minibini/tests/test_jobs_models.py", line 420, in setUp
    self.contact = Contact.objects.create(name="Test Customer")
                   ^^^^^^^^^^^^^^^^^^^^^^^^^^^^^^^^^^^^^^^^^^^^
  File "/home/alimt/Minibini/venv/lib/python3.12/site-packages/django/db/models/manager.py", line 87, in manager_method
    return getattr(self.get_queryset(), name)(*args, **kwargs)
           ^^^^^^^^^^^^^^^^^^^^^^^^^^^^^^^^^^^^^^^^^^^^^^^^^^^
  File "/home/alimt/Minibini/venv/lib/python3.12/site-packages/django/db/models/query.py", line 661, in create
    obj = self.model(**kwargs)
          ^^^^^^^^^^^^^^^^^^^^
  File "/home/alimt/Minibini/venv/lib/python3.12/site-packages/django/db/models/base.py", line 558, in __init__
    _setattr(self, prop, value)
AttributeError: property 'name' of 'Contact' object has no setter

======================================================================
ERROR: test_task_template_without_work_order_template (tests.test_jobs_models.TaskTemplateModelTest.test_task_template_without_work_order_template)
Test TaskTemplate can exist without WorkOrderTemplate.
----------------------------------------------------------------------
Traceback (most recent call last):
  File "/home/alimt/Minibini/tests/test_jobs_models.py", line 420, in setUp
    self.contact = Contact.objects.create(name="Test Customer")
                   ^^^^^^^^^^^^^^^^^^^^^^^^^^^^^^^^^^^^^^^^^^^^
  File "/home/alimt/Minibini/venv/lib/python3.12/site-packages/django/db/models/manager.py", line 87, in manager_method
    return getattr(self.get_queryset(), name)(*args, **kwargs)
           ^^^^^^^^^^^^^^^^^^^^^^^^^^^^^^^^^^^^^^^^^^^^^^^^^^^
  File "/home/alimt/Minibini/venv/lib/python3.12/site-packages/django/db/models/query.py", line 661, in create
    obj = self.model(**kwargs)
          ^^^^^^^^^^^^^^^^^^^^
  File "/home/alimt/Minibini/venv/lib/python3.12/site-packages/django/db/models/base.py", line 558, in __init__
    _setattr(self, prop, value)
AttributeError: property 'name' of 'Contact' object has no setter

======================================================================
ERROR: test_template_task_association_auto_increment_sort_order (tests.test_jobs_models.TaskTemplateModelTest.test_template_task_association_auto_increment_sort_order)
Test that sort_order auto-increments when adding tasks sequentially.
----------------------------------------------------------------------
Traceback (most recent call last):
  File "/home/alimt/Minibini/tests/test_jobs_models.py", line 420, in setUp
    self.contact = Contact.objects.create(name="Test Customer")
                   ^^^^^^^^^^^^^^^^^^^^^^^^^^^^^^^^^^^^^^^^^^^^
  File "/home/alimt/Minibini/venv/lib/python3.12/site-packages/django/db/models/manager.py", line 87, in manager_method
    return getattr(self.get_queryset(), name)(*args, **kwargs)
           ^^^^^^^^^^^^^^^^^^^^^^^^^^^^^^^^^^^^^^^^^^^^^^^^^^^
  File "/home/alimt/Minibini/venv/lib/python3.12/site-packages/django/db/models/query.py", line 661, in create
    obj = self.model(**kwargs)
          ^^^^^^^^^^^^^^^^^^^^
  File "/home/alimt/Minibini/venv/lib/python3.12/site-packages/django/db/models/base.py", line 558, in __init__
    _setattr(self, prop, value)
AttributeError: property 'name' of 'Contact' object has no setter

======================================================================
ERROR: test_template_task_association_sort_order (tests.test_jobs_models.TaskTemplateModelTest.test_template_task_association_sort_order)
Test that TaskTemplates added to WorkOrderTemplate maintain sort order.
----------------------------------------------------------------------
Traceback (most recent call last):
  File "/home/alimt/Minibini/tests/test_jobs_models.py", line 420, in setUp
    self.contact = Contact.objects.create(name="Test Customer")
                   ^^^^^^^^^^^^^^^^^^^^^^^^^^^^^^^^^^^^^^^^^^^^
  File "/home/alimt/Minibini/venv/lib/python3.12/site-packages/django/db/models/manager.py", line 87, in manager_method
    return getattr(self.get_queryset(), name)(*args, **kwargs)
           ^^^^^^^^^^^^^^^^^^^^^^^^^^^^^^^^^^^^^^^^^^^^^^^^^^^
  File "/home/alimt/Minibini/venv/lib/python3.12/site-packages/django/db/models/query.py", line 661, in create
    obj = self.model(**kwargs)
          ^^^^^^^^^^^^^^^^^^^^
  File "/home/alimt/Minibini/venv/lib/python3.12/site-packages/django/db/models/base.py", line 558, in __init__
    _setattr(self, prop, value)
AttributeError: property 'name' of 'Contact' object has no setter

======================================================================
ERROR: test_work_order_creation (tests.test_jobs_models.WorkOrderModelTest.test_work_order_creation)
----------------------------------------------------------------------
Traceback (most recent call last):
  File "/home/alimt/Minibini/tests/test_jobs_models.py", line 177, in setUp
    self.contact = Contact.objects.create(name="Test Customer")
                   ^^^^^^^^^^^^^^^^^^^^^^^^^^^^^^^^^^^^^^^^^^^^
  File "/home/alimt/Minibini/venv/lib/python3.12/site-packages/django/db/models/manager.py", line 87, in manager_method
    return getattr(self.get_queryset(), name)(*args, **kwargs)
           ^^^^^^^^^^^^^^^^^^^^^^^^^^^^^^^^^^^^^^^^^^^^^^^^^^^
  File "/home/alimt/Minibini/venv/lib/python3.12/site-packages/django/db/models/query.py", line 661, in create
    obj = self.model(**kwargs)
          ^^^^^^^^^^^^^^^^^^^^
  File "/home/alimt/Minibini/venv/lib/python3.12/site-packages/django/db/models/base.py", line 558, in __init__
    _setattr(self, prop, value)
AttributeError: property 'name' of 'Contact' object has no setter

======================================================================
ERROR: test_work_order_defaults (tests.test_jobs_models.WorkOrderModelTest.test_work_order_defaults)
----------------------------------------------------------------------
Traceback (most recent call last):
  File "/home/alimt/Minibini/tests/test_jobs_models.py", line 177, in setUp
    self.contact = Contact.objects.create(name="Test Customer")
                   ^^^^^^^^^^^^^^^^^^^^^^^^^^^^^^^^^^^^^^^^^^^^
  File "/home/alimt/Minibini/venv/lib/python3.12/site-packages/django/db/models/manager.py", line 87, in manager_method
    return getattr(self.get_queryset(), name)(*args, **kwargs)
           ^^^^^^^^^^^^^^^^^^^^^^^^^^^^^^^^^^^^^^^^^^^^^^^^^^^
  File "/home/alimt/Minibini/venv/lib/python3.12/site-packages/django/db/models/query.py", line 661, in create
    obj = self.model(**kwargs)
          ^^^^^^^^^^^^^^^^^^^^
  File "/home/alimt/Minibini/venv/lib/python3.12/site-packages/django/db/models/base.py", line 558, in __init__
    _setattr(self, prop, value)
AttributeError: property 'name' of 'Contact' object has no setter

======================================================================
ERROR: test_work_order_status_choices (tests.test_jobs_models.WorkOrderModelTest.test_work_order_status_choices)
----------------------------------------------------------------------
Traceback (most recent call last):
  File "/home/alimt/Minibini/tests/test_jobs_models.py", line 177, in setUp
    self.contact = Contact.objects.create(name="Test Customer")
                   ^^^^^^^^^^^^^^^^^^^^^^^^^^^^^^^^^^^^^^^^^^^^
  File "/home/alimt/Minibini/venv/lib/python3.12/site-packages/django/db/models/manager.py", line 87, in manager_method
    return getattr(self.get_queryset(), name)(*args, **kwargs)
           ^^^^^^^^^^^^^^^^^^^^^^^^^^^^^^^^^^^^^^^^^^^^^^^^^^^
  File "/home/alimt/Minibini/venv/lib/python3.12/site-packages/django/db/models/query.py", line 661, in create
    obj = self.model(**kwargs)
          ^^^^^^^^^^^^^^^^^^^^
  File "/home/alimt/Minibini/venv/lib/python3.12/site-packages/django/db/models/base.py", line 558, in __init__
    _setattr(self, prop, value)
AttributeError: property 'name' of 'Contact' object has no setter

======================================================================
ERROR: test_work_order_str_method (tests.test_jobs_models.WorkOrderModelTest.test_work_order_str_method)
----------------------------------------------------------------------
Traceback (most recent call last):
  File "/home/alimt/Minibini/tests/test_jobs_models.py", line 177, in setUp
    self.contact = Contact.objects.create(name="Test Customer")
                   ^^^^^^^^^^^^^^^^^^^^^^^^^^^^^^^^^^^^^^^^^^^^
  File "/home/alimt/Minibini/venv/lib/python3.12/site-packages/django/db/models/manager.py", line 87, in manager_method
    return getattr(self.get_queryset(), name)(*args, **kwargs)
           ^^^^^^^^^^^^^^^^^^^^^^^^^^^^^^^^^^^^^^^^^^^^^^^^^^^
  File "/home/alimt/Minibini/venv/lib/python3.12/site-packages/django/db/models/query.py", line 661, in create
    obj = self.model(**kwargs)
          ^^^^^^^^^^^^^^^^^^^^
  File "/home/alimt/Minibini/venv/lib/python3.12/site-packages/django/db/models/base.py", line 558, in __init__
    _setattr(self, prop, value)
AttributeError: property 'name' of 'Contact' object has no setter

======================================================================
ERROR: setUpClass (tests.test_jobs_models_with_fixtures.BlepModelFixtureTest)
----------------------------------------------------------------------
Traceback (most recent call last):
  File "/home/alimt/Minibini/venv/lib/python3.12/site-packages/django/db/models/options.py", line 683, in get_field
    return self.fields_map[field_name]
           ~~~~~~~~~~~~~~~^^^^^^^^^^^^
KeyError: 'name'

During handling of the above exception, another exception occurred:

Traceback (most recent call last):
  File "/home/alimt/Minibini/venv/lib/python3.12/site-packages/django/core/serializers/json.py", line 78, in _handle_object
    yield from super()._handle_object(obj)
  File "/home/alimt/Minibini/venv/lib/python3.12/site-packages/django/core/serializers/python.py", line 160, in _handle_object
    field = Model._meta.get_field(field_name)
            ^^^^^^^^^^^^^^^^^^^^^^^^^^^^^^^^^
  File "/home/alimt/Minibini/venv/lib/python3.12/site-packages/django/db/models/options.py", line 685, in get_field
    raise FieldDoesNotExist(
django.core.exceptions.FieldDoesNotExist: Contact has no field named 'name'

The above exception was the direct cause of the following exception:

Traceback (most recent call last):
  File "/home/alimt/Minibini/venv/lib/python3.12/site-packages/django/core/management/__init__.py", line 194, in call_command
    return command.execute(*args, **defaults)
           ^^^^^^^^^^^^^^^^^^^^^^^^^^^^^^^^^^
  File "/home/alimt/Minibini/venv/lib/python3.12/site-packages/django/core/management/base.py", line 460, in execute
    output = self.handle(*args, **options)
             ^^^^^^^^^^^^^^^^^^^^^^^^^^^^^
  File "/home/alimt/Minibini/venv/lib/python3.12/site-packages/django/core/management/commands/loaddata.py", line 103, in handle
    self.loaddata(fixture_labels)
  File "/home/alimt/Minibini/venv/lib/python3.12/site-packages/django/core/management/commands/loaddata.py", line 164, in loaddata
    self.load_label(fixture_label)
  File "/home/alimt/Minibini/venv/lib/python3.12/site-packages/django/core/management/commands/loaddata.py", line 252, in load_label
    for obj in objects:
  File "/home/alimt/Minibini/venv/lib/python3.12/site-packages/django/core/serializers/python.py", line 123, in __iter__
    yield from self._handle_object(obj)
  File "/home/alimt/Minibini/venv/lib/python3.12/site-packages/django/core/serializers/json.py", line 82, in _handle_object
    raise DeserializationError(f"Error deserializing object: {exc}") from exc
django.core.serializers.base.DeserializationError: Problem installing fixture '/home/alimt/Minibini/fixtures/unit_test_data.json': Error deserializing object: Contact has no field named 'name'

======================================================================
ERROR: setUpClass (tests.test_jobs_models_with_fixtures.EstimateModelFixtureTest)
----------------------------------------------------------------------
Traceback (most recent call last):
  File "/home/alimt/Minibini/venv/lib/python3.12/site-packages/django/db/models/options.py", line 683, in get_field
    return self.fields_map[field_name]
           ~~~~~~~~~~~~~~~^^^^^^^^^^^^
KeyError: 'name'

During handling of the above exception, another exception occurred:

Traceback (most recent call last):
  File "/home/alimt/Minibini/venv/lib/python3.12/site-packages/django/core/serializers/json.py", line 78, in _handle_object
    yield from super()._handle_object(obj)
  File "/home/alimt/Minibini/venv/lib/python3.12/site-packages/django/core/serializers/python.py", line 160, in _handle_object
    field = Model._meta.get_field(field_name)
            ^^^^^^^^^^^^^^^^^^^^^^^^^^^^^^^^^
  File "/home/alimt/Minibini/venv/lib/python3.12/site-packages/django/db/models/options.py", line 685, in get_field
    raise FieldDoesNotExist(
django.core.exceptions.FieldDoesNotExist: Contact has no field named 'name'

The above exception was the direct cause of the following exception:

Traceback (most recent call last):
  File "/home/alimt/Minibini/venv/lib/python3.12/site-packages/django/core/management/__init__.py", line 194, in call_command
    return command.execute(*args, **defaults)
           ^^^^^^^^^^^^^^^^^^^^^^^^^^^^^^^^^^
  File "/home/alimt/Minibini/venv/lib/python3.12/site-packages/django/core/management/base.py", line 460, in execute
    output = self.handle(*args, **options)
             ^^^^^^^^^^^^^^^^^^^^^^^^^^^^^
  File "/home/alimt/Minibini/venv/lib/python3.12/site-packages/django/core/management/commands/loaddata.py", line 103, in handle
    self.loaddata(fixture_labels)
  File "/home/alimt/Minibini/venv/lib/python3.12/site-packages/django/core/management/commands/loaddata.py", line 164, in loaddata
    self.load_label(fixture_label)
  File "/home/alimt/Minibini/venv/lib/python3.12/site-packages/django/core/management/commands/loaddata.py", line 252, in load_label
    for obj in objects:
  File "/home/alimt/Minibini/venv/lib/python3.12/site-packages/django/core/serializers/python.py", line 123, in __iter__
    yield from self._handle_object(obj)
  File "/home/alimt/Minibini/venv/lib/python3.12/site-packages/django/core/serializers/json.py", line 82, in _handle_object
    raise DeserializationError(f"Error deserializing object: {exc}") from exc
django.core.serializers.base.DeserializationError: Problem installing fixture '/home/alimt/Minibini/fixtures/unit_test_data.json': Error deserializing object: Contact has no field named 'name'

======================================================================
ERROR: setUpClass (tests.test_jobs_models_with_fixtures.JobModelFixtureTest)
----------------------------------------------------------------------
Traceback (most recent call last):
  File "/home/alimt/Minibini/venv/lib/python3.12/site-packages/django/db/models/options.py", line 683, in get_field
    return self.fields_map[field_name]
           ~~~~~~~~~~~~~~~^^^^^^^^^^^^
KeyError: 'name'

During handling of the above exception, another exception occurred:

Traceback (most recent call last):
  File "/home/alimt/Minibini/venv/lib/python3.12/site-packages/django/core/serializers/json.py", line 78, in _handle_object
    yield from super()._handle_object(obj)
  File "/home/alimt/Minibini/venv/lib/python3.12/site-packages/django/core/serializers/python.py", line 160, in _handle_object
    field = Model._meta.get_field(field_name)
            ^^^^^^^^^^^^^^^^^^^^^^^^^^^^^^^^^
  File "/home/alimt/Minibini/venv/lib/python3.12/site-packages/django/db/models/options.py", line 685, in get_field
    raise FieldDoesNotExist(
django.core.exceptions.FieldDoesNotExist: Contact has no field named 'name'

The above exception was the direct cause of the following exception:

Traceback (most recent call last):
  File "/home/alimt/Minibini/venv/lib/python3.12/site-packages/django/core/management/__init__.py", line 194, in call_command
    return command.execute(*args, **defaults)
           ^^^^^^^^^^^^^^^^^^^^^^^^^^^^^^^^^^
  File "/home/alimt/Minibini/venv/lib/python3.12/site-packages/django/core/management/base.py", line 460, in execute
    output = self.handle(*args, **options)
             ^^^^^^^^^^^^^^^^^^^^^^^^^^^^^
  File "/home/alimt/Minibini/venv/lib/python3.12/site-packages/django/core/management/commands/loaddata.py", line 103, in handle
    self.loaddata(fixture_labels)
  File "/home/alimt/Minibini/venv/lib/python3.12/site-packages/django/core/management/commands/loaddata.py", line 164, in loaddata
    self.load_label(fixture_label)
  File "/home/alimt/Minibini/venv/lib/python3.12/site-packages/django/core/management/commands/loaddata.py", line 252, in load_label
    for obj in objects:
  File "/home/alimt/Minibini/venv/lib/python3.12/site-packages/django/core/serializers/python.py", line 123, in __iter__
    yield from self._handle_object(obj)
  File "/home/alimt/Minibini/venv/lib/python3.12/site-packages/django/core/serializers/json.py", line 82, in _handle_object
    raise DeserializationError(f"Error deserializing object: {exc}") from exc
django.core.serializers.base.DeserializationError: Problem installing fixture '/home/alimt/Minibini/fixtures/unit_test_data.json': Error deserializing object: Contact has no field named 'name'

======================================================================
ERROR: setUpClass (tests.test_jobs_models_with_fixtures.TaskMappingModelFixtureTest)
----------------------------------------------------------------------
Traceback (most recent call last):
  File "/home/alimt/Minibini/venv/lib/python3.12/site-packages/django/db/models/options.py", line 683, in get_field
    return self.fields_map[field_name]
           ~~~~~~~~~~~~~~~^^^^^^^^^^^^
KeyError: 'name'

During handling of the above exception, another exception occurred:

Traceback (most recent call last):
  File "/home/alimt/Minibini/venv/lib/python3.12/site-packages/django/core/serializers/json.py", line 78, in _handle_object
    yield from super()._handle_object(obj)
  File "/home/alimt/Minibini/venv/lib/python3.12/site-packages/django/core/serializers/python.py", line 160, in _handle_object
    field = Model._meta.get_field(field_name)
            ^^^^^^^^^^^^^^^^^^^^^^^^^^^^^^^^^
  File "/home/alimt/Minibini/venv/lib/python3.12/site-packages/django/db/models/options.py", line 685, in get_field
    raise FieldDoesNotExist(
django.core.exceptions.FieldDoesNotExist: Contact has no field named 'name'

The above exception was the direct cause of the following exception:

Traceback (most recent call last):
  File "/home/alimt/Minibini/venv/lib/python3.12/site-packages/django/core/management/__init__.py", line 194, in call_command
    return command.execute(*args, **defaults)
           ^^^^^^^^^^^^^^^^^^^^^^^^^^^^^^^^^^
  File "/home/alimt/Minibini/venv/lib/python3.12/site-packages/django/core/management/base.py", line 460, in execute
    output = self.handle(*args, **options)
             ^^^^^^^^^^^^^^^^^^^^^^^^^^^^^
  File "/home/alimt/Minibini/venv/lib/python3.12/site-packages/django/core/management/commands/loaddata.py", line 103, in handle
    self.loaddata(fixture_labels)
  File "/home/alimt/Minibini/venv/lib/python3.12/site-packages/django/core/management/commands/loaddata.py", line 164, in loaddata
    self.load_label(fixture_label)
  File "/home/alimt/Minibini/venv/lib/python3.12/site-packages/django/core/management/commands/loaddata.py", line 252, in load_label
    for obj in objects:
  File "/home/alimt/Minibini/venv/lib/python3.12/site-packages/django/core/serializers/python.py", line 123, in __iter__
    yield from self._handle_object(obj)
  File "/home/alimt/Minibini/venv/lib/python3.12/site-packages/django/core/serializers/json.py", line 82, in _handle_object
    raise DeserializationError(f"Error deserializing object: {exc}") from exc
django.core.serializers.base.DeserializationError: Problem installing fixture '/home/alimt/Minibini/fixtures/unit_test_data.json': Error deserializing object: Contact has no field named 'name'

======================================================================
ERROR: setUpClass (tests.test_jobs_models_with_fixtures.TaskModelFixtureTest)
----------------------------------------------------------------------
Traceback (most recent call last):
  File "/home/alimt/Minibini/venv/lib/python3.12/site-packages/django/db/models/options.py", line 683, in get_field
    return self.fields_map[field_name]
           ~~~~~~~~~~~~~~~^^^^^^^^^^^^
KeyError: 'name'

During handling of the above exception, another exception occurred:

Traceback (most recent call last):
  File "/home/alimt/Minibini/venv/lib/python3.12/site-packages/django/core/serializers/json.py", line 78, in _handle_object
    yield from super()._handle_object(obj)
  File "/home/alimt/Minibini/venv/lib/python3.12/site-packages/django/core/serializers/python.py", line 160, in _handle_object
    field = Model._meta.get_field(field_name)
            ^^^^^^^^^^^^^^^^^^^^^^^^^^^^^^^^^
  File "/home/alimt/Minibini/venv/lib/python3.12/site-packages/django/db/models/options.py", line 685, in get_field
    raise FieldDoesNotExist(
django.core.exceptions.FieldDoesNotExist: Contact has no field named 'name'

The above exception was the direct cause of the following exception:

Traceback (most recent call last):
  File "/home/alimt/Minibini/venv/lib/python3.12/site-packages/django/core/management/__init__.py", line 194, in call_command
    return command.execute(*args, **defaults)
           ^^^^^^^^^^^^^^^^^^^^^^^^^^^^^^^^^^
  File "/home/alimt/Minibini/venv/lib/python3.12/site-packages/django/core/management/base.py", line 460, in execute
    output = self.handle(*args, **options)
             ^^^^^^^^^^^^^^^^^^^^^^^^^^^^^
  File "/home/alimt/Minibini/venv/lib/python3.12/site-packages/django/core/management/commands/loaddata.py", line 103, in handle
    self.loaddata(fixture_labels)
  File "/home/alimt/Minibini/venv/lib/python3.12/site-packages/django/core/management/commands/loaddata.py", line 164, in loaddata
    self.load_label(fixture_label)
  File "/home/alimt/Minibini/venv/lib/python3.12/site-packages/django/core/management/commands/loaddata.py", line 252, in load_label
    for obj in objects:
  File "/home/alimt/Minibini/venv/lib/python3.12/site-packages/django/core/serializers/python.py", line 123, in __iter__
    yield from self._handle_object(obj)
  File "/home/alimt/Minibini/venv/lib/python3.12/site-packages/django/core/serializers/json.py", line 82, in _handle_object
    raise DeserializationError(f"Error deserializing object: {exc}") from exc
django.core.serializers.base.DeserializationError: Problem installing fixture '/home/alimt/Minibini/fixtures/unit_test_data.json': Error deserializing object: Contact has no field named 'name'

======================================================================
ERROR: setUpClass (tests.test_jobs_models_with_fixtures.WorkOrderModelFixtureTest)
----------------------------------------------------------------------
Traceback (most recent call last):
  File "/home/alimt/Minibini/venv/lib/python3.12/site-packages/django/db/models/options.py", line 683, in get_field
    return self.fields_map[field_name]
           ~~~~~~~~~~~~~~~^^^^^^^^^^^^
KeyError: 'name'

During handling of the above exception, another exception occurred:

Traceback (most recent call last):
  File "/home/alimt/Minibini/venv/lib/python3.12/site-packages/django/core/serializers/json.py", line 78, in _handle_object
    yield from super()._handle_object(obj)
  File "/home/alimt/Minibini/venv/lib/python3.12/site-packages/django/core/serializers/python.py", line 160, in _handle_object
    field = Model._meta.get_field(field_name)
            ^^^^^^^^^^^^^^^^^^^^^^^^^^^^^^^^^
  File "/home/alimt/Minibini/venv/lib/python3.12/site-packages/django/db/models/options.py", line 685, in get_field
    raise FieldDoesNotExist(
django.core.exceptions.FieldDoesNotExist: Contact has no field named 'name'

The above exception was the direct cause of the following exception:

Traceback (most recent call last):
  File "/home/alimt/Minibini/venv/lib/python3.12/site-packages/django/core/management/__init__.py", line 194, in call_command
    return command.execute(*args, **defaults)
           ^^^^^^^^^^^^^^^^^^^^^^^^^^^^^^^^^^
  File "/home/alimt/Minibini/venv/lib/python3.12/site-packages/django/core/management/base.py", line 460, in execute
    output = self.handle(*args, **options)
             ^^^^^^^^^^^^^^^^^^^^^^^^^^^^^
  File "/home/alimt/Minibini/venv/lib/python3.12/site-packages/django/core/management/commands/loaddata.py", line 103, in handle
    self.loaddata(fixture_labels)
  File "/home/alimt/Minibini/venv/lib/python3.12/site-packages/django/core/management/commands/loaddata.py", line 164, in loaddata
    self.load_label(fixture_label)
  File "/home/alimt/Minibini/venv/lib/python3.12/site-packages/django/core/management/commands/loaddata.py", line 252, in load_label
    for obj in objects:
  File "/home/alimt/Minibini/venv/lib/python3.12/site-packages/django/core/serializers/python.py", line 123, in __iter__
    yield from self._handle_object(obj)
  File "/home/alimt/Minibini/venv/lib/python3.12/site-packages/django/core/serializers/json.py", line 82, in _handle_object
    raise DeserializationError(f"Error deserializing object: {exc}") from exc
django.core.serializers.base.DeserializationError: Problem installing fixture '/home/alimt/Minibini/fixtures/unit_test_data.json': Error deserializing object: Contact has no field named 'name'

======================================================================
ERROR: test_cannot_move_first_line_item_up (tests.test_line_item_reordering.EstimateLineItemReorderingTestCase.test_cannot_move_first_line_item_up)
Test that first line item cannot be moved up
----------------------------------------------------------------------
Traceback (most recent call last):
  File "/home/alimt/Minibini/tests/test_line_item_reordering.py", line 22, in setUp
    self.default_contact = Contact.objects.create(name='Default Contact')
                           ^^^^^^^^^^^^^^^^^^^^^^^^^^^^^^^^^^^^^^^^^^^^^^
  File "/home/alimt/Minibini/venv/lib/python3.12/site-packages/django/db/models/manager.py", line 87, in manager_method
    return getattr(self.get_queryset(), name)(*args, **kwargs)
           ^^^^^^^^^^^^^^^^^^^^^^^^^^^^^^^^^^^^^^^^^^^^^^^^^^^
  File "/home/alimt/Minibini/venv/lib/python3.12/site-packages/django/db/models/query.py", line 661, in create
    obj = self.model(**kwargs)
          ^^^^^^^^^^^^^^^^^^^^
  File "/home/alimt/Minibini/venv/lib/python3.12/site-packages/django/db/models/base.py", line 558, in __init__
    _setattr(self, prop, value)
AttributeError: property 'name' of 'Contact' object has no setter

======================================================================
ERROR: test_cannot_move_last_line_item_down (tests.test_line_item_reordering.EstimateLineItemReorderingTestCase.test_cannot_move_last_line_item_down)
Test that last line item cannot be moved down
----------------------------------------------------------------------
Traceback (most recent call last):
  File "/home/alimt/Minibini/tests/test_line_item_reordering.py", line 22, in setUp
    self.default_contact = Contact.objects.create(name='Default Contact')
                           ^^^^^^^^^^^^^^^^^^^^^^^^^^^^^^^^^^^^^^^^^^^^^^
  File "/home/alimt/Minibini/venv/lib/python3.12/site-packages/django/db/models/manager.py", line 87, in manager_method
    return getattr(self.get_queryset(), name)(*args, **kwargs)
           ^^^^^^^^^^^^^^^^^^^^^^^^^^^^^^^^^^^^^^^^^^^^^^^^^^^
  File "/home/alimt/Minibini/venv/lib/python3.12/site-packages/django/db/models/query.py", line 661, in create
    obj = self.model(**kwargs)
          ^^^^^^^^^^^^^^^^^^^^
  File "/home/alimt/Minibini/venv/lib/python3.12/site-packages/django/db/models/base.py", line 558, in __init__
    _setattr(self, prop, value)
AttributeError: property 'name' of 'Contact' object has no setter

======================================================================
ERROR: test_cannot_reorder_non_draft_estimate (tests.test_line_item_reordering.EstimateLineItemReorderingTestCase.test_cannot_reorder_non_draft_estimate)
Test that line items in non-draft estimates cannot be reordered
----------------------------------------------------------------------
Traceback (most recent call last):
  File "/home/alimt/Minibini/tests/test_line_item_reordering.py", line 22, in setUp
    self.default_contact = Contact.objects.create(name='Default Contact')
                           ^^^^^^^^^^^^^^^^^^^^^^^^^^^^^^^^^^^^^^^^^^^^^^
  File "/home/alimt/Minibini/venv/lib/python3.12/site-packages/django/db/models/manager.py", line 87, in manager_method
    return getattr(self.get_queryset(), name)(*args, **kwargs)
           ^^^^^^^^^^^^^^^^^^^^^^^^^^^^^^^^^^^^^^^^^^^^^^^^^^^
  File "/home/alimt/Minibini/venv/lib/python3.12/site-packages/django/db/models/query.py", line 661, in create
    obj = self.model(**kwargs)
          ^^^^^^^^^^^^^^^^^^^^
  File "/home/alimt/Minibini/venv/lib/python3.12/site-packages/django/db/models/base.py", line 558, in __init__
    _setattr(self, prop, value)
AttributeError: property 'name' of 'Contact' object has no setter

======================================================================
ERROR: test_line_item_total_amount (tests.test_line_item_reordering.EstimateLineItemReorderingTestCase.test_line_item_total_amount)
Test that line item total_amount property works correctly
----------------------------------------------------------------------
Traceback (most recent call last):
  File "/home/alimt/Minibini/tests/test_line_item_reordering.py", line 22, in setUp
    self.default_contact = Contact.objects.create(name='Default Contact')
                           ^^^^^^^^^^^^^^^^^^^^^^^^^^^^^^^^^^^^^^^^^^^^^^
  File "/home/alimt/Minibini/venv/lib/python3.12/site-packages/django/db/models/manager.py", line 87, in manager_method
    return getattr(self.get_queryset(), name)(*args, **kwargs)
           ^^^^^^^^^^^^^^^^^^^^^^^^^^^^^^^^^^^^^^^^^^^^^^^^^^^
  File "/home/alimt/Minibini/venv/lib/python3.12/site-packages/django/db/models/query.py", line 661, in create
    obj = self.model(**kwargs)
          ^^^^^^^^^^^^^^^^^^^^
  File "/home/alimt/Minibini/venv/lib/python3.12/site-packages/django/db/models/base.py", line 558, in __init__
    _setattr(self, prop, value)
AttributeError: property 'name' of 'Contact' object has no setter

======================================================================
ERROR: test_line_items_have_line_numbers (tests.test_line_item_reordering.EstimateLineItemReorderingTestCase.test_line_items_have_line_numbers)
Test that line items are automatically assigned line numbers
----------------------------------------------------------------------
Traceback (most recent call last):
  File "/home/alimt/Minibini/tests/test_line_item_reordering.py", line 22, in setUp
    self.default_contact = Contact.objects.create(name='Default Contact')
                           ^^^^^^^^^^^^^^^^^^^^^^^^^^^^^^^^^^^^^^^^^^^^^^
  File "/home/alimt/Minibini/venv/lib/python3.12/site-packages/django/db/models/manager.py", line 87, in manager_method
    return getattr(self.get_queryset(), name)(*args, **kwargs)
           ^^^^^^^^^^^^^^^^^^^^^^^^^^^^^^^^^^^^^^^^^^^^^^^^^^^
  File "/home/alimt/Minibini/venv/lib/python3.12/site-packages/django/db/models/query.py", line 661, in create
    obj = self.model(**kwargs)
          ^^^^^^^^^^^^^^^^^^^^
  File "/home/alimt/Minibini/venv/lib/python3.12/site-packages/django/db/models/base.py", line 558, in __init__
    _setattr(self, prop, value)
AttributeError: property 'name' of 'Contact' object has no setter

======================================================================
ERROR: test_multiple_reorders (tests.test_line_item_reordering.EstimateLineItemReorderingTestCase.test_multiple_reorders)
Test multiple sequential reorders
----------------------------------------------------------------------
Traceback (most recent call last):
  File "/home/alimt/Minibini/tests/test_line_item_reordering.py", line 22, in setUp
    self.default_contact = Contact.objects.create(name='Default Contact')
                           ^^^^^^^^^^^^^^^^^^^^^^^^^^^^^^^^^^^^^^^^^^^^^^
  File "/home/alimt/Minibini/venv/lib/python3.12/site-packages/django/db/models/manager.py", line 87, in manager_method
    return getattr(self.get_queryset(), name)(*args, **kwargs)
           ^^^^^^^^^^^^^^^^^^^^^^^^^^^^^^^^^^^^^^^^^^^^^^^^^^^
  File "/home/alimt/Minibini/venv/lib/python3.12/site-packages/django/db/models/query.py", line 661, in create
    obj = self.model(**kwargs)
          ^^^^^^^^^^^^^^^^^^^^
  File "/home/alimt/Minibini/venv/lib/python3.12/site-packages/django/db/models/base.py", line 558, in __init__
    _setattr(self, prop, value)
AttributeError: property 'name' of 'Contact' object has no setter

======================================================================
ERROR: test_reorder_line_item_down (tests.test_line_item_reordering.EstimateLineItemReorderingTestCase.test_reorder_line_item_down)
Test moving a line item down in the estimate
----------------------------------------------------------------------
Traceback (most recent call last):
  File "/home/alimt/Minibini/tests/test_line_item_reordering.py", line 22, in setUp
    self.default_contact = Contact.objects.create(name='Default Contact')
                           ^^^^^^^^^^^^^^^^^^^^^^^^^^^^^^^^^^^^^^^^^^^^^^
  File "/home/alimt/Minibini/venv/lib/python3.12/site-packages/django/db/models/manager.py", line 87, in manager_method
    return getattr(self.get_queryset(), name)(*args, **kwargs)
           ^^^^^^^^^^^^^^^^^^^^^^^^^^^^^^^^^^^^^^^^^^^^^^^^^^^
  File "/home/alimt/Minibini/venv/lib/python3.12/site-packages/django/db/models/query.py", line 661, in create
    obj = self.model(**kwargs)
          ^^^^^^^^^^^^^^^^^^^^
  File "/home/alimt/Minibini/venv/lib/python3.12/site-packages/django/db/models/base.py", line 558, in __init__
    _setattr(self, prop, value)
AttributeError: property 'name' of 'Contact' object has no setter

======================================================================
ERROR: test_reorder_line_item_up (tests.test_line_item_reordering.EstimateLineItemReorderingTestCase.test_reorder_line_item_up)
Test moving a line item up in the estimate
----------------------------------------------------------------------
Traceback (most recent call last):
  File "/home/alimt/Minibini/tests/test_line_item_reordering.py", line 22, in setUp
    self.default_contact = Contact.objects.create(name='Default Contact')
                           ^^^^^^^^^^^^^^^^^^^^^^^^^^^^^^^^^^^^^^^^^^^^^^
  File "/home/alimt/Minibini/venv/lib/python3.12/site-packages/django/db/models/manager.py", line 87, in manager_method
    return getattr(self.get_queryset(), name)(*args, **kwargs)
           ^^^^^^^^^^^^^^^^^^^^^^^^^^^^^^^^^^^^^^^^^^^^^^^^^^^
  File "/home/alimt/Minibini/venv/lib/python3.12/site-packages/django/db/models/query.py", line 661, in create
    obj = self.model(**kwargs)
          ^^^^^^^^^^^^^^^^^^^^
  File "/home/alimt/Minibini/venv/lib/python3.12/site-packages/django/db/models/base.py", line 558, in __init__
    _setattr(self, prop, value)
AttributeError: property 'name' of 'Contact' object has no setter

======================================================================
ERROR: test_catalog_item_with_long_description (tests.test_lineitem_task_generation.LineItemTaskGenerationEdgeCasesTest.test_catalog_item_with_long_description)
Test catalog task naming with very long descriptions
----------------------------------------------------------------------
Traceback (most recent call last):
  File "/home/alimt/Minibini/tests/test_lineitem_task_generation.py", line 247, in setUp
    self.contact = Contact.objects.create(
                   ^^^^^^^^^^^^^^^^^^^^^^^
  File "/home/alimt/Minibini/venv/lib/python3.12/site-packages/django/db/models/manager.py", line 87, in manager_method
    return getattr(self.get_queryset(), name)(*args, **kwargs)
           ^^^^^^^^^^^^^^^^^^^^^^^^^^^^^^^^^^^^^^^^^^^^^^^^^^^
  File "/home/alimt/Minibini/venv/lib/python3.12/site-packages/django/db/models/query.py", line 661, in create
    obj = self.model(**kwargs)
          ^^^^^^^^^^^^^^^^^^^^
  File "/home/alimt/Minibini/venv/lib/python3.12/site-packages/django/db/models/base.py", line 558, in __init__
    _setattr(self, prop, value)
AttributeError: property 'name' of 'Contact' object has no setter

======================================================================
ERROR: test_line_item_with_null_values (tests.test_lineitem_task_generation.LineItemTaskGenerationEdgeCasesTest.test_line_item_with_null_values)
Test task generation when line item has null/empty values
----------------------------------------------------------------------
Traceback (most recent call last):
  File "/home/alimt/Minibini/tests/test_lineitem_task_generation.py", line 247, in setUp
    self.contact = Contact.objects.create(
                   ^^^^^^^^^^^^^^^^^^^^^^^
  File "/home/alimt/Minibini/venv/lib/python3.12/site-packages/django/db/models/manager.py", line 87, in manager_method
    return getattr(self.get_queryset(), name)(*args, **kwargs)
           ^^^^^^^^^^^^^^^^^^^^^^^^^^^^^^^^^^^^^^^^^^^^^^^^^^^
  File "/home/alimt/Minibini/venv/lib/python3.12/site-packages/django/db/models/query.py", line 661, in create
    obj = self.model(**kwargs)
          ^^^^^^^^^^^^^^^^^^^^
  File "/home/alimt/Minibini/venv/lib/python3.12/site-packages/django/db/models/base.py", line 558, in __init__
    _setattr(self, prop, value)
AttributeError: property 'name' of 'Contact' object has no setter

======================================================================
ERROR: setUpClass (tests.test_lineitem_task_generation.LineItemTaskGenerationTestCase)
----------------------------------------------------------------------
Traceback (most recent call last):
  File "/home/alimt/Minibini/venv/lib/python3.12/site-packages/django/db/models/options.py", line 683, in get_field
    return self.fields_map[field_name]
           ~~~~~~~~~~~~~~~^^^^^^^^^^^^
KeyError: 'name'

During handling of the above exception, another exception occurred:

Traceback (most recent call last):
  File "/home/alimt/Minibini/venv/lib/python3.12/site-packages/django/core/serializers/json.py", line 78, in _handle_object
    yield from super()._handle_object(obj)
  File "/home/alimt/Minibini/venv/lib/python3.12/site-packages/django/core/serializers/python.py", line 160, in _handle_object
    field = Model._meta.get_field(field_name)
            ^^^^^^^^^^^^^^^^^^^^^^^^^^^^^^^^^
  File "/home/alimt/Minibini/venv/lib/python3.12/site-packages/django/db/models/options.py", line 685, in get_field
    raise FieldDoesNotExist(
django.core.exceptions.FieldDoesNotExist: Contact has no field named 'name'

The above exception was the direct cause of the following exception:

Traceback (most recent call last):
  File "/home/alimt/Minibini/venv/lib/python3.12/site-packages/django/core/management/__init__.py", line 194, in call_command
    return command.execute(*args, **defaults)
           ^^^^^^^^^^^^^^^^^^^^^^^^^^^^^^^^^^
  File "/home/alimt/Minibini/venv/lib/python3.12/site-packages/django/core/management/base.py", line 460, in execute
    output = self.handle(*args, **options)
             ^^^^^^^^^^^^^^^^^^^^^^^^^^^^^
  File "/home/alimt/Minibini/venv/lib/python3.12/site-packages/django/core/management/commands/loaddata.py", line 103, in handle
    self.loaddata(fixture_labels)
  File "/home/alimt/Minibini/venv/lib/python3.12/site-packages/django/core/management/commands/loaddata.py", line 164, in loaddata
    self.load_label(fixture_label)
  File "/home/alimt/Minibini/venv/lib/python3.12/site-packages/django/core/management/commands/loaddata.py", line 252, in load_label
    for obj in objects:
  File "/home/alimt/Minibini/venv/lib/python3.12/site-packages/django/core/serializers/python.py", line 123, in __iter__
    yield from self._handle_object(obj)
  File "/home/alimt/Minibini/venv/lib/python3.12/site-packages/django/core/serializers/json.py", line 82, in _handle_object
    raise DeserializationError(f"Error deserializing object: {exc}") from exc
django.core.serializers.base.DeserializationError: Problem installing fixture '/home/alimt/Minibini/fixtures/mixed_lineitems.json': Error deserializing object: Contact has no field named 'name'

======================================================================
ERROR: test_create_purchase_order_auto_generates_po_number (tests.test_purchaseorder_creation_and_lineitems.PurchaseOrderCreationTests.test_create_purchase_order_auto_generates_po_number)
Test that PO number is auto-generated using NumberGenerationService.
----------------------------------------------------------------------
Traceback (most recent call last):
  File "/home/alimt/Minibini/tests/test_purchaseorder_creation_and_lineitems.py", line 24, in setUp
    self.default_contact1 = Contact.objects.create(name='Default Contact 1')
                            ^^^^^^^^^^^^^^^^^^^^^^^^^^^^^^^^^^^^^^^^^^^^^^^^
  File "/home/alimt/Minibini/venv/lib/python3.12/site-packages/django/db/models/manager.py", line 87, in manager_method
    return getattr(self.get_queryset(), name)(*args, **kwargs)
           ^^^^^^^^^^^^^^^^^^^^^^^^^^^^^^^^^^^^^^^^^^^^^^^^^^^
  File "/home/alimt/Minibini/venv/lib/python3.12/site-packages/django/db/models/query.py", line 661, in create
    obj = self.model(**kwargs)
          ^^^^^^^^^^^^^^^^^^^^
  File "/home/alimt/Minibini/venv/lib/python3.12/site-packages/django/db/models/base.py", line 558, in __init__
    _setattr(self, prop, value)
AttributeError: property 'name' of 'Contact' object has no setter

======================================================================
ERROR: test_create_purchase_order_missing_business (tests.test_purchaseorder_creation_and_lineitems.PurchaseOrderCreationTests.test_create_purchase_order_missing_business)
Test that business is required when creating a PO.
----------------------------------------------------------------------
Traceback (most recent call last):
  File "/home/alimt/Minibini/tests/test_purchaseorder_creation_and_lineitems.py", line 24, in setUp
    self.default_contact1 = Contact.objects.create(name='Default Contact 1')
                            ^^^^^^^^^^^^^^^^^^^^^^^^^^^^^^^^^^^^^^^^^^^^^^^^
  File "/home/alimt/Minibini/venv/lib/python3.12/site-packages/django/db/models/manager.py", line 87, in manager_method
    return getattr(self.get_queryset(), name)(*args, **kwargs)
           ^^^^^^^^^^^^^^^^^^^^^^^^^^^^^^^^^^^^^^^^^^^^^^^^^^^
  File "/home/alimt/Minibini/venv/lib/python3.12/site-packages/django/db/models/query.py", line 661, in create
    obj = self.model(**kwargs)
          ^^^^^^^^^^^^^^^^^^^^
  File "/home/alimt/Minibini/venv/lib/python3.12/site-packages/django/db/models/base.py", line 558, in __init__
    _setattr(self, prop, value)
AttributeError: property 'name' of 'Contact' object has no setter

======================================================================
ERROR: test_create_purchase_order_with_business (tests.test_purchaseorder_creation_and_lineitems.PurchaseOrderCreationTests.test_create_purchase_order_with_business)
Test creating a purchase order with a business.
----------------------------------------------------------------------
Traceback (most recent call last):
  File "/home/alimt/Minibini/tests/test_purchaseorder_creation_and_lineitems.py", line 24, in setUp
    self.default_contact1 = Contact.objects.create(name='Default Contact 1')
                            ^^^^^^^^^^^^^^^^^^^^^^^^^^^^^^^^^^^^^^^^^^^^^^^^
  File "/home/alimt/Minibini/venv/lib/python3.12/site-packages/django/db/models/manager.py", line 87, in manager_method
    return getattr(self.get_queryset(), name)(*args, **kwargs)
           ^^^^^^^^^^^^^^^^^^^^^^^^^^^^^^^^^^^^^^^^^^^^^^^^^^^
  File "/home/alimt/Minibini/venv/lib/python3.12/site-packages/django/db/models/query.py", line 661, in create
    obj = self.model(**kwargs)
          ^^^^^^^^^^^^^^^^^^^^
  File "/home/alimt/Minibini/venv/lib/python3.12/site-packages/django/db/models/base.py", line 558, in __init__
    _setattr(self, prop, value)
AttributeError: property 'name' of 'Contact' object has no setter

======================================================================
ERROR: test_get_purchase_order_create_page (tests.test_purchaseorder_creation_and_lineitems.PurchaseOrderCreationTests.test_get_purchase_order_create_page)
Test GET request to create purchase order page shows form.
----------------------------------------------------------------------
Traceback (most recent call last):
  File "/home/alimt/Minibini/tests/test_purchaseorder_creation_and_lineitems.py", line 24, in setUp
    self.default_contact1 = Contact.objects.create(name='Default Contact 1')
                            ^^^^^^^^^^^^^^^^^^^^^^^^^^^^^^^^^^^^^^^^^^^^^^^^
  File "/home/alimt/Minibini/venv/lib/python3.12/site-packages/django/db/models/manager.py", line 87, in manager_method
    return getattr(self.get_queryset(), name)(*args, **kwargs)
           ^^^^^^^^^^^^^^^^^^^^^^^^^^^^^^^^^^^^^^^^^^^^^^^^^^^
  File "/home/alimt/Minibini/venv/lib/python3.12/site-packages/django/db/models/query.py", line 661, in create
    obj = self.model(**kwargs)
          ^^^^^^^^^^^^^^^^^^^^
  File "/home/alimt/Minibini/venv/lib/python3.12/site-packages/django/db/models/base.py", line 558, in __init__
    _setattr(self, prop, value)
AttributeError: property 'name' of 'Contact' object has no setter

======================================================================
ERROR: test_multiple_purchase_orders_can_be_created (tests.test_purchaseorder_creation_and_lineitems.PurchaseOrderCreationTests.test_multiple_purchase_orders_can_be_created)
Test that multiple POs can be created.
----------------------------------------------------------------------
Traceback (most recent call last):
  File "/home/alimt/Minibini/tests/test_purchaseorder_creation_and_lineitems.py", line 24, in setUp
    self.default_contact1 = Contact.objects.create(name='Default Contact 1')
                            ^^^^^^^^^^^^^^^^^^^^^^^^^^^^^^^^^^^^^^^^^^^^^^^^
  File "/home/alimt/Minibini/venv/lib/python3.12/site-packages/django/db/models/manager.py", line 87, in manager_method
    return getattr(self.get_queryset(), name)(*args, **kwargs)
           ^^^^^^^^^^^^^^^^^^^^^^^^^^^^^^^^^^^^^^^^^^^^^^^^^^^
  File "/home/alimt/Minibini/venv/lib/python3.12/site-packages/django/db/models/query.py", line 661, in create
    obj = self.model(**kwargs)
          ^^^^^^^^^^^^^^^^^^^^
  File "/home/alimt/Minibini/venv/lib/python3.12/site-packages/django/db/models/base.py", line 558, in __init__
    _setattr(self, prop, value)
AttributeError: property 'name' of 'Contact' object has no setter

======================================================================
ERROR: test_add_line_item_from_price_list (tests.test_purchaseorder_creation_and_lineitems.PurchaseOrderLineItemAdditionTests.test_add_line_item_from_price_list)
Test adding a line item from price list.
----------------------------------------------------------------------
Traceback (most recent call last):
  File "/home/alimt/Minibini/tests/test_purchaseorder_creation_and_lineitems.py", line 145, in setUp
    self.default_contact = Contact.objects.create(name='Default Contact')
                           ^^^^^^^^^^^^^^^^^^^^^^^^^^^^^^^^^^^^^^^^^^^^^^
  File "/home/alimt/Minibini/venv/lib/python3.12/site-packages/django/db/models/manager.py", line 87, in manager_method
    return getattr(self.get_queryset(), name)(*args, **kwargs)
           ^^^^^^^^^^^^^^^^^^^^^^^^^^^^^^^^^^^^^^^^^^^^^^^^^^^
  File "/home/alimt/Minibini/venv/lib/python3.12/site-packages/django/db/models/query.py", line 661, in create
    obj = self.model(**kwargs)
          ^^^^^^^^^^^^^^^^^^^^
  File "/home/alimt/Minibini/venv/lib/python3.12/site-packages/django/db/models/base.py", line 558, in __init__
    _setattr(self, prop, value)
AttributeError: property 'name' of 'Contact' object has no setter

======================================================================
ERROR: test_add_line_item_missing_price_list_item (tests.test_purchaseorder_creation_and_lineitems.PurchaseOrderLineItemAdditionTests.test_add_line_item_missing_price_list_item)
Test that price_list_item is required when adding a line item.
----------------------------------------------------------------------
Traceback (most recent call last):
  File "/home/alimt/Minibini/tests/test_purchaseorder_creation_and_lineitems.py", line 145, in setUp
    self.default_contact = Contact.objects.create(name='Default Contact')
                           ^^^^^^^^^^^^^^^^^^^^^^^^^^^^^^^^^^^^^^^^^^^^^^
  File "/home/alimt/Minibini/venv/lib/python3.12/site-packages/django/db/models/manager.py", line 87, in manager_method
    return getattr(self.get_queryset(), name)(*args, **kwargs)
           ^^^^^^^^^^^^^^^^^^^^^^^^^^^^^^^^^^^^^^^^^^^^^^^^^^^
  File "/home/alimt/Minibini/venv/lib/python3.12/site-packages/django/db/models/query.py", line 661, in create
    obj = self.model(**kwargs)
          ^^^^^^^^^^^^^^^^^^^^
  File "/home/alimt/Minibini/venv/lib/python3.12/site-packages/django/db/models/base.py", line 558, in __init__
    _setattr(self, prop, value)
AttributeError: property 'name' of 'Contact' object has no setter

======================================================================
ERROR: test_add_line_item_missing_qty (tests.test_purchaseorder_creation_and_lineitems.PurchaseOrderLineItemAdditionTests.test_add_line_item_missing_qty)
Test that qty is required when adding a line item.
----------------------------------------------------------------------
Traceback (most recent call last):
  File "/home/alimt/Minibini/tests/test_purchaseorder_creation_and_lineitems.py", line 145, in setUp
    self.default_contact = Contact.objects.create(name='Default Contact')
                           ^^^^^^^^^^^^^^^^^^^^^^^^^^^^^^^^^^^^^^^^^^^^^^
  File "/home/alimt/Minibini/venv/lib/python3.12/site-packages/django/db/models/manager.py", line 87, in manager_method
    return getattr(self.get_queryset(), name)(*args, **kwargs)
           ^^^^^^^^^^^^^^^^^^^^^^^^^^^^^^^^^^^^^^^^^^^^^^^^^^^
  File "/home/alimt/Minibini/venv/lib/python3.12/site-packages/django/db/models/query.py", line 661, in create
    obj = self.model(**kwargs)
          ^^^^^^^^^^^^^^^^^^^^
  File "/home/alimt/Minibini/venv/lib/python3.12/site-packages/django/db/models/base.py", line 558, in __init__
    _setattr(self, prop, value)
AttributeError: property 'name' of 'Contact' object has no setter

======================================================================
ERROR: test_get_add_line_item_page (tests.test_purchaseorder_creation_and_lineitems.PurchaseOrderLineItemAdditionTests.test_get_add_line_item_page)
Test GET request to add line item page shows form.
----------------------------------------------------------------------
Traceback (most recent call last):
  File "/home/alimt/Minibini/tests/test_purchaseorder_creation_and_lineitems.py", line 145, in setUp
    self.default_contact = Contact.objects.create(name='Default Contact')
                           ^^^^^^^^^^^^^^^^^^^^^^^^^^^^^^^^^^^^^^^^^^^^^^
  File "/home/alimt/Minibini/venv/lib/python3.12/site-packages/django/db/models/manager.py", line 87, in manager_method
    return getattr(self.get_queryset(), name)(*args, **kwargs)
           ^^^^^^^^^^^^^^^^^^^^^^^^^^^^^^^^^^^^^^^^^^^^^^^^^^^
  File "/home/alimt/Minibini/venv/lib/python3.12/site-packages/django/db/models/query.py", line 661, in create
    obj = self.model(**kwargs)
          ^^^^^^^^^^^^^^^^^^^^
  File "/home/alimt/Minibini/venv/lib/python3.12/site-packages/django/db/models/base.py", line 558, in __init__
    _setattr(self, prop, value)
AttributeError: property 'name' of 'Contact' object has no setter

======================================================================
ERROR: test_line_item_auto_numbering (tests.test_purchaseorder_creation_and_lineitems.PurchaseOrderLineItemAdditionTests.test_line_item_auto_numbering)
Test that line items are automatically numbered sequentially.
----------------------------------------------------------------------
Traceback (most recent call last):
  File "/home/alimt/Minibini/tests/test_purchaseorder_creation_and_lineitems.py", line 145, in setUp
    self.default_contact = Contact.objects.create(name='Default Contact')
                           ^^^^^^^^^^^^^^^^^^^^^^^^^^^^^^^^^^^^^^^^^^^^^^
  File "/home/alimt/Minibini/venv/lib/python3.12/site-packages/django/db/models/manager.py", line 87, in manager_method
    return getattr(self.get_queryset(), name)(*args, **kwargs)
           ^^^^^^^^^^^^^^^^^^^^^^^^^^^^^^^^^^^^^^^^^^^^^^^^^^^
  File "/home/alimt/Minibini/venv/lib/python3.12/site-packages/django/db/models/query.py", line 661, in create
    obj = self.model(**kwargs)
          ^^^^^^^^^^^^^^^^^^^^
  File "/home/alimt/Minibini/venv/lib/python3.12/site-packages/django/db/models/base.py", line 558, in __init__
    _setattr(self, prop, value)
AttributeError: property 'name' of 'Contact' object has no setter

======================================================================
ERROR: test_line_item_total_amount_calculation (tests.test_purchaseorder_creation_and_lineitems.PurchaseOrderLineItemAdditionTests.test_line_item_total_amount_calculation)
Test that line item total amount is calculated correctly.
----------------------------------------------------------------------
Traceback (most recent call last):
  File "/home/alimt/Minibini/tests/test_purchaseorder_creation_and_lineitems.py", line 145, in setUp
    self.default_contact = Contact.objects.create(name='Default Contact')
                           ^^^^^^^^^^^^^^^^^^^^^^^^^^^^^^^^^^^^^^^^^^^^^^
  File "/home/alimt/Minibini/venv/lib/python3.12/site-packages/django/db/models/manager.py", line 87, in manager_method
    return getattr(self.get_queryset(), name)(*args, **kwargs)
           ^^^^^^^^^^^^^^^^^^^^^^^^^^^^^^^^^^^^^^^^^^^^^^^^^^^
  File "/home/alimt/Minibini/venv/lib/python3.12/site-packages/django/db/models/query.py", line 661, in create
    obj = self.model(**kwargs)
          ^^^^^^^^^^^^^^^^^^^^
  File "/home/alimt/Minibini/venv/lib/python3.12/site-packages/django/db/models/base.py", line 558, in __init__
    _setattr(self, prop, value)
AttributeError: property 'name' of 'Contact' object has no setter

======================================================================
ERROR: test_line_item_uses_purchase_price_not_selling_price (tests.test_purchaseorder_creation_and_lineitems.PurchaseOrderLineItemAdditionTests.test_line_item_uses_purchase_price_not_selling_price)
Test that line items use purchase_price from PriceListItem, not selling_price.
----------------------------------------------------------------------
Traceback (most recent call last):
  File "/home/alimt/Minibini/tests/test_purchaseorder_creation_and_lineitems.py", line 145, in setUp
    self.default_contact = Contact.objects.create(name='Default Contact')
                           ^^^^^^^^^^^^^^^^^^^^^^^^^^^^^^^^^^^^^^^^^^^^^^
  File "/home/alimt/Minibini/venv/lib/python3.12/site-packages/django/db/models/manager.py", line 87, in manager_method
    return getattr(self.get_queryset(), name)(*args, **kwargs)
           ^^^^^^^^^^^^^^^^^^^^^^^^^^^^^^^^^^^^^^^^^^^^^^^^^^^
  File "/home/alimt/Minibini/venv/lib/python3.12/site-packages/django/db/models/query.py", line 661, in create
    obj = self.model(**kwargs)
          ^^^^^^^^^^^^^^^^^^^^
  File "/home/alimt/Minibini/venv/lib/python3.12/site-packages/django/db/models/base.py", line 558, in __init__
    _setattr(self, prop, value)
AttributeError: property 'name' of 'Contact' object has no setter

======================================================================
ERROR: test_multiple_line_items_can_be_added (tests.test_purchaseorder_creation_and_lineitems.PurchaseOrderLineItemAdditionTests.test_multiple_line_items_can_be_added)
Test that multiple line items can be added to a PO.
----------------------------------------------------------------------
Traceback (most recent call last):
  File "/home/alimt/Minibini/tests/test_purchaseorder_creation_and_lineitems.py", line 145, in setUp
    self.default_contact = Contact.objects.create(name='Default Contact')
                           ^^^^^^^^^^^^^^^^^^^^^^^^^^^^^^^^^^^^^^^^^^^^^^
  File "/home/alimt/Minibini/venv/lib/python3.12/site-packages/django/db/models/manager.py", line 87, in manager_method
    return getattr(self.get_queryset(), name)(*args, **kwargs)
           ^^^^^^^^^^^^^^^^^^^^^^^^^^^^^^^^^^^^^^^^^^^^^^^^^^^
  File "/home/alimt/Minibini/venv/lib/python3.12/site-packages/django/db/models/query.py", line 661, in create
    obj = self.model(**kwargs)
          ^^^^^^^^^^^^^^^^^^^^
  File "/home/alimt/Minibini/venv/lib/python3.12/site-packages/django/db/models/base.py", line 558, in __init__
    _setattr(self, prop, value)
AttributeError: property 'name' of 'Contact' object has no setter

======================================================================
ERROR: test_purchase_order_detail_calculates_total (tests.test_purchaseorder_creation_and_lineitems.PurchaseOrderLineItemAdditionTests.test_purchase_order_detail_calculates_total)
Test that PO detail page calculates total correctly.
----------------------------------------------------------------------
Traceback (most recent call last):
  File "/home/alimt/Minibini/tests/test_purchaseorder_creation_and_lineitems.py", line 145, in setUp
    self.default_contact = Contact.objects.create(name='Default Contact')
                           ^^^^^^^^^^^^^^^^^^^^^^^^^^^^^^^^^^^^^^^^^^^^^^
  File "/home/alimt/Minibini/venv/lib/python3.12/site-packages/django/db/models/manager.py", line 87, in manager_method
    return getattr(self.get_queryset(), name)(*args, **kwargs)
           ^^^^^^^^^^^^^^^^^^^^^^^^^^^^^^^^^^^^^^^^^^^^^^^^^^^
  File "/home/alimt/Minibini/venv/lib/python3.12/site-packages/django/db/models/query.py", line 661, in create
    obj = self.model(**kwargs)
          ^^^^^^^^^^^^^^^^^^^^
  File "/home/alimt/Minibini/venv/lib/python3.12/site-packages/django/db/models/base.py", line 558, in __init__
    _setattr(self, prop, value)
AttributeError: property 'name' of 'Contact' object has no setter

======================================================================
ERROR: test_purchase_order_detail_shows_add_line_item_link (tests.test_purchaseorder_creation_and_lineitems.PurchaseOrderLineItemAdditionTests.test_purchase_order_detail_shows_add_line_item_link)
Test that PO detail page has a link to add line items.
----------------------------------------------------------------------
Traceback (most recent call last):
  File "/home/alimt/Minibini/tests/test_purchaseorder_creation_and_lineitems.py", line 145, in setUp
    self.default_contact = Contact.objects.create(name='Default Contact')
                           ^^^^^^^^^^^^^^^^^^^^^^^^^^^^^^^^^^^^^^^^^^^^^^
  File "/home/alimt/Minibini/venv/lib/python3.12/site-packages/django/db/models/manager.py", line 87, in manager_method
    return getattr(self.get_queryset(), name)(*args, **kwargs)
           ^^^^^^^^^^^^^^^^^^^^^^^^^^^^^^^^^^^^^^^^^^^^^^^^^^^
  File "/home/alimt/Minibini/venv/lib/python3.12/site-packages/django/db/models/query.py", line 661, in create
    obj = self.model(**kwargs)
          ^^^^^^^^^^^^^^^^^^^^
  File "/home/alimt/Minibini/venv/lib/python3.12/site-packages/django/db/models/base.py", line 558, in __init__
    _setattr(self, prop, value)
AttributeError: property 'name' of 'Contact' object has no setter

======================================================================
ERROR: test_purchase_order_detail_shows_business (tests.test_purchaseorder_creation_and_lineitems.PurchaseOrderLineItemAdditionTests.test_purchase_order_detail_shows_business)
Test that PO detail page displays the business.
----------------------------------------------------------------------
Traceback (most recent call last):
  File "/home/alimt/Minibini/tests/test_purchaseorder_creation_and_lineitems.py", line 145, in setUp
    self.default_contact = Contact.objects.create(name='Default Contact')
                           ^^^^^^^^^^^^^^^^^^^^^^^^^^^^^^^^^^^^^^^^^^^^^^
  File "/home/alimt/Minibini/venv/lib/python3.12/site-packages/django/db/models/manager.py", line 87, in manager_method
    return getattr(self.get_queryset(), name)(*args, **kwargs)
           ^^^^^^^^^^^^^^^^^^^^^^^^^^^^^^^^^^^^^^^^^^^^^^^^^^^
  File "/home/alimt/Minibini/venv/lib/python3.12/site-packages/django/db/models/query.py", line 661, in create
    obj = self.model(**kwargs)
          ^^^^^^^^^^^^^^^^^^^^
  File "/home/alimt/Minibini/venv/lib/python3.12/site-packages/django/db/models/base.py", line 558, in __init__
    _setattr(self, prop, value)
AttributeError: property 'name' of 'Contact' object has no setter

======================================================================
ERROR: test_purchase_order_creation_with_business (tests.test_purchaseorder_creation_and_lineitems.PurchaseOrderModelWithBusinessTests.test_purchase_order_creation_with_business)
Test creating a PO with a business.
----------------------------------------------------------------------
Traceback (most recent call last):
  File "/home/alimt/Minibini/tests/test_purchaseorder_creation_and_lineitems.py", line 397, in setUp
    self.default_contact = Contact.objects.create(name='Default Contact')
                           ^^^^^^^^^^^^^^^^^^^^^^^^^^^^^^^^^^^^^^^^^^^^^^
  File "/home/alimt/Minibini/venv/lib/python3.12/site-packages/django/db/models/manager.py", line 87, in manager_method
    return getattr(self.get_queryset(), name)(*args, **kwargs)
           ^^^^^^^^^^^^^^^^^^^^^^^^^^^^^^^^^^^^^^^^^^^^^^^^^^^
  File "/home/alimt/Minibini/venv/lib/python3.12/site-packages/django/db/models/query.py", line 661, in create
    obj = self.model(**kwargs)
          ^^^^^^^^^^^^^^^^^^^^
  File "/home/alimt/Minibini/venv/lib/python3.12/site-packages/django/db/models/base.py", line 558, in __init__
    _setattr(self, prop, value)
AttributeError: property 'name' of 'Contact' object has no setter

======================================================================
ERROR: test_purchase_order_str_method (tests.test_purchaseorder_creation_and_lineitems.PurchaseOrderModelWithBusinessTests.test_purchase_order_str_method)
Test PO string representation.
----------------------------------------------------------------------
Traceback (most recent call last):
  File "/home/alimt/Minibini/tests/test_purchaseorder_creation_and_lineitems.py", line 397, in setUp
    self.default_contact = Contact.objects.create(name='Default Contact')
                           ^^^^^^^^^^^^^^^^^^^^^^^^^^^^^^^^^^^^^^^^^^^^^^
  File "/home/alimt/Minibini/venv/lib/python3.12/site-packages/django/db/models/manager.py", line 87, in manager_method
    return getattr(self.get_queryset(), name)(*args, **kwargs)
           ^^^^^^^^^^^^^^^^^^^^^^^^^^^^^^^^^^^^^^^^^^^^^^^^^^^
  File "/home/alimt/Minibini/venv/lib/python3.12/site-packages/django/db/models/query.py", line 661, in create
    obj = self.model(**kwargs)
          ^^^^^^^^^^^^^^^^^^^^
  File "/home/alimt/Minibini/venv/lib/python3.12/site-packages/django/db/models/base.py", line 558, in __init__
    _setattr(self, prop, value)
AttributeError: property 'name' of 'Contact' object has no setter

======================================================================
ERROR: test_cannot_delete_non_draft_bill (tests.test_purchasing_deletion.BillDeletionTest.test_cannot_delete_non_draft_bill)
Test that non-draft bills cannot be deleted.
----------------------------------------------------------------------
Traceback (most recent call last):
  File "/home/alimt/Minibini/tests/test_purchasing_deletion.py", line 115, in setUp
    self.default_contact = Contact.objects.create(name='Default Contact')
                           ^^^^^^^^^^^^^^^^^^^^^^^^^^^^^^^^^^^^^^^^^^^^^^
  File "/home/alimt/Minibini/venv/lib/python3.12/site-packages/django/db/models/manager.py", line 87, in manager_method
    return getattr(self.get_queryset(), name)(*args, **kwargs)
           ^^^^^^^^^^^^^^^^^^^^^^^^^^^^^^^^^^^^^^^^^^^^^^^^^^^
  File "/home/alimt/Minibini/venv/lib/python3.12/site-packages/django/db/models/query.py", line 661, in create
    obj = self.model(**kwargs)
          ^^^^^^^^^^^^^^^^^^^^
  File "/home/alimt/Minibini/venv/lib/python3.12/site-packages/django/db/models/base.py", line 558, in __init__
    _setattr(self, prop, value)
AttributeError: property 'name' of 'Contact' object has no setter

======================================================================
ERROR: test_delete_bill_get_request_shows_confirmation (tests.test_purchasing_deletion.BillDeletionTest.test_delete_bill_get_request_shows_confirmation)
Test that GET request to delete shows confirmation page.
----------------------------------------------------------------------
Traceback (most recent call last):
  File "/home/alimt/Minibini/tests/test_purchasing_deletion.py", line 115, in setUp
    self.default_contact = Contact.objects.create(name='Default Contact')
                           ^^^^^^^^^^^^^^^^^^^^^^^^^^^^^^^^^^^^^^^^^^^^^^
  File "/home/alimt/Minibini/venv/lib/python3.12/site-packages/django/db/models/manager.py", line 87, in manager_method
    return getattr(self.get_queryset(), name)(*args, **kwargs)
           ^^^^^^^^^^^^^^^^^^^^^^^^^^^^^^^^^^^^^^^^^^^^^^^^^^^
  File "/home/alimt/Minibini/venv/lib/python3.12/site-packages/django/db/models/query.py", line 661, in create
    obj = self.model(**kwargs)
          ^^^^^^^^^^^^^^^^^^^^
  File "/home/alimt/Minibini/venv/lib/python3.12/site-packages/django/db/models/base.py", line 558, in __init__
    _setattr(self, prop, value)
AttributeError: property 'name' of 'Contact' object has no setter

======================================================================
ERROR: test_delete_draft_bill_via_post (tests.test_purchasing_deletion.BillDeletionTest.test_delete_draft_bill_via_post)
Test that draft bills can be deleted via POST.
----------------------------------------------------------------------
Traceback (most recent call last):
  File "/home/alimt/Minibini/tests/test_purchasing_deletion.py", line 115, in setUp
    self.default_contact = Contact.objects.create(name='Default Contact')
                           ^^^^^^^^^^^^^^^^^^^^^^^^^^^^^^^^^^^^^^^^^^^^^^
  File "/home/alimt/Minibini/venv/lib/python3.12/site-packages/django/db/models/manager.py", line 87, in manager_method
    return getattr(self.get_queryset(), name)(*args, **kwargs)
           ^^^^^^^^^^^^^^^^^^^^^^^^^^^^^^^^^^^^^^^^^^^^^^^^^^^
  File "/home/alimt/Minibini/venv/lib/python3.12/site-packages/django/db/models/query.py", line 661, in create
    obj = self.model(**kwargs)
          ^^^^^^^^^^^^^^^^^^^^
  File "/home/alimt/Minibini/venv/lib/python3.12/site-packages/django/db/models/base.py", line 558, in __init__
    _setattr(self, prop, value)
AttributeError: property 'name' of 'Contact' object has no setter

======================================================================
ERROR: test_cannot_delete_line_item_from_non_draft_bill (tests.test_purchasing_deletion.BillLineItemDeletionTest.test_cannot_delete_line_item_from_non_draft_bill)
Test that line items cannot be deleted from non-draft bills.
----------------------------------------------------------------------
Traceback (most recent call last):
  File "/home/alimt/Minibini/tests/test_purchasing_deletion.py", line 326, in setUp
    self.default_contact = Contact.objects.create(name='Default Contact')
                           ^^^^^^^^^^^^^^^^^^^^^^^^^^^^^^^^^^^^^^^^^^^^^^
  File "/home/alimt/Minibini/venv/lib/python3.12/site-packages/django/db/models/manager.py", line 87, in manager_method
    return getattr(self.get_queryset(), name)(*args, **kwargs)
           ^^^^^^^^^^^^^^^^^^^^^^^^^^^^^^^^^^^^^^^^^^^^^^^^^^^
  File "/home/alimt/Minibini/venv/lib/python3.12/site-packages/django/db/models/query.py", line 661, in create
    obj = self.model(**kwargs)
          ^^^^^^^^^^^^^^^^^^^^
  File "/home/alimt/Minibini/venv/lib/python3.12/site-packages/django/db/models/base.py", line 558, in __init__
    _setattr(self, prop, value)
AttributeError: property 'name' of 'Contact' object has no setter

======================================================================
ERROR: test_delete_bill_line_item_via_post (tests.test_purchasing_deletion.BillLineItemDeletionTest.test_delete_bill_line_item_via_post)
Test that line items can be deleted from draft bills.
----------------------------------------------------------------------
Traceback (most recent call last):
  File "/home/alimt/Minibini/tests/test_purchasing_deletion.py", line 326, in setUp
    self.default_contact = Contact.objects.create(name='Default Contact')
                           ^^^^^^^^^^^^^^^^^^^^^^^^^^^^^^^^^^^^^^^^^^^^^^
  File "/home/alimt/Minibini/venv/lib/python3.12/site-packages/django/db/models/manager.py", line 87, in manager_method
    return getattr(self.get_queryset(), name)(*args, **kwargs)
           ^^^^^^^^^^^^^^^^^^^^^^^^^^^^^^^^^^^^^^^^^^^^^^^^^^^
  File "/home/alimt/Minibini/venv/lib/python3.12/site-packages/django/db/models/query.py", line 661, in create
    obj = self.model(**kwargs)
          ^^^^^^^^^^^^^^^^^^^^
  File "/home/alimt/Minibini/venv/lib/python3.12/site-packages/django/db/models/base.py", line 558, in __init__
    _setattr(self, prop, value)
AttributeError: property 'name' of 'Contact' object has no setter

======================================================================
ERROR: test_cannot_delete_non_draft_po (tests.test_purchasing_deletion.PurchaseOrderDeletionTest.test_cannot_delete_non_draft_po)
Test that non-draft POs cannot be deleted.
----------------------------------------------------------------------
Traceback (most recent call last):
  File "/home/alimt/Minibini/tests/test_purchasing_deletion.py", line 31, in setUp
    self.default_contact = Contact.objects.create(name='Default Contact')
                           ^^^^^^^^^^^^^^^^^^^^^^^^^^^^^^^^^^^^^^^^^^^^^^
  File "/home/alimt/Minibini/venv/lib/python3.12/site-packages/django/db/models/manager.py", line 87, in manager_method
    return getattr(self.get_queryset(), name)(*args, **kwargs)
           ^^^^^^^^^^^^^^^^^^^^^^^^^^^^^^^^^^^^^^^^^^^^^^^^^^^
  File "/home/alimt/Minibini/venv/lib/python3.12/site-packages/django/db/models/query.py", line 661, in create
    obj = self.model(**kwargs)
          ^^^^^^^^^^^^^^^^^^^^
  File "/home/alimt/Minibini/venv/lib/python3.12/site-packages/django/db/models/base.py", line 558, in __init__
    _setattr(self, prop, value)
AttributeError: property 'name' of 'Contact' object has no setter

======================================================================
ERROR: test_delete_draft_po_via_post (tests.test_purchasing_deletion.PurchaseOrderDeletionTest.test_delete_draft_po_via_post)
Test that draft POs can be deleted via POST.
----------------------------------------------------------------------
Traceback (most recent call last):
  File "/home/alimt/Minibini/tests/test_purchasing_deletion.py", line 31, in setUp
    self.default_contact = Contact.objects.create(name='Default Contact')
                           ^^^^^^^^^^^^^^^^^^^^^^^^^^^^^^^^^^^^^^^^^^^^^^
  File "/home/alimt/Minibini/venv/lib/python3.12/site-packages/django/db/models/manager.py", line 87, in manager_method
    return getattr(self.get_queryset(), name)(*args, **kwargs)
           ^^^^^^^^^^^^^^^^^^^^^^^^^^^^^^^^^^^^^^^^^^^^^^^^^^^
  File "/home/alimt/Minibini/venv/lib/python3.12/site-packages/django/db/models/query.py", line 661, in create
    obj = self.model(**kwargs)
          ^^^^^^^^^^^^^^^^^^^^
  File "/home/alimt/Minibini/venv/lib/python3.12/site-packages/django/db/models/base.py", line 558, in __init__
    _setattr(self, prop, value)
AttributeError: property 'name' of 'Contact' object has no setter

======================================================================
ERROR: test_delete_po_get_request_shows_confirmation (tests.test_purchasing_deletion.PurchaseOrderDeletionTest.test_delete_po_get_request_shows_confirmation)
Test that GET request to delete shows confirmation page.
----------------------------------------------------------------------
Traceback (most recent call last):
  File "/home/alimt/Minibini/tests/test_purchasing_deletion.py", line 31, in setUp
    self.default_contact = Contact.objects.create(name='Default Contact')
                           ^^^^^^^^^^^^^^^^^^^^^^^^^^^^^^^^^^^^^^^^^^^^^^
  File "/home/alimt/Minibini/venv/lib/python3.12/site-packages/django/db/models/manager.py", line 87, in manager_method
    return getattr(self.get_queryset(), name)(*args, **kwargs)
           ^^^^^^^^^^^^^^^^^^^^^^^^^^^^^^^^^^^^^^^^^^^^^^^^^^^
  File "/home/alimt/Minibini/venv/lib/python3.12/site-packages/django/db/models/query.py", line 661, in create
    obj = self.model(**kwargs)
          ^^^^^^^^^^^^^^^^^^^^
  File "/home/alimt/Minibini/venv/lib/python3.12/site-packages/django/db/models/base.py", line 558, in __init__
    _setattr(self, prop, value)
AttributeError: property 'name' of 'Contact' object has no setter

======================================================================
ERROR: test_cannot_delete_line_item_from_non_draft_po (tests.test_purchasing_deletion.PurchaseOrderLineItemDeletionTest.test_cannot_delete_line_item_from_non_draft_po)
Test that line items cannot be deleted from non-draft POs.
----------------------------------------------------------------------
Traceback (most recent call last):
  File "/home/alimt/Minibini/tests/test_purchasing_deletion.py", line 217, in setUp
    self.default_contact = Contact.objects.create(name='Default Contact')
                           ^^^^^^^^^^^^^^^^^^^^^^^^^^^^^^^^^^^^^^^^^^^^^^
  File "/home/alimt/Minibini/venv/lib/python3.12/site-packages/django/db/models/manager.py", line 87, in manager_method
    return getattr(self.get_queryset(), name)(*args, **kwargs)
           ^^^^^^^^^^^^^^^^^^^^^^^^^^^^^^^^^^^^^^^^^^^^^^^^^^^
  File "/home/alimt/Minibini/venv/lib/python3.12/site-packages/django/db/models/query.py", line 661, in create
    obj = self.model(**kwargs)
          ^^^^^^^^^^^^^^^^^^^^
  File "/home/alimt/Minibini/venv/lib/python3.12/site-packages/django/db/models/base.py", line 558, in __init__
    _setattr(self, prop, value)
AttributeError: property 'name' of 'Contact' object has no setter

======================================================================
ERROR: test_delete_po_line_item_via_post (tests.test_purchasing_deletion.PurchaseOrderLineItemDeletionTest.test_delete_po_line_item_via_post)
Test that line items can be deleted from draft POs.
----------------------------------------------------------------------
Traceback (most recent call last):
  File "/home/alimt/Minibini/tests/test_purchasing_deletion.py", line 217, in setUp
    self.default_contact = Contact.objects.create(name='Default Contact')
                           ^^^^^^^^^^^^^^^^^^^^^^^^^^^^^^^^^^^^^^^^^^^^^^
  File "/home/alimt/Minibini/venv/lib/python3.12/site-packages/django/db/models/manager.py", line 87, in manager_method
    return getattr(self.get_queryset(), name)(*args, **kwargs)
           ^^^^^^^^^^^^^^^^^^^^^^^^^^^^^^^^^^^^^^^^^^^^^^^^^^^
  File "/home/alimt/Minibini/venv/lib/python3.12/site-packages/django/db/models/query.py", line 661, in create
    obj = self.model(**kwargs)
          ^^^^^^^^^^^^^^^^^^^^
  File "/home/alimt/Minibini/venv/lib/python3.12/site-packages/django/db/models/base.py", line 558, in __init__
    _setattr(self, prop, value)
AttributeError: property 'name' of 'Contact' object has no setter

======================================================================
ERROR: test_can_delete_draft_bill_via_orm (tests.test_purchasing_model_deletion_protection.BillModelDeletionTest.test_can_delete_draft_bill_via_orm)
Test that draft Bills can be deleted via direct ORM operation.
----------------------------------------------------------------------
Traceback (most recent call last):
  File "/home/alimt/Minibini/tests/test_purchasing_model_deletion_protection.py", line 136, in setUp
    self.default_contact = Contact.objects.create(name='Default Contact')
                           ^^^^^^^^^^^^^^^^^^^^^^^^^^^^^^^^^^^^^^^^^^^^^^
  File "/home/alimt/Minibini/venv/lib/python3.12/site-packages/django/db/models/manager.py", line 87, in manager_method
    return getattr(self.get_queryset(), name)(*args, **kwargs)
           ^^^^^^^^^^^^^^^^^^^^^^^^^^^^^^^^^^^^^^^^^^^^^^^^^^^
  File "/home/alimt/Minibini/venv/lib/python3.12/site-packages/django/db/models/query.py", line 661, in create
    obj = self.model(**kwargs)
          ^^^^^^^^^^^^^^^^^^^^
  File "/home/alimt/Minibini/venv/lib/python3.12/site-packages/django/db/models/base.py", line 558, in __init__
    _setattr(self, prop, value)
AttributeError: property 'name' of 'Contact' object has no setter

======================================================================
ERROR: test_cannot_delete_cancelled_bill_via_orm (tests.test_purchasing_model_deletion_protection.BillModelDeletionTest.test_cannot_delete_cancelled_bill_via_orm)
Test that cancelled Bills cannot be deleted via direct ORM operation.
----------------------------------------------------------------------
Traceback (most recent call last):
  File "/home/alimt/Minibini/tests/test_purchasing_model_deletion_protection.py", line 136, in setUp
    self.default_contact = Contact.objects.create(name='Default Contact')
                           ^^^^^^^^^^^^^^^^^^^^^^^^^^^^^^^^^^^^^^^^^^^^^^
  File "/home/alimt/Minibini/venv/lib/python3.12/site-packages/django/db/models/manager.py", line 87, in manager_method
    return getattr(self.get_queryset(), name)(*args, **kwargs)
           ^^^^^^^^^^^^^^^^^^^^^^^^^^^^^^^^^^^^^^^^^^^^^^^^^^^
  File "/home/alimt/Minibini/venv/lib/python3.12/site-packages/django/db/models/query.py", line 661, in create
    obj = self.model(**kwargs)
          ^^^^^^^^^^^^^^^^^^^^
  File "/home/alimt/Minibini/venv/lib/python3.12/site-packages/django/db/models/base.py", line 558, in __init__
    _setattr(self, prop, value)
AttributeError: property 'name' of 'Contact' object has no setter

======================================================================
ERROR: test_cannot_delete_paid_in_full_bill_via_orm (tests.test_purchasing_model_deletion_protection.BillModelDeletionTest.test_cannot_delete_paid_in_full_bill_via_orm)
Test that paid_in_full Bills cannot be deleted via direct ORM operation.
----------------------------------------------------------------------
Traceback (most recent call last):
  File "/home/alimt/Minibini/tests/test_purchasing_model_deletion_protection.py", line 136, in setUp
    self.default_contact = Contact.objects.create(name='Default Contact')
                           ^^^^^^^^^^^^^^^^^^^^^^^^^^^^^^^^^^^^^^^^^^^^^^
  File "/home/alimt/Minibini/venv/lib/python3.12/site-packages/django/db/models/manager.py", line 87, in manager_method
    return getattr(self.get_queryset(), name)(*args, **kwargs)
           ^^^^^^^^^^^^^^^^^^^^^^^^^^^^^^^^^^^^^^^^^^^^^^^^^^^
  File "/home/alimt/Minibini/venv/lib/python3.12/site-packages/django/db/models/query.py", line 661, in create
    obj = self.model(**kwargs)
          ^^^^^^^^^^^^^^^^^^^^
  File "/home/alimt/Minibini/venv/lib/python3.12/site-packages/django/db/models/base.py", line 558, in __init__
    _setattr(self, prop, value)
AttributeError: property 'name' of 'Contact' object has no setter

======================================================================
ERROR: test_cannot_delete_partly_paid_bill_via_orm (tests.test_purchasing_model_deletion_protection.BillModelDeletionTest.test_cannot_delete_partly_paid_bill_via_orm)
Test that partly_paid Bills cannot be deleted via direct ORM operation.
----------------------------------------------------------------------
Traceback (most recent call last):
  File "/home/alimt/Minibini/tests/test_purchasing_model_deletion_protection.py", line 136, in setUp
    self.default_contact = Contact.objects.create(name='Default Contact')
                           ^^^^^^^^^^^^^^^^^^^^^^^^^^^^^^^^^^^^^^^^^^^^^^
  File "/home/alimt/Minibini/venv/lib/python3.12/site-packages/django/db/models/manager.py", line 87, in manager_method
    return getattr(self.get_queryset(), name)(*args, **kwargs)
           ^^^^^^^^^^^^^^^^^^^^^^^^^^^^^^^^^^^^^^^^^^^^^^^^^^^
  File "/home/alimt/Minibini/venv/lib/python3.12/site-packages/django/db/models/query.py", line 661, in create
    obj = self.model(**kwargs)
          ^^^^^^^^^^^^^^^^^^^^
  File "/home/alimt/Minibini/venv/lib/python3.12/site-packages/django/db/models/base.py", line 558, in __init__
    _setattr(self, prop, value)
AttributeError: property 'name' of 'Contact' object has no setter

======================================================================
ERROR: test_cannot_delete_received_bill_via_orm (tests.test_purchasing_model_deletion_protection.BillModelDeletionTest.test_cannot_delete_received_bill_via_orm)
Test that received Bills cannot be deleted via direct ORM operation.
----------------------------------------------------------------------
Traceback (most recent call last):
  File "/home/alimt/Minibini/tests/test_purchasing_model_deletion_protection.py", line 136, in setUp
    self.default_contact = Contact.objects.create(name='Default Contact')
                           ^^^^^^^^^^^^^^^^^^^^^^^^^^^^^^^^^^^^^^^^^^^^^^
  File "/home/alimt/Minibini/venv/lib/python3.12/site-packages/django/db/models/manager.py", line 87, in manager_method
    return getattr(self.get_queryset(), name)(*args, **kwargs)
           ^^^^^^^^^^^^^^^^^^^^^^^^^^^^^^^^^^^^^^^^^^^^^^^^^^^
  File "/home/alimt/Minibini/venv/lib/python3.12/site-packages/django/db/models/query.py", line 661, in create
    obj = self.model(**kwargs)
          ^^^^^^^^^^^^^^^^^^^^
  File "/home/alimt/Minibini/venv/lib/python3.12/site-packages/django/db/models/base.py", line 558, in __init__
    _setattr(self, prop, value)
AttributeError: property 'name' of 'Contact' object has no setter

======================================================================
ERROR: test_cannot_delete_refunded_bill_via_orm (tests.test_purchasing_model_deletion_protection.BillModelDeletionTest.test_cannot_delete_refunded_bill_via_orm)
Test that refunded Bills cannot be deleted via direct ORM operation.
----------------------------------------------------------------------
Traceback (most recent call last):
  File "/home/alimt/Minibini/tests/test_purchasing_model_deletion_protection.py", line 136, in setUp
    self.default_contact = Contact.objects.create(name='Default Contact')
                           ^^^^^^^^^^^^^^^^^^^^^^^^^^^^^^^^^^^^^^^^^^^^^^
  File "/home/alimt/Minibini/venv/lib/python3.12/site-packages/django/db/models/manager.py", line 87, in manager_method
    return getattr(self.get_queryset(), name)(*args, **kwargs)
           ^^^^^^^^^^^^^^^^^^^^^^^^^^^^^^^^^^^^^^^^^^^^^^^^^^^
  File "/home/alimt/Minibini/venv/lib/python3.12/site-packages/django/db/models/query.py", line 661, in create
    obj = self.model(**kwargs)
          ^^^^^^^^^^^^^^^^^^^^
  File "/home/alimt/Minibini/venv/lib/python3.12/site-packages/django/db/models/base.py", line 558, in __init__
    _setattr(self, prop, value)
AttributeError: property 'name' of 'Contact' object has no setter

======================================================================
ERROR: test_can_delete_draft_purchase_order_via_orm (tests.test_purchasing_model_deletion_protection.PurchaseOrderModelDeletionTest.test_can_delete_draft_purchase_order_via_orm)
Test that draft POs can be deleted via direct ORM operation.
----------------------------------------------------------------------
Traceback (most recent call last):
  File "/home/alimt/Minibini/tests/test_purchasing_model_deletion_protection.py", line 26, in setUp
    self.default_contact = Contact.objects.create(name='Default Contact')
                           ^^^^^^^^^^^^^^^^^^^^^^^^^^^^^^^^^^^^^^^^^^^^^^
  File "/home/alimt/Minibini/venv/lib/python3.12/site-packages/django/db/models/manager.py", line 87, in manager_method
    return getattr(self.get_queryset(), name)(*args, **kwargs)
           ^^^^^^^^^^^^^^^^^^^^^^^^^^^^^^^^^^^^^^^^^^^^^^^^^^^
  File "/home/alimt/Minibini/venv/lib/python3.12/site-packages/django/db/models/query.py", line 661, in create
    obj = self.model(**kwargs)
          ^^^^^^^^^^^^^^^^^^^^
  File "/home/alimt/Minibini/venv/lib/python3.12/site-packages/django/db/models/base.py", line 558, in __init__
    _setattr(self, prop, value)
AttributeError: property 'name' of 'Contact' object has no setter

======================================================================
ERROR: test_cannot_delete_cancelled_purchase_order_via_orm (tests.test_purchasing_model_deletion_protection.PurchaseOrderModelDeletionTest.test_cannot_delete_cancelled_purchase_order_via_orm)
Test that cancelled POs cannot be deleted via direct ORM operation.
----------------------------------------------------------------------
Traceback (most recent call last):
  File "/home/alimt/Minibini/tests/test_purchasing_model_deletion_protection.py", line 26, in setUp
    self.default_contact = Contact.objects.create(name='Default Contact')
                           ^^^^^^^^^^^^^^^^^^^^^^^^^^^^^^^^^^^^^^^^^^^^^^
  File "/home/alimt/Minibini/venv/lib/python3.12/site-packages/django/db/models/manager.py", line 87, in manager_method
    return getattr(self.get_queryset(), name)(*args, **kwargs)
           ^^^^^^^^^^^^^^^^^^^^^^^^^^^^^^^^^^^^^^^^^^^^^^^^^^^
  File "/home/alimt/Minibini/venv/lib/python3.12/site-packages/django/db/models/query.py", line 661, in create
    obj = self.model(**kwargs)
          ^^^^^^^^^^^^^^^^^^^^
  File "/home/alimt/Minibini/venv/lib/python3.12/site-packages/django/db/models/base.py", line 558, in __init__
    _setattr(self, prop, value)
AttributeError: property 'name' of 'Contact' object has no setter

======================================================================
ERROR: test_cannot_delete_issued_purchase_order_via_orm (tests.test_purchasing_model_deletion_protection.PurchaseOrderModelDeletionTest.test_cannot_delete_issued_purchase_order_via_orm)
Test that issued POs cannot be deleted via direct ORM operation.
----------------------------------------------------------------------
Traceback (most recent call last):
  File "/home/alimt/Minibini/tests/test_purchasing_model_deletion_protection.py", line 26, in setUp
    self.default_contact = Contact.objects.create(name='Default Contact')
                           ^^^^^^^^^^^^^^^^^^^^^^^^^^^^^^^^^^^^^^^^^^^^^^
  File "/home/alimt/Minibini/venv/lib/python3.12/site-packages/django/db/models/manager.py", line 87, in manager_method
    return getattr(self.get_queryset(), name)(*args, **kwargs)
           ^^^^^^^^^^^^^^^^^^^^^^^^^^^^^^^^^^^^^^^^^^^^^^^^^^^
  File "/home/alimt/Minibini/venv/lib/python3.12/site-packages/django/db/models/query.py", line 661, in create
    obj = self.model(**kwargs)
          ^^^^^^^^^^^^^^^^^^^^
  File "/home/alimt/Minibini/venv/lib/python3.12/site-packages/django/db/models/base.py", line 558, in __init__
    _setattr(self, prop, value)
AttributeError: property 'name' of 'Contact' object has no setter

======================================================================
ERROR: test_cannot_delete_partly_received_purchase_order_via_orm (tests.test_purchasing_model_deletion_protection.PurchaseOrderModelDeletionTest.test_cannot_delete_partly_received_purchase_order_via_orm)
Test that partly_received POs cannot be deleted via direct ORM operation.
----------------------------------------------------------------------
Traceback (most recent call last):
  File "/home/alimt/Minibini/tests/test_purchasing_model_deletion_protection.py", line 26, in setUp
    self.default_contact = Contact.objects.create(name='Default Contact')
                           ^^^^^^^^^^^^^^^^^^^^^^^^^^^^^^^^^^^^^^^^^^^^^^
  File "/home/alimt/Minibini/venv/lib/python3.12/site-packages/django/db/models/manager.py", line 87, in manager_method
    return getattr(self.get_queryset(), name)(*args, **kwargs)
           ^^^^^^^^^^^^^^^^^^^^^^^^^^^^^^^^^^^^^^^^^^^^^^^^^^^
  File "/home/alimt/Minibini/venv/lib/python3.12/site-packages/django/db/models/query.py", line 661, in create
    obj = self.model(**kwargs)
          ^^^^^^^^^^^^^^^^^^^^
  File "/home/alimt/Minibini/venv/lib/python3.12/site-packages/django/db/models/base.py", line 558, in __init__
    _setattr(self, prop, value)
AttributeError: property 'name' of 'Contact' object has no setter

======================================================================
ERROR: test_cannot_delete_received_in_full_purchase_order_via_orm (tests.test_purchasing_model_deletion_protection.PurchaseOrderModelDeletionTest.test_cannot_delete_received_in_full_purchase_order_via_orm)
Test that received_in_full POs cannot be deleted via direct ORM operation.
----------------------------------------------------------------------
Traceback (most recent call last):
  File "/home/alimt/Minibini/tests/test_purchasing_model_deletion_protection.py", line 26, in setUp
    self.default_contact = Contact.objects.create(name='Default Contact')
                           ^^^^^^^^^^^^^^^^^^^^^^^^^^^^^^^^^^^^^^^^^^^^^^
  File "/home/alimt/Minibini/venv/lib/python3.12/site-packages/django/db/models/manager.py", line 87, in manager_method
    return getattr(self.get_queryset(), name)(*args, **kwargs)
           ^^^^^^^^^^^^^^^^^^^^^^^^^^^^^^^^^^^^^^^^^^^^^^^^^^^
  File "/home/alimt/Minibini/venv/lib/python3.12/site-packages/django/db/models/query.py", line 661, in create
    obj = self.model(**kwargs)
          ^^^^^^^^^^^^^^^^^^^^
  File "/home/alimt/Minibini/venv/lib/python3.12/site-packages/django/db/models/base.py", line 558, in __init__
    _setattr(self, prop, value)
AttributeError: property 'name' of 'Contact' object has no setter

======================================================================
ERROR: test_bill_creation (tests.test_purchasing_models.BillModelTest.test_bill_creation)
----------------------------------------------------------------------
Traceback (most recent call last):
  File "/home/alimt/Minibini/tests/test_purchasing_models.py", line 56, in setUp
    self.default_contact = Contact.objects.create(name="Default Contact")
                           ^^^^^^^^^^^^^^^^^^^^^^^^^^^^^^^^^^^^^^^^^^^^^^
  File "/home/alimt/Minibini/venv/lib/python3.12/site-packages/django/db/models/manager.py", line 87, in manager_method
    return getattr(self.get_queryset(), name)(*args, **kwargs)
           ^^^^^^^^^^^^^^^^^^^^^^^^^^^^^^^^^^^^^^^^^^^^^^^^^^^
  File "/home/alimt/Minibini/venv/lib/python3.12/site-packages/django/db/models/query.py", line 661, in create
    obj = self.model(**kwargs)
          ^^^^^^^^^^^^^^^^^^^^
  File "/home/alimt/Minibini/venv/lib/python3.12/site-packages/django/db/models/base.py", line 558, in __init__
    _setattr(self, prop, value)
AttributeError: property 'name' of 'Contact' object has no setter

======================================================================
ERROR: test_bill_protected_from_po_delete (tests.test_purchasing_models.BillModelTest.test_bill_protected_from_po_delete)
Test that PurchaseOrders with Bills cannot be deleted (PROTECT).
----------------------------------------------------------------------
Traceback (most recent call last):
  File "/home/alimt/Minibini/tests/test_purchasing_models.py", line 56, in setUp
    self.default_contact = Contact.objects.create(name="Default Contact")
                           ^^^^^^^^^^^^^^^^^^^^^^^^^^^^^^^^^^^^^^^^^^^^^^
  File "/home/alimt/Minibini/venv/lib/python3.12/site-packages/django/db/models/manager.py", line 87, in manager_method
    return getattr(self.get_queryset(), name)(*args, **kwargs)
           ^^^^^^^^^^^^^^^^^^^^^^^^^^^^^^^^^^^^^^^^^^^^^^^^^^^
  File "/home/alimt/Minibini/venv/lib/python3.12/site-packages/django/db/models/query.py", line 661, in create
    obj = self.model(**kwargs)
          ^^^^^^^^^^^^^^^^^^^^
  File "/home/alimt/Minibini/venv/lib/python3.12/site-packages/django/db/models/base.py", line 558, in __init__
    _setattr(self, prop, value)
AttributeError: property 'name' of 'Contact' object has no setter

======================================================================
ERROR: test_bill_str_method (tests.test_purchasing_models.BillModelTest.test_bill_str_method)
----------------------------------------------------------------------
Traceback (most recent call last):
  File "/home/alimt/Minibini/tests/test_purchasing_models.py", line 56, in setUp
    self.default_contact = Contact.objects.create(name="Default Contact")
                           ^^^^^^^^^^^^^^^^^^^^^^^^^^^^^^^^^^^^^^^^^^^^^^
  File "/home/alimt/Minibini/venv/lib/python3.12/site-packages/django/db/models/manager.py", line 87, in manager_method
    return getattr(self.get_queryset(), name)(*args, **kwargs)
           ^^^^^^^^^^^^^^^^^^^^^^^^^^^^^^^^^^^^^^^^^^^^^^^^^^^
  File "/home/alimt/Minibini/venv/lib/python3.12/site-packages/django/db/models/query.py", line 661, in create
    obj = self.model(**kwargs)
          ^^^^^^^^^^^^^^^^^^^^
  File "/home/alimt/Minibini/venv/lib/python3.12/site-packages/django/db/models/base.py", line 558, in __init__
    _setattr(self, prop, value)
AttributeError: property 'name' of 'Contact' object has no setter

======================================================================
ERROR: test_bill_with_contact_deletion (tests.test_purchasing_models.BillModelTest.test_bill_with_contact_deletion)
----------------------------------------------------------------------
Traceback (most recent call last):
  File "/home/alimt/Minibini/tests/test_purchasing_models.py", line 56, in setUp
    self.default_contact = Contact.objects.create(name="Default Contact")
                           ^^^^^^^^^^^^^^^^^^^^^^^^^^^^^^^^^^^^^^^^^^^^^^
  File "/home/alimt/Minibini/venv/lib/python3.12/site-packages/django/db/models/manager.py", line 87, in manager_method
    return getattr(self.get_queryset(), name)(*args, **kwargs)
           ^^^^^^^^^^^^^^^^^^^^^^^^^^^^^^^^^^^^^^^^^^^^^^^^^^^
  File "/home/alimt/Minibini/venv/lib/python3.12/site-packages/django/db/models/query.py", line 661, in create
    obj = self.model(**kwargs)
          ^^^^^^^^^^^^^^^^^^^^
  File "/home/alimt/Minibini/venv/lib/python3.12/site-packages/django/db/models/base.py", line 558, in __init__
    _setattr(self, prop, value)
AttributeError: property 'name' of 'Contact' object has no setter

======================================================================
ERROR: test_purchase_order_creation (tests.test_purchasing_models.PurchaseOrderModelTest.test_purchase_order_creation)
----------------------------------------------------------------------
Traceback (most recent call last):
  File "/home/alimt/Minibini/tests/test_purchasing_models.py", line 10, in setUp
    self.default_contact = Contact.objects.create(name="Default Contact")
                           ^^^^^^^^^^^^^^^^^^^^^^^^^^^^^^^^^^^^^^^^^^^^^^
  File "/home/alimt/Minibini/venv/lib/python3.12/site-packages/django/db/models/manager.py", line 87, in manager_method
    return getattr(self.get_queryset(), name)(*args, **kwargs)
           ^^^^^^^^^^^^^^^^^^^^^^^^^^^^^^^^^^^^^^^^^^^^^^^^^^^
  File "/home/alimt/Minibini/venv/lib/python3.12/site-packages/django/db/models/query.py", line 661, in create
    obj = self.model(**kwargs)
          ^^^^^^^^^^^^^^^^^^^^
  File "/home/alimt/Minibini/venv/lib/python3.12/site-packages/django/db/models/base.py", line 558, in __init__
    _setattr(self, prop, value)
AttributeError: property 'name' of 'Contact' object has no setter

======================================================================
ERROR: test_purchase_order_optional_job (tests.test_purchasing_models.PurchaseOrderModelTest.test_purchase_order_optional_job)
----------------------------------------------------------------------
Traceback (most recent call last):
  File "/home/alimt/Minibini/tests/test_purchasing_models.py", line 10, in setUp
    self.default_contact = Contact.objects.create(name="Default Contact")
                           ^^^^^^^^^^^^^^^^^^^^^^^^^^^^^^^^^^^^^^^^^^^^^^
  File "/home/alimt/Minibini/venv/lib/python3.12/site-packages/django/db/models/manager.py", line 87, in manager_method
    return getattr(self.get_queryset(), name)(*args, **kwargs)
           ^^^^^^^^^^^^^^^^^^^^^^^^^^^^^^^^^^^^^^^^^^^^^^^^^^^
  File "/home/alimt/Minibini/venv/lib/python3.12/site-packages/django/db/models/query.py", line 661, in create
    obj = self.model(**kwargs)
          ^^^^^^^^^^^^^^^^^^^^
  File "/home/alimt/Minibini/venv/lib/python3.12/site-packages/django/db/models/base.py", line 558, in __init__
    _setattr(self, prop, value)
AttributeError: property 'name' of 'Contact' object has no setter

======================================================================
ERROR: test_purchase_order_str_method (tests.test_purchasing_models.PurchaseOrderModelTest.test_purchase_order_str_method)
----------------------------------------------------------------------
Traceback (most recent call last):
  File "/home/alimt/Minibini/tests/test_purchasing_models.py", line 10, in setUp
    self.default_contact = Contact.objects.create(name="Default Contact")
                           ^^^^^^^^^^^^^^^^^^^^^^^^^^^^^^^^^^^^^^^^^^^^^^
  File "/home/alimt/Minibini/venv/lib/python3.12/site-packages/django/db/models/manager.py", line 87, in manager_method
    return getattr(self.get_queryset(), name)(*args, **kwargs)
           ^^^^^^^^^^^^^^^^^^^^^^^^^^^^^^^^^^^^^^^^^^^^^^^^^^^
  File "/home/alimt/Minibini/venv/lib/python3.12/site-packages/django/db/models/query.py", line 661, in create
    obj = self.model(**kwargs)
          ^^^^^^^^^^^^^^^^^^^^
  File "/home/alimt/Minibini/venv/lib/python3.12/site-packages/django/db/models/base.py", line 558, in __init__
    _setattr(self, prop, value)
AttributeError: property 'name' of 'Contact' object has no setter

======================================================================
ERROR: test_purchase_order_unique_po_number (tests.test_purchasing_models.PurchaseOrderModelTest.test_purchase_order_unique_po_number)
----------------------------------------------------------------------
Traceback (most recent call last):
  File "/home/alimt/Minibini/tests/test_purchasing_models.py", line 10, in setUp
    self.default_contact = Contact.objects.create(name="Default Contact")
                           ^^^^^^^^^^^^^^^^^^^^^^^^^^^^^^^^^^^^^^^^^^^^^^
  File "/home/alimt/Minibini/venv/lib/python3.12/site-packages/django/db/models/manager.py", line 87, in manager_method
    return getattr(self.get_queryset(), name)(*args, **kwargs)
           ^^^^^^^^^^^^^^^^^^^^^^^^^^^^^^^^^^^^^^^^^^^^^^^^^^^
  File "/home/alimt/Minibini/venv/lib/python3.12/site-packages/django/db/models/query.py", line 661, in create
    obj = self.model(**kwargs)
          ^^^^^^^^^^^^^^^^^^^^
  File "/home/alimt/Minibini/venv/lib/python3.12/site-packages/django/db/models/base.py", line 558, in __init__
    _setattr(self, prop, value)
AttributeError: property 'name' of 'Contact' object has no setter

======================================================================
ERROR: test_purchase_order_without_job (tests.test_purchasing_models.PurchaseOrderModelTest.test_purchase_order_without_job)
----------------------------------------------------------------------
Traceback (most recent call last):
  File "/home/alimt/Minibini/tests/test_purchasing_models.py", line 10, in setUp
    self.default_contact = Contact.objects.create(name="Default Contact")
                           ^^^^^^^^^^^^^^^^^^^^^^^^^^^^^^^^^^^^^^^^^^^^^^
  File "/home/alimt/Minibini/venv/lib/python3.12/site-packages/django/db/models/manager.py", line 87, in manager_method
    return getattr(self.get_queryset(), name)(*args, **kwargs)
           ^^^^^^^^^^^^^^^^^^^^^^^^^^^^^^^^^^^^^^^^^^^^^^^^^^^
  File "/home/alimt/Minibini/venv/lib/python3.12/site-packages/django/db/models/query.py", line 661, in create
    obj = self.model(**kwargs)
          ^^^^^^^^^^^^^^^^^^^^
  File "/home/alimt/Minibini/venv/lib/python3.12/site-packages/django/db/models/base.py", line 558, in __init__
    _setattr(self, prop, value)
AttributeError: property 'name' of 'Contact' object has no setter

======================================================================
ERROR: setUpClass (tests.test_purchasing_models_with_fixtures.BillModelFixtureTest)
----------------------------------------------------------------------
Traceback (most recent call last):
  File "/home/alimt/Minibini/venv/lib/python3.12/site-packages/django/core/management/__init__.py", line 194, in call_command
    return command.execute(*args, **defaults)
           ^^^^^^^^^^^^^^^^^^^^^^^^^^^^^^^^^^
  File "/home/alimt/Minibini/venv/lib/python3.12/site-packages/django/core/management/base.py", line 460, in execute
    output = self.handle(*args, **options)
             ^^^^^^^^^^^^^^^^^^^^^^^^^^^^^
  File "/home/alimt/Minibini/venv/lib/python3.12/site-packages/django/core/management/commands/loaddata.py", line 103, in handle
    self.loaddata(fixture_labels)
  File "/home/alimt/Minibini/venv/lib/python3.12/site-packages/django/core/management/commands/loaddata.py", line 156, in loaddata
    if self.find_fixtures(fixture_label):
       ^^^^^^^^^^^^^^^^^^^^^^^^^^^^^^^^^
  File "/home/alimt/Minibini/venv/lib/python3.12/site-packages/django/core/management/commands/loaddata.py", line 351, in find_fixtures
    raise CommandError("No fixture named '%s' found." % fixture_name)
django.core.management.base.CommandError: No fixture named 'core_base_data' found.

======================================================================
ERROR: setUpClass (tests.test_purchasing_models_with_fixtures.PurchaseOrderModelFixtureTest)
----------------------------------------------------------------------
Traceback (most recent call last):
  File "/home/alimt/Minibini/venv/lib/python3.12/site-packages/django/core/management/__init__.py", line 194, in call_command
    return command.execute(*args, **defaults)
           ^^^^^^^^^^^^^^^^^^^^^^^^^^^^^^^^^^
  File "/home/alimt/Minibini/venv/lib/python3.12/site-packages/django/core/management/base.py", line 460, in execute
    output = self.handle(*args, **options)
             ^^^^^^^^^^^^^^^^^^^^^^^^^^^^^
  File "/home/alimt/Minibini/venv/lib/python3.12/site-packages/django/core/management/commands/loaddata.py", line 103, in handle
    self.loaddata(fixture_labels)
  File "/home/alimt/Minibini/venv/lib/python3.12/site-packages/django/core/management/commands/loaddata.py", line 156, in loaddata
    if self.find_fixtures(fixture_label):
       ^^^^^^^^^^^^^^^^^^^^^^^^^^^^^^^^^
  File "/home/alimt/Minibini/venv/lib/python3.12/site-packages/django/core/management/commands/loaddata.py", line 351, in find_fixtures
    raise CommandError("No fixture named '%s' found." % fixture_name)
django.core.management.base.CommandError: No fixture named 'core_base_data' found.

======================================================================
ERROR: test_search_bills_by_vendor_invoice (tests.test_search_function.SearchViewTests.test_search_bills_by_vendor_invoice)
Test searching bills by vendor invoice number
----------------------------------------------------------------------
Traceback (most recent call last):
  File "/home/alimt/Minibini/tests/test_search_function.py", line 25, in setUp
    self.contact1 = Contact.objects.create(
                    ^^^^^^^^^^^^^^^^^^^^^^^
  File "/home/alimt/Minibini/venv/lib/python3.12/site-packages/django/db/models/manager.py", line 87, in manager_method
    return getattr(self.get_queryset(), name)(*args, **kwargs)
           ^^^^^^^^^^^^^^^^^^^^^^^^^^^^^^^^^^^^^^^^^^^^^^^^^^^
  File "/home/alimt/Minibini/venv/lib/python3.12/site-packages/django/db/models/query.py", line 661, in create
    obj = self.model(**kwargs)
          ^^^^^^^^^^^^^^^^^^^^
  File "/home/alimt/Minibini/venv/lib/python3.12/site-packages/django/db/models/base.py", line 558, in __init__
    _setattr(self, prop, value)
AttributeError: property 'name' of 'Contact' object has no setter

======================================================================
ERROR: test_search_businesses_by_name (tests.test_search_function.SearchViewTests.test_search_businesses_by_name)
Test searching businesses by business name
----------------------------------------------------------------------
Traceback (most recent call last):
  File "/home/alimt/Minibini/tests/test_search_function.py", line 25, in setUp
    self.contact1 = Contact.objects.create(
                    ^^^^^^^^^^^^^^^^^^^^^^^
  File "/home/alimt/Minibini/venv/lib/python3.12/site-packages/django/db/models/manager.py", line 87, in manager_method
    return getattr(self.get_queryset(), name)(*args, **kwargs)
           ^^^^^^^^^^^^^^^^^^^^^^^^^^^^^^^^^^^^^^^^^^^^^^^^^^^
  File "/home/alimt/Minibini/venv/lib/python3.12/site-packages/django/db/models/query.py", line 661, in create
    obj = self.model(**kwargs)
          ^^^^^^^^^^^^^^^^^^^^
  File "/home/alimt/Minibini/venv/lib/python3.12/site-packages/django/db/models/base.py", line 558, in __init__
    _setattr(self, prop, value)
AttributeError: property 'name' of 'Contact' object has no setter

======================================================================
ERROR: test_search_businesses_by_reference_code (tests.test_search_function.SearchViewTests.test_search_businesses_by_reference_code)
Test searching businesses by reference code
----------------------------------------------------------------------
Traceback (most recent call last):
  File "/home/alimt/Minibini/tests/test_search_function.py", line 25, in setUp
    self.contact1 = Contact.objects.create(
                    ^^^^^^^^^^^^^^^^^^^^^^^
  File "/home/alimt/Minibini/venv/lib/python3.12/site-packages/django/db/models/manager.py", line 87, in manager_method
    return getattr(self.get_queryset(), name)(*args, **kwargs)
           ^^^^^^^^^^^^^^^^^^^^^^^^^^^^^^^^^^^^^^^^^^^^^^^^^^^
  File "/home/alimt/Minibini/venv/lib/python3.12/site-packages/django/db/models/query.py", line 661, in create
    obj = self.model(**kwargs)
          ^^^^^^^^^^^^^^^^^^^^
  File "/home/alimt/Minibini/venv/lib/python3.12/site-packages/django/db/models/base.py", line 558, in __init__
    _setattr(self, prop, value)
AttributeError: property 'name' of 'Contact' object has no setter

======================================================================
ERROR: test_search_contacts_by_city (tests.test_search_function.SearchViewTests.test_search_contacts_by_city)
Test searching contacts by city
----------------------------------------------------------------------
Traceback (most recent call last):
  File "/home/alimt/Minibini/tests/test_search_function.py", line 25, in setUp
    self.contact1 = Contact.objects.create(
                    ^^^^^^^^^^^^^^^^^^^^^^^
  File "/home/alimt/Minibini/venv/lib/python3.12/site-packages/django/db/models/manager.py", line 87, in manager_method
    return getattr(self.get_queryset(), name)(*args, **kwargs)
           ^^^^^^^^^^^^^^^^^^^^^^^^^^^^^^^^^^^^^^^^^^^^^^^^^^^
  File "/home/alimt/Minibini/venv/lib/python3.12/site-packages/django/db/models/query.py", line 661, in create
    obj = self.model(**kwargs)
          ^^^^^^^^^^^^^^^^^^^^
  File "/home/alimt/Minibini/venv/lib/python3.12/site-packages/django/db/models/base.py", line 558, in __init__
    _setattr(self, prop, value)
AttributeError: property 'name' of 'Contact' object has no setter

======================================================================
ERROR: test_search_contacts_by_email (tests.test_search_function.SearchViewTests.test_search_contacts_by_email)
Test searching contacts by email address
----------------------------------------------------------------------
Traceback (most recent call last):
  File "/home/alimt/Minibini/tests/test_search_function.py", line 25, in setUp
    self.contact1 = Contact.objects.create(
                    ^^^^^^^^^^^^^^^^^^^^^^^
  File "/home/alimt/Minibini/venv/lib/python3.12/site-packages/django/db/models/manager.py", line 87, in manager_method
    return getattr(self.get_queryset(), name)(*args, **kwargs)
           ^^^^^^^^^^^^^^^^^^^^^^^^^^^^^^^^^^^^^^^^^^^^^^^^^^^
  File "/home/alimt/Minibini/venv/lib/python3.12/site-packages/django/db/models/query.py", line 661, in create
    obj = self.model(**kwargs)
          ^^^^^^^^^^^^^^^^^^^^
  File "/home/alimt/Minibini/venv/lib/python3.12/site-packages/django/db/models/base.py", line 558, in __init__
    _setattr(self, prop, value)
AttributeError: property 'name' of 'Contact' object has no setter

======================================================================
ERROR: test_search_contacts_by_name (tests.test_search_function.SearchViewTests.test_search_contacts_by_name)
Test searching contacts by name
----------------------------------------------------------------------
Traceback (most recent call last):
  File "/home/alimt/Minibini/tests/test_search_function.py", line 25, in setUp
    self.contact1 = Contact.objects.create(
                    ^^^^^^^^^^^^^^^^^^^^^^^
  File "/home/alimt/Minibini/venv/lib/python3.12/site-packages/django/db/models/manager.py", line 87, in manager_method
    return getattr(self.get_queryset(), name)(*args, **kwargs)
           ^^^^^^^^^^^^^^^^^^^^^^^^^^^^^^^^^^^^^^^^^^^^^^^^^^^
  File "/home/alimt/Minibini/venv/lib/python3.12/site-packages/django/db/models/query.py", line 661, in create
    obj = self.model(**kwargs)
          ^^^^^^^^^^^^^^^^^^^^
  File "/home/alimt/Minibini/venv/lib/python3.12/site-packages/django/db/models/base.py", line 558, in __init__
    _setattr(self, prop, value)
AttributeError: property 'name' of 'Contact' object has no setter

======================================================================
ERROR: test_search_contacts_by_phone (tests.test_search_function.SearchViewTests.test_search_contacts_by_phone)
Test searching contacts by phone number
----------------------------------------------------------------------
Traceback (most recent call last):
  File "/home/alimt/Minibini/tests/test_search_function.py", line 25, in setUp
    self.contact1 = Contact.objects.create(
                    ^^^^^^^^^^^^^^^^^^^^^^^
  File "/home/alimt/Minibini/venv/lib/python3.12/site-packages/django/db/models/manager.py", line 87, in manager_method
    return getattr(self.get_queryset(), name)(*args, **kwargs)
           ^^^^^^^^^^^^^^^^^^^^^^^^^^^^^^^^^^^^^^^^^^^^^^^^^^^
  File "/home/alimt/Minibini/venv/lib/python3.12/site-packages/django/db/models/query.py", line 661, in create
    obj = self.model(**kwargs)
          ^^^^^^^^^^^^^^^^^^^^
  File "/home/alimt/Minibini/venv/lib/python3.12/site-packages/django/db/models/base.py", line 558, in __init__
    _setattr(self, prop, value)
AttributeError: property 'name' of 'Contact' object has no setter

======================================================================
ERROR: test_search_context_structure (tests.test_search_function.SearchViewTests.test_search_context_structure)
Test that the response context has the correct structure
----------------------------------------------------------------------
Traceback (most recent call last):
  File "/home/alimt/Minibini/tests/test_search_function.py", line 25, in setUp
    self.contact1 = Contact.objects.create(
                    ^^^^^^^^^^^^^^^^^^^^^^^
  File "/home/alimt/Minibini/venv/lib/python3.12/site-packages/django/db/models/manager.py", line 87, in manager_method
    return getattr(self.get_queryset(), name)(*args, **kwargs)
           ^^^^^^^^^^^^^^^^^^^^^^^^^^^^^^^^^^^^^^^^^^^^^^^^^^^
  File "/home/alimt/Minibini/venv/lib/python3.12/site-packages/django/db/models/query.py", line 661, in create
    obj = self.model(**kwargs)
          ^^^^^^^^^^^^^^^^^^^^
  File "/home/alimt/Minibini/venv/lib/python3.12/site-packages/django/db/models/base.py", line 558, in __init__
    _setattr(self, prop, value)
AttributeError: property 'name' of 'Contact' object has no setter

======================================================================
ERROR: test_search_estimates_by_estimate_number (tests.test_search_function.SearchViewTests.test_search_estimates_by_estimate_number)
Test searching estimates by estimate number
----------------------------------------------------------------------
Traceback (most recent call last):
  File "/home/alimt/Minibini/tests/test_search_function.py", line 25, in setUp
    self.contact1 = Contact.objects.create(
                    ^^^^^^^^^^^^^^^^^^^^^^^
  File "/home/alimt/Minibini/venv/lib/python3.12/site-packages/django/db/models/manager.py", line 87, in manager_method
    return getattr(self.get_queryset(), name)(*args, **kwargs)
           ^^^^^^^^^^^^^^^^^^^^^^^^^^^^^^^^^^^^^^^^^^^^^^^^^^^
  File "/home/alimt/Minibini/venv/lib/python3.12/site-packages/django/db/models/query.py", line 661, in create
    obj = self.model(**kwargs)
          ^^^^^^^^^^^^^^^^^^^^
  File "/home/alimt/Minibini/venv/lib/python3.12/site-packages/django/db/models/base.py", line 558, in __init__
    _setattr(self, prop, value)
AttributeError: property 'name' of 'Contact' object has no setter

======================================================================
ERROR: test_search_estimates_by_job_number (tests.test_search_function.SearchViewTests.test_search_estimates_by_job_number)
Test searching estimates by associated job number
----------------------------------------------------------------------
Traceback (most recent call last):
  File "/home/alimt/Minibini/tests/test_search_function.py", line 25, in setUp
    self.contact1 = Contact.objects.create(
                    ^^^^^^^^^^^^^^^^^^^^^^^
  File "/home/alimt/Minibini/venv/lib/python3.12/site-packages/django/db/models/manager.py", line 87, in manager_method
    return getattr(self.get_queryset(), name)(*args, **kwargs)
           ^^^^^^^^^^^^^^^^^^^^^^^^^^^^^^^^^^^^^^^^^^^^^^^^^^^
  File "/home/alimt/Minibini/venv/lib/python3.12/site-packages/django/db/models/query.py", line 661, in create
    obj = self.model(**kwargs)
          ^^^^^^^^^^^^^^^^^^^^
  File "/home/alimt/Minibini/venv/lib/python3.12/site-packages/django/db/models/base.py", line 558, in __init__
    _setattr(self, prop, value)
AttributeError: property 'name' of 'Contact' object has no setter

======================================================================
ERROR: test_search_invoices_by_invoice_number (tests.test_search_function.SearchViewTests.test_search_invoices_by_invoice_number)
Test searching invoices by invoice number
----------------------------------------------------------------------
Traceback (most recent call last):
  File "/home/alimt/Minibini/tests/test_search_function.py", line 25, in setUp
    self.contact1 = Contact.objects.create(
                    ^^^^^^^^^^^^^^^^^^^^^^^
  File "/home/alimt/Minibini/venv/lib/python3.12/site-packages/django/db/models/manager.py", line 87, in manager_method
    return getattr(self.get_queryset(), name)(*args, **kwargs)
           ^^^^^^^^^^^^^^^^^^^^^^^^^^^^^^^^^^^^^^^^^^^^^^^^^^^
  File "/home/alimt/Minibini/venv/lib/python3.12/site-packages/django/db/models/query.py", line 661, in create
    obj = self.model(**kwargs)
          ^^^^^^^^^^^^^^^^^^^^
  File "/home/alimt/Minibini/venv/lib/python3.12/site-packages/django/db/models/base.py", line 558, in __init__
    _setattr(self, prop, value)
AttributeError: property 'name' of 'Contact' object has no setter

======================================================================
ERROR: test_search_jobs_by_customer_po (tests.test_search_function.SearchViewTests.test_search_jobs_by_customer_po)
Test searching jobs by customer PO number
----------------------------------------------------------------------
Traceback (most recent call last):
  File "/home/alimt/Minibini/tests/test_search_function.py", line 25, in setUp
    self.contact1 = Contact.objects.create(
                    ^^^^^^^^^^^^^^^^^^^^^^^
  File "/home/alimt/Minibini/venv/lib/python3.12/site-packages/django/db/models/manager.py", line 87, in manager_method
    return getattr(self.get_queryset(), name)(*args, **kwargs)
           ^^^^^^^^^^^^^^^^^^^^^^^^^^^^^^^^^^^^^^^^^^^^^^^^^^^
  File "/home/alimt/Minibini/venv/lib/python3.12/site-packages/django/db/models/query.py", line 661, in create
    obj = self.model(**kwargs)
          ^^^^^^^^^^^^^^^^^^^^
  File "/home/alimt/Minibini/venv/lib/python3.12/site-packages/django/db/models/base.py", line 558, in __init__
    _setattr(self, prop, value)
AttributeError: property 'name' of 'Contact' object has no setter

======================================================================
ERROR: test_search_jobs_by_description (tests.test_search_function.SearchViewTests.test_search_jobs_by_description)
Test searching jobs by description text
----------------------------------------------------------------------
Traceback (most recent call last):
  File "/home/alimt/Minibini/tests/test_search_function.py", line 25, in setUp
    self.contact1 = Contact.objects.create(
                    ^^^^^^^^^^^^^^^^^^^^^^^
  File "/home/alimt/Minibini/venv/lib/python3.12/site-packages/django/db/models/manager.py", line 87, in manager_method
    return getattr(self.get_queryset(), name)(*args, **kwargs)
           ^^^^^^^^^^^^^^^^^^^^^^^^^^^^^^^^^^^^^^^^^^^^^^^^^^^
  File "/home/alimt/Minibini/venv/lib/python3.12/site-packages/django/db/models/query.py", line 661, in create
    obj = self.model(**kwargs)
          ^^^^^^^^^^^^^^^^^^^^
  File "/home/alimt/Minibini/venv/lib/python3.12/site-packages/django/db/models/base.py", line 558, in __init__
    _setattr(self, prop, value)
AttributeError: property 'name' of 'Contact' object has no setter

======================================================================
ERROR: test_search_jobs_by_job_number (tests.test_search_function.SearchViewTests.test_search_jobs_by_job_number)
Test searching jobs by job number
----------------------------------------------------------------------
Traceback (most recent call last):
  File "/home/alimt/Minibini/tests/test_search_function.py", line 25, in setUp
    self.contact1 = Contact.objects.create(
                    ^^^^^^^^^^^^^^^^^^^^^^^
  File "/home/alimt/Minibini/venv/lib/python3.12/site-packages/django/db/models/manager.py", line 87, in manager_method
    return getattr(self.get_queryset(), name)(*args, **kwargs)
           ^^^^^^^^^^^^^^^^^^^^^^^^^^^^^^^^^^^^^^^^^^^^^^^^^^^
  File "/home/alimt/Minibini/venv/lib/python3.12/site-packages/django/db/models/query.py", line 661, in create
    obj = self.model(**kwargs)
          ^^^^^^^^^^^^^^^^^^^^
  File "/home/alimt/Minibini/venv/lib/python3.12/site-packages/django/db/models/base.py", line 558, in __init__
    _setattr(self, prop, value)
AttributeError: property 'name' of 'Contact' object has no setter

======================================================================
ERROR: test_search_jobs_case_insensitive (tests.test_search_function.SearchViewTests.test_search_jobs_case_insensitive)
Test that job search is case-insensitive
----------------------------------------------------------------------
Traceback (most recent call last):
  File "/home/alimt/Minibini/tests/test_search_function.py", line 25, in setUp
    self.contact1 = Contact.objects.create(
                    ^^^^^^^^^^^^^^^^^^^^^^^
  File "/home/alimt/Minibini/venv/lib/python3.12/site-packages/django/db/models/manager.py", line 87, in manager_method
    return getattr(self.get_queryset(), name)(*args, **kwargs)
           ^^^^^^^^^^^^^^^^^^^^^^^^^^^^^^^^^^^^^^^^^^^^^^^^^^^
  File "/home/alimt/Minibini/venv/lib/python3.12/site-packages/django/db/models/query.py", line 661, in create
    obj = self.model(**kwargs)
          ^^^^^^^^^^^^^^^^^^^^
  File "/home/alimt/Minibini/venv/lib/python3.12/site-packages/django/db/models/base.py", line 558, in __init__
    _setattr(self, prop, value)
AttributeError: property 'name' of 'Contact' object has no setter

======================================================================
ERROR: test_search_multiple_results_across_models (tests.test_search_function.SearchViewTests.test_search_multiple_results_across_models)
Test search that returns results from multiple model types
----------------------------------------------------------------------
Traceback (most recent call last):
  File "/home/alimt/Minibini/tests/test_search_function.py", line 25, in setUp
    self.contact1 = Contact.objects.create(
                    ^^^^^^^^^^^^^^^^^^^^^^^
  File "/home/alimt/Minibini/venv/lib/python3.12/site-packages/django/db/models/manager.py", line 87, in manager_method
    return getattr(self.get_queryset(), name)(*args, **kwargs)
           ^^^^^^^^^^^^^^^^^^^^^^^^^^^^^^^^^^^^^^^^^^^^^^^^^^^
  File "/home/alimt/Minibini/venv/lib/python3.12/site-packages/django/db/models/query.py", line 661, in create
    obj = self.model(**kwargs)
          ^^^^^^^^^^^^^^^^^^^^
  File "/home/alimt/Minibini/venv/lib/python3.12/site-packages/django/db/models/base.py", line 558, in __init__
    _setattr(self, prop, value)
AttributeError: property 'name' of 'Contact' object has no setter

======================================================================
ERROR: test_search_no_results (tests.test_search_function.SearchViewTests.test_search_no_results)
Test search with query that has no matches
----------------------------------------------------------------------
Traceback (most recent call last):
  File "/home/alimt/Minibini/tests/test_search_function.py", line 25, in setUp
    self.contact1 = Contact.objects.create(
                    ^^^^^^^^^^^^^^^^^^^^^^^
  File "/home/alimt/Minibini/venv/lib/python3.12/site-packages/django/db/models/manager.py", line 87, in manager_method
    return getattr(self.get_queryset(), name)(*args, **kwargs)
           ^^^^^^^^^^^^^^^^^^^^^^^^^^^^^^^^^^^^^^^^^^^^^^^^^^^
  File "/home/alimt/Minibini/venv/lib/python3.12/site-packages/django/db/models/query.py", line 661, in create
    obj = self.model(**kwargs)
          ^^^^^^^^^^^^^^^^^^^^
  File "/home/alimt/Minibini/venv/lib/python3.12/site-packages/django/db/models/base.py", line 558, in __init__
    _setattr(self, prop, value)
AttributeError: property 'name' of 'Contact' object has no setter

======================================================================
ERROR: test_search_numeric_query (tests.test_search_function.SearchViewTests.test_search_numeric_query)
Test searching with numeric values
----------------------------------------------------------------------
Traceback (most recent call last):
  File "/home/alimt/Minibini/tests/test_search_function.py", line 25, in setUp
    self.contact1 = Contact.objects.create(
                    ^^^^^^^^^^^^^^^^^^^^^^^
  File "/home/alimt/Minibini/venv/lib/python3.12/site-packages/django/db/models/manager.py", line 87, in manager_method
    return getattr(self.get_queryset(), name)(*args, **kwargs)
           ^^^^^^^^^^^^^^^^^^^^^^^^^^^^^^^^^^^^^^^^^^^^^^^^^^^
  File "/home/alimt/Minibini/venv/lib/python3.12/site-packages/django/db/models/query.py", line 661, in create
    obj = self.model(**kwargs)
          ^^^^^^^^^^^^^^^^^^^^
  File "/home/alimt/Minibini/venv/lib/python3.12/site-packages/django/db/models/base.py", line 558, in __init__
    _setattr(self, prop, value)
AttributeError: property 'name' of 'Contact' object has no setter

======================================================================
ERROR: test_search_partial_match (tests.test_search_function.SearchViewTests.test_search_partial_match)
Test that partial matches work correctly
----------------------------------------------------------------------
Traceback (most recent call last):
  File "/home/alimt/Minibini/tests/test_search_function.py", line 25, in setUp
    self.contact1 = Contact.objects.create(
                    ^^^^^^^^^^^^^^^^^^^^^^^
  File "/home/alimt/Minibini/venv/lib/python3.12/site-packages/django/db/models/manager.py", line 87, in manager_method
    return getattr(self.get_queryset(), name)(*args, **kwargs)
           ^^^^^^^^^^^^^^^^^^^^^^^^^^^^^^^^^^^^^^^^^^^^^^^^^^^
  File "/home/alimt/Minibini/venv/lib/python3.12/site-packages/django/db/models/query.py", line 661, in create
    obj = self.model(**kwargs)
          ^^^^^^^^^^^^^^^^^^^^
  File "/home/alimt/Minibini/venv/lib/python3.12/site-packages/django/db/models/base.py", line 558, in __init__
    _setattr(self, prop, value)
AttributeError: property 'name' of 'Contact' object has no setter

======================================================================
ERROR: test_search_price_list_items_by_code (tests.test_search_function.SearchViewTests.test_search_price_list_items_by_code)
Test searching price list items by item code
----------------------------------------------------------------------
Traceback (most recent call last):
  File "/home/alimt/Minibini/tests/test_search_function.py", line 25, in setUp
    self.contact1 = Contact.objects.create(
                    ^^^^^^^^^^^^^^^^^^^^^^^
  File "/home/alimt/Minibini/venv/lib/python3.12/site-packages/django/db/models/manager.py", line 87, in manager_method
    return getattr(self.get_queryset(), name)(*args, **kwargs)
           ^^^^^^^^^^^^^^^^^^^^^^^^^^^^^^^^^^^^^^^^^^^^^^^^^^^
  File "/home/alimt/Minibini/venv/lib/python3.12/site-packages/django/db/models/query.py", line 661, in create
    obj = self.model(**kwargs)
          ^^^^^^^^^^^^^^^^^^^^
  File "/home/alimt/Minibini/venv/lib/python3.12/site-packages/django/db/models/base.py", line 558, in __init__
    _setattr(self, prop, value)
AttributeError: property 'name' of 'Contact' object has no setter

======================================================================
ERROR: test_search_price_list_items_by_description (tests.test_search_function.SearchViewTests.test_search_price_list_items_by_description)
Test searching price list items by description
----------------------------------------------------------------------
Traceback (most recent call last):
  File "/home/alimt/Minibini/tests/test_search_function.py", line 25, in setUp
    self.contact1 = Contact.objects.create(
                    ^^^^^^^^^^^^^^^^^^^^^^^
  File "/home/alimt/Minibini/venv/lib/python3.12/site-packages/django/db/models/manager.py", line 87, in manager_method
    return getattr(self.get_queryset(), name)(*args, **kwargs)
           ^^^^^^^^^^^^^^^^^^^^^^^^^^^^^^^^^^^^^^^^^^^^^^^^^^^
  File "/home/alimt/Minibini/venv/lib/python3.12/site-packages/django/db/models/query.py", line 661, in create
    obj = self.model(**kwargs)
          ^^^^^^^^^^^^^^^^^^^^
  File "/home/alimt/Minibini/venv/lib/python3.12/site-packages/django/db/models/base.py", line 558, in __init__
    _setattr(self, prop, value)
AttributeError: property 'name' of 'Contact' object has no setter

======================================================================
ERROR: test_search_purchase_orders_by_po_number (tests.test_search_function.SearchViewTests.test_search_purchase_orders_by_po_number)
Test searching purchase orders by PO number
----------------------------------------------------------------------
Traceback (most recent call last):
  File "/home/alimt/Minibini/tests/test_search_function.py", line 25, in setUp
    self.contact1 = Contact.objects.create(
                    ^^^^^^^^^^^^^^^^^^^^^^^
  File "/home/alimt/Minibini/venv/lib/python3.12/site-packages/django/db/models/manager.py", line 87, in manager_method
    return getattr(self.get_queryset(), name)(*args, **kwargs)
           ^^^^^^^^^^^^^^^^^^^^^^^^^^^^^^^^^^^^^^^^^^^^^^^^^^^
  File "/home/alimt/Minibini/venv/lib/python3.12/site-packages/django/db/models/query.py", line 661, in create
    obj = self.model(**kwargs)
          ^^^^^^^^^^^^^^^^^^^^
  File "/home/alimt/Minibini/venv/lib/python3.12/site-packages/django/db/models/base.py", line 558, in __init__
    _setattr(self, prop, value)
AttributeError: property 'name' of 'Contact' object has no setter

======================================================================
ERROR: test_search_special_characters (tests.test_search_function.SearchViewTests.test_search_special_characters)
Test searching with special characters like hyphens
----------------------------------------------------------------------
Traceback (most recent call last):
  File "/home/alimt/Minibini/tests/test_search_function.py", line 25, in setUp
    self.contact1 = Contact.objects.create(
                    ^^^^^^^^^^^^^^^^^^^^^^^
  File "/home/alimt/Minibini/venv/lib/python3.12/site-packages/django/db/models/manager.py", line 87, in manager_method
    return getattr(self.get_queryset(), name)(*args, **kwargs)
           ^^^^^^^^^^^^^^^^^^^^^^^^^^^^^^^^^^^^^^^^^^^^^^^^^^^
  File "/home/alimt/Minibini/venv/lib/python3.12/site-packages/django/db/models/query.py", line 661, in create
    obj = self.model(**kwargs)
          ^^^^^^^^^^^^^^^^^^^^
  File "/home/alimt/Minibini/venv/lib/python3.12/site-packages/django/db/models/base.py", line 558, in __init__
    _setattr(self, prop, value)
AttributeError: property 'name' of 'Contact' object has no setter

======================================================================
ERROR: test_search_tasks_by_name (tests.test_search_function.SearchViewTests.test_search_tasks_by_name)
Test searching tasks by task name
----------------------------------------------------------------------
Traceback (most recent call last):
  File "/home/alimt/Minibini/tests/test_search_function.py", line 25, in setUp
    self.contact1 = Contact.objects.create(
                    ^^^^^^^^^^^^^^^^^^^^^^^
  File "/home/alimt/Minibini/venv/lib/python3.12/site-packages/django/db/models/manager.py", line 87, in manager_method
    return getattr(self.get_queryset(), name)(*args, **kwargs)
           ^^^^^^^^^^^^^^^^^^^^^^^^^^^^^^^^^^^^^^^^^^^^^^^^^^^
  File "/home/alimt/Minibini/venv/lib/python3.12/site-packages/django/db/models/query.py", line 661, in create
    obj = self.model(**kwargs)
          ^^^^^^^^^^^^^^^^^^^^
  File "/home/alimt/Minibini/venv/lib/python3.12/site-packages/django/db/models/base.py", line 558, in __init__
    _setattr(self, prop, value)
AttributeError: property 'name' of 'Contact' object has no setter

======================================================================
ERROR: test_search_tasks_by_units (tests.test_search_function.SearchViewTests.test_search_tasks_by_units)
Test searching tasks by units
----------------------------------------------------------------------
Traceback (most recent call last):
  File "/home/alimt/Minibini/tests/test_search_function.py", line 25, in setUp
    self.contact1 = Contact.objects.create(
                    ^^^^^^^^^^^^^^^^^^^^^^^
  File "/home/alimt/Minibini/venv/lib/python3.12/site-packages/django/db/models/manager.py", line 87, in manager_method
    return getattr(self.get_queryset(), name)(*args, **kwargs)
           ^^^^^^^^^^^^^^^^^^^^^^^^^^^^^^^^^^^^^^^^^^^^^^^^^^^
  File "/home/alimt/Minibini/venv/lib/python3.12/site-packages/django/db/models/query.py", line 661, in create
    obj = self.model(**kwargs)
          ^^^^^^^^^^^^^^^^^^^^
  File "/home/alimt/Minibini/venv/lib/python3.12/site-packages/django/db/models/base.py", line 558, in __init__
    _setattr(self, prop, value)
AttributeError: property 'name' of 'Contact' object has no setter

======================================================================
ERROR: test_search_template_used (tests.test_search_function.SearchViewTests.test_search_template_used)
Test that the correct template is used
----------------------------------------------------------------------
Traceback (most recent call last):
  File "/home/alimt/Minibini/tests/test_search_function.py", line 25, in setUp
    self.contact1 = Contact.objects.create(
                    ^^^^^^^^^^^^^^^^^^^^^^^
  File "/home/alimt/Minibini/venv/lib/python3.12/site-packages/django/db/models/manager.py", line 87, in manager_method
    return getattr(self.get_queryset(), name)(*args, **kwargs)
           ^^^^^^^^^^^^^^^^^^^^^^^^^^^^^^^^^^^^^^^^^^^^^^^^^^^
  File "/home/alimt/Minibini/venv/lib/python3.12/site-packages/django/db/models/query.py", line 661, in create
    obj = self.model(**kwargs)
          ^^^^^^^^^^^^^^^^^^^^
  File "/home/alimt/Minibini/venv/lib/python3.12/site-packages/django/db/models/base.py", line 558, in __init__
    _setattr(self, prop, value)
AttributeError: property 'name' of 'Contact' object has no setter

======================================================================
ERROR: test_search_total_count_accuracy (tests.test_search_function.SearchViewTests.test_search_total_count_accuracy)
Test that total_count accurately reflects number of results
----------------------------------------------------------------------
Traceback (most recent call last):
  File "/home/alimt/Minibini/tests/test_search_function.py", line 25, in setUp
    self.contact1 = Contact.objects.create(
                    ^^^^^^^^^^^^^^^^^^^^^^^
  File "/home/alimt/Minibini/venv/lib/python3.12/site-packages/django/db/models/manager.py", line 87, in manager_method
    return getattr(self.get_queryset(), name)(*args, **kwargs)
           ^^^^^^^^^^^^^^^^^^^^^^^^^^^^^^^^^^^^^^^^^^^^^^^^^^^
  File "/home/alimt/Minibini/venv/lib/python3.12/site-packages/django/db/models/query.py", line 661, in create
    obj = self.model(**kwargs)
          ^^^^^^^^^^^^^^^^^^^^
  File "/home/alimt/Minibini/venv/lib/python3.12/site-packages/django/db/models/base.py", line 558, in __init__
    _setattr(self, prop, value)
AttributeError: property 'name' of 'Contact' object has no setter

======================================================================
ERROR: test_search_url_resolves (tests.test_search_function.SearchViewTests.test_search_url_resolves)
Test that the search URL resolves correctly
----------------------------------------------------------------------
Traceback (most recent call last):
  File "/home/alimt/Minibini/tests/test_search_function.py", line 25, in setUp
    self.contact1 = Contact.objects.create(
                    ^^^^^^^^^^^^^^^^^^^^^^^
  File "/home/alimt/Minibini/venv/lib/python3.12/site-packages/django/db/models/manager.py", line 87, in manager_method
    return getattr(self.get_queryset(), name)(*args, **kwargs)
           ^^^^^^^^^^^^^^^^^^^^^^^^^^^^^^^^^^^^^^^^^^^^^^^^^^^
  File "/home/alimt/Minibini/venv/lib/python3.12/site-packages/django/db/models/query.py", line 661, in create
    obj = self.model(**kwargs)
          ^^^^^^^^^^^^^^^^^^^^
  File "/home/alimt/Minibini/venv/lib/python3.12/site-packages/django/db/models/base.py", line 558, in __init__
    _setattr(self, prop, value)
AttributeError: property 'name' of 'Contact' object has no setter

======================================================================
ERROR: test_search_view_returns_200 (tests.test_search_function.SearchViewTests.test_search_view_returns_200)
Test that search view returns successful response
----------------------------------------------------------------------
Traceback (most recent call last):
  File "/home/alimt/Minibini/tests/test_search_function.py", line 25, in setUp
    self.contact1 = Contact.objects.create(
                    ^^^^^^^^^^^^^^^^^^^^^^^
  File "/home/alimt/Minibini/venv/lib/python3.12/site-packages/django/db/models/manager.py", line 87, in manager_method
    return getattr(self.get_queryset(), name)(*args, **kwargs)
           ^^^^^^^^^^^^^^^^^^^^^^^^^^^^^^^^^^^^^^^^^^^^^^^^^^^
  File "/home/alimt/Minibini/venv/lib/python3.12/site-packages/django/db/models/query.py", line 661, in create
    obj = self.model(**kwargs)
          ^^^^^^^^^^^^^^^^^^^^
  File "/home/alimt/Minibini/venv/lib/python3.12/site-packages/django/db/models/base.py", line 558, in __init__
    _setattr(self, prop, value)
AttributeError: property 'name' of 'Contact' object has no setter

======================================================================
ERROR: test_search_whitespace_handling (tests.test_search_function.SearchViewTests.test_search_whitespace_handling)
Test that leading/trailing whitespace is handled properly
----------------------------------------------------------------------
Traceback (most recent call last):
  File "/home/alimt/Minibini/tests/test_search_function.py", line 25, in setUp
    self.contact1 = Contact.objects.create(
                    ^^^^^^^^^^^^^^^^^^^^^^^
  File "/home/alimt/Minibini/venv/lib/python3.12/site-packages/django/db/models/manager.py", line 87, in manager_method
    return getattr(self.get_queryset(), name)(*args, **kwargs)
           ^^^^^^^^^^^^^^^^^^^^^^^^^^^^^^^^^^^^^^^^^^^^^^^^^^^
  File "/home/alimt/Minibini/venv/lib/python3.12/site-packages/django/db/models/query.py", line 661, in create
    obj = self.model(**kwargs)
          ^^^^^^^^^^^^^^^^^^^^
  File "/home/alimt/Minibini/venv/lib/python3.12/site-packages/django/db/models/base.py", line 558, in __init__
    _setattr(self, prop, value)
AttributeError: property 'name' of 'Contact' object has no setter

======================================================================
ERROR: test_search_with_empty_query (tests.test_search_function.SearchViewTests.test_search_with_empty_query)
Test search with no query returns empty results
----------------------------------------------------------------------
Traceback (most recent call last):
  File "/home/alimt/Minibini/tests/test_search_function.py", line 25, in setUp
    self.contact1 = Contact.objects.create(
                    ^^^^^^^^^^^^^^^^^^^^^^^
  File "/home/alimt/Minibini/venv/lib/python3.12/site-packages/django/db/models/manager.py", line 87, in manager_method
    return getattr(self.get_queryset(), name)(*args, **kwargs)
           ^^^^^^^^^^^^^^^^^^^^^^^^^^^^^^^^^^^^^^^^^^^^^^^^^^^
  File "/home/alimt/Minibini/venv/lib/python3.12/site-packages/django/db/models/query.py", line 661, in create
    obj = self.model(**kwargs)
          ^^^^^^^^^^^^^^^^^^^^
  File "/home/alimt/Minibini/venv/lib/python3.12/site-packages/django/db/models/base.py", line 558, in __init__
    _setattr(self, prop, value)
AttributeError: property 'name' of 'Contact' object has no setter

======================================================================
ERROR: test_accepted_to_any_invalid (tests.test_state_transitions.EstimateStateTransitionTest.test_accepted_to_any_invalid)
Test that Accepted is a terminal state.
----------------------------------------------------------------------
Traceback (most recent call last):
  File "/home/alimt/Minibini/tests/test_state_transitions.py", line 448, in setUp
    self.contact = Contact.objects.create(name="Test Customer")
                   ^^^^^^^^^^^^^^^^^^^^^^^^^^^^^^^^^^^^^^^^^^^^
  File "/home/alimt/Minibini/venv/lib/python3.12/site-packages/django/db/models/manager.py", line 87, in manager_method
    return getattr(self.get_queryset(), name)(*args, **kwargs)
           ^^^^^^^^^^^^^^^^^^^^^^^^^^^^^^^^^^^^^^^^^^^^^^^^^^^
  File "/home/alimt/Minibini/venv/lib/python3.12/site-packages/django/db/models/query.py", line 661, in create
    obj = self.model(**kwargs)
          ^^^^^^^^^^^^^^^^^^^^
  File "/home/alimt/Minibini/venv/lib/python3.12/site-packages/django/db/models/base.py", line 558, in __init__
    _setattr(self, prop, value)
AttributeError: property 'name' of 'Contact' object has no setter

======================================================================
ERROR: test_closed_date_immutable (tests.test_state_transitions.EstimateStateTransitionTest.test_closed_date_immutable)
Test that closed_date cannot be changed once set.
----------------------------------------------------------------------
Traceback (most recent call last):
  File "/home/alimt/Minibini/tests/test_state_transitions.py", line 448, in setUp
    self.contact = Contact.objects.create(name="Test Customer")
                   ^^^^^^^^^^^^^^^^^^^^^^^^^^^^^^^^^^^^^^^^^^^^
  File "/home/alimt/Minibini/venv/lib/python3.12/site-packages/django/db/models/manager.py", line 87, in manager_method
    return getattr(self.get_queryset(), name)(*args, **kwargs)
           ^^^^^^^^^^^^^^^^^^^^^^^^^^^^^^^^^^^^^^^^^^^^^^^^^^^
  File "/home/alimt/Minibini/venv/lib/python3.12/site-packages/django/db/models/query.py", line 661, in create
    obj = self.model(**kwargs)
          ^^^^^^^^^^^^^^^^^^^^
  File "/home/alimt/Minibini/venv/lib/python3.12/site-packages/django/db/models/base.py", line 558, in __init__
    _setattr(self, prop, value)
AttributeError: property 'name' of 'Contact' object has no setter

======================================================================
ERROR: test_closed_date_set_when_accepted (tests.test_state_transitions.EstimateStateTransitionTest.test_closed_date_set_when_accepted)
Test that closed_date is set when transitioning to Accepted.
----------------------------------------------------------------------
Traceback (most recent call last):
  File "/home/alimt/Minibini/tests/test_state_transitions.py", line 448, in setUp
    self.contact = Contact.objects.create(name="Test Customer")
                   ^^^^^^^^^^^^^^^^^^^^^^^^^^^^^^^^^^^^^^^^^^^^
  File "/home/alimt/Minibini/venv/lib/python3.12/site-packages/django/db/models/manager.py", line 87, in manager_method
    return getattr(self.get_queryset(), name)(*args, **kwargs)
           ^^^^^^^^^^^^^^^^^^^^^^^^^^^^^^^^^^^^^^^^^^^^^^^^^^^
  File "/home/alimt/Minibini/venv/lib/python3.12/site-packages/django/db/models/query.py", line 661, in create
    obj = self.model(**kwargs)
          ^^^^^^^^^^^^^^^^^^^^
  File "/home/alimt/Minibini/venv/lib/python3.12/site-packages/django/db/models/base.py", line 558, in __init__
    _setattr(self, prop, value)
AttributeError: property 'name' of 'Contact' object has no setter

======================================================================
ERROR: test_closed_date_set_when_expired (tests.test_state_transitions.EstimateStateTransitionTest.test_closed_date_set_when_expired)
Test that closed_date is set when transitioning to Expired.
----------------------------------------------------------------------
Traceback (most recent call last):
  File "/home/alimt/Minibini/tests/test_state_transitions.py", line 448, in setUp
    self.contact = Contact.objects.create(name="Test Customer")
                   ^^^^^^^^^^^^^^^^^^^^^^^^^^^^^^^^^^^^^^^^^^^^
  File "/home/alimt/Minibini/venv/lib/python3.12/site-packages/django/db/models/manager.py", line 87, in manager_method
    return getattr(self.get_queryset(), name)(*args, **kwargs)
           ^^^^^^^^^^^^^^^^^^^^^^^^^^^^^^^^^^^^^^^^^^^^^^^^^^^
  File "/home/alimt/Minibini/venv/lib/python3.12/site-packages/django/db/models/query.py", line 661, in create
    obj = self.model(**kwargs)
          ^^^^^^^^^^^^^^^^^^^^
  File "/home/alimt/Minibini/venv/lib/python3.12/site-packages/django/db/models/base.py", line 558, in __init__
    _setattr(self, prop, value)
AttributeError: property 'name' of 'Contact' object has no setter

======================================================================
ERROR: test_closed_date_set_when_rejected (tests.test_state_transitions.EstimateStateTransitionTest.test_closed_date_set_when_rejected)
Test that closed_date is set when transitioning to Rejected.
----------------------------------------------------------------------
Traceback (most recent call last):
  File "/home/alimt/Minibini/tests/test_state_transitions.py", line 448, in setUp
    self.contact = Contact.objects.create(name="Test Customer")
                   ^^^^^^^^^^^^^^^^^^^^^^^^^^^^^^^^^^^^^^^^^^^^
  File "/home/alimt/Minibini/venv/lib/python3.12/site-packages/django/db/models/manager.py", line 87, in manager_method
    return getattr(self.get_queryset(), name)(*args, **kwargs)
           ^^^^^^^^^^^^^^^^^^^^^^^^^^^^^^^^^^^^^^^^^^^^^^^^^^^
  File "/home/alimt/Minibini/venv/lib/python3.12/site-packages/django/db/models/query.py", line 661, in create
    obj = self.model(**kwargs)
          ^^^^^^^^^^^^^^^^^^^^
  File "/home/alimt/Minibini/venv/lib/python3.12/site-packages/django/db/models/base.py", line 558, in __init__
    _setattr(self, prop, value)
AttributeError: property 'name' of 'Contact' object has no setter

======================================================================
ERROR: test_closed_date_set_when_superseded (tests.test_state_transitions.EstimateStateTransitionTest.test_closed_date_set_when_superseded)
Test that closed_date is set when transitioning to Superseded.
----------------------------------------------------------------------
Traceback (most recent call last):
  File "/home/alimt/Minibini/tests/test_state_transitions.py", line 448, in setUp
    self.contact = Contact.objects.create(name="Test Customer")
                   ^^^^^^^^^^^^^^^^^^^^^^^^^^^^^^^^^^^^^^^^^^^^
  File "/home/alimt/Minibini/venv/lib/python3.12/site-packages/django/db/models/manager.py", line 87, in manager_method
    return getattr(self.get_queryset(), name)(*args, **kwargs)
           ^^^^^^^^^^^^^^^^^^^^^^^^^^^^^^^^^^^^^^^^^^^^^^^^^^^
  File "/home/alimt/Minibini/venv/lib/python3.12/site-packages/django/db/models/query.py", line 661, in create
    obj = self.model(**kwargs)
          ^^^^^^^^^^^^^^^^^^^^
  File "/home/alimt/Minibini/venv/lib/python3.12/site-packages/django/db/models/base.py", line 558, in __init__
    _setattr(self, prop, value)
AttributeError: property 'name' of 'Contact' object has no setter

======================================================================
ERROR: test_created_date_immutable (tests.test_state_transitions.EstimateStateTransitionTest.test_created_date_immutable)
Test that created_date cannot be changed after creation.
----------------------------------------------------------------------
Traceback (most recent call last):
  File "/home/alimt/Minibini/tests/test_state_transitions.py", line 448, in setUp
    self.contact = Contact.objects.create(name="Test Customer")
                   ^^^^^^^^^^^^^^^^^^^^^^^^^^^^^^^^^^^^^^^^^^^^
  File "/home/alimt/Minibini/venv/lib/python3.12/site-packages/django/db/models/manager.py", line 87, in manager_method
    return getattr(self.get_queryset(), name)(*args, **kwargs)
           ^^^^^^^^^^^^^^^^^^^^^^^^^^^^^^^^^^^^^^^^^^^^^^^^^^^
  File "/home/alimt/Minibini/venv/lib/python3.12/site-packages/django/db/models/query.py", line 661, in create
    obj = self.model(**kwargs)
          ^^^^^^^^^^^^^^^^^^^^
  File "/home/alimt/Minibini/venv/lib/python3.12/site-packages/django/db/models/base.py", line 558, in __init__
    _setattr(self, prop, value)
AttributeError: property 'name' of 'Contact' object has no setter

======================================================================
ERROR: test_created_date_set_on_creation (tests.test_state_transitions.EstimateStateTransitionTest.test_created_date_set_on_creation)
Test that created_date is set when Estimate is created.
----------------------------------------------------------------------
Traceback (most recent call last):
  File "/home/alimt/Minibini/tests/test_state_transitions.py", line 448, in setUp
    self.contact = Contact.objects.create(name="Test Customer")
                   ^^^^^^^^^^^^^^^^^^^^^^^^^^^^^^^^^^^^^^^^^^^^
  File "/home/alimt/Minibini/venv/lib/python3.12/site-packages/django/db/models/manager.py", line 87, in manager_method
    return getattr(self.get_queryset(), name)(*args, **kwargs)
           ^^^^^^^^^^^^^^^^^^^^^^^^^^^^^^^^^^^^^^^^^^^^^^^^^^^
  File "/home/alimt/Minibini/venv/lib/python3.12/site-packages/django/db/models/query.py", line 661, in create
    obj = self.model(**kwargs)
          ^^^^^^^^^^^^^^^^^^^^
  File "/home/alimt/Minibini/venv/lib/python3.12/site-packages/django/db/models/base.py", line 558, in __init__
    _setattr(self, prop, value)
AttributeError: property 'name' of 'Contact' object has no setter

======================================================================
ERROR: test_draft_to_accepted_invalid (tests.test_state_transitions.EstimateStateTransitionTest.test_draft_to_accepted_invalid)
Test that Draft cannot transition directly to Accepted.
----------------------------------------------------------------------
Traceback (most recent call last):
  File "/home/alimt/Minibini/tests/test_state_transitions.py", line 448, in setUp
    self.contact = Contact.objects.create(name="Test Customer")
                   ^^^^^^^^^^^^^^^^^^^^^^^^^^^^^^^^^^^^^^^^^^^^
  File "/home/alimt/Minibini/venv/lib/python3.12/site-packages/django/db/models/manager.py", line 87, in manager_method
    return getattr(self.get_queryset(), name)(*args, **kwargs)
           ^^^^^^^^^^^^^^^^^^^^^^^^^^^^^^^^^^^^^^^^^^^^^^^^^^^
  File "/home/alimt/Minibini/venv/lib/python3.12/site-packages/django/db/models/query.py", line 661, in create
    obj = self.model(**kwargs)
          ^^^^^^^^^^^^^^^^^^^^
  File "/home/alimt/Minibini/venv/lib/python3.12/site-packages/django/db/models/base.py", line 558, in __init__
    _setattr(self, prop, value)
AttributeError: property 'name' of 'Contact' object has no setter

======================================================================
ERROR: test_draft_to_expired_invalid (tests.test_state_transitions.EstimateStateTransitionTest.test_draft_to_expired_invalid)
Test that Draft cannot transition directly to Expired.
----------------------------------------------------------------------
Traceback (most recent call last):
  File "/home/alimt/Minibini/tests/test_state_transitions.py", line 448, in setUp
    self.contact = Contact.objects.create(name="Test Customer")
                   ^^^^^^^^^^^^^^^^^^^^^^^^^^^^^^^^^^^^^^^^^^^^
  File "/home/alimt/Minibini/venv/lib/python3.12/site-packages/django/db/models/manager.py", line 87, in manager_method
    return getattr(self.get_queryset(), name)(*args, **kwargs)
           ^^^^^^^^^^^^^^^^^^^^^^^^^^^^^^^^^^^^^^^^^^^^^^^^^^^
  File "/home/alimt/Minibini/venv/lib/python3.12/site-packages/django/db/models/query.py", line 661, in create
    obj = self.model(**kwargs)
          ^^^^^^^^^^^^^^^^^^^^
  File "/home/alimt/Minibini/venv/lib/python3.12/site-packages/django/db/models/base.py", line 558, in __init__
    _setattr(self, prop, value)
AttributeError: property 'name' of 'Contact' object has no setter

======================================================================
ERROR: test_draft_to_open (tests.test_state_transitions.EstimateStateTransitionTest.test_draft_to_open)
Test Draft > Open transition.
----------------------------------------------------------------------
Traceback (most recent call last):
  File "/home/alimt/Minibini/tests/test_state_transitions.py", line 448, in setUp
    self.contact = Contact.objects.create(name="Test Customer")
                   ^^^^^^^^^^^^^^^^^^^^^^^^^^^^^^^^^^^^^^^^^^^^
  File "/home/alimt/Minibini/venv/lib/python3.12/site-packages/django/db/models/manager.py", line 87, in manager_method
    return getattr(self.get_queryset(), name)(*args, **kwargs)
           ^^^^^^^^^^^^^^^^^^^^^^^^^^^^^^^^^^^^^^^^^^^^^^^^^^^
  File "/home/alimt/Minibini/venv/lib/python3.12/site-packages/django/db/models/query.py", line 661, in create
    obj = self.model(**kwargs)
          ^^^^^^^^^^^^^^^^^^^^
  File "/home/alimt/Minibini/venv/lib/python3.12/site-packages/django/db/models/base.py", line 558, in __init__
    _setattr(self, prop, value)
AttributeError: property 'name' of 'Contact' object has no setter

======================================================================
ERROR: test_draft_to_rejected (tests.test_state_transitions.EstimateStateTransitionTest.test_draft_to_rejected)
Test Draft > Rejected transition.
----------------------------------------------------------------------
Traceback (most recent call last):
  File "/home/alimt/Minibini/tests/test_state_transitions.py", line 448, in setUp
    self.contact = Contact.objects.create(name="Test Customer")
                   ^^^^^^^^^^^^^^^^^^^^^^^^^^^^^^^^^^^^^^^^^^^^
  File "/home/alimt/Minibini/venv/lib/python3.12/site-packages/django/db/models/manager.py", line 87, in manager_method
    return getattr(self.get_queryset(), name)(*args, **kwargs)
           ^^^^^^^^^^^^^^^^^^^^^^^^^^^^^^^^^^^^^^^^^^^^^^^^^^^
  File "/home/alimt/Minibini/venv/lib/python3.12/site-packages/django/db/models/query.py", line 661, in create
    obj = self.model(**kwargs)
          ^^^^^^^^^^^^^^^^^^^^
  File "/home/alimt/Minibini/venv/lib/python3.12/site-packages/django/db/models/base.py", line 558, in __init__
    _setattr(self, prop, value)
AttributeError: property 'name' of 'Contact' object has no setter

======================================================================
ERROR: test_draft_to_superseded_invalid (tests.test_state_transitions.EstimateStateTransitionTest.test_draft_to_superseded_invalid)
Test that Draft cannot transition directly to Superseded.
----------------------------------------------------------------------
Traceback (most recent call last):
  File "/home/alimt/Minibini/tests/test_state_transitions.py", line 448, in setUp
    self.contact = Contact.objects.create(name="Test Customer")
                   ^^^^^^^^^^^^^^^^^^^^^^^^^^^^^^^^^^^^^^^^^^^^
  File "/home/alimt/Minibini/venv/lib/python3.12/site-packages/django/db/models/manager.py", line 87, in manager_method
    return getattr(self.get_queryset(), name)(*args, **kwargs)
           ^^^^^^^^^^^^^^^^^^^^^^^^^^^^^^^^^^^^^^^^^^^^^^^^^^^
  File "/home/alimt/Minibini/venv/lib/python3.12/site-packages/django/db/models/query.py", line 661, in create
    obj = self.model(**kwargs)
          ^^^^^^^^^^^^^^^^^^^^
  File "/home/alimt/Minibini/venv/lib/python3.12/site-packages/django/db/models/base.py", line 558, in __init__
    _setattr(self, prop, value)
AttributeError: property 'name' of 'Contact' object has no setter

======================================================================
ERROR: test_estimate_starts_in_draft (tests.test_state_transitions.EstimateStateTransitionTest.test_estimate_starts_in_draft)
Test that new Estimates start in Draft state.
----------------------------------------------------------------------
Traceback (most recent call last):
  File "/home/alimt/Minibini/tests/test_state_transitions.py", line 448, in setUp
    self.contact = Contact.objects.create(name="Test Customer")
                   ^^^^^^^^^^^^^^^^^^^^^^^^^^^^^^^^^^^^^^^^^^^^
  File "/home/alimt/Minibini/venv/lib/python3.12/site-packages/django/db/models/manager.py", line 87, in manager_method
    return getattr(self.get_queryset(), name)(*args, **kwargs)
           ^^^^^^^^^^^^^^^^^^^^^^^^^^^^^^^^^^^^^^^^^^^^^^^^^^^
  File "/home/alimt/Minibini/venv/lib/python3.12/site-packages/django/db/models/query.py", line 661, in create
    obj = self.model(**kwargs)
          ^^^^^^^^^^^^^^^^^^^^
  File "/home/alimt/Minibini/venv/lib/python3.12/site-packages/django/db/models/base.py", line 558, in __init__
    _setattr(self, prop, value)
AttributeError: property 'name' of 'Contact' object has no setter

======================================================================
ERROR: test_expiration_date_can_be_changed (tests.test_state_transitions.EstimateStateTransitionTest.test_expiration_date_can_be_changed)
Test that expiration_date can be changed by users with permissions.
----------------------------------------------------------------------
Traceback (most recent call last):
  File "/home/alimt/Minibini/tests/test_state_transitions.py", line 448, in setUp
    self.contact = Contact.objects.create(name="Test Customer")
                   ^^^^^^^^^^^^^^^^^^^^^^^^^^^^^^^^^^^^^^^^^^^^
  File "/home/alimt/Minibini/venv/lib/python3.12/site-packages/django/db/models/manager.py", line 87, in manager_method
    return getattr(self.get_queryset(), name)(*args, **kwargs)
           ^^^^^^^^^^^^^^^^^^^^^^^^^^^^^^^^^^^^^^^^^^^^^^^^^^^
  File "/home/alimt/Minibini/venv/lib/python3.12/site-packages/django/db/models/query.py", line 661, in create
    obj = self.model(**kwargs)
          ^^^^^^^^^^^^^^^^^^^^
  File "/home/alimt/Minibini/venv/lib/python3.12/site-packages/django/db/models/base.py", line 558, in __init__
    _setattr(self, prop, value)
AttributeError: property 'name' of 'Contact' object has no setter

======================================================================
ERROR: test_expiration_date_set_when_moving_to_open (tests.test_state_transitions.EstimateStateTransitionTest.test_expiration_date_set_when_moving_to_open)
Test that expiration_date is set when transitioning to Open.
----------------------------------------------------------------------
Traceback (most recent call last):
  File "/home/alimt/Minibini/tests/test_state_transitions.py", line 448, in setUp
    self.contact = Contact.objects.create(name="Test Customer")
                   ^^^^^^^^^^^^^^^^^^^^^^^^^^^^^^^^^^^^^^^^^^^^
  File "/home/alimt/Minibini/venv/lib/python3.12/site-packages/django/db/models/manager.py", line 87, in manager_method
    return getattr(self.get_queryset(), name)(*args, **kwargs)
           ^^^^^^^^^^^^^^^^^^^^^^^^^^^^^^^^^^^^^^^^^^^^^^^^^^^
  File "/home/alimt/Minibini/venv/lib/python3.12/site-packages/django/db/models/query.py", line 661, in create
    obj = self.model(**kwargs)
          ^^^^^^^^^^^^^^^^^^^^
  File "/home/alimt/Minibini/venv/lib/python3.12/site-packages/django/db/models/base.py", line 558, in __init__
    _setattr(self, prop, value)
AttributeError: property 'name' of 'Contact' object has no setter

======================================================================
ERROR: test_expired_to_any_invalid (tests.test_state_transitions.EstimateStateTransitionTest.test_expired_to_any_invalid)
Test that Expired is a terminal state.
----------------------------------------------------------------------
Traceback (most recent call last):
  File "/home/alimt/Minibini/tests/test_state_transitions.py", line 448, in setUp
    self.contact = Contact.objects.create(name="Test Customer")
                   ^^^^^^^^^^^^^^^^^^^^^^^^^^^^^^^^^^^^^^^^^^^^
  File "/home/alimt/Minibini/venv/lib/python3.12/site-packages/django/db/models/manager.py", line 87, in manager_method
    return getattr(self.get_queryset(), name)(*args, **kwargs)
           ^^^^^^^^^^^^^^^^^^^^^^^^^^^^^^^^^^^^^^^^^^^^^^^^^^^
  File "/home/alimt/Minibini/venv/lib/python3.12/site-packages/django/db/models/query.py", line 661, in create
    obj = self.model(**kwargs)
          ^^^^^^^^^^^^^^^^^^^^
  File "/home/alimt/Minibini/venv/lib/python3.12/site-packages/django/db/models/base.py", line 558, in __init__
    _setattr(self, prop, value)
AttributeError: property 'name' of 'Contact' object has no setter

======================================================================
ERROR: test_full_path_draft_to_open_to_accepted (tests.test_state_transitions.EstimateStateTransitionTest.test_full_path_draft_to_open_to_accepted)
Test full path: Draft > Open > Accepted.
----------------------------------------------------------------------
Traceback (most recent call last):
  File "/home/alimt/Minibini/tests/test_state_transitions.py", line 448, in setUp
    self.contact = Contact.objects.create(name="Test Customer")
                   ^^^^^^^^^^^^^^^^^^^^^^^^^^^^^^^^^^^^^^^^^^^^
  File "/home/alimt/Minibini/venv/lib/python3.12/site-packages/django/db/models/manager.py", line 87, in manager_method
    return getattr(self.get_queryset(), name)(*args, **kwargs)
           ^^^^^^^^^^^^^^^^^^^^^^^^^^^^^^^^^^^^^^^^^^^^^^^^^^^
  File "/home/alimt/Minibini/venv/lib/python3.12/site-packages/django/db/models/query.py", line 661, in create
    obj = self.model(**kwargs)
          ^^^^^^^^^^^^^^^^^^^^
  File "/home/alimt/Minibini/venv/lib/python3.12/site-packages/django/db/models/base.py", line 558, in __init__
    _setattr(self, prop, value)
AttributeError: property 'name' of 'Contact' object has no setter

======================================================================
ERROR: test_full_path_draft_to_open_to_expired (tests.test_state_transitions.EstimateStateTransitionTest.test_full_path_draft_to_open_to_expired)
Test full path: Draft > Open > Expired.
----------------------------------------------------------------------
Traceback (most recent call last):
  File "/home/alimt/Minibini/tests/test_state_transitions.py", line 448, in setUp
    self.contact = Contact.objects.create(name="Test Customer")
                   ^^^^^^^^^^^^^^^^^^^^^^^^^^^^^^^^^^^^^^^^^^^^
  File "/home/alimt/Minibini/venv/lib/python3.12/site-packages/django/db/models/manager.py", line 87, in manager_method
    return getattr(self.get_queryset(), name)(*args, **kwargs)
           ^^^^^^^^^^^^^^^^^^^^^^^^^^^^^^^^^^^^^^^^^^^^^^^^^^^
  File "/home/alimt/Minibini/venv/lib/python3.12/site-packages/django/db/models/query.py", line 661, in create
    obj = self.model(**kwargs)
          ^^^^^^^^^^^^^^^^^^^^
  File "/home/alimt/Minibini/venv/lib/python3.12/site-packages/django/db/models/base.py", line 558, in __init__
    _setattr(self, prop, value)
AttributeError: property 'name' of 'Contact' object has no setter

======================================================================
ERROR: test_full_path_draft_to_open_to_rejected (tests.test_state_transitions.EstimateStateTransitionTest.test_full_path_draft_to_open_to_rejected)
Test full path: Draft > Open > Rejected.
----------------------------------------------------------------------
Traceback (most recent call last):
  File "/home/alimt/Minibini/tests/test_state_transitions.py", line 448, in setUp
    self.contact = Contact.objects.create(name="Test Customer")
                   ^^^^^^^^^^^^^^^^^^^^^^^^^^^^^^^^^^^^^^^^^^^^
  File "/home/alimt/Minibini/venv/lib/python3.12/site-packages/django/db/models/manager.py", line 87, in manager_method
    return getattr(self.get_queryset(), name)(*args, **kwargs)
           ^^^^^^^^^^^^^^^^^^^^^^^^^^^^^^^^^^^^^^^^^^^^^^^^^^^
  File "/home/alimt/Minibini/venv/lib/python3.12/site-packages/django/db/models/query.py", line 661, in create
    obj = self.model(**kwargs)
          ^^^^^^^^^^^^^^^^^^^^
  File "/home/alimt/Minibini/venv/lib/python3.12/site-packages/django/db/models/base.py", line 558, in __init__
    _setattr(self, prop, value)
AttributeError: property 'name' of 'Contact' object has no setter

======================================================================
ERROR: test_full_path_draft_to_open_to_superseded (tests.test_state_transitions.EstimateStateTransitionTest.test_full_path_draft_to_open_to_superseded)
Test full path: Draft > Open > Superseded.
----------------------------------------------------------------------
Traceback (most recent call last):
  File "/home/alimt/Minibini/tests/test_state_transitions.py", line 448, in setUp
    self.contact = Contact.objects.create(name="Test Customer")
                   ^^^^^^^^^^^^^^^^^^^^^^^^^^^^^^^^^^^^^^^^^^^^
  File "/home/alimt/Minibini/venv/lib/python3.12/site-packages/django/db/models/manager.py", line 87, in manager_method
    return getattr(self.get_queryset(), name)(*args, **kwargs)
           ^^^^^^^^^^^^^^^^^^^^^^^^^^^^^^^^^^^^^^^^^^^^^^^^^^^
  File "/home/alimt/Minibini/venv/lib/python3.12/site-packages/django/db/models/query.py", line 661, in create
    obj = self.model(**kwargs)
          ^^^^^^^^^^^^^^^^^^^^
  File "/home/alimt/Minibini/venv/lib/python3.12/site-packages/django/db/models/base.py", line 558, in __init__
    _setattr(self, prop, value)
AttributeError: property 'name' of 'Contact' object has no setter

======================================================================
ERROR: test_open_to_accepted (tests.test_state_transitions.EstimateStateTransitionTest.test_open_to_accepted)
Test Open > Accepted transition.
----------------------------------------------------------------------
Traceback (most recent call last):
  File "/home/alimt/Minibini/tests/test_state_transitions.py", line 448, in setUp
    self.contact = Contact.objects.create(name="Test Customer")
                   ^^^^^^^^^^^^^^^^^^^^^^^^^^^^^^^^^^^^^^^^^^^^
  File "/home/alimt/Minibini/venv/lib/python3.12/site-packages/django/db/models/manager.py", line 87, in manager_method
    return getattr(self.get_queryset(), name)(*args, **kwargs)
           ^^^^^^^^^^^^^^^^^^^^^^^^^^^^^^^^^^^^^^^^^^^^^^^^^^^
  File "/home/alimt/Minibini/venv/lib/python3.12/site-packages/django/db/models/query.py", line 661, in create
    obj = self.model(**kwargs)
          ^^^^^^^^^^^^^^^^^^^^
  File "/home/alimt/Minibini/venv/lib/python3.12/site-packages/django/db/models/base.py", line 558, in __init__
    _setattr(self, prop, value)
AttributeError: property 'name' of 'Contact' object has no setter

======================================================================
ERROR: test_open_to_draft_invalid (tests.test_state_transitions.EstimateStateTransitionTest.test_open_to_draft_invalid)
Test that Open cannot go back to Draft.
----------------------------------------------------------------------
Traceback (most recent call last):
  File "/home/alimt/Minibini/tests/test_state_transitions.py", line 448, in setUp
    self.contact = Contact.objects.create(name="Test Customer")
                   ^^^^^^^^^^^^^^^^^^^^^^^^^^^^^^^^^^^^^^^^^^^^
  File "/home/alimt/Minibini/venv/lib/python3.12/site-packages/django/db/models/manager.py", line 87, in manager_method
    return getattr(self.get_queryset(), name)(*args, **kwargs)
           ^^^^^^^^^^^^^^^^^^^^^^^^^^^^^^^^^^^^^^^^^^^^^^^^^^^
  File "/home/alimt/Minibini/venv/lib/python3.12/site-packages/django/db/models/query.py", line 661, in create
    obj = self.model(**kwargs)
          ^^^^^^^^^^^^^^^^^^^^
  File "/home/alimt/Minibini/venv/lib/python3.12/site-packages/django/db/models/base.py", line 558, in __init__
    _setattr(self, prop, value)
AttributeError: property 'name' of 'Contact' object has no setter

======================================================================
ERROR: test_open_to_expired (tests.test_state_transitions.EstimateStateTransitionTest.test_open_to_expired)
Test Open > Expired transition.
----------------------------------------------------------------------
Traceback (most recent call last):
  File "/home/alimt/Minibini/tests/test_state_transitions.py", line 448, in setUp
    self.contact = Contact.objects.create(name="Test Customer")
                   ^^^^^^^^^^^^^^^^^^^^^^^^^^^^^^^^^^^^^^^^^^^^
  File "/home/alimt/Minibini/venv/lib/python3.12/site-packages/django/db/models/manager.py", line 87, in manager_method
    return getattr(self.get_queryset(), name)(*args, **kwargs)
           ^^^^^^^^^^^^^^^^^^^^^^^^^^^^^^^^^^^^^^^^^^^^^^^^^^^
  File "/home/alimt/Minibini/venv/lib/python3.12/site-packages/django/db/models/query.py", line 661, in create
    obj = self.model(**kwargs)
          ^^^^^^^^^^^^^^^^^^^^
  File "/home/alimt/Minibini/venv/lib/python3.12/site-packages/django/db/models/base.py", line 558, in __init__
    _setattr(self, prop, value)
AttributeError: property 'name' of 'Contact' object has no setter

======================================================================
ERROR: test_open_to_rejected (tests.test_state_transitions.EstimateStateTransitionTest.test_open_to_rejected)
Test Open > Rejected transition.
----------------------------------------------------------------------
Traceback (most recent call last):
  File "/home/alimt/Minibini/tests/test_state_transitions.py", line 448, in setUp
    self.contact = Contact.objects.create(name="Test Customer")
                   ^^^^^^^^^^^^^^^^^^^^^^^^^^^^^^^^^^^^^^^^^^^^
  File "/home/alimt/Minibini/venv/lib/python3.12/site-packages/django/db/models/manager.py", line 87, in manager_method
    return getattr(self.get_queryset(), name)(*args, **kwargs)
           ^^^^^^^^^^^^^^^^^^^^^^^^^^^^^^^^^^^^^^^^^^^^^^^^^^^
  File "/home/alimt/Minibini/venv/lib/python3.12/site-packages/django/db/models/query.py", line 661, in create
    obj = self.model(**kwargs)
          ^^^^^^^^^^^^^^^^^^^^
  File "/home/alimt/Minibini/venv/lib/python3.12/site-packages/django/db/models/base.py", line 558, in __init__
    _setattr(self, prop, value)
AttributeError: property 'name' of 'Contact' object has no setter

======================================================================
ERROR: test_open_to_superseded (tests.test_state_transitions.EstimateStateTransitionTest.test_open_to_superseded)
Test Open > Superseded transition.
----------------------------------------------------------------------
Traceback (most recent call last):
  File "/home/alimt/Minibini/tests/test_state_transitions.py", line 448, in setUp
    self.contact = Contact.objects.create(name="Test Customer")
                   ^^^^^^^^^^^^^^^^^^^^^^^^^^^^^^^^^^^^^^^^^^^^
  File "/home/alimt/Minibini/venv/lib/python3.12/site-packages/django/db/models/manager.py", line 87, in manager_method
    return getattr(self.get_queryset(), name)(*args, **kwargs)
           ^^^^^^^^^^^^^^^^^^^^^^^^^^^^^^^^^^^^^^^^^^^^^^^^^^^
  File "/home/alimt/Minibini/venv/lib/python3.12/site-packages/django/db/models/query.py", line 661, in create
    obj = self.model(**kwargs)
          ^^^^^^^^^^^^^^^^^^^^
  File "/home/alimt/Minibini/venv/lib/python3.12/site-packages/django/db/models/base.py", line 558, in __init__
    _setattr(self, prop, value)
AttributeError: property 'name' of 'Contact' object has no setter

======================================================================
ERROR: test_path_draft_to_rejected (tests.test_state_transitions.EstimateStateTransitionTest.test_path_draft_to_rejected)
Test path: Draft > Rejected.
----------------------------------------------------------------------
Traceback (most recent call last):
  File "/home/alimt/Minibini/tests/test_state_transitions.py", line 448, in setUp
    self.contact = Contact.objects.create(name="Test Customer")
                   ^^^^^^^^^^^^^^^^^^^^^^^^^^^^^^^^^^^^^^^^^^^^
  File "/home/alimt/Minibini/venv/lib/python3.12/site-packages/django/db/models/manager.py", line 87, in manager_method
    return getattr(self.get_queryset(), name)(*args, **kwargs)
           ^^^^^^^^^^^^^^^^^^^^^^^^^^^^^^^^^^^^^^^^^^^^^^^^^^^
  File "/home/alimt/Minibini/venv/lib/python3.12/site-packages/django/db/models/query.py", line 661, in create
    obj = self.model(**kwargs)
          ^^^^^^^^^^^^^^^^^^^^
  File "/home/alimt/Minibini/venv/lib/python3.12/site-packages/django/db/models/base.py", line 558, in __init__
    _setattr(self, prop, value)
AttributeError: property 'name' of 'Contact' object has no setter

======================================================================
ERROR: test_rejected_to_any_invalid (tests.test_state_transitions.EstimateStateTransitionTest.test_rejected_to_any_invalid)
Test that Rejected is a terminal state.
----------------------------------------------------------------------
Traceback (most recent call last):
  File "/home/alimt/Minibini/tests/test_state_transitions.py", line 448, in setUp
    self.contact = Contact.objects.create(name="Test Customer")
                   ^^^^^^^^^^^^^^^^^^^^^^^^^^^^^^^^^^^^^^^^^^^^
  File "/home/alimt/Minibini/venv/lib/python3.12/site-packages/django/db/models/manager.py", line 87, in manager_method
    return getattr(self.get_queryset(), name)(*args, **kwargs)
           ^^^^^^^^^^^^^^^^^^^^^^^^^^^^^^^^^^^^^^^^^^^^^^^^^^^
  File "/home/alimt/Minibini/venv/lib/python3.12/site-packages/django/db/models/query.py", line 661, in create
    obj = self.model(**kwargs)
          ^^^^^^^^^^^^^^^^^^^^
  File "/home/alimt/Minibini/venv/lib/python3.12/site-packages/django/db/models/base.py", line 558, in __init__
    _setattr(self, prop, value)
AttributeError: property 'name' of 'Contact' object has no setter

======================================================================
ERROR: test_sent_date_immutable (tests.test_state_transitions.EstimateStateTransitionTest.test_sent_date_immutable)
Test that sent_date cannot be changed once set.
----------------------------------------------------------------------
Traceback (most recent call last):
  File "/home/alimt/Minibini/tests/test_state_transitions.py", line 448, in setUp
    self.contact = Contact.objects.create(name="Test Customer")
                   ^^^^^^^^^^^^^^^^^^^^^^^^^^^^^^^^^^^^^^^^^^^^
  File "/home/alimt/Minibini/venv/lib/python3.12/site-packages/django/db/models/manager.py", line 87, in manager_method
    return getattr(self.get_queryset(), name)(*args, **kwargs)
           ^^^^^^^^^^^^^^^^^^^^^^^^^^^^^^^^^^^^^^^^^^^^^^^^^^^
  File "/home/alimt/Minibini/venv/lib/python3.12/site-packages/django/db/models/query.py", line 661, in create
    obj = self.model(**kwargs)
          ^^^^^^^^^^^^^^^^^^^^
  File "/home/alimt/Minibini/venv/lib/python3.12/site-packages/django/db/models/base.py", line 558, in __init__
    _setattr(self, prop, value)
AttributeError: property 'name' of 'Contact' object has no setter

======================================================================
ERROR: test_sent_date_set_when_moving_to_open (tests.test_state_transitions.EstimateStateTransitionTest.test_sent_date_set_when_moving_to_open)
Test that sent_date is set when transitioning to Open.
----------------------------------------------------------------------
Traceback (most recent call last):
  File "/home/alimt/Minibini/tests/test_state_transitions.py", line 448, in setUp
    self.contact = Contact.objects.create(name="Test Customer")
                   ^^^^^^^^^^^^^^^^^^^^^^^^^^^^^^^^^^^^^^^^^^^^
  File "/home/alimt/Minibini/venv/lib/python3.12/site-packages/django/db/models/manager.py", line 87, in manager_method
    return getattr(self.get_queryset(), name)(*args, **kwargs)
           ^^^^^^^^^^^^^^^^^^^^^^^^^^^^^^^^^^^^^^^^^^^^^^^^^^^
  File "/home/alimt/Minibini/venv/lib/python3.12/site-packages/django/db/models/query.py", line 661, in create
    obj = self.model(**kwargs)
          ^^^^^^^^^^^^^^^^^^^^
  File "/home/alimt/Minibini/venv/lib/python3.12/site-packages/django/db/models/base.py", line 558, in __init__
    _setattr(self, prop, value)
AttributeError: property 'name' of 'Contact' object has no setter

======================================================================
ERROR: test_superseded_to_any_invalid (tests.test_state_transitions.EstimateStateTransitionTest.test_superseded_to_any_invalid)
Test that Superseded is a terminal state.
----------------------------------------------------------------------
Traceback (most recent call last):
  File "/home/alimt/Minibini/tests/test_state_transitions.py", line 448, in setUp
    self.contact = Contact.objects.create(name="Test Customer")
                   ^^^^^^^^^^^^^^^^^^^^^^^^^^^^^^^^^^^^^^^^^^^^
  File "/home/alimt/Minibini/venv/lib/python3.12/site-packages/django/db/models/manager.py", line 87, in manager_method
    return getattr(self.get_queryset(), name)(*args, **kwargs)
           ^^^^^^^^^^^^^^^^^^^^^^^^^^^^^^^^^^^^^^^^^^^^^^^^^^^
  File "/home/alimt/Minibini/venv/lib/python3.12/site-packages/django/db/models/query.py", line 661, in create
    obj = self.model(**kwargs)
          ^^^^^^^^^^^^^^^^^^^^
  File "/home/alimt/Minibini/venv/lib/python3.12/site-packages/django/db/models/base.py", line 558, in __init__
    _setattr(self, prop, value)
AttributeError: property 'name' of 'Contact' object has no setter

======================================================================
ERROR: test_approved_to_cancelled (tests.test_state_transitions.JobStateTransitionTest.test_approved_to_cancelled)
Test Approved > Cancelled transition.
----------------------------------------------------------------------
Traceback (most recent call last):
  File "/home/alimt/Minibini/tests/test_state_transitions.py", line 14, in setUp
    self.contact = Contact.objects.create(name="Test Customer")
                   ^^^^^^^^^^^^^^^^^^^^^^^^^^^^^^^^^^^^^^^^^^^^
  File "/home/alimt/Minibini/venv/lib/python3.12/site-packages/django/db/models/manager.py", line 87, in manager_method
    return getattr(self.get_queryset(), name)(*args, **kwargs)
           ^^^^^^^^^^^^^^^^^^^^^^^^^^^^^^^^^^^^^^^^^^^^^^^^^^^
  File "/home/alimt/Minibini/venv/lib/python3.12/site-packages/django/db/models/query.py", line 661, in create
    obj = self.model(**kwargs)
          ^^^^^^^^^^^^^^^^^^^^
  File "/home/alimt/Minibini/venv/lib/python3.12/site-packages/django/db/models/base.py", line 558, in __init__
    _setattr(self, prop, value)
AttributeError: property 'name' of 'Contact' object has no setter

======================================================================
ERROR: test_approved_to_completed (tests.test_state_transitions.JobStateTransitionTest.test_approved_to_completed)
Test Approved > Completed transition.
----------------------------------------------------------------------
Traceback (most recent call last):
  File "/home/alimt/Minibini/tests/test_state_transitions.py", line 14, in setUp
    self.contact = Contact.objects.create(name="Test Customer")
                   ^^^^^^^^^^^^^^^^^^^^^^^^^^^^^^^^^^^^^^^^^^^^
  File "/home/alimt/Minibini/venv/lib/python3.12/site-packages/django/db/models/manager.py", line 87, in manager_method
    return getattr(self.get_queryset(), name)(*args, **kwargs)
           ^^^^^^^^^^^^^^^^^^^^^^^^^^^^^^^^^^^^^^^^^^^^^^^^^^^
  File "/home/alimt/Minibini/venv/lib/python3.12/site-packages/django/db/models/query.py", line 661, in create
    obj = self.model(**kwargs)
          ^^^^^^^^^^^^^^^^^^^^
  File "/home/alimt/Minibini/venv/lib/python3.12/site-packages/django/db/models/base.py", line 558, in __init__
    _setattr(self, prop, value)
AttributeError: property 'name' of 'Contact' object has no setter

======================================================================
ERROR: test_approved_to_draft_invalid (tests.test_state_transitions.JobStateTransitionTest.test_approved_to_draft_invalid)
Test that Approved cannot go back to Draft.
----------------------------------------------------------------------
Traceback (most recent call last):
  File "/home/alimt/Minibini/tests/test_state_transitions.py", line 14, in setUp
    self.contact = Contact.objects.create(name="Test Customer")
                   ^^^^^^^^^^^^^^^^^^^^^^^^^^^^^^^^^^^^^^^^^^^^
  File "/home/alimt/Minibini/venv/lib/python3.12/site-packages/django/db/models/manager.py", line 87, in manager_method
    return getattr(self.get_queryset(), name)(*args, **kwargs)
           ^^^^^^^^^^^^^^^^^^^^^^^^^^^^^^^^^^^^^^^^^^^^^^^^^^^
  File "/home/alimt/Minibini/venv/lib/python3.12/site-packages/django/db/models/query.py", line 661, in create
    obj = self.model(**kwargs)
          ^^^^^^^^^^^^^^^^^^^^
  File "/home/alimt/Minibini/venv/lib/python3.12/site-packages/django/db/models/base.py", line 558, in __init__
    _setattr(self, prop, value)
AttributeError: property 'name' of 'Contact' object has no setter

======================================================================
ERROR: test_approved_to_rejected_invalid (tests.test_state_transitions.JobStateTransitionTest.test_approved_to_rejected_invalid)
Test that Approved cannot transition to Rejected.
----------------------------------------------------------------------
Traceback (most recent call last):
  File "/home/alimt/Minibini/tests/test_state_transitions.py", line 14, in setUp
    self.contact = Contact.objects.create(name="Test Customer")
                   ^^^^^^^^^^^^^^^^^^^^^^^^^^^^^^^^^^^^^^^^^^^^
  File "/home/alimt/Minibini/venv/lib/python3.12/site-packages/django/db/models/manager.py", line 87, in manager_method
    return getattr(self.get_queryset(), name)(*args, **kwargs)
           ^^^^^^^^^^^^^^^^^^^^^^^^^^^^^^^^^^^^^^^^^^^^^^^^^^^
  File "/home/alimt/Minibini/venv/lib/python3.12/site-packages/django/db/models/query.py", line 661, in create
    obj = self.model(**kwargs)
          ^^^^^^^^^^^^^^^^^^^^
  File "/home/alimt/Minibini/venv/lib/python3.12/site-packages/django/db/models/base.py", line 558, in __init__
    _setattr(self, prop, value)
AttributeError: property 'name' of 'Contact' object has no setter

======================================================================
ERROR: test_approved_to_submitted_invalid (tests.test_state_transitions.JobStateTransitionTest.test_approved_to_submitted_invalid)
Test that Approved cannot go back to Submitted.
----------------------------------------------------------------------
Traceback (most recent call last):
  File "/home/alimt/Minibini/tests/test_state_transitions.py", line 14, in setUp
    self.contact = Contact.objects.create(name="Test Customer")
                   ^^^^^^^^^^^^^^^^^^^^^^^^^^^^^^^^^^^^^^^^^^^^
  File "/home/alimt/Minibini/venv/lib/python3.12/site-packages/django/db/models/manager.py", line 87, in manager_method
    return getattr(self.get_queryset(), name)(*args, **kwargs)
           ^^^^^^^^^^^^^^^^^^^^^^^^^^^^^^^^^^^^^^^^^^^^^^^^^^^
  File "/home/alimt/Minibini/venv/lib/python3.12/site-packages/django/db/models/query.py", line 661, in create
    obj = self.model(**kwargs)
          ^^^^^^^^^^^^^^^^^^^^
  File "/home/alimt/Minibini/venv/lib/python3.12/site-packages/django/db/models/base.py", line 558, in __init__
    _setattr(self, prop, value)
AttributeError: property 'name' of 'Contact' object has no setter

======================================================================
ERROR: test_cancelled_to_any_invalid (tests.test_state_transitions.JobStateTransitionTest.test_cancelled_to_any_invalid)
Test that Cancelled is a terminal state and cannot transition.
----------------------------------------------------------------------
Traceback (most recent call last):
  File "/home/alimt/Minibini/tests/test_state_transitions.py", line 14, in setUp
    self.contact = Contact.objects.create(name="Test Customer")
                   ^^^^^^^^^^^^^^^^^^^^^^^^^^^^^^^^^^^^^^^^^^^^
  File "/home/alimt/Minibini/venv/lib/python3.12/site-packages/django/db/models/manager.py", line 87, in manager_method
    return getattr(self.get_queryset(), name)(*args, **kwargs)
           ^^^^^^^^^^^^^^^^^^^^^^^^^^^^^^^^^^^^^^^^^^^^^^^^^^^
  File "/home/alimt/Minibini/venv/lib/python3.12/site-packages/django/db/models/query.py", line 661, in create
    obj = self.model(**kwargs)
          ^^^^^^^^^^^^^^^^^^^^
  File "/home/alimt/Minibini/venv/lib/python3.12/site-packages/django/db/models/base.py", line 558, in __init__
    _setattr(self, prop, value)
AttributeError: property 'name' of 'Contact' object has no setter

======================================================================
ERROR: test_completed_date_immutable (tests.test_state_transitions.JobStateTransitionTest.test_completed_date_immutable)
Test that completed_date cannot be changed once set.
----------------------------------------------------------------------
Traceback (most recent call last):
  File "/home/alimt/Minibini/tests/test_state_transitions.py", line 14, in setUp
    self.contact = Contact.objects.create(name="Test Customer")
                   ^^^^^^^^^^^^^^^^^^^^^^^^^^^^^^^^^^^^^^^^^^^^
  File "/home/alimt/Minibini/venv/lib/python3.12/site-packages/django/db/models/manager.py", line 87, in manager_method
    return getattr(self.get_queryset(), name)(*args, **kwargs)
           ^^^^^^^^^^^^^^^^^^^^^^^^^^^^^^^^^^^^^^^^^^^^^^^^^^^
  File "/home/alimt/Minibini/venv/lib/python3.12/site-packages/django/db/models/query.py", line 661, in create
    obj = self.model(**kwargs)
          ^^^^^^^^^^^^^^^^^^^^
  File "/home/alimt/Minibini/venv/lib/python3.12/site-packages/django/db/models/base.py", line 558, in __init__
    _setattr(self, prop, value)
AttributeError: property 'name' of 'Contact' object has no setter

======================================================================
ERROR: test_completed_date_set_when_cancelled (tests.test_state_transitions.JobStateTransitionTest.test_completed_date_set_when_cancelled)
Test that completed_date is set when Job moves to cancelled status.
----------------------------------------------------------------------
Traceback (most recent call last):
  File "/home/alimt/Minibini/tests/test_state_transitions.py", line 14, in setUp
    self.contact = Contact.objects.create(name="Test Customer")
                   ^^^^^^^^^^^^^^^^^^^^^^^^^^^^^^^^^^^^^^^^^^^^
  File "/home/alimt/Minibini/venv/lib/python3.12/site-packages/django/db/models/manager.py", line 87, in manager_method
    return getattr(self.get_queryset(), name)(*args, **kwargs)
           ^^^^^^^^^^^^^^^^^^^^^^^^^^^^^^^^^^^^^^^^^^^^^^^^^^^
  File "/home/alimt/Minibini/venv/lib/python3.12/site-packages/django/db/models/query.py", line 661, in create
    obj = self.model(**kwargs)
          ^^^^^^^^^^^^^^^^^^^^
  File "/home/alimt/Minibini/venv/lib/python3.12/site-packages/django/db/models/base.py", line 558, in __init__
    _setattr(self, prop, value)
AttributeError: property 'name' of 'Contact' object has no setter

======================================================================
ERROR: test_completed_date_set_when_completed (tests.test_state_transitions.JobStateTransitionTest.test_completed_date_set_when_completed)
Test that completed_date is set when Job moves to completed status.
----------------------------------------------------------------------
Traceback (most recent call last):
  File "/home/alimt/Minibini/tests/test_state_transitions.py", line 14, in setUp
    self.contact = Contact.objects.create(name="Test Customer")
                   ^^^^^^^^^^^^^^^^^^^^^^^^^^^^^^^^^^^^^^^^^^^^
  File "/home/alimt/Minibini/venv/lib/python3.12/site-packages/django/db/models/manager.py", line 87, in manager_method
    return getattr(self.get_queryset(), name)(*args, **kwargs)
           ^^^^^^^^^^^^^^^^^^^^^^^^^^^^^^^^^^^^^^^^^^^^^^^^^^^
  File "/home/alimt/Minibini/venv/lib/python3.12/site-packages/django/db/models/query.py", line 661, in create
    obj = self.model(**kwargs)
          ^^^^^^^^^^^^^^^^^^^^
  File "/home/alimt/Minibini/venv/lib/python3.12/site-packages/django/db/models/base.py", line 558, in __init__
    _setattr(self, prop, value)
AttributeError: property 'name' of 'Contact' object has no setter

======================================================================
ERROR: test_completed_to_any_invalid (tests.test_state_transitions.JobStateTransitionTest.test_completed_to_any_invalid)
Test that Completed is a terminal state and cannot transition.
----------------------------------------------------------------------
Traceback (most recent call last):
  File "/home/alimt/Minibini/tests/test_state_transitions.py", line 14, in setUp
    self.contact = Contact.objects.create(name="Test Customer")
                   ^^^^^^^^^^^^^^^^^^^^^^^^^^^^^^^^^^^^^^^^^^^^
  File "/home/alimt/Minibini/venv/lib/python3.12/site-packages/django/db/models/manager.py", line 87, in manager_method
    return getattr(self.get_queryset(), name)(*args, **kwargs)
           ^^^^^^^^^^^^^^^^^^^^^^^^^^^^^^^^^^^^^^^^^^^^^^^^^^^
  File "/home/alimt/Minibini/venv/lib/python3.12/site-packages/django/db/models/query.py", line 661, in create
    obj = self.model(**kwargs)
          ^^^^^^^^^^^^^^^^^^^^
  File "/home/alimt/Minibini/venv/lib/python3.12/site-packages/django/db/models/base.py", line 558, in __init__
    _setattr(self, prop, value)
AttributeError: property 'name' of 'Contact' object has no setter

======================================================================
ERROR: test_created_date_immutable (tests.test_state_transitions.JobStateTransitionTest.test_created_date_immutable)
Test that created_date cannot be changed after creation.
----------------------------------------------------------------------
Traceback (most recent call last):
  File "/home/alimt/Minibini/tests/test_state_transitions.py", line 14, in setUp
    self.contact = Contact.objects.create(name="Test Customer")
                   ^^^^^^^^^^^^^^^^^^^^^^^^^^^^^^^^^^^^^^^^^^^^
  File "/home/alimt/Minibini/venv/lib/python3.12/site-packages/django/db/models/manager.py", line 87, in manager_method
    return getattr(self.get_queryset(), name)(*args, **kwargs)
           ^^^^^^^^^^^^^^^^^^^^^^^^^^^^^^^^^^^^^^^^^^^^^^^^^^^
  File "/home/alimt/Minibini/venv/lib/python3.12/site-packages/django/db/models/query.py", line 661, in create
    obj = self.model(**kwargs)
          ^^^^^^^^^^^^^^^^^^^^
  File "/home/alimt/Minibini/venv/lib/python3.12/site-packages/django/db/models/base.py", line 558, in __init__
    _setattr(self, prop, value)
AttributeError: property 'name' of 'Contact' object has no setter

======================================================================
ERROR: test_created_date_set_on_creation (tests.test_state_transitions.JobStateTransitionTest.test_created_date_set_on_creation)
Test that created_date is set when Job is created.
----------------------------------------------------------------------
Traceback (most recent call last):
  File "/home/alimt/Minibini/tests/test_state_transitions.py", line 14, in setUp
    self.contact = Contact.objects.create(name="Test Customer")
                   ^^^^^^^^^^^^^^^^^^^^^^^^^^^^^^^^^^^^^^^^^^^^
  File "/home/alimt/Minibini/venv/lib/python3.12/site-packages/django/db/models/manager.py", line 87, in manager_method
    return getattr(self.get_queryset(), name)(*args, **kwargs)
           ^^^^^^^^^^^^^^^^^^^^^^^^^^^^^^^^^^^^^^^^^^^^^^^^^^^
  File "/home/alimt/Minibini/venv/lib/python3.12/site-packages/django/db/models/query.py", line 661, in create
    obj = self.model(**kwargs)
          ^^^^^^^^^^^^^^^^^^^^
  File "/home/alimt/Minibini/venv/lib/python3.12/site-packages/django/db/models/base.py", line 558, in __init__
    _setattr(self, prop, value)
AttributeError: property 'name' of 'Contact' object has no setter

======================================================================
ERROR: test_draft_to_cancelled_invalid (tests.test_state_transitions.JobStateTransitionTest.test_draft_to_cancelled_invalid)
Test that Draft cannot transition directly to Cancelled.
----------------------------------------------------------------------
Traceback (most recent call last):
  File "/home/alimt/Minibini/tests/test_state_transitions.py", line 14, in setUp
    self.contact = Contact.objects.create(name="Test Customer")
                   ^^^^^^^^^^^^^^^^^^^^^^^^^^^^^^^^^^^^^^^^^^^^
  File "/home/alimt/Minibini/venv/lib/python3.12/site-packages/django/db/models/manager.py", line 87, in manager_method
    return getattr(self.get_queryset(), name)(*args, **kwargs)
           ^^^^^^^^^^^^^^^^^^^^^^^^^^^^^^^^^^^^^^^^^^^^^^^^^^^
  File "/home/alimt/Minibini/venv/lib/python3.12/site-packages/django/db/models/query.py", line 661, in create
    obj = self.model(**kwargs)
          ^^^^^^^^^^^^^^^^^^^^
  File "/home/alimt/Minibini/venv/lib/python3.12/site-packages/django/db/models/base.py", line 558, in __init__
    _setattr(self, prop, value)
AttributeError: property 'name' of 'Contact' object has no setter

======================================================================
ERROR: test_draft_to_completed_invalid (tests.test_state_transitions.JobStateTransitionTest.test_draft_to_completed_invalid)
Test that Draft cannot transition directly to Completed.
----------------------------------------------------------------------
Traceback (most recent call last):
  File "/home/alimt/Minibini/tests/test_state_transitions.py", line 14, in setUp
    self.contact = Contact.objects.create(name="Test Customer")
                   ^^^^^^^^^^^^^^^^^^^^^^^^^^^^^^^^^^^^^^^^^^^^
  File "/home/alimt/Minibini/venv/lib/python3.12/site-packages/django/db/models/manager.py", line 87, in manager_method
    return getattr(self.get_queryset(), name)(*args, **kwargs)
           ^^^^^^^^^^^^^^^^^^^^^^^^^^^^^^^^^^^^^^^^^^^^^^^^^^^
  File "/home/alimt/Minibini/venv/lib/python3.12/site-packages/django/db/models/query.py", line 661, in create
    obj = self.model(**kwargs)
          ^^^^^^^^^^^^^^^^^^^^
  File "/home/alimt/Minibini/venv/lib/python3.12/site-packages/django/db/models/base.py", line 558, in __init__
    _setattr(self, prop, value)
AttributeError: property 'name' of 'Contact' object has no setter

======================================================================
ERROR: test_draft_to_rejected (tests.test_state_transitions.JobStateTransitionTest.test_draft_to_rejected)
Test Draft > Rejected transition.
----------------------------------------------------------------------
Traceback (most recent call last):
  File "/home/alimt/Minibini/tests/test_state_transitions.py", line 14, in setUp
    self.contact = Contact.objects.create(name="Test Customer")
                   ^^^^^^^^^^^^^^^^^^^^^^^^^^^^^^^^^^^^^^^^^^^^
  File "/home/alimt/Minibini/venv/lib/python3.12/site-packages/django/db/models/manager.py", line 87, in manager_method
    return getattr(self.get_queryset(), name)(*args, **kwargs)
           ^^^^^^^^^^^^^^^^^^^^^^^^^^^^^^^^^^^^^^^^^^^^^^^^^^^
  File "/home/alimt/Minibini/venv/lib/python3.12/site-packages/django/db/models/query.py", line 661, in create
    obj = self.model(**kwargs)
          ^^^^^^^^^^^^^^^^^^^^
  File "/home/alimt/Minibini/venv/lib/python3.12/site-packages/django/db/models/base.py", line 558, in __init__
    _setattr(self, prop, value)
AttributeError: property 'name' of 'Contact' object has no setter

======================================================================
ERROR: test_draft_to_submitted (tests.test_state_transitions.JobStateTransitionTest.test_draft_to_submitted)
Test Draft > Submitted transition.
----------------------------------------------------------------------
Traceback (most recent call last):
  File "/home/alimt/Minibini/tests/test_state_transitions.py", line 14, in setUp
    self.contact = Contact.objects.create(name="Test Customer")
                   ^^^^^^^^^^^^^^^^^^^^^^^^^^^^^^^^^^^^^^^^^^^^
  File "/home/alimt/Minibini/venv/lib/python3.12/site-packages/django/db/models/manager.py", line 87, in manager_method
    return getattr(self.get_queryset(), name)(*args, **kwargs)
           ^^^^^^^^^^^^^^^^^^^^^^^^^^^^^^^^^^^^^^^^^^^^^^^^^^^
  File "/home/alimt/Minibini/venv/lib/python3.12/site-packages/django/db/models/query.py", line 661, in create
    obj = self.model(**kwargs)
          ^^^^^^^^^^^^^^^^^^^^
  File "/home/alimt/Minibini/venv/lib/python3.12/site-packages/django/db/models/base.py", line 558, in __init__
    _setattr(self, prop, value)
AttributeError: property 'name' of 'Contact' object has no setter

======================================================================
ERROR: test_due_date_can_be_changed (tests.test_state_transitions.JobStateTransitionTest.test_due_date_can_be_changed)
Test that due_date can be changed by users with permissions.
----------------------------------------------------------------------
Traceback (most recent call last):
  File "/home/alimt/Minibini/tests/test_state_transitions.py", line 14, in setUp
    self.contact = Contact.objects.create(name="Test Customer")
                   ^^^^^^^^^^^^^^^^^^^^^^^^^^^^^^^^^^^^^^^^^^^^
  File "/home/alimt/Minibini/venv/lib/python3.12/site-packages/django/db/models/manager.py", line 87, in manager_method
    return getattr(self.get_queryset(), name)(*args, **kwargs)
           ^^^^^^^^^^^^^^^^^^^^^^^^^^^^^^^^^^^^^^^^^^^^^^^^^^^
  File "/home/alimt/Minibini/venv/lib/python3.12/site-packages/django/db/models/query.py", line 661, in create
    obj = self.model(**kwargs)
          ^^^^^^^^^^^^^^^^^^^^
  File "/home/alimt/Minibini/venv/lib/python3.12/site-packages/django/db/models/base.py", line 558, in __init__
    _setattr(self, prop, value)
AttributeError: property 'name' of 'Contact' object has no setter

======================================================================
ERROR: test_full_valid_path_to_cancelled (tests.test_state_transitions.JobStateTransitionTest.test_full_valid_path_to_cancelled)
Test full path: Draft > Submitted > Approved > Cancelled.
----------------------------------------------------------------------
Traceback (most recent call last):
  File "/home/alimt/Minibini/tests/test_state_transitions.py", line 14, in setUp
    self.contact = Contact.objects.create(name="Test Customer")
                   ^^^^^^^^^^^^^^^^^^^^^^^^^^^^^^^^^^^^^^^^^^^^
  File "/home/alimt/Minibini/venv/lib/python3.12/site-packages/django/db/models/manager.py", line 87, in manager_method
    return getattr(self.get_queryset(), name)(*args, **kwargs)
           ^^^^^^^^^^^^^^^^^^^^^^^^^^^^^^^^^^^^^^^^^^^^^^^^^^^
  File "/home/alimt/Minibini/venv/lib/python3.12/site-packages/django/db/models/query.py", line 661, in create
    obj = self.model(**kwargs)
          ^^^^^^^^^^^^^^^^^^^^
  File "/home/alimt/Minibini/venv/lib/python3.12/site-packages/django/db/models/base.py", line 558, in __init__
    _setattr(self, prop, value)
AttributeError: property 'name' of 'Contact' object has no setter

======================================================================
ERROR: test_full_valid_path_to_completed (tests.test_state_transitions.JobStateTransitionTest.test_full_valid_path_to_completed)
Test full path: Draft > Submitted > Approved > Completed.
----------------------------------------------------------------------
Traceback (most recent call last):
  File "/home/alimt/Minibini/tests/test_state_transitions.py", line 14, in setUp
    self.contact = Contact.objects.create(name="Test Customer")
                   ^^^^^^^^^^^^^^^^^^^^^^^^^^^^^^^^^^^^^^^^^^^^
  File "/home/alimt/Minibini/venv/lib/python3.12/site-packages/django/db/models/manager.py", line 87, in manager_method
    return getattr(self.get_queryset(), name)(*args, **kwargs)
           ^^^^^^^^^^^^^^^^^^^^^^^^^^^^^^^^^^^^^^^^^^^^^^^^^^^
  File "/home/alimt/Minibini/venv/lib/python3.12/site-packages/django/db/models/query.py", line 661, in create
    obj = self.model(**kwargs)
          ^^^^^^^^^^^^^^^^^^^^
  File "/home/alimt/Minibini/venv/lib/python3.12/site-packages/django/db/models/base.py", line 558, in __init__
    _setattr(self, prop, value)
AttributeError: property 'name' of 'Contact' object has no setter

======================================================================
ERROR: test_job_starts_in_draft (tests.test_state_transitions.JobStateTransitionTest.test_job_starts_in_draft)
Test that new Jobs start in Draft state.
----------------------------------------------------------------------
Traceback (most recent call last):
  File "/home/alimt/Minibini/tests/test_state_transitions.py", line 14, in setUp
    self.contact = Contact.objects.create(name="Test Customer")
                   ^^^^^^^^^^^^^^^^^^^^^^^^^^^^^^^^^^^^^^^^^^^^
  File "/home/alimt/Minibini/venv/lib/python3.12/site-packages/django/db/models/manager.py", line 87, in manager_method
    return getattr(self.get_queryset(), name)(*args, **kwargs)
           ^^^^^^^^^^^^^^^^^^^^^^^^^^^^^^^^^^^^^^^^^^^^^^^^^^^
  File "/home/alimt/Minibini/venv/lib/python3.12/site-packages/django/db/models/query.py", line 661, in create
    obj = self.model(**kwargs)
          ^^^^^^^^^^^^^^^^^^^^
  File "/home/alimt/Minibini/venv/lib/python3.12/site-packages/django/db/models/base.py", line 558, in __init__
    _setattr(self, prop, value)
AttributeError: property 'name' of 'Contact' object has no setter

======================================================================
ERROR: test_path_draft_to_rejected (tests.test_state_transitions.JobStateTransitionTest.test_path_draft_to_rejected)
Test path: Draft > Rejected.
----------------------------------------------------------------------
Traceback (most recent call last):
  File "/home/alimt/Minibini/tests/test_state_transitions.py", line 14, in setUp
    self.contact = Contact.objects.create(name="Test Customer")
                   ^^^^^^^^^^^^^^^^^^^^^^^^^^^^^^^^^^^^^^^^^^^^
  File "/home/alimt/Minibini/venv/lib/python3.12/site-packages/django/db/models/manager.py", line 87, in manager_method
    return getattr(self.get_queryset(), name)(*args, **kwargs)
           ^^^^^^^^^^^^^^^^^^^^^^^^^^^^^^^^^^^^^^^^^^^^^^^^^^^
  File "/home/alimt/Minibini/venv/lib/python3.12/site-packages/django/db/models/query.py", line 661, in create
    obj = self.model(**kwargs)
          ^^^^^^^^^^^^^^^^^^^^
  File "/home/alimt/Minibini/venv/lib/python3.12/site-packages/django/db/models/base.py", line 558, in __init__
    _setattr(self, prop, value)
AttributeError: property 'name' of 'Contact' object has no setter

======================================================================
ERROR: test_path_submitted_to_rejected (tests.test_state_transitions.JobStateTransitionTest.test_path_submitted_to_rejected)
Test path: Draft > Submitted > Rejected.
----------------------------------------------------------------------
Traceback (most recent call last):
  File "/home/alimt/Minibini/tests/test_state_transitions.py", line 14, in setUp
    self.contact = Contact.objects.create(name="Test Customer")
                   ^^^^^^^^^^^^^^^^^^^^^^^^^^^^^^^^^^^^^^^^^^^^
  File "/home/alimt/Minibini/venv/lib/python3.12/site-packages/django/db/models/manager.py", line 87, in manager_method
    return getattr(self.get_queryset(), name)(*args, **kwargs)
           ^^^^^^^^^^^^^^^^^^^^^^^^^^^^^^^^^^^^^^^^^^^^^^^^^^^
  File "/home/alimt/Minibini/venv/lib/python3.12/site-packages/django/db/models/query.py", line 661, in create
    obj = self.model(**kwargs)
          ^^^^^^^^^^^^^^^^^^^^
  File "/home/alimt/Minibini/venv/lib/python3.12/site-packages/django/db/models/base.py", line 558, in __init__
    _setattr(self, prop, value)
AttributeError: property 'name' of 'Contact' object has no setter

======================================================================
ERROR: test_rejected_to_any_invalid (tests.test_state_transitions.JobStateTransitionTest.test_rejected_to_any_invalid)
Test that Rejected is a terminal state and cannot transition.
----------------------------------------------------------------------
Traceback (most recent call last):
  File "/home/alimt/Minibini/tests/test_state_transitions.py", line 14, in setUp
    self.contact = Contact.objects.create(name="Test Customer")
                   ^^^^^^^^^^^^^^^^^^^^^^^^^^^^^^^^^^^^^^^^^^^^
  File "/home/alimt/Minibini/venv/lib/python3.12/site-packages/django/db/models/manager.py", line 87, in manager_method
    return getattr(self.get_queryset(), name)(*args, **kwargs)
           ^^^^^^^^^^^^^^^^^^^^^^^^^^^^^^^^^^^^^^^^^^^^^^^^^^^
  File "/home/alimt/Minibini/venv/lib/python3.12/site-packages/django/db/models/query.py", line 661, in create
    obj = self.model(**kwargs)
          ^^^^^^^^^^^^^^^^^^^^
  File "/home/alimt/Minibini/venv/lib/python3.12/site-packages/django/db/models/base.py", line 558, in __init__
    _setattr(self, prop, value)
AttributeError: property 'name' of 'Contact' object has no setter

======================================================================
ERROR: test_start_date_immutable (tests.test_state_transitions.JobStateTransitionTest.test_start_date_immutable)
Test that start_date cannot be changed once set.
----------------------------------------------------------------------
Traceback (most recent call last):
  File "/home/alimt/Minibini/tests/test_state_transitions.py", line 14, in setUp
    self.contact = Contact.objects.create(name="Test Customer")
                   ^^^^^^^^^^^^^^^^^^^^^^^^^^^^^^^^^^^^^^^^^^^^
  File "/home/alimt/Minibini/venv/lib/python3.12/site-packages/django/db/models/manager.py", line 87, in manager_method
    return getattr(self.get_queryset(), name)(*args, **kwargs)
           ^^^^^^^^^^^^^^^^^^^^^^^^^^^^^^^^^^^^^^^^^^^^^^^^^^^
  File "/home/alimt/Minibini/venv/lib/python3.12/site-packages/django/db/models/query.py", line 661, in create
    obj = self.model(**kwargs)
          ^^^^^^^^^^^^^^^^^^^^
  File "/home/alimt/Minibini/venv/lib/python3.12/site-packages/django/db/models/base.py", line 558, in __init__
    _setattr(self, prop, value)
AttributeError: property 'name' of 'Contact' object has no setter

======================================================================
ERROR: test_start_date_set_when_approved (tests.test_state_transitions.JobStateTransitionTest.test_start_date_set_when_approved)
Test that start_date is set when Job moves to approved status.
----------------------------------------------------------------------
Traceback (most recent call last):
  File "/home/alimt/Minibini/tests/test_state_transitions.py", line 14, in setUp
    self.contact = Contact.objects.create(name="Test Customer")
                   ^^^^^^^^^^^^^^^^^^^^^^^^^^^^^^^^^^^^^^^^^^^^
  File "/home/alimt/Minibini/venv/lib/python3.12/site-packages/django/db/models/manager.py", line 87, in manager_method
    return getattr(self.get_queryset(), name)(*args, **kwargs)
           ^^^^^^^^^^^^^^^^^^^^^^^^^^^^^^^^^^^^^^^^^^^^^^^^^^^
  File "/home/alimt/Minibini/venv/lib/python3.12/site-packages/django/db/models/query.py", line 661, in create
    obj = self.model(**kwargs)
          ^^^^^^^^^^^^^^^^^^^^
  File "/home/alimt/Minibini/venv/lib/python3.12/site-packages/django/db/models/base.py", line 558, in __init__
    _setattr(self, prop, value)
AttributeError: property 'name' of 'Contact' object has no setter

======================================================================
ERROR: test_submitted_to_approved (tests.test_state_transitions.JobStateTransitionTest.test_submitted_to_approved)
Test Submitted > Approved transition.
----------------------------------------------------------------------
Traceback (most recent call last):
  File "/home/alimt/Minibini/tests/test_state_transitions.py", line 14, in setUp
    self.contact = Contact.objects.create(name="Test Customer")
                   ^^^^^^^^^^^^^^^^^^^^^^^^^^^^^^^^^^^^^^^^^^^^
  File "/home/alimt/Minibini/venv/lib/python3.12/site-packages/django/db/models/manager.py", line 87, in manager_method
    return getattr(self.get_queryset(), name)(*args, **kwargs)
           ^^^^^^^^^^^^^^^^^^^^^^^^^^^^^^^^^^^^^^^^^^^^^^^^^^^
  File "/home/alimt/Minibini/venv/lib/python3.12/site-packages/django/db/models/query.py", line 661, in create
    obj = self.model(**kwargs)
          ^^^^^^^^^^^^^^^^^^^^
  File "/home/alimt/Minibini/venv/lib/python3.12/site-packages/django/db/models/base.py", line 558, in __init__
    _setattr(self, prop, value)
AttributeError: property 'name' of 'Contact' object has no setter

======================================================================
ERROR: test_submitted_to_cancelled_invalid (tests.test_state_transitions.JobStateTransitionTest.test_submitted_to_cancelled_invalid)
Test that Submitted cannot transition directly to Cancelled.
----------------------------------------------------------------------
Traceback (most recent call last):
  File "/home/alimt/Minibini/tests/test_state_transitions.py", line 14, in setUp
    self.contact = Contact.objects.create(name="Test Customer")
                   ^^^^^^^^^^^^^^^^^^^^^^^^^^^^^^^^^^^^^^^^^^^^
  File "/home/alimt/Minibini/venv/lib/python3.12/site-packages/django/db/models/manager.py", line 87, in manager_method
    return getattr(self.get_queryset(), name)(*args, **kwargs)
           ^^^^^^^^^^^^^^^^^^^^^^^^^^^^^^^^^^^^^^^^^^^^^^^^^^^
  File "/home/alimt/Minibini/venv/lib/python3.12/site-packages/django/db/models/query.py", line 661, in create
    obj = self.model(**kwargs)
          ^^^^^^^^^^^^^^^^^^^^
  File "/home/alimt/Minibini/venv/lib/python3.12/site-packages/django/db/models/base.py", line 558, in __init__
    _setattr(self, prop, value)
AttributeError: property 'name' of 'Contact' object has no setter

======================================================================
ERROR: test_submitted_to_completed_invalid (tests.test_state_transitions.JobStateTransitionTest.test_submitted_to_completed_invalid)
Test that Submitted cannot transition directly to Completed.
----------------------------------------------------------------------
Traceback (most recent call last):
  File "/home/alimt/Minibini/tests/test_state_transitions.py", line 14, in setUp
    self.contact = Contact.objects.create(name="Test Customer")
                   ^^^^^^^^^^^^^^^^^^^^^^^^^^^^^^^^^^^^^^^^^^^^
  File "/home/alimt/Minibini/venv/lib/python3.12/site-packages/django/db/models/manager.py", line 87, in manager_method
    return getattr(self.get_queryset(), name)(*args, **kwargs)
           ^^^^^^^^^^^^^^^^^^^^^^^^^^^^^^^^^^^^^^^^^^^^^^^^^^^
  File "/home/alimt/Minibini/venv/lib/python3.12/site-packages/django/db/models/query.py", line 661, in create
    obj = self.model(**kwargs)
          ^^^^^^^^^^^^^^^^^^^^
  File "/home/alimt/Minibini/venv/lib/python3.12/site-packages/django/db/models/base.py", line 558, in __init__
    _setattr(self, prop, value)
AttributeError: property 'name' of 'Contact' object has no setter

======================================================================
ERROR: test_submitted_to_draft_invalid (tests.test_state_transitions.JobStateTransitionTest.test_submitted_to_draft_invalid)
Test that Submitted cannot go back to Draft.
----------------------------------------------------------------------
Traceback (most recent call last):
  File "/home/alimt/Minibini/tests/test_state_transitions.py", line 14, in setUp
    self.contact = Contact.objects.create(name="Test Customer")
                   ^^^^^^^^^^^^^^^^^^^^^^^^^^^^^^^^^^^^^^^^^^^^
  File "/home/alimt/Minibini/venv/lib/python3.12/site-packages/django/db/models/manager.py", line 87, in manager_method
    return getattr(self.get_queryset(), name)(*args, **kwargs)
           ^^^^^^^^^^^^^^^^^^^^^^^^^^^^^^^^^^^^^^^^^^^^^^^^^^^
  File "/home/alimt/Minibini/venv/lib/python3.12/site-packages/django/db/models/query.py", line 661, in create
    obj = self.model(**kwargs)
          ^^^^^^^^^^^^^^^^^^^^
  File "/home/alimt/Minibini/venv/lib/python3.12/site-packages/django/db/models/base.py", line 558, in __init__
    _setattr(self, prop, value)
AttributeError: property 'name' of 'Contact' object has no setter

======================================================================
ERROR: test_submitted_to_rejected (tests.test_state_transitions.JobStateTransitionTest.test_submitted_to_rejected)
Test Submitted > Rejected transition.
----------------------------------------------------------------------
Traceback (most recent call last):
  File "/home/alimt/Minibini/tests/test_state_transitions.py", line 14, in setUp
    self.contact = Contact.objects.create(name="Test Customer")
                   ^^^^^^^^^^^^^^^^^^^^^^^^^^^^^^^^^^^^^^^^^^^^
  File "/home/alimt/Minibini/venv/lib/python3.12/site-packages/django/db/models/manager.py", line 87, in manager_method
    return getattr(self.get_queryset(), name)(*args, **kwargs)
           ^^^^^^^^^^^^^^^^^^^^^^^^^^^^^^^^^^^^^^^^^^^^^^^^^^^
  File "/home/alimt/Minibini/venv/lib/python3.12/site-packages/django/db/models/query.py", line 661, in create
    obj = self.model(**kwargs)
          ^^^^^^^^^^^^^^^^^^^^
  File "/home/alimt/Minibini/venv/lib/python3.12/site-packages/django/db/models/base.py", line 558, in __init__
    _setattr(self, prop, value)
AttributeError: property 'name' of 'Contact' object has no setter

======================================================================
ERROR: test_estimate_can_be_marked_superseded (tests.test_superseded_estimate_restrictions.SupersededEstimateModelTests.test_estimate_can_be_marked_superseded)
Test that an estimate can be properly marked as superseded.
----------------------------------------------------------------------
Traceback (most recent call last):
  File "/home/alimt/Minibini/tests/test_superseded_estimate_restrictions.py", line 209, in setUp
    self.contact = Contact.objects.create(
                   ^^^^^^^^^^^^^^^^^^^^^^^
  File "/home/alimt/Minibini/venv/lib/python3.12/site-packages/django/db/models/manager.py", line 87, in manager_method
    return getattr(self.get_queryset(), name)(*args, **kwargs)
           ^^^^^^^^^^^^^^^^^^^^^^^^^^^^^^^^^^^^^^^^^^^^^^^^^^^
  File "/home/alimt/Minibini/venv/lib/python3.12/site-packages/django/db/models/query.py", line 661, in create
    obj = self.model(**kwargs)
          ^^^^^^^^^^^^^^^^^^^^
  File "/home/alimt/Minibini/venv/lib/python3.12/site-packages/django/db/models/base.py", line 558, in __init__
    _setattr(self, prop, value)
AttributeError: property 'name' of 'Contact' object has no setter

======================================================================
ERROR: test_superseded_estimate_preserves_data (tests.test_superseded_estimate_restrictions.SupersededEstimateModelTests.test_superseded_estimate_preserves_data)
Test that superseded estimates preserve their data for historical reference.
----------------------------------------------------------------------
Traceback (most recent call last):
  File "/home/alimt/Minibini/tests/test_superseded_estimate_restrictions.py", line 209, in setUp
    self.contact = Contact.objects.create(
                   ^^^^^^^^^^^^^^^^^^^^^^^
  File "/home/alimt/Minibini/venv/lib/python3.12/site-packages/django/db/models/manager.py", line 87, in manager_method
    return getattr(self.get_queryset(), name)(*args, **kwargs)
           ^^^^^^^^^^^^^^^^^^^^^^^^^^^^^^^^^^^^^^^^^^^^^^^^^^^
  File "/home/alimt/Minibini/venv/lib/python3.12/site-packages/django/db/models/query.py", line 661, in create
    obj = self.model(**kwargs)
          ^^^^^^^^^^^^^^^^^^^^
  File "/home/alimt/Minibini/venv/lib/python3.12/site-packages/django/db/models/base.py", line 558, in __init__
    _setattr(self, prop, value)
AttributeError: property 'name' of 'Contact' object has no setter

======================================================================
ERROR: test_active_estimate_shows_modification_links (tests.test_superseded_estimate_restrictions.SupersededEstimateRestrictionTests.test_active_estimate_shows_modification_links)
Test that active estimates show modification links (control test).
----------------------------------------------------------------------
Traceback (most recent call last):
  File "/home/alimt/Minibini/tests/test_superseded_estimate_restrictions.py", line 34, in setUp
    self.contact = Contact.objects.create(
                   ^^^^^^^^^^^^^^^^^^^^^^^
  File "/home/alimt/Minibini/venv/lib/python3.12/site-packages/django/db/models/manager.py", line 87, in manager_method
    return getattr(self.get_queryset(), name)(*args, **kwargs)
           ^^^^^^^^^^^^^^^^^^^^^^^^^^^^^^^^^^^^^^^^^^^^^^^^^^^
  File "/home/alimt/Minibini/venv/lib/python3.12/site-packages/django/db/models/query.py", line 661, in create
    obj = self.model(**kwargs)
          ^^^^^^^^^^^^^^^^^^^^
  File "/home/alimt/Minibini/venv/lib/python3.12/site-packages/django/db/models/base.py", line 558, in __init__
    _setattr(self, prop, value)
AttributeError: property 'name' of 'Contact' object has no setter

======================================================================
ERROR: test_cannot_add_line_item_to_active_estimate (tests.test_superseded_estimate_restrictions.SupersededEstimateRestrictionTests.test_cannot_add_line_item_to_active_estimate)
Test that active estimates can still be modified (control test).
----------------------------------------------------------------------
Traceback (most recent call last):
  File "/home/alimt/Minibini/tests/test_superseded_estimate_restrictions.py", line 34, in setUp
    self.contact = Contact.objects.create(
                   ^^^^^^^^^^^^^^^^^^^^^^^
  File "/home/alimt/Minibini/venv/lib/python3.12/site-packages/django/db/models/manager.py", line 87, in manager_method
    return getattr(self.get_queryset(), name)(*args, **kwargs)
           ^^^^^^^^^^^^^^^^^^^^^^^^^^^^^^^^^^^^^^^^^^^^^^^^^^^
  File "/home/alimt/Minibini/venv/lib/python3.12/site-packages/django/db/models/query.py", line 661, in create
    obj = self.model(**kwargs)
          ^^^^^^^^^^^^^^^^^^^^
  File "/home/alimt/Minibini/venv/lib/python3.12/site-packages/django/db/models/base.py", line 558, in __init__
    _setattr(self, prop, value)
AttributeError: property 'name' of 'Contact' object has no setter

======================================================================
ERROR: test_cannot_add_line_item_to_superseded_estimate (tests.test_superseded_estimate_restrictions.SupersededEstimateRestrictionTests.test_cannot_add_line_item_to_superseded_estimate)
Test that adding a line item to a superseded estimate is rejected.
----------------------------------------------------------------------
Traceback (most recent call last):
  File "/home/alimt/Minibini/tests/test_superseded_estimate_restrictions.py", line 34, in setUp
    self.contact = Contact.objects.create(
                   ^^^^^^^^^^^^^^^^^^^^^^^
  File "/home/alimt/Minibini/venv/lib/python3.12/site-packages/django/db/models/manager.py", line 87, in manager_method
    return getattr(self.get_queryset(), name)(*args, **kwargs)
           ^^^^^^^^^^^^^^^^^^^^^^^^^^^^^^^^^^^^^^^^^^^^^^^^^^^
  File "/home/alimt/Minibini/venv/lib/python3.12/site-packages/django/db/models/query.py", line 661, in create
    obj = self.model(**kwargs)
          ^^^^^^^^^^^^^^^^^^^^
  File "/home/alimt/Minibini/venv/lib/python3.12/site-packages/django/db/models/base.py", line 558, in __init__
    _setattr(self, prop, value)
AttributeError: property 'name' of 'Contact' object has no setter

======================================================================
ERROR: test_cannot_update_status_of_superseded_estimate (tests.test_superseded_estimate_restrictions.SupersededEstimateRestrictionTests.test_cannot_update_status_of_superseded_estimate)
Test that updating the status of a superseded estimate is rejected.
----------------------------------------------------------------------
Traceback (most recent call last):
  File "/home/alimt/Minibini/tests/test_superseded_estimate_restrictions.py", line 34, in setUp
    self.contact = Contact.objects.create(
                   ^^^^^^^^^^^^^^^^^^^^^^^
  File "/home/alimt/Minibini/venv/lib/python3.12/site-packages/django/db/models/manager.py", line 87, in manager_method
    return getattr(self.get_queryset(), name)(*args, **kwargs)
           ^^^^^^^^^^^^^^^^^^^^^^^^^^^^^^^^^^^^^^^^^^^^^^^^^^^
  File "/home/alimt/Minibini/venv/lib/python3.12/site-packages/django/db/models/query.py", line 661, in create
    obj = self.model(**kwargs)
          ^^^^^^^^^^^^^^^^^^^^
  File "/home/alimt/Minibini/venv/lib/python3.12/site-packages/django/db/models/base.py", line 558, in __init__
    _setattr(self, prop, value)
AttributeError: property 'name' of 'Contact' object has no setter

======================================================================
ERROR: test_draft_vs_open_estimate_links (tests.test_superseded_estimate_restrictions.SupersededEstimateRestrictionTests.test_draft_vs_open_estimate_links)
Test that draft estimates show Add Line Item but open estimates don't.
----------------------------------------------------------------------
Traceback (most recent call last):
  File "/home/alimt/Minibini/tests/test_superseded_estimate_restrictions.py", line 34, in setUp
    self.contact = Contact.objects.create(
                   ^^^^^^^^^^^^^^^^^^^^^^^
  File "/home/alimt/Minibini/venv/lib/python3.12/site-packages/django/db/models/manager.py", line 87, in manager_method
    return getattr(self.get_queryset(), name)(*args, **kwargs)
           ^^^^^^^^^^^^^^^^^^^^^^^^^^^^^^^^^^^^^^^^^^^^^^^^^^^
  File "/home/alimt/Minibini/venv/lib/python3.12/site-packages/django/db/models/query.py", line 661, in create
    obj = self.model(**kwargs)
          ^^^^^^^^^^^^^^^^^^^^
  File "/home/alimt/Minibini/venv/lib/python3.12/site-packages/django/db/models/base.py", line 558, in __init__
    _setattr(self, prop, value)
AttributeError: property 'name' of 'Contact' object has no setter

======================================================================
ERROR: test_superseded_estimate_displays_restriction_message (tests.test_superseded_estimate_restrictions.SupersededEstimateRestrictionTests.test_superseded_estimate_displays_restriction_message)
Test that superseded estimates show a restriction message in the UI.
----------------------------------------------------------------------
Traceback (most recent call last):
  File "/home/alimt/Minibini/tests/test_superseded_estimate_restrictions.py", line 34, in setUp
    self.contact = Contact.objects.create(
                   ^^^^^^^^^^^^^^^^^^^^^^^
  File "/home/alimt/Minibini/venv/lib/python3.12/site-packages/django/db/models/manager.py", line 87, in manager_method
    return getattr(self.get_queryset(), name)(*args, **kwargs)
           ^^^^^^^^^^^^^^^^^^^^^^^^^^^^^^^^^^^^^^^^^^^^^^^^^^^
  File "/home/alimt/Minibini/venv/lib/python3.12/site-packages/django/db/models/query.py", line 661, in create
    obj = self.model(**kwargs)
          ^^^^^^^^^^^^^^^^^^^^
  File "/home/alimt/Minibini/venv/lib/python3.12/site-packages/django/db/models/base.py", line 558, in __init__
    _setattr(self, prop, value)
AttributeError: property 'name' of 'Contact' object has no setter

======================================================================
ERROR: test_cannot_move_first_task_up (tests.test_task_reordering.TaskReorderingTestCase.test_cannot_move_first_task_up)
Test that first task cannot be moved up
----------------------------------------------------------------------
Traceback (most recent call last):
  File "/home/alimt/Minibini/tests/test_task_reordering.py", line 21, in setUp
    self.default_contact = Contact.objects.create(name='Default Contact')
                           ^^^^^^^^^^^^^^^^^^^^^^^^^^^^^^^^^^^^^^^^^^^^^^
  File "/home/alimt/Minibini/venv/lib/python3.12/site-packages/django/db/models/manager.py", line 87, in manager_method
    return getattr(self.get_queryset(), name)(*args, **kwargs)
           ^^^^^^^^^^^^^^^^^^^^^^^^^^^^^^^^^^^^^^^^^^^^^^^^^^^
  File "/home/alimt/Minibini/venv/lib/python3.12/site-packages/django/db/models/query.py", line 661, in create
    obj = self.model(**kwargs)
          ^^^^^^^^^^^^^^^^^^^^
  File "/home/alimt/Minibini/venv/lib/python3.12/site-packages/django/db/models/base.py", line 558, in __init__
    _setattr(self, prop, value)
AttributeError: property 'name' of 'Contact' object has no setter

======================================================================
ERROR: test_cannot_move_last_task_down (tests.test_task_reordering.TaskReorderingTestCase.test_cannot_move_last_task_down)
Test that last task cannot be moved down
----------------------------------------------------------------------
Traceback (most recent call last):
  File "/home/alimt/Minibini/tests/test_task_reordering.py", line 21, in setUp
    self.default_contact = Contact.objects.create(name='Default Contact')
                           ^^^^^^^^^^^^^^^^^^^^^^^^^^^^^^^^^^^^^^^^^^^^^^
  File "/home/alimt/Minibini/venv/lib/python3.12/site-packages/django/db/models/manager.py", line 87, in manager_method
    return getattr(self.get_queryset(), name)(*args, **kwargs)
           ^^^^^^^^^^^^^^^^^^^^^^^^^^^^^^^^^^^^^^^^^^^^^^^^^^^
  File "/home/alimt/Minibini/venv/lib/python3.12/site-packages/django/db/models/query.py", line 661, in create
    obj = self.model(**kwargs)
          ^^^^^^^^^^^^^^^^^^^^
  File "/home/alimt/Minibini/venv/lib/python3.12/site-packages/django/db/models/base.py", line 558, in __init__
    _setattr(self, prop, value)
AttributeError: property 'name' of 'Contact' object has no setter

======================================================================
ERROR: test_cannot_reorder_non_draft_worksheet (tests.test_task_reordering.TaskReorderingTestCase.test_cannot_reorder_non_draft_worksheet)
Test that tasks in non-draft worksheets cannot be reordered
----------------------------------------------------------------------
Traceback (most recent call last):
  File "/home/alimt/Minibini/tests/test_task_reordering.py", line 21, in setUp
    self.default_contact = Contact.objects.create(name='Default Contact')
                           ^^^^^^^^^^^^^^^^^^^^^^^^^^^^^^^^^^^^^^^^^^^^^^
  File "/home/alimt/Minibini/venv/lib/python3.12/site-packages/django/db/models/manager.py", line 87, in manager_method
    return getattr(self.get_queryset(), name)(*args, **kwargs)
           ^^^^^^^^^^^^^^^^^^^^^^^^^^^^^^^^^^^^^^^^^^^^^^^^^^^
  File "/home/alimt/Minibini/venv/lib/python3.12/site-packages/django/db/models/query.py", line 661, in create
    obj = self.model(**kwargs)
          ^^^^^^^^^^^^^^^^^^^^
  File "/home/alimt/Minibini/venv/lib/python3.12/site-packages/django/db/models/base.py", line 558, in __init__
    _setattr(self, prop, value)
AttributeError: property 'name' of 'Contact' object has no setter

======================================================================
ERROR: test_reorder_work_order_task_down (tests.test_task_reordering.TaskReorderingTestCase.test_reorder_work_order_task_down)
Test moving a work order task down
----------------------------------------------------------------------
Traceback (most recent call last):
  File "/home/alimt/Minibini/tests/test_task_reordering.py", line 21, in setUp
    self.default_contact = Contact.objects.create(name='Default Contact')
                           ^^^^^^^^^^^^^^^^^^^^^^^^^^^^^^^^^^^^^^^^^^^^^^
  File "/home/alimt/Minibini/venv/lib/python3.12/site-packages/django/db/models/manager.py", line 87, in manager_method
    return getattr(self.get_queryset(), name)(*args, **kwargs)
           ^^^^^^^^^^^^^^^^^^^^^^^^^^^^^^^^^^^^^^^^^^^^^^^^^^^
  File "/home/alimt/Minibini/venv/lib/python3.12/site-packages/django/db/models/query.py", line 661, in create
    obj = self.model(**kwargs)
          ^^^^^^^^^^^^^^^^^^^^
  File "/home/alimt/Minibini/venv/lib/python3.12/site-packages/django/db/models/base.py", line 558, in __init__
    _setattr(self, prop, value)
AttributeError: property 'name' of 'Contact' object has no setter

======================================================================
ERROR: test_reorder_work_order_task_up (tests.test_task_reordering.TaskReorderingTestCase.test_reorder_work_order_task_up)
Test moving a work order task up
----------------------------------------------------------------------
Traceback (most recent call last):
  File "/home/alimt/Minibini/tests/test_task_reordering.py", line 21, in setUp
    self.default_contact = Contact.objects.create(name='Default Contact')
                           ^^^^^^^^^^^^^^^^^^^^^^^^^^^^^^^^^^^^^^^^^^^^^^
  File "/home/alimt/Minibini/venv/lib/python3.12/site-packages/django/db/models/manager.py", line 87, in manager_method
    return getattr(self.get_queryset(), name)(*args, **kwargs)
           ^^^^^^^^^^^^^^^^^^^^^^^^^^^^^^^^^^^^^^^^^^^^^^^^^^^
  File "/home/alimt/Minibini/venv/lib/python3.12/site-packages/django/db/models/query.py", line 661, in create
    obj = self.model(**kwargs)
          ^^^^^^^^^^^^^^^^^^^^
  File "/home/alimt/Minibini/venv/lib/python3.12/site-packages/django/db/models/base.py", line 558, in __init__
    _setattr(self, prop, value)
AttributeError: property 'name' of 'Contact' object has no setter

======================================================================
ERROR: test_reorder_worksheet_task_down (tests.test_task_reordering.TaskReorderingTestCase.test_reorder_worksheet_task_down)
Test moving a task down in the worksheet
----------------------------------------------------------------------
Traceback (most recent call last):
  File "/home/alimt/Minibini/tests/test_task_reordering.py", line 21, in setUp
    self.default_contact = Contact.objects.create(name='Default Contact')
                           ^^^^^^^^^^^^^^^^^^^^^^^^^^^^^^^^^^^^^^^^^^^^^^
  File "/home/alimt/Minibini/venv/lib/python3.12/site-packages/django/db/models/manager.py", line 87, in manager_method
    return getattr(self.get_queryset(), name)(*args, **kwargs)
           ^^^^^^^^^^^^^^^^^^^^^^^^^^^^^^^^^^^^^^^^^^^^^^^^^^^
  File "/home/alimt/Minibini/venv/lib/python3.12/site-packages/django/db/models/query.py", line 661, in create
    obj = self.model(**kwargs)
          ^^^^^^^^^^^^^^^^^^^^
  File "/home/alimt/Minibini/venv/lib/python3.12/site-packages/django/db/models/base.py", line 558, in __init__
    _setattr(self, prop, value)
AttributeError: property 'name' of 'Contact' object has no setter

======================================================================
ERROR: test_reorder_worksheet_task_up (tests.test_task_reordering.TaskReorderingTestCase.test_reorder_worksheet_task_up)
Test moving a task up in the worksheet
----------------------------------------------------------------------
Traceback (most recent call last):
  File "/home/alimt/Minibini/tests/test_task_reordering.py", line 21, in setUp
    self.default_contact = Contact.objects.create(name='Default Contact')
                           ^^^^^^^^^^^^^^^^^^^^^^^^^^^^^^^^^^^^^^^^^^^^^^
  File "/home/alimt/Minibini/venv/lib/python3.12/site-packages/django/db/models/manager.py", line 87, in manager_method
    return getattr(self.get_queryset(), name)(*args, **kwargs)
           ^^^^^^^^^^^^^^^^^^^^^^^^^^^^^^^^^^^^^^^^^^^^^^^^^^^
  File "/home/alimt/Minibini/venv/lib/python3.12/site-packages/django/db/models/query.py", line 661, in create
    obj = self.model(**kwargs)
          ^^^^^^^^^^^^^^^^^^^^
  File "/home/alimt/Minibini/venv/lib/python3.12/site-packages/django/db/models/base.py", line 558, in __init__
    _setattr(self, prop, value)
AttributeError: property 'name' of 'Contact' object has no setter

======================================================================
ERROR: test_work_order_tasks_have_line_numbers (tests.test_task_reordering.TaskReorderingTestCase.test_work_order_tasks_have_line_numbers)
Test that work order tasks are automatically assigned line numbers
----------------------------------------------------------------------
Traceback (most recent call last):
  File "/home/alimt/Minibini/tests/test_task_reordering.py", line 21, in setUp
    self.default_contact = Contact.objects.create(name='Default Contact')
                           ^^^^^^^^^^^^^^^^^^^^^^^^^^^^^^^^^^^^^^^^^^^^^^
  File "/home/alimt/Minibini/venv/lib/python3.12/site-packages/django/db/models/manager.py", line 87, in manager_method
    return getattr(self.get_queryset(), name)(*args, **kwargs)
           ^^^^^^^^^^^^^^^^^^^^^^^^^^^^^^^^^^^^^^^^^^^^^^^^^^^
  File "/home/alimt/Minibini/venv/lib/python3.12/site-packages/django/db/models/query.py", line 661, in create
    obj = self.model(**kwargs)
          ^^^^^^^^^^^^^^^^^^^^
  File "/home/alimt/Minibini/venv/lib/python3.12/site-packages/django/db/models/base.py", line 558, in __init__
    _setattr(self, prop, value)
AttributeError: property 'name' of 'Contact' object has no setter

======================================================================
ERROR: test_worksheet_tasks_have_line_numbers (tests.test_task_reordering.TaskReorderingTestCase.test_worksheet_tasks_have_line_numbers)
Test that tasks are automatically assigned line numbers
----------------------------------------------------------------------
Traceback (most recent call last):
  File "/home/alimt/Minibini/tests/test_task_reordering.py", line 21, in setUp
    self.default_contact = Contact.objects.create(name='Default Contact')
                           ^^^^^^^^^^^^^^^^^^^^^^^^^^^^^^^^^^^^^^^^^^^^^^
  File "/home/alimt/Minibini/venv/lib/python3.12/site-packages/django/db/models/manager.py", line 87, in manager_method
    return getattr(self.get_queryset(), name)(*args, **kwargs)
           ^^^^^^^^^^^^^^^^^^^^^^^^^^^^^^^^^^^^^^^^^^^^^^^^^^^
  File "/home/alimt/Minibini/venv/lib/python3.12/site-packages/django/db/models/query.py", line 661, in create
    obj = self.model(**kwargs)
          ^^^^^^^^^^^^^^^^^^^^
  File "/home/alimt/Minibini/venv/lib/python3.12/site-packages/django/db/models/base.py", line 558, in __init__
    _setattr(self, prop, value)
AttributeError: property 'name' of 'Contact' object has no setter

======================================================================
ERROR: test_direct_estimate_creation (tests.test_template_workflows.EstimateCreationWorkflowTest.test_direct_estimate_creation)
Test direct Estimate creation starts in draft status.
----------------------------------------------------------------------
Traceback (most recent call last):
  File "/home/alimt/Minibini/tests/test_template_workflows.py", line 148, in setUp
    self.contact = Contact.objects.create(name="Test Customer")
                   ^^^^^^^^^^^^^^^^^^^^^^^^^^^^^^^^^^^^^^^^^^^^
  File "/home/alimt/Minibini/venv/lib/python3.12/site-packages/django/db/models/manager.py", line 87, in manager_method
    return getattr(self.get_queryset(), name)(*args, **kwargs)
           ^^^^^^^^^^^^^^^^^^^^^^^^^^^^^^^^^^^^^^^^^^^^^^^^^^^
  File "/home/alimt/Minibini/venv/lib/python3.12/site-packages/django/db/models/query.py", line 661, in create
    obj = self.model(**kwargs)
          ^^^^^^^^^^^^^^^^^^^^
  File "/home/alimt/Minibini/venv/lib/python3.12/site-packages/django/db/models/base.py", line 558, in __init__
    _setattr(self, prop, value)
AttributeError: property 'name' of 'Contact' object has no setter

======================================================================
ERROR: test_estimate_from_blocked_work_order_rejected (tests.test_template_workflows.EstimateCreationWorkflowTest.test_estimate_from_blocked_work_order_rejected)
Test Estimate creation from Blocked WorkOrder is rejected.
----------------------------------------------------------------------
Traceback (most recent call last):
  File "/home/alimt/Minibini/tests/test_template_workflows.py", line 148, in setUp
    self.contact = Contact.objects.create(name="Test Customer")
                   ^^^^^^^^^^^^^^^^^^^^^^^^^^^^^^^^^^^^^^^^^^^^
  File "/home/alimt/Minibini/venv/lib/python3.12/site-packages/django/db/models/manager.py", line 87, in manager_method
    return getattr(self.get_queryset(), name)(*args, **kwargs)
           ^^^^^^^^^^^^^^^^^^^^^^^^^^^^^^^^^^^^^^^^^^^^^^^^^^^
  File "/home/alimt/Minibini/venv/lib/python3.12/site-packages/django/db/models/query.py", line 661, in create
    obj = self.model(**kwargs)
          ^^^^^^^^^^^^^^^^^^^^
  File "/home/alimt/Minibini/venv/lib/python3.12/site-packages/django/db/models/base.py", line 558, in __init__
    _setattr(self, prop, value)
AttributeError: property 'name' of 'Contact' object has no setter

======================================================================
ERROR: test_estimate_from_complete_work_order_rejected (tests.test_template_workflows.EstimateCreationWorkflowTest.test_estimate_from_complete_work_order_rejected)
Test Estimate creation from Complete WorkOrder is rejected.
----------------------------------------------------------------------
Traceback (most recent call last):
  File "/home/alimt/Minibini/tests/test_template_workflows.py", line 148, in setUp
    self.contact = Contact.objects.create(name="Test Customer")
                   ^^^^^^^^^^^^^^^^^^^^^^^^^^^^^^^^^^^^^^^^^^^^
  File "/home/alimt/Minibini/venv/lib/python3.12/site-packages/django/db/models/manager.py", line 87, in manager_method
    return getattr(self.get_queryset(), name)(*args, **kwargs)
           ^^^^^^^^^^^^^^^^^^^^^^^^^^^^^^^^^^^^^^^^^^^^^^^^^^^
  File "/home/alimt/Minibini/venv/lib/python3.12/site-packages/django/db/models/query.py", line 661, in create
    obj = self.model(**kwargs)
          ^^^^^^^^^^^^^^^^^^^^
  File "/home/alimt/Minibini/venv/lib/python3.12/site-packages/django/db/models/base.py", line 558, in __init__
    _setattr(self, prop, value)
AttributeError: property 'name' of 'Contact' object has no setter

======================================================================
ERROR: test_estimate_from_draft_work_order (tests.test_template_workflows.EstimateCreationWorkflowTest.test_estimate_from_draft_work_order)
Test Estimate creation from Draft WorkOrder.
----------------------------------------------------------------------
Traceback (most recent call last):
  File "/home/alimt/Minibini/tests/test_template_workflows.py", line 148, in setUp
    self.contact = Contact.objects.create(name="Test Customer")
                   ^^^^^^^^^^^^^^^^^^^^^^^^^^^^^^^^^^^^^^^^^^^^
  File "/home/alimt/Minibini/venv/lib/python3.12/site-packages/django/db/models/manager.py", line 87, in manager_method
    return getattr(self.get_queryset(), name)(*args, **kwargs)
           ^^^^^^^^^^^^^^^^^^^^^^^^^^^^^^^^^^^^^^^^^^^^^^^^^^^
  File "/home/alimt/Minibini/venv/lib/python3.12/site-packages/django/db/models/query.py", line 661, in create
    obj = self.model(**kwargs)
          ^^^^^^^^^^^^^^^^^^^^
  File "/home/alimt/Minibini/venv/lib/python3.12/site-packages/django/db/models/base.py", line 558, in __init__
    _setattr(self, prop, value)
AttributeError: property 'name' of 'Contact' object has no setter

======================================================================
ERROR: test_estimate_from_incomplete_work_order_rejected (tests.test_template_workflows.EstimateCreationWorkflowTest.test_estimate_from_incomplete_work_order_rejected)
Test Estimate creation from Incomplete WorkOrder is rejected.
----------------------------------------------------------------------
Traceback (most recent call last):
  File "/home/alimt/Minibini/tests/test_template_workflows.py", line 148, in setUp
    self.contact = Contact.objects.create(name="Test Customer")
                   ^^^^^^^^^^^^^^^^^^^^^^^^^^^^^^^^^^^^^^^^^^^^
  File "/home/alimt/Minibini/venv/lib/python3.12/site-packages/django/db/models/manager.py", line 87, in manager_method
    return getattr(self.get_queryset(), name)(*args, **kwargs)
           ^^^^^^^^^^^^^^^^^^^^^^^^^^^^^^^^^^^^^^^^^^^^^^^^^^^
  File "/home/alimt/Minibini/venv/lib/python3.12/site-packages/django/db/models/query.py", line 661, in create
    obj = self.model(**kwargs)
          ^^^^^^^^^^^^^^^^^^^^
  File "/home/alimt/Minibini/venv/lib/python3.12/site-packages/django/db/models/base.py", line 558, in __init__
    _setattr(self, prop, value)
AttributeError: property 'name' of 'Contact' object has no setter

======================================================================
ERROR: test_circular_creation_prevention (tests.test_template_workflows.StatusTransitionPreventionTest.test_circular_creation_prevention)
Test that circular creation is prevented by status rules.
----------------------------------------------------------------------
Traceback (most recent call last):
  File "/home/alimt/Minibini/tests/test_template_workflows.py", line 460, in setUp
    self.contact = Contact.objects.create(name="Test Customer")
                   ^^^^^^^^^^^^^^^^^^^^^^^^^^^^^^^^^^^^^^^^^^^^
  File "/home/alimt/Minibini/venv/lib/python3.12/site-packages/django/db/models/manager.py", line 87, in manager_method
    return getattr(self.get_queryset(), name)(*args, **kwargs)
           ^^^^^^^^^^^^^^^^^^^^^^^^^^^^^^^^^^^^^^^^^^^^^^^^^^^
  File "/home/alimt/Minibini/venv/lib/python3.12/site-packages/django/db/models/query.py", line 661, in create
    obj = self.model(**kwargs)
          ^^^^^^^^^^^^^^^^^^^^
  File "/home/alimt/Minibini/venv/lib/python3.12/site-packages/django/db/models/base.py", line 558, in __init__
    _setattr(self, prop, value)
AttributeError: property 'name' of 'Contact' object has no setter

======================================================================
ERROR: test_estimate_never_returns_to_draft (tests.test_template_workflows.StatusTransitionPreventionTest.test_estimate_never_returns_to_draft)
Test business rule: Estimate never goes back to draft once moved to open.
----------------------------------------------------------------------
Traceback (most recent call last):
  File "/home/alimt/Minibini/tests/test_template_workflows.py", line 460, in setUp
    self.contact = Contact.objects.create(name="Test Customer")
                   ^^^^^^^^^^^^^^^^^^^^^^^^^^^^^^^^^^^^^^^^^^^^
  File "/home/alimt/Minibini/venv/lib/python3.12/site-packages/django/db/models/manager.py", line 87, in manager_method
    return getattr(self.get_queryset(), name)(*args, **kwargs)
           ^^^^^^^^^^^^^^^^^^^^^^^^^^^^^^^^^^^^^^^^^^^^^^^^^^^
  File "/home/alimt/Minibini/venv/lib/python3.12/site-packages/django/db/models/query.py", line 661, in create
    obj = self.model(**kwargs)
          ^^^^^^^^^^^^^^^^^^^^
  File "/home/alimt/Minibini/venv/lib/python3.12/site-packages/django/db/models/base.py", line 558, in __init__
    _setattr(self, prop, value)
AttributeError: property 'name' of 'Contact' object has no setter

======================================================================
ERROR: test_direct_task_creation (tests.test_template_workflows.TaskCreationWorkflowTest.test_direct_task_creation)
Test direct Task creation.
----------------------------------------------------------------------
Traceback (most recent call last):
  File "/home/alimt/Minibini/tests/test_template_workflows.py", line 227, in setUp
    self.contact = Contact.objects.create(name="Test Customer")
                   ^^^^^^^^^^^^^^^^^^^^^^^^^^^^^^^^^^^^^^^^^^^^
  File "/home/alimt/Minibini/venv/lib/python3.12/site-packages/django/db/models/manager.py", line 87, in manager_method
    return getattr(self.get_queryset(), name)(*args, **kwargs)
           ^^^^^^^^^^^^^^^^^^^^^^^^^^^^^^^^^^^^^^^^^^^^^^^^^^^
  File "/home/alimt/Minibini/venv/lib/python3.12/site-packages/django/db/models/query.py", line 661, in create
    obj = self.model(**kwargs)
          ^^^^^^^^^^^^^^^^^^^^
  File "/home/alimt/Minibini/venv/lib/python3.12/site-packages/django/db/models/base.py", line 558, in __init__
    _setattr(self, prop, value)
AttributeError: property 'name' of 'Contact' object has no setter

======================================================================
ERROR: test_task_from_active_template (tests.test_template_workflows.TaskCreationWorkflowTest.test_task_from_active_template)
Test Task creation from active TaskTemplate.
----------------------------------------------------------------------
Traceback (most recent call last):
  File "/home/alimt/Minibini/tests/test_template_workflows.py", line 227, in setUp
    self.contact = Contact.objects.create(name="Test Customer")
                   ^^^^^^^^^^^^^^^^^^^^^^^^^^^^^^^^^^^^^^^^^^^^
  File "/home/alimt/Minibini/venv/lib/python3.12/site-packages/django/db/models/manager.py", line 87, in manager_method
    return getattr(self.get_queryset(), name)(*args, **kwargs)
           ^^^^^^^^^^^^^^^^^^^^^^^^^^^^^^^^^^^^^^^^^^^^^^^^^^^
  File "/home/alimt/Minibini/venv/lib/python3.12/site-packages/django/db/models/query.py", line 661, in create
    obj = self.model(**kwargs)
          ^^^^^^^^^^^^^^^^^^^^
  File "/home/alimt/Minibini/venv/lib/python3.12/site-packages/django/db/models/base.py", line 558, in __init__
    _setattr(self, prop, value)
AttributeError: property 'name' of 'Contact' object has no setter

======================================================================
ERROR: test_task_from_inactive_template_rejected (tests.test_template_workflows.TaskCreationWorkflowTest.test_task_from_inactive_template_rejected)
Test Task creation from inactive template is rejected.
----------------------------------------------------------------------
Traceback (most recent call last):
  File "/home/alimt/Minibini/tests/test_template_workflows.py", line 227, in setUp
    self.contact = Contact.objects.create(name="Test Customer")
                   ^^^^^^^^^^^^^^^^^^^^^^^^^^^^^^^^^^^^^^^^^^^^
  File "/home/alimt/Minibini/venv/lib/python3.12/site-packages/django/db/models/manager.py", line 87, in manager_method
    return getattr(self.get_queryset(), name)(*args, **kwargs)
           ^^^^^^^^^^^^^^^^^^^^^^^^^^^^^^^^^^^^^^^^^^^^^^^^^^^
  File "/home/alimt/Minibini/venv/lib/python3.12/site-packages/django/db/models/query.py", line 661, in create
    obj = self.model(**kwargs)
          ^^^^^^^^^^^^^^^^^^^^
  File "/home/alimt/Minibini/venv/lib/python3.12/site-packages/django/db/models/base.py", line 558, in __init__
    _setattr(self, prop, value)
AttributeError: property 'name' of 'Contact' object has no setter

======================================================================
ERROR: test_task_template_calculation_example (tests.test_template_workflows.TaskCreationWorkflowTest.test_task_template_calculation_example)
Test using TaskTemplate fields with association for calculations.
----------------------------------------------------------------------
Traceback (most recent call last):
  File "/home/alimt/Minibini/tests/test_template_workflows.py", line 227, in setUp
    self.contact = Contact.objects.create(name="Test Customer")
                   ^^^^^^^^^^^^^^^^^^^^^^^^^^^^^^^^^^^^^^^^^^^^
  File "/home/alimt/Minibini/venv/lib/python3.12/site-packages/django/db/models/manager.py", line 87, in manager_method
    return getattr(self.get_queryset(), name)(*args, **kwargs)
           ^^^^^^^^^^^^^^^^^^^^^^^^^^^^^^^^^^^^^^^^^^^^^^^^^^^
  File "/home/alimt/Minibini/venv/lib/python3.12/site-packages/django/db/models/query.py", line 661, in create
    obj = self.model(**kwargs)
          ^^^^^^^^^^^^^^^^^^^^
  File "/home/alimt/Minibini/venv/lib/python3.12/site-packages/django/db/models/base.py", line 558, in __init__
    _setattr(self, prop, value)
AttributeError: property 'name' of 'Contact' object has no setter

======================================================================
ERROR: test_task_template_new_fields (tests.test_template_workflows.TaskCreationWorkflowTest.test_task_template_new_fields)
Test TaskTemplate with new units and rate fields.
----------------------------------------------------------------------
Traceback (most recent call last):
  File "/home/alimt/Minibini/tests/test_template_workflows.py", line 227, in setUp
    self.contact = Contact.objects.create(name="Test Customer")
                   ^^^^^^^^^^^^^^^^^^^^^^^^^^^^^^^^^^^^^^^^^^^^
  File "/home/alimt/Minibini/venv/lib/python3.12/site-packages/django/db/models/manager.py", line 87, in manager_method
    return getattr(self.get_queryset(), name)(*args, **kwargs)
           ^^^^^^^^^^^^^^^^^^^^^^^^^^^^^^^^^^^^^^^^^^^^^^^^^^^
  File "/home/alimt/Minibini/venv/lib/python3.12/site-packages/django/db/models/query.py", line 661, in create
    obj = self.model(**kwargs)
          ^^^^^^^^^^^^^^^^^^^^
  File "/home/alimt/Minibini/venv/lib/python3.12/site-packages/django/db/models/base.py", line 558, in __init__
    _setattr(self, prop, value)
AttributeError: property 'name' of 'Contact' object has no setter

======================================================================
ERROR: test_task_template_new_fields_optional (tests.test_template_workflows.TaskCreationWorkflowTest.test_task_template_new_fields_optional)
Test TaskTemplate new fields are optional.
----------------------------------------------------------------------
Traceback (most recent call last):
  File "/home/alimt/Minibini/tests/test_template_workflows.py", line 227, in setUp
    self.contact = Contact.objects.create(name="Test Customer")
                   ^^^^^^^^^^^^^^^^^^^^^^^^^^^^^^^^^^^^^^^^^^^^
  File "/home/alimt/Minibini/venv/lib/python3.12/site-packages/django/db/models/manager.py", line 87, in manager_method
    return getattr(self.get_queryset(), name)(*args, **kwargs)
           ^^^^^^^^^^^^^^^^^^^^^^^^^^^^^^^^^^^^^^^^^^^^^^^^^^^
  File "/home/alimt/Minibini/venv/lib/python3.12/site-packages/django/db/models/query.py", line 661, in create
    obj = self.model(**kwargs)
          ^^^^^^^^^^^^^^^^^^^^
  File "/home/alimt/Minibini/venv/lib/python3.12/site-packages/django/db/models/base.py", line 558, in __init__
    _setattr(self, prop, value)
AttributeError: property 'name' of 'Contact' object has no setter

======================================================================
ERROR: test_task_template_without_task_mapping (tests.test_template_workflows.TaskCreationWorkflowTest.test_task_template_without_task_mapping)
Test TaskTemplate can be created without TaskMapping.
----------------------------------------------------------------------
Traceback (most recent call last):
  File "/home/alimt/Minibini/tests/test_template_workflows.py", line 227, in setUp
    self.contact = Contact.objects.create(name="Test Customer")
                   ^^^^^^^^^^^^^^^^^^^^^^^^^^^^^^^^^^^^^^^^^^^^
  File "/home/alimt/Minibini/venv/lib/python3.12/site-packages/django/db/models/manager.py", line 87, in manager_method
    return getattr(self.get_queryset(), name)(*args, **kwargs)
           ^^^^^^^^^^^^^^^^^^^^^^^^^^^^^^^^^^^^^^^^^^^^^^^^^^^
  File "/home/alimt/Minibini/venv/lib/python3.12/site-packages/django/db/models/query.py", line 661, in create
    obj = self.model(**kwargs)
          ^^^^^^^^^^^^^^^^^^^^
  File "/home/alimt/Minibini/venv/lib/python3.12/site-packages/django/db/models/base.py", line 558, in __init__
    _setattr(self, prop, value)
AttributeError: property 'name' of 'Contact' object has no setter

======================================================================
ERROR: test_line_item_to_task_translation_placeholder (tests.test_template_workflows.TaskMappingTranslationTest.test_line_item_to_task_translation_placeholder)
Placeholder: Test LineItem -> TaskMapping -> Task translation.
----------------------------------------------------------------------
Traceback (most recent call last):
  File "/home/alimt/Minibini/tests/test_template_workflows.py", line 526, in setUp
    self.contact = Contact.objects.create(name="Test Customer")
                   ^^^^^^^^^^^^^^^^^^^^^^^^^^^^^^^^^^^^^^^^^^^^
  File "/home/alimt/Minibini/venv/lib/python3.12/site-packages/django/db/models/manager.py", line 87, in manager_method
    return getattr(self.get_queryset(), name)(*args, **kwargs)
           ^^^^^^^^^^^^^^^^^^^^^^^^^^^^^^^^^^^^^^^^^^^^^^^^^^^
  File "/home/alimt/Minibini/venv/lib/python3.12/site-packages/django/db/models/query.py", line 661, in create
    obj = self.model(**kwargs)
          ^^^^^^^^^^^^^^^^^^^^
  File "/home/alimt/Minibini/venv/lib/python3.12/site-packages/django/db/models/base.py", line 558, in __init__
    _setattr(self, prop, value)
AttributeError: property 'name' of 'Contact' object has no setter

======================================================================
ERROR: test_price_list_item_task_mapping_integration_placeholder (tests.test_template_workflows.TaskMappingTranslationTest.test_price_list_item_task_mapping_integration_placeholder)
Placeholder: Test PriceListItem -> TaskMapping integration.
----------------------------------------------------------------------
Traceback (most recent call last):
  File "/home/alimt/Minibini/tests/test_template_workflows.py", line 526, in setUp
    self.contact = Contact.objects.create(name="Test Customer")
                   ^^^^^^^^^^^^^^^^^^^^^^^^^^^^^^^^^^^^^^^^^^^^
  File "/home/alimt/Minibini/venv/lib/python3.12/site-packages/django/db/models/manager.py", line 87, in manager_method
    return getattr(self.get_queryset(), name)(*args, **kwargs)
           ^^^^^^^^^^^^^^^^^^^^^^^^^^^^^^^^^^^^^^^^^^^^^^^^^^^
  File "/home/alimt/Minibini/venv/lib/python3.12/site-packages/django/db/models/query.py", line 661, in create
    obj = self.model(**kwargs)
          ^^^^^^^^^^^^^^^^^^^^
  File "/home/alimt/Minibini/venv/lib/python3.12/site-packages/django/db/models/base.py", line 558, in __init__
    _setattr(self, prop, value)
AttributeError: property 'name' of 'Contact' object has no setter

======================================================================
ERROR: test_task_to_line_item_translation_placeholder (tests.test_template_workflows.TaskMappingTranslationTest.test_task_to_line_item_translation_placeholder)
Placeholder: Test Task -> TaskMapping -> LineItem translation.
----------------------------------------------------------------------
Traceback (most recent call last):
  File "/home/alimt/Minibini/tests/test_template_workflows.py", line 526, in setUp
    self.contact = Contact.objects.create(name="Test Customer")
                   ^^^^^^^^^^^^^^^^^^^^^^^^^^^^^^^^^^^^^^^^^^^^
  File "/home/alimt/Minibini/venv/lib/python3.12/site-packages/django/db/models/manager.py", line 87, in manager_method
    return getattr(self.get_queryset(), name)(*args, **kwargs)
           ^^^^^^^^^^^^^^^^^^^^^^^^^^^^^^^^^^^^^^^^^^^^^^^^^^^
  File "/home/alimt/Minibini/venv/lib/python3.12/site-packages/django/db/models/query.py", line 661, in create
    obj = self.model(**kwargs)
          ^^^^^^^^^^^^^^^^^^^^
  File "/home/alimt/Minibini/venv/lib/python3.12/site-packages/django/db/models/base.py", line 558, in __init__
    _setattr(self, prop, value)
AttributeError: property 'name' of 'Contact' object has no setter

======================================================================
ERROR: test_full_template_workflow (tests.test_template_workflows.TemplateIntegrationTest.test_full_template_workflow)
Test complete workflow: Template -> WorkOrder -> Tasks.
----------------------------------------------------------------------
Traceback (most recent call last):
  File "/home/alimt/Minibini/tests/test_template_workflows.py", line 369, in setUp
    self.contact = Contact.objects.create(name="Test Customer")
                   ^^^^^^^^^^^^^^^^^^^^^^^^^^^^^^^^^^^^^^^^^^^^
  File "/home/alimt/Minibini/venv/lib/python3.12/site-packages/django/db/models/manager.py", line 87, in manager_method
    return getattr(self.get_queryset(), name)(*args, **kwargs)
           ^^^^^^^^^^^^^^^^^^^^^^^^^^^^^^^^^^^^^^^^^^^^^^^^^^^
  File "/home/alimt/Minibini/venv/lib/python3.12/site-packages/django/db/models/query.py", line 661, in create
    obj = self.model(**kwargs)
          ^^^^^^^^^^^^^^^^^^^^
  File "/home/alimt/Minibini/venv/lib/python3.12/site-packages/django/db/models/base.py", line 558, in __init__
    _setattr(self, prop, value)
AttributeError: property 'name' of 'Contact' object has no setter

======================================================================
ERROR: test_direct_work_order_creation (tests.test_template_workflows.WorkOrderCreationWorkflowTest.test_direct_work_order_creation)
Test direct WorkOrder creation starts in draft status.
----------------------------------------------------------------------
Traceback (most recent call last):
  File "/home/alimt/Minibini/tests/test_template_workflows.py", line 32, in setUp
    self.contact = Contact.objects.create(name="Test Customer")
                   ^^^^^^^^^^^^^^^^^^^^^^^^^^^^^^^^^^^^^^^^^^^^
  File "/home/alimt/Minibini/venv/lib/python3.12/site-packages/django/db/models/manager.py", line 87, in manager_method
    return getattr(self.get_queryset(), name)(*args, **kwargs)
           ^^^^^^^^^^^^^^^^^^^^^^^^^^^^^^^^^^^^^^^^^^^^^^^^^^^
  File "/home/alimt/Minibini/venv/lib/python3.12/site-packages/django/db/models/query.py", line 661, in create
    obj = self.model(**kwargs)
          ^^^^^^^^^^^^^^^^^^^^
  File "/home/alimt/Minibini/venv/lib/python3.12/site-packages/django/db/models/base.py", line 558, in __init__
    _setattr(self, prop, value)
AttributeError: property 'name' of 'Contact' object has no setter

======================================================================
ERROR: test_work_order_from_accepted_estimate (tests.test_template_workflows.WorkOrderCreationWorkflowTest.test_work_order_from_accepted_estimate)
Test WorkOrder creation from Accepted estimate.
----------------------------------------------------------------------
Traceback (most recent call last):
  File "/home/alimt/Minibini/tests/test_template_workflows.py", line 32, in setUp
    self.contact = Contact.objects.create(name="Test Customer")
                   ^^^^^^^^^^^^^^^^^^^^^^^^^^^^^^^^^^^^^^^^^^^^
  File "/home/alimt/Minibini/venv/lib/python3.12/site-packages/django/db/models/manager.py", line 87, in manager_method
    return getattr(self.get_queryset(), name)(*args, **kwargs)
           ^^^^^^^^^^^^^^^^^^^^^^^^^^^^^^^^^^^^^^^^^^^^^^^^^^^
  File "/home/alimt/Minibini/venv/lib/python3.12/site-packages/django/db/models/query.py", line 661, in create
    obj = self.model(**kwargs)
          ^^^^^^^^^^^^^^^^^^^^
  File "/home/alimt/Minibini/venv/lib/python3.12/site-packages/django/db/models/base.py", line 558, in __init__
    _setattr(self, prop, value)
AttributeError: property 'name' of 'Contact' object has no setter

======================================================================
ERROR: test_work_order_from_active_template (tests.test_template_workflows.WorkOrderCreationWorkflowTest.test_work_order_from_active_template)
Test WorkOrder creation from active template.
----------------------------------------------------------------------
Traceback (most recent call last):
  File "/home/alimt/Minibini/tests/test_template_workflows.py", line 32, in setUp
    self.contact = Contact.objects.create(name="Test Customer")
                   ^^^^^^^^^^^^^^^^^^^^^^^^^^^^^^^^^^^^^^^^^^^^
  File "/home/alimt/Minibini/venv/lib/python3.12/site-packages/django/db/models/manager.py", line 87, in manager_method
    return getattr(self.get_queryset(), name)(*args, **kwargs)
           ^^^^^^^^^^^^^^^^^^^^^^^^^^^^^^^^^^^^^^^^^^^^^^^^^^^
  File "/home/alimt/Minibini/venv/lib/python3.12/site-packages/django/db/models/query.py", line 661, in create
    obj = self.model(**kwargs)
          ^^^^^^^^^^^^^^^^^^^^
  File "/home/alimt/Minibini/venv/lib/python3.12/site-packages/django/db/models/base.py", line 558, in __init__
    _setattr(self, prop, value)
AttributeError: property 'name' of 'Contact' object has no setter

======================================================================
ERROR: test_work_order_from_draft_estimate_rejected (tests.test_template_workflows.WorkOrderCreationWorkflowTest.test_work_order_from_draft_estimate_rejected)
Test WorkOrder creation from Draft estimate is rejected.
----------------------------------------------------------------------
Traceback (most recent call last):
  File "/home/alimt/Minibini/tests/test_template_workflows.py", line 32, in setUp
    self.contact = Contact.objects.create(name="Test Customer")
                   ^^^^^^^^^^^^^^^^^^^^^^^^^^^^^^^^^^^^^^^^^^^^
  File "/home/alimt/Minibini/venv/lib/python3.12/site-packages/django/db/models/manager.py", line 87, in manager_method
    return getattr(self.get_queryset(), name)(*args, **kwargs)
           ^^^^^^^^^^^^^^^^^^^^^^^^^^^^^^^^^^^^^^^^^^^^^^^^^^^
  File "/home/alimt/Minibini/venv/lib/python3.12/site-packages/django/db/models/query.py", line 661, in create
    obj = self.model(**kwargs)
          ^^^^^^^^^^^^^^^^^^^^
  File "/home/alimt/Minibini/venv/lib/python3.12/site-packages/django/db/models/base.py", line 558, in __init__
    _setattr(self, prop, value)
AttributeError: property 'name' of 'Contact' object has no setter

======================================================================
ERROR: test_work_order_from_inactive_template_rejected (tests.test_template_workflows.WorkOrderCreationWorkflowTest.test_work_order_from_inactive_template_rejected)
Test WorkOrder creation from inactive template is rejected.
----------------------------------------------------------------------
Traceback (most recent call last):
  File "/home/alimt/Minibini/tests/test_template_workflows.py", line 32, in setUp
    self.contact = Contact.objects.create(name="Test Customer")
                   ^^^^^^^^^^^^^^^^^^^^^^^^^^^^^^^^^^^^^^^^^^^^
  File "/home/alimt/Minibini/venv/lib/python3.12/site-packages/django/db/models/manager.py", line 87, in manager_method
    return getattr(self.get_queryset(), name)(*args, **kwargs)
           ^^^^^^^^^^^^^^^^^^^^^^^^^^^^^^^^^^^^^^^^^^^^^^^^^^^
  File "/home/alimt/Minibini/venv/lib/python3.12/site-packages/django/db/models/query.py", line 661, in create
    obj = self.model(**kwargs)
          ^^^^^^^^^^^^^^^^^^^^
  File "/home/alimt/Minibini/venv/lib/python3.12/site-packages/django/db/models/base.py", line 558, in __init__
    _setattr(self, prop, value)
AttributeError: property 'name' of 'Contact' object has no setter

======================================================================
ERROR: test_work_order_from_open_estimate (tests.test_template_workflows.WorkOrderCreationWorkflowTest.test_work_order_from_open_estimate)
Test WorkOrder creation from Open estimate.
----------------------------------------------------------------------
Traceback (most recent call last):
  File "/home/alimt/Minibini/tests/test_template_workflows.py", line 32, in setUp
    self.contact = Contact.objects.create(name="Test Customer")
                   ^^^^^^^^^^^^^^^^^^^^^^^^^^^^^^^^^^^^^^^^^^^^
  File "/home/alimt/Minibini/venv/lib/python3.12/site-packages/django/db/models/manager.py", line 87, in manager_method
    return getattr(self.get_queryset(), name)(*args, **kwargs)
           ^^^^^^^^^^^^^^^^^^^^^^^^^^^^^^^^^^^^^^^^^^^^^^^^^^^
  File "/home/alimt/Minibini/venv/lib/python3.12/site-packages/django/db/models/query.py", line 661, in create
    obj = self.model(**kwargs)
          ^^^^^^^^^^^^^^^^^^^^
  File "/home/alimt/Minibini/venv/lib/python3.12/site-packages/django/db/models/base.py", line 558, in __init__
    _setattr(self, prop, value)
AttributeError: property 'name' of 'Contact' object has no setter

======================================================================
ERROR: test_work_order_from_rejected_estimate_rejected (tests.test_template_workflows.WorkOrderCreationWorkflowTest.test_work_order_from_rejected_estimate_rejected)
Test WorkOrder creation from Rejected estimate is rejected.
----------------------------------------------------------------------
Traceback (most recent call last):
  File "/home/alimt/Minibini/tests/test_template_workflows.py", line 32, in setUp
    self.contact = Contact.objects.create(name="Test Customer")
                   ^^^^^^^^^^^^^^^^^^^^^^^^^^^^^^^^^^^^^^^^^^^^
  File "/home/alimt/Minibini/venv/lib/python3.12/site-packages/django/db/models/manager.py", line 87, in manager_method
    return getattr(self.get_queryset(), name)(*args, **kwargs)
           ^^^^^^^^^^^^^^^^^^^^^^^^^^^^^^^^^^^^^^^^^^^^^^^^^^^
  File "/home/alimt/Minibini/venv/lib/python3.12/site-packages/django/db/models/query.py", line 661, in create
    obj = self.model(**kwargs)
          ^^^^^^^^^^^^^^^^^^^^
  File "/home/alimt/Minibini/venv/lib/python3.12/site-packages/django/db/models/base.py", line 558, in __init__
    _setattr(self, prop, value)
AttributeError: property 'name' of 'Contact' object has no setter

======================================================================
ERROR: setUpClass (tests.test_workorder_from_estimate.WorkOrderFromEstimateIntegrationTest)
----------------------------------------------------------------------
Traceback (most recent call last):
  File "/home/alimt/Minibini/venv/lib/python3.12/site-packages/django/db/models/options.py", line 683, in get_field
    return self.fields_map[field_name]
           ~~~~~~~~~~~~~~~^^^^^^^^^^^^
KeyError: 'name'

During handling of the above exception, another exception occurred:

Traceback (most recent call last):
  File "/home/alimt/Minibini/venv/lib/python3.12/site-packages/django/core/serializers/json.py", line 78, in _handle_object
    yield from super()._handle_object(obj)
  File "/home/alimt/Minibini/venv/lib/python3.12/site-packages/django/core/serializers/python.py", line 160, in _handle_object
    field = Model._meta.get_field(field_name)
            ^^^^^^^^^^^^^^^^^^^^^^^^^^^^^^^^^
  File "/home/alimt/Minibini/venv/lib/python3.12/site-packages/django/db/models/options.py", line 685, in get_field
    raise FieldDoesNotExist(
django.core.exceptions.FieldDoesNotExist: Contact has no field named 'name'

The above exception was the direct cause of the following exception:

Traceback (most recent call last):
  File "/home/alimt/Minibini/venv/lib/python3.12/site-packages/django/core/management/__init__.py", line 194, in call_command
    return command.execute(*args, **defaults)
           ^^^^^^^^^^^^^^^^^^^^^^^^^^^^^^^^^^
  File "/home/alimt/Minibini/venv/lib/python3.12/site-packages/django/core/management/base.py", line 460, in execute
    output = self.handle(*args, **options)
             ^^^^^^^^^^^^^^^^^^^^^^^^^^^^^
  File "/home/alimt/Minibini/venv/lib/python3.12/site-packages/django/core/management/commands/loaddata.py", line 103, in handle
    self.loaddata(fixture_labels)
  File "/home/alimt/Minibini/venv/lib/python3.12/site-packages/django/core/management/commands/loaddata.py", line 164, in loaddata
    self.load_label(fixture_label)
  File "/home/alimt/Minibini/venv/lib/python3.12/site-packages/django/core/management/commands/loaddata.py", line 252, in load_label
    for obj in objects:
  File "/home/alimt/Minibini/venv/lib/python3.12/site-packages/django/core/serializers/python.py", line 123, in __iter__
    yield from self._handle_object(obj)
  File "/home/alimt/Minibini/venv/lib/python3.12/site-packages/django/core/serializers/json.py", line 82, in _handle_object
    raise DeserializationError(f"Error deserializing object: {exc}") from exc
django.core.serializers.base.DeserializationError: Problem installing fixture '/home/alimt/Minibini/fixtures/workorder_from_estimate.json': Error deserializing object: Contact has no field named 'name'

======================================================================
ERROR: setUpClass (tests.test_workorder_from_estimate.WorkOrderFromEstimateTestCase)
----------------------------------------------------------------------
Traceback (most recent call last):
  File "/home/alimt/Minibini/venv/lib/python3.12/site-packages/django/db/models/options.py", line 683, in get_field
    return self.fields_map[field_name]
           ~~~~~~~~~~~~~~~^^^^^^^^^^^^
KeyError: 'name'

During handling of the above exception, another exception occurred:

Traceback (most recent call last):
  File "/home/alimt/Minibini/venv/lib/python3.12/site-packages/django/core/serializers/json.py", line 78, in _handle_object
    yield from super()._handle_object(obj)
  File "/home/alimt/Minibini/venv/lib/python3.12/site-packages/django/core/serializers/python.py", line 160, in _handle_object
    field = Model._meta.get_field(field_name)
            ^^^^^^^^^^^^^^^^^^^^^^^^^^^^^^^^^
  File "/home/alimt/Minibini/venv/lib/python3.12/site-packages/django/db/models/options.py", line 685, in get_field
    raise FieldDoesNotExist(
django.core.exceptions.FieldDoesNotExist: Contact has no field named 'name'

The above exception was the direct cause of the following exception:

Traceback (most recent call last):
  File "/home/alimt/Minibini/venv/lib/python3.12/site-packages/django/core/management/__init__.py", line 194, in call_command
    return command.execute(*args, **defaults)
           ^^^^^^^^^^^^^^^^^^^^^^^^^^^^^^^^^^
  File "/home/alimt/Minibini/venv/lib/python3.12/site-packages/django/core/management/base.py", line 460, in execute
    output = self.handle(*args, **options)
             ^^^^^^^^^^^^^^^^^^^^^^^^^^^^^
  File "/home/alimt/Minibini/venv/lib/python3.12/site-packages/django/core/management/commands/loaddata.py", line 103, in handle
    self.loaddata(fixture_labels)
  File "/home/alimt/Minibini/venv/lib/python3.12/site-packages/django/core/management/commands/loaddata.py", line 164, in loaddata
    self.load_label(fixture_label)
  File "/home/alimt/Minibini/venv/lib/python3.12/site-packages/django/core/management/commands/loaddata.py", line 252, in load_label
    for obj in objects:
  File "/home/alimt/Minibini/venv/lib/python3.12/site-packages/django/core/serializers/python.py", line 123, in __iter__
    yield from self._handle_object(obj)
  File "/home/alimt/Minibini/venv/lib/python3.12/site-packages/django/core/serializers/json.py", line 82, in _handle_object
    raise DeserializationError(f"Error deserializing object: {exc}") from exc
django.core.serializers.base.DeserializationError: Problem installing fixture '/home/alimt/Minibini/fixtures/workorder_from_estimate.json': Error deserializing object: Contact has no field named 'name'

======================================================================
ERROR: test_revised_worksheet_can_generate_new_estimate (tests.test_worksheet_finalization.WorksheetEstimateIntegrationTests.test_revised_worksheet_can_generate_new_estimate)
Test that a revised worksheet (from a final one) can generate a new estimate.
----------------------------------------------------------------------
Traceback (most recent call last):
  File "/home/alimt/Minibini/tests/test_worksheet_finalization.py", line 275, in setUp
    self.contact = Contact.objects.create(
                   ^^^^^^^^^^^^^^^^^^^^^^^
  File "/home/alimt/Minibini/venv/lib/python3.12/site-packages/django/db/models/manager.py", line 87, in manager_method
    return getattr(self.get_queryset(), name)(*args, **kwargs)
           ^^^^^^^^^^^^^^^^^^^^^^^^^^^^^^^^^^^^^^^^^^^^^^^^^^^
  File "/home/alimt/Minibini/venv/lib/python3.12/site-packages/django/db/models/query.py", line 661, in create
    obj = self.model(**kwargs)
          ^^^^^^^^^^^^^^^^^^^^
  File "/home/alimt/Minibini/venv/lib/python3.12/site-packages/django/db/models/base.py", line 558, in __init__
    _setattr(self, prop, value)
AttributeError: property 'name' of 'Contact' object has no setter

======================================================================
ERROR: test_worksheet_workflow_from_draft_to_final (tests.test_worksheet_finalization.WorksheetEstimateIntegrationTests.test_worksheet_workflow_from_draft_to_final)
Test the complete workflow from draft worksheet to final with estimate.
----------------------------------------------------------------------
Traceback (most recent call last):
  File "/home/alimt/Minibini/tests/test_worksheet_finalization.py", line 275, in setUp
    self.contact = Contact.objects.create(
                   ^^^^^^^^^^^^^^^^^^^^^^^
  File "/home/alimt/Minibini/venv/lib/python3.12/site-packages/django/db/models/manager.py", line 87, in manager_method
    return getattr(self.get_queryset(), name)(*args, **kwargs)
           ^^^^^^^^^^^^^^^^^^^^^^^^^^^^^^^^^^^^^^^^^^^^^^^^^^^
  File "/home/alimt/Minibini/venv/lib/python3.12/site-packages/django/db/models/query.py", line 661, in create
    obj = self.model(**kwargs)
          ^^^^^^^^^^^^^^^^^^^^
  File "/home/alimt/Minibini/venv/lib/python3.12/site-packages/django/db/models/base.py", line 558, in __init__
    _setattr(self, prop, value)
AttributeError: property 'name' of 'Contact' object has no setter

======================================================================
ERROR: test_cannot_generate_estimate_from_final_worksheet (tests.test_worksheet_finalization.WorksheetFinalizationTests.test_cannot_generate_estimate_from_final_worksheet)
Test that generating an estimate from a final worksheet is rejected.
----------------------------------------------------------------------
Traceback (most recent call last):
  File "/home/alimt/Minibini/tests/test_worksheet_finalization.py", line 43, in setUp
    self.contact = Contact.objects.create(
                   ^^^^^^^^^^^^^^^^^^^^^^^
  File "/home/alimt/Minibini/venv/lib/python3.12/site-packages/django/db/models/manager.py", line 87, in manager_method
    return getattr(self.get_queryset(), name)(*args, **kwargs)
           ^^^^^^^^^^^^^^^^^^^^^^^^^^^^^^^^^^^^^^^^^^^^^^^^^^^
  File "/home/alimt/Minibini/venv/lib/python3.12/site-packages/django/db/models/query.py", line 661, in create
    obj = self.model(**kwargs)
          ^^^^^^^^^^^^^^^^^^^^
  File "/home/alimt/Minibini/venv/lib/python3.12/site-packages/django/db/models/base.py", line 558, in __init__
    _setattr(self, prop, value)
AttributeError: property 'name' of 'Contact' object has no setter

======================================================================
ERROR: test_cannot_generate_estimate_from_superseded_worksheet (tests.test_worksheet_finalization.WorksheetFinalizationTests.test_cannot_generate_estimate_from_superseded_worksheet)
Test that generating an estimate from a superseded worksheet is rejected.
----------------------------------------------------------------------
Traceback (most recent call last):
  File "/home/alimt/Minibini/tests/test_worksheet_finalization.py", line 43, in setUp
    self.contact = Contact.objects.create(
                   ^^^^^^^^^^^^^^^^^^^^^^^
  File "/home/alimt/Minibini/venv/lib/python3.12/site-packages/django/db/models/manager.py", line 87, in manager_method
    return getattr(self.get_queryset(), name)(*args, **kwargs)
           ^^^^^^^^^^^^^^^^^^^^^^^^^^^^^^^^^^^^^^^^^^^^^^^^^^^
  File "/home/alimt/Minibini/venv/lib/python3.12/site-packages/django/db/models/query.py", line 661, in create
    obj = self.model(**kwargs)
          ^^^^^^^^^^^^^^^^^^^^
  File "/home/alimt/Minibini/venv/lib/python3.12/site-packages/django/db/models/base.py", line 558, in __init__
    _setattr(self, prop, value)
AttributeError: property 'name' of 'Contact' object has no setter

======================================================================
ERROR: test_cannot_generate_multiple_estimates_from_same_worksheet (tests.test_worksheet_finalization.WorksheetFinalizationTests.test_cannot_generate_multiple_estimates_from_same_worksheet)
Test that a worksheet cannot generate multiple estimates.
----------------------------------------------------------------------
Traceback (most recent call last):
  File "/home/alimt/Minibini/tests/test_worksheet_finalization.py", line 43, in setUp
    self.contact = Contact.objects.create(
                   ^^^^^^^^^^^^^^^^^^^^^^^
  File "/home/alimt/Minibini/venv/lib/python3.12/site-packages/django/db/models/manager.py", line 87, in manager_method
    return getattr(self.get_queryset(), name)(*args, **kwargs)
           ^^^^^^^^^^^^^^^^^^^^^^^^^^^^^^^^^^^^^^^^^^^^^^^^^^^
  File "/home/alimt/Minibini/venv/lib/python3.12/site-packages/django/db/models/query.py", line 661, in create
    obj = self.model(**kwargs)
          ^^^^^^^^^^^^^^^^^^^^
  File "/home/alimt/Minibini/venv/lib/python3.12/site-packages/django/db/models/base.py", line 558, in __init__
    _setattr(self, prop, value)
AttributeError: property 'name' of 'Contact' object has no setter

======================================================================
ERROR: test_generate_estimate_link_hidden_for_final_worksheet (tests.test_worksheet_finalization.WorksheetFinalizationTests.test_generate_estimate_link_hidden_for_final_worksheet)
Test that the Generate Estimate link is hidden for final worksheets.
----------------------------------------------------------------------
Traceback (most recent call last):
  File "/home/alimt/Minibini/tests/test_worksheet_finalization.py", line 43, in setUp
    self.contact = Contact.objects.create(
                   ^^^^^^^^^^^^^^^^^^^^^^^
  File "/home/alimt/Minibini/venv/lib/python3.12/site-packages/django/db/models/manager.py", line 87, in manager_method
    return getattr(self.get_queryset(), name)(*args, **kwargs)
           ^^^^^^^^^^^^^^^^^^^^^^^^^^^^^^^^^^^^^^^^^^^^^^^^^^^
  File "/home/alimt/Minibini/venv/lib/python3.12/site-packages/django/db/models/query.py", line 661, in create
    obj = self.model(**kwargs)
          ^^^^^^^^^^^^^^^^^^^^
  File "/home/alimt/Minibini/venv/lib/python3.12/site-packages/django/db/models/base.py", line 558, in __init__
    _setattr(self, prop, value)
AttributeError: property 'name' of 'Contact' object has no setter

======================================================================
ERROR: test_generate_estimate_link_visible_for_draft_worksheet (tests.test_worksheet_finalization.WorksheetFinalizationTests.test_generate_estimate_link_visible_for_draft_worksheet)
Test that the Generate Estimate link is visible for draft worksheets.
----------------------------------------------------------------------
Traceback (most recent call last):
  File "/home/alimt/Minibini/tests/test_worksheet_finalization.py", line 43, in setUp
    self.contact = Contact.objects.create(
                   ^^^^^^^^^^^^^^^^^^^^^^^
  File "/home/alimt/Minibini/venv/lib/python3.12/site-packages/django/db/models/manager.py", line 87, in manager_method
    return getattr(self.get_queryset(), name)(*args, **kwargs)
           ^^^^^^^^^^^^^^^^^^^^^^^^^^^^^^^^^^^^^^^^^^^^^^^^^^^
  File "/home/alimt/Minibini/venv/lib/python3.12/site-packages/django/db/models/query.py", line 661, in create
    obj = self.model(**kwargs)
          ^^^^^^^^^^^^^^^^^^^^
  File "/home/alimt/Minibini/venv/lib/python3.12/site-packages/django/db/models/base.py", line 558, in __init__
    _setattr(self, prop, value)
AttributeError: property 'name' of 'Contact' object has no setter

======================================================================
ERROR: test_get_request_rejected_for_final_worksheet (tests.test_worksheet_finalization.WorksheetFinalizationTests.test_get_request_rejected_for_final_worksheet)
Test that GET request is rejected for final worksheet.
----------------------------------------------------------------------
Traceback (most recent call last):
  File "/home/alimt/Minibini/tests/test_worksheet_finalization.py", line 43, in setUp
    self.contact = Contact.objects.create(
                   ^^^^^^^^^^^^^^^^^^^^^^^
  File "/home/alimt/Minibini/venv/lib/python3.12/site-packages/django/db/models/manager.py", line 87, in manager_method
    return getattr(self.get_queryset(), name)(*args, **kwargs)
           ^^^^^^^^^^^^^^^^^^^^^^^^^^^^^^^^^^^^^^^^^^^^^^^^^^^
  File "/home/alimt/Minibini/venv/lib/python3.12/site-packages/django/db/models/query.py", line 661, in create
    obj = self.model(**kwargs)
          ^^^^^^^^^^^^^^^^^^^^
  File "/home/alimt/Minibini/venv/lib/python3.12/site-packages/django/db/models/base.py", line 558, in __init__
    _setattr(self, prop, value)
AttributeError: property 'name' of 'Contact' object has no setter

======================================================================
ERROR: test_get_request_shows_confirmation_page_for_draft (tests.test_worksheet_finalization.WorksheetFinalizationTests.test_get_request_shows_confirmation_page_for_draft)
Test that GET request shows confirmation page for draft worksheet.
----------------------------------------------------------------------
Traceback (most recent call last):
  File "/home/alimt/Minibini/tests/test_worksheet_finalization.py", line 43, in setUp
    self.contact = Contact.objects.create(
                   ^^^^^^^^^^^^^^^^^^^^^^^
  File "/home/alimt/Minibini/venv/lib/python3.12/site-packages/django/db/models/manager.py", line 87, in manager_method
    return getattr(self.get_queryset(), name)(*args, **kwargs)
           ^^^^^^^^^^^^^^^^^^^^^^^^^^^^^^^^^^^^^^^^^^^^^^^^^^^
  File "/home/alimt/Minibini/venv/lib/python3.12/site-packages/django/db/models/query.py", line 661, in create
    obj = self.model(**kwargs)
          ^^^^^^^^^^^^^^^^^^^^
  File "/home/alimt/Minibini/venv/lib/python3.12/site-packages/django/db/models/base.py", line 558, in __init__
    _setattr(self, prop, value)
AttributeError: property 'name' of 'Contact' object has no setter

======================================================================
ERROR: test_worksheet_marked_final_after_generating_estimate (tests.test_worksheet_finalization.WorksheetFinalizationTests.test_worksheet_marked_final_after_generating_estimate)
Test that worksheet is marked as final after generating an estimate.
----------------------------------------------------------------------
Traceback (most recent call last):
  File "/home/alimt/Minibini/tests/test_worksheet_finalization.py", line 43, in setUp
    self.contact = Contact.objects.create(
                   ^^^^^^^^^^^^^^^^^^^^^^^
  File "/home/alimt/Minibini/venv/lib/python3.12/site-packages/django/db/models/manager.py", line 87, in manager_method
    return getattr(self.get_queryset(), name)(*args, **kwargs)
           ^^^^^^^^^^^^^^^^^^^^^^^^^^^^^^^^^^^^^^^^^^^^^^^^^^^
  File "/home/alimt/Minibini/venv/lib/python3.12/site-packages/django/db/models/query.py", line 661, in create
    obj = self.model(**kwargs)
          ^^^^^^^^^^^^^^^^^^^^
  File "/home/alimt/Minibini/venv/lib/python3.12/site-packages/django/db/models/base.py", line 558, in __init__
    _setattr(self, prop, value)
AttributeError: property 'name' of 'Contact' object has no setter

======================================================================
ERROR: test_can_add_task_manually_to_draft_worksheet (tests.test_worksheet_task_restrictions.WorksheetTaskRestrictionTests.test_can_add_task_manually_to_draft_worksheet)
Test that tasks can be added manually to draft worksheets (control test).
----------------------------------------------------------------------
Traceback (most recent call last):
  File "/home/alimt/Minibini/tests/test_worksheet_task_restrictions.py", line 31, in setUp
    self.contact = Contact.objects.create(
                   ^^^^^^^^^^^^^^^^^^^^^^^
  File "/home/alimt/Minibini/venv/lib/python3.12/site-packages/django/db/models/manager.py", line 87, in manager_method
    return getattr(self.get_queryset(), name)(*args, **kwargs)
           ^^^^^^^^^^^^^^^^^^^^^^^^^^^^^^^^^^^^^^^^^^^^^^^^^^^
  File "/home/alimt/Minibini/venv/lib/python3.12/site-packages/django/db/models/query.py", line 661, in create
    obj = self.model(**kwargs)
          ^^^^^^^^^^^^^^^^^^^^
  File "/home/alimt/Minibini/venv/lib/python3.12/site-packages/django/db/models/base.py", line 558, in __init__
    _setattr(self, prop, value)
AttributeError: property 'name' of 'Contact' object has no setter

======================================================================
ERROR: test_can_add_task_to_draft_worksheet (tests.test_worksheet_task_restrictions.WorksheetTaskRestrictionTests.test_can_add_task_to_draft_worksheet)
Test that tasks can be added to draft worksheets (control test).
----------------------------------------------------------------------
Traceback (most recent call last):
  File "/home/alimt/Minibini/tests/test_worksheet_task_restrictions.py", line 31, in setUp
    self.contact = Contact.objects.create(
                   ^^^^^^^^^^^^^^^^^^^^^^^
  File "/home/alimt/Minibini/venv/lib/python3.12/site-packages/django/db/models/manager.py", line 87, in manager_method
    return getattr(self.get_queryset(), name)(*args, **kwargs)
           ^^^^^^^^^^^^^^^^^^^^^^^^^^^^^^^^^^^^^^^^^^^^^^^^^^^
  File "/home/alimt/Minibini/venv/lib/python3.12/site-packages/django/db/models/query.py", line 661, in create
    obj = self.model(**kwargs)
          ^^^^^^^^^^^^^^^^^^^^
  File "/home/alimt/Minibini/venv/lib/python3.12/site-packages/django/db/models/base.py", line 558, in __init__
    _setattr(self, prop, value)
AttributeError: property 'name' of 'Contact' object has no setter

======================================================================
ERROR: test_cannot_add_task_from_template_to_final_worksheet (tests.test_worksheet_task_restrictions.WorksheetTaskRestrictionTests.test_cannot_add_task_from_template_to_final_worksheet)
Test that adding task from template to final worksheet is rejected.
----------------------------------------------------------------------
Traceback (most recent call last):
  File "/home/alimt/Minibini/tests/test_worksheet_task_restrictions.py", line 31, in setUp
    self.contact = Contact.objects.create(
                   ^^^^^^^^^^^^^^^^^^^^^^^
  File "/home/alimt/Minibini/venv/lib/python3.12/site-packages/django/db/models/manager.py", line 87, in manager_method
    return getattr(self.get_queryset(), name)(*args, **kwargs)
           ^^^^^^^^^^^^^^^^^^^^^^^^^^^^^^^^^^^^^^^^^^^^^^^^^^^
  File "/home/alimt/Minibini/venv/lib/python3.12/site-packages/django/db/models/query.py", line 661, in create
    obj = self.model(**kwargs)
          ^^^^^^^^^^^^^^^^^^^^
  File "/home/alimt/Minibini/venv/lib/python3.12/site-packages/django/db/models/base.py", line 558, in __init__
    _setattr(self, prop, value)
AttributeError: property 'name' of 'Contact' object has no setter

======================================================================
ERROR: test_cannot_add_task_from_template_to_superseded_worksheet (tests.test_worksheet_task_restrictions.WorksheetTaskRestrictionTests.test_cannot_add_task_from_template_to_superseded_worksheet)
Test that adding task from template to superseded worksheet is rejected.
----------------------------------------------------------------------
Traceback (most recent call last):
  File "/home/alimt/Minibini/tests/test_worksheet_task_restrictions.py", line 31, in setUp
    self.contact = Contact.objects.create(
                   ^^^^^^^^^^^^^^^^^^^^^^^
  File "/home/alimt/Minibini/venv/lib/python3.12/site-packages/django/db/models/manager.py", line 87, in manager_method
    return getattr(self.get_queryset(), name)(*args, **kwargs)
           ^^^^^^^^^^^^^^^^^^^^^^^^^^^^^^^^^^^^^^^^^^^^^^^^^^^
  File "/home/alimt/Minibini/venv/lib/python3.12/site-packages/django/db/models/query.py", line 661, in create
    obj = self.model(**kwargs)
          ^^^^^^^^^^^^^^^^^^^^
  File "/home/alimt/Minibini/venv/lib/python3.12/site-packages/django/db/models/base.py", line 558, in __init__
    _setattr(self, prop, value)
AttributeError: property 'name' of 'Contact' object has no setter

======================================================================
ERROR: test_cannot_add_task_manually_to_final_worksheet (tests.test_worksheet_task_restrictions.WorksheetTaskRestrictionTests.test_cannot_add_task_manually_to_final_worksheet)
Test that adding task manually to final worksheet is rejected.
----------------------------------------------------------------------
Traceback (most recent call last):
  File "/home/alimt/Minibini/tests/test_worksheet_task_restrictions.py", line 31, in setUp
    self.contact = Contact.objects.create(
                   ^^^^^^^^^^^^^^^^^^^^^^^
  File "/home/alimt/Minibini/venv/lib/python3.12/site-packages/django/db/models/manager.py", line 87, in manager_method
    return getattr(self.get_queryset(), name)(*args, **kwargs)
           ^^^^^^^^^^^^^^^^^^^^^^^^^^^^^^^^^^^^^^^^^^^^^^^^^^^
  File "/home/alimt/Minibini/venv/lib/python3.12/site-packages/django/db/models/query.py", line 661, in create
    obj = self.model(**kwargs)
          ^^^^^^^^^^^^^^^^^^^^
  File "/home/alimt/Minibini/venv/lib/python3.12/site-packages/django/db/models/base.py", line 558, in __init__
    _setattr(self, prop, value)
AttributeError: property 'name' of 'Contact' object has no setter

======================================================================
ERROR: test_cannot_add_task_manually_to_superseded_worksheet (tests.test_worksheet_task_restrictions.WorksheetTaskRestrictionTests.test_cannot_add_task_manually_to_superseded_worksheet)
Test that adding task manually to superseded worksheet is rejected.
----------------------------------------------------------------------
Traceback (most recent call last):
  File "/home/alimt/Minibini/tests/test_worksheet_task_restrictions.py", line 31, in setUp
    self.contact = Contact.objects.create(
                   ^^^^^^^^^^^^^^^^^^^^^^^
  File "/home/alimt/Minibini/venv/lib/python3.12/site-packages/django/db/models/manager.py", line 87, in manager_method
    return getattr(self.get_queryset(), name)(*args, **kwargs)
           ^^^^^^^^^^^^^^^^^^^^^^^^^^^^^^^^^^^^^^^^^^^^^^^^^^^
  File "/home/alimt/Minibini/venv/lib/python3.12/site-packages/django/db/models/query.py", line 661, in create
    obj = self.model(**kwargs)
          ^^^^^^^^^^^^^^^^^^^^
  File "/home/alimt/Minibini/venv/lib/python3.12/site-packages/django/db/models/base.py", line 558, in __init__
    _setattr(self, prop, value)
AttributeError: property 'name' of 'Contact' object has no setter

======================================================================
ERROR: test_get_request_rejected_for_final_worksheet_manual_addition (tests.test_worksheet_task_restrictions.WorksheetTaskRestrictionTests.test_get_request_rejected_for_final_worksheet_manual_addition)
Test that GET request for manual task addition is rejected for final worksheet.
----------------------------------------------------------------------
Traceback (most recent call last):
  File "/home/alimt/Minibini/tests/test_worksheet_task_restrictions.py", line 31, in setUp
    self.contact = Contact.objects.create(
                   ^^^^^^^^^^^^^^^^^^^^^^^
  File "/home/alimt/Minibini/venv/lib/python3.12/site-packages/django/db/models/manager.py", line 87, in manager_method
    return getattr(self.get_queryset(), name)(*args, **kwargs)
           ^^^^^^^^^^^^^^^^^^^^^^^^^^^^^^^^^^^^^^^^^^^^^^^^^^^
  File "/home/alimt/Minibini/venv/lib/python3.12/site-packages/django/db/models/query.py", line 661, in create
    obj = self.model(**kwargs)
          ^^^^^^^^^^^^^^^^^^^^
  File "/home/alimt/Minibini/venv/lib/python3.12/site-packages/django/db/models/base.py", line 558, in __init__
    _setattr(self, prop, value)
AttributeError: property 'name' of 'Contact' object has no setter

======================================================================
ERROR: test_get_request_rejected_for_final_worksheet_template_addition (tests.test_worksheet_task_restrictions.WorksheetTaskRestrictionTests.test_get_request_rejected_for_final_worksheet_template_addition)
Test that GET request for task template addition is rejected for final worksheet.
----------------------------------------------------------------------
Traceback (most recent call last):
  File "/home/alimt/Minibini/tests/test_worksheet_task_restrictions.py", line 31, in setUp
    self.contact = Contact.objects.create(
                   ^^^^^^^^^^^^^^^^^^^^^^^
  File "/home/alimt/Minibini/venv/lib/python3.12/site-packages/django/db/models/manager.py", line 87, in manager_method
    return getattr(self.get_queryset(), name)(*args, **kwargs)
           ^^^^^^^^^^^^^^^^^^^^^^^^^^^^^^^^^^^^^^^^^^^^^^^^^^^
  File "/home/alimt/Minibini/venv/lib/python3.12/site-packages/django/db/models/query.py", line 661, in create
    obj = self.model(**kwargs)
          ^^^^^^^^^^^^^^^^^^^^
  File "/home/alimt/Minibini/venv/lib/python3.12/site-packages/django/db/models/base.py", line 558, in __init__
    _setattr(self, prop, value)
AttributeError: property 'name' of 'Contact' object has no setter

======================================================================
ERROR: test_task_addition_links_hidden_for_final_worksheet (tests.test_worksheet_task_restrictions.WorksheetTaskRestrictionTests.test_task_addition_links_hidden_for_final_worksheet)
Test that task addition links are hidden for final worksheets in the UI.
----------------------------------------------------------------------
Traceback (most recent call last):
  File "/home/alimt/Minibini/tests/test_worksheet_task_restrictions.py", line 31, in setUp
    self.contact = Contact.objects.create(
                   ^^^^^^^^^^^^^^^^^^^^^^^
  File "/home/alimt/Minibini/venv/lib/python3.12/site-packages/django/db/models/manager.py", line 87, in manager_method
    return getattr(self.get_queryset(), name)(*args, **kwargs)
           ^^^^^^^^^^^^^^^^^^^^^^^^^^^^^^^^^^^^^^^^^^^^^^^^^^^
  File "/home/alimt/Minibini/venv/lib/python3.12/site-packages/django/db/models/query.py", line 661, in create
    obj = self.model(**kwargs)
          ^^^^^^^^^^^^^^^^^^^^
  File "/home/alimt/Minibini/venv/lib/python3.12/site-packages/django/db/models/base.py", line 558, in __init__
    _setattr(self, prop, value)
AttributeError: property 'name' of 'Contact' object has no setter

======================================================================
ERROR: test_task_addition_links_hidden_for_superseded_worksheet (tests.test_worksheet_task_restrictions.WorksheetTaskRestrictionTests.test_task_addition_links_hidden_for_superseded_worksheet)
Test that task addition links are hidden for superseded worksheets in the UI.
----------------------------------------------------------------------
Traceback (most recent call last):
  File "/home/alimt/Minibini/tests/test_worksheet_task_restrictions.py", line 31, in setUp
    self.contact = Contact.objects.create(
                   ^^^^^^^^^^^^^^^^^^^^^^^
  File "/home/alimt/Minibini/venv/lib/python3.12/site-packages/django/db/models/manager.py", line 87, in manager_method
    return getattr(self.get_queryset(), name)(*args, **kwargs)
           ^^^^^^^^^^^^^^^^^^^^^^^^^^^^^^^^^^^^^^^^^^^^^^^^^^^
  File "/home/alimt/Minibini/venv/lib/python3.12/site-packages/django/db/models/query.py", line 661, in create
    obj = self.model(**kwargs)
          ^^^^^^^^^^^^^^^^^^^^
  File "/home/alimt/Minibini/venv/lib/python3.12/site-packages/django/db/models/base.py", line 558, in __init__
    _setattr(self, prop, value)
AttributeError: property 'name' of 'Contact' object has no setter

======================================================================
ERROR: test_task_addition_links_visible_for_draft_worksheet (tests.test_worksheet_task_restrictions.WorksheetTaskRestrictionTests.test_task_addition_links_visible_for_draft_worksheet)
Test that task addition links are visible for draft worksheets (control test).
----------------------------------------------------------------------
Traceback (most recent call last):
  File "/home/alimt/Minibini/tests/test_worksheet_task_restrictions.py", line 31, in setUp
    self.contact = Contact.objects.create(
                   ^^^^^^^^^^^^^^^^^^^^^^^
  File "/home/alimt/Minibini/venv/lib/python3.12/site-packages/django/db/models/manager.py", line 87, in manager_method
    return getattr(self.get_queryset(), name)(*args, **kwargs)
           ^^^^^^^^^^^^^^^^^^^^^^^^^^^^^^^^^^^^^^^^^^^^^^^^^^^
  File "/home/alimt/Minibini/venv/lib/python3.12/site-packages/django/db/models/query.py", line 661, in create
    obj = self.model(**kwargs)
          ^^^^^^^^^^^^^^^^^^^^
  File "/home/alimt/Minibini/venv/lib/python3.12/site-packages/django/db/models/base.py", line 558, in __init__
    _setattr(self, prop, value)
AttributeError: property 'name' of 'Contact' object has no setter

======================================================================
ERROR: test_task_addition_blocked_after_worksheet_finalization (tests.test_worksheet_task_restrictions.WorksheetTaskWorkflowTests.test_task_addition_blocked_after_worksheet_finalization)
Test that task addition is blocked after worksheet becomes final.
----------------------------------------------------------------------
Traceback (most recent call last):
  File "/home/alimt/Minibini/tests/test_worksheet_task_restrictions.py", line 327, in setUp
    self.contact = Contact.objects.create(
                   ^^^^^^^^^^^^^^^^^^^^^^^
  File "/home/alimt/Minibini/venv/lib/python3.12/site-packages/django/db/models/manager.py", line 87, in manager_method
    return getattr(self.get_queryset(), name)(*args, **kwargs)
           ^^^^^^^^^^^^^^^^^^^^^^^^^^^^^^^^^^^^^^^^^^^^^^^^^^^
  File "/home/alimt/Minibini/venv/lib/python3.12/site-packages/django/db/models/query.py", line 661, in create
    obj = self.model(**kwargs)
          ^^^^^^^^^^^^^^^^^^^^
  File "/home/alimt/Minibini/venv/lib/python3.12/site-packages/django/db/models/base.py", line 558, in __init__
    _setattr(self, prop, value)
AttributeError: property 'name' of 'Contact' object has no setter

======================================================================
FAIL: test_no_confirmation_form_when_no_contacts (tests.test_delete_business_functionality.BusinessDeletionConfirmationFormTest.test_no_confirmation_form_when_no_contacts)
Business with no contacts should be deleted immediately without confirmation
----------------------------------------------------------------------
Traceback (most recent call last):
  File "/home/alimt/Minibini/tests/test_delete_business_functionality.py", line 194, in test_no_confirmation_form_when_no_contacts
    self.assertFalse(Business.objects.filter(business_id=self.business.business_id).exists())
AssertionError: True is not false

======================================================================
FAIL: test_delete_contact_with_business_no_other_associations (tests.test_delete_contact_functionality.ContactDeletionSuccessTest.test_delete_contact_with_business_no_other_associations)
Contact with business but no Jobs/Bills can be deleted
----------------------------------------------------------------------
Traceback (most recent call last):
  File "/home/alimt/Minibini/tests/test_delete_contact_functionality.py", line 165, in test_delete_contact_with_business_no_other_associations
    self.assertFalse(Contact.objects.filter(contact_id=contact_id).exists())
AssertionError: True is not false

======================================================================
FAIL: test_delete_redirects_to_business_detail_when_has_business (tests.test_delete_contact_functionality.ContactDeletionSuccessTest.test_delete_redirects_to_business_detail_when_has_business)
Deleting contact with business should redirect to business detail
----------------------------------------------------------------------
Traceback (most recent call last):
  File "/home/alimt/Minibini/tests/test_delete_contact_functionality.py", line 189, in test_delete_redirects_to_business_detail_when_has_business
    self.assertRedirects(response, expected_redirect)
AssertionError: '/contacts/51/' != '/contacts/businesses/30/'
- /contacts/51/
+ /contacts/businesses/30/
 : Response redirected to '/contacts/51/', expected '/contacts/businesses/30/': Expected '/contacts/51/' to equal '/contacts/businesses/30/'.

======================================================================
FAIL: test_delete_default_success_message_shows_new_default (tests.test_delete_contact_functionality.DefaultContactReassignmentOnDeletionTest.test_delete_default_success_message_shows_new_default)
Success message should indicate which contact is now the default
----------------------------------------------------------------------
Traceback (most recent call last):
  File "/home/alimt/Minibini/tests/test_delete_contact_functionality.py", line 461, in test_delete_default_success_message_shows_new_default
    self.assertContains(response, 'is now the default contact')
AssertionError: False is not true : Couldn't find 'is now the default contact' in the following response
b'<!DOCTYPE html>\n<html>\n<head>\n    <title>Contacts - Minibini</title>\n    <style>\n        .superseded {\n            color: #888;\n            opacity: 0.7;\n        }\n        .messages {\n            margin: 10px 0;\n        }\n        .alert {\n            padding: 10px;\n            margin: 5px 0;\n            border: 1px solid #ddd;\n            border-radius: 4px;\n            background-color: #f0f8ff;\n        }\n        .alert-success {\n            background-color: #d4edda;\n            border-color: #c3e6cb;\n            color: #155724;\n        }\n        .alert-error, .alert-danger {\n            background-color: #f8d7da;\n            border-color: #f5c6cb;\n            color: #721c24;\n        }\n        .alert-warning {\n            background-color: #fff3cd;\n            border-color: #ffeaa7;\n            color: #856404;\n        }\n        .alert-info {\n            background-color: #d1ecf1;\n            border-color: #bee5eb;\n            color: #0c5460;\n        }\n    </style>\n</head>\n<body>\n    <h1>Minibini</h1>\n\n    <!-- Search Bar -->\n    <div style="margin: 10px 0;">\n        <form method="GET" action="/search/" style="display: inline-block;">\n            <input type="text" name="q" placeholder="Search..." value="" style="padding: 5px; width: 300px;">\n            <button type="submit" style="padding: 5px 10px;">Search</button>\n        </form>\n    </div>\n\n    <nav>\n        \n        <strong>Main:</strong>\n        <a href="/jobs/">Jobs</a> |\n        <a href="/jobs/create/">New Job</a> |\n        <a href="/jobs/tasks/">Tasks</a> |\n        <a href="/contacts/">Contacts</a> |\n        <a href="/contacts/businesses/">Businesses</a> |\n        <a href="/purchasing/purchase-orders/">Purchase Orders</a> |\n        <a href="/purchasing/bills/">Bills</a> |\n        <a href="/invoicing/">Invoices</a>\n<br/>\n        (<a href="/jobs/estimates/">Estimates</a> |\n        <a href="/jobs/worksheets/">Worksheets</a> |\n        <a href="/jobs/workorders/">Work Orders</a>)\n        \n    </nav>\n\n    \n        <div class="messages">\n            \n                <div class="alert alert-success">Contact &quot;Alice Alpha&quot; has been deleted successfully.</div>\n            \n        </div>\n    \n\n    <main>\n        \n<h2>All Contacts</h2>\n<a href="/contacts/add/" style="display: inline-block; background-color: #007bff; color: white; padding: 10px 20px; text-decoration: none; border-radius: 4px; margin-bottom: 20px;">Add Contact</a>\n\n\n    <table border="1">\n        <tr>\n            <th>Name</th>\n            <th>Email</th>\n            <th>Phone</th>\n            <th>Actions</th>\n        </tr>\n        \n        <tr>\n            <td>Bob Beta</td>\n            <td>bob@test.com</td>\n            <td>555-0002</td>\n            <td><a href="/contacts/69/">View</a></td>\n        </tr>\n        \n        <tr>\n            <td>Initial Contact</td>\n            <td>initial@test.com</td>\n            <td>555-0000</td>\n            <td><a href="/contacts/67/">View</a></td>\n        </tr>\n        \n        <tr>\n            <td>Charlie Gamma</td>\n            <td>charlie@test.com</td>\n            <td>555-0003</td>\n            <td><a href="/contacts/70/">View</a></td>\n        </tr>\n        \n    </table>\n\n\n    </main>\n\n    <hr>\n    <footer>\n        <a href="/">Main</a> |\n        <a href="/settings/">Settings</a>\n    </footer>\n</body>\n</html>\n'

======================================================================
FAIL: test_delete_default_with_invalid_selection_shows_error (tests.test_delete_contact_functionality.DefaultContactReassignmentOnDeletionTest.test_delete_default_with_invalid_selection_shows_error)
Selecting invalid contact should show error and not delete
----------------------------------------------------------------------
Traceback (most recent call last):
  File "/home/alimt/Minibini/tests/test_delete_contact_functionality.py", line 510, in test_delete_default_with_invalid_selection_shows_error
    self.assertEqual(response.status_code, 200)
AssertionError: 302 != 200

======================================================================
FAIL: test_delete_default_with_one_remaining_auto_assigns (tests.test_delete_contact_functionality.DefaultContactReassignmentOnDeletionTest.test_delete_default_with_one_remaining_auto_assigns)
Deleting default with only one other contact should auto-assign remaining contact
----------------------------------------------------------------------
Traceback (most recent call last):
  File "/home/alimt/Minibini/tests/test_delete_contact_functionality.py", line 360, in test_delete_default_with_one_remaining_auto_assigns
    self.assertEqual(response.status_code, 302)
AssertionError: 200 != 302

======================================================================
FAIL: test_delete_only_contact_clears_default (tests.test_delete_contact_functionality.DefaultContactReassignmentOnDeletionTest.test_delete_only_contact_clears_default)
Deleting the only contact should clear the default
----------------------------------------------------------------------
Traceback (most recent call last):
  File "/home/alimt/Minibini/tests/test_delete_contact_functionality.py", line 380, in test_delete_only_contact_clears_default
    self.assertEqual(self.business.default_contact, contact)
AssertionError: <Contact: Initial Contact> != <Contact: John Doe>

======================================================================
FAIL: test_delete_only_contact_success_message_indicates_no_default (tests.test_delete_contact_functionality.DefaultContactReassignmentOnDeletionTest.test_delete_only_contact_success_message_indicates_no_default)
Success message should indicate no default when last contact deleted
----------------------------------------------------------------------
Traceback (most recent call last):
  File "/home/alimt/Minibini/tests/test_delete_contact_functionality.py", line 531, in test_delete_only_contact_success_message_indicates_no_default
    self.assertContains(response, 'no longer has a default contact')
AssertionError: False is not true : Couldn't find 'no longer has a default contact' in the following response
b'<!DOCTYPE html>\n<html>\n<head>\n    <title>Contacts - Minibini</title>\n    <style>\n        .superseded {\n            color: #888;\n            opacity: 0.7;\n        }\n        .messages {\n            margin: 10px 0;\n        }\n        .alert {\n            padding: 10px;\n            margin: 5px 0;\n            border: 1px solid #ddd;\n            border-radius: 4px;\n            background-color: #f0f8ff;\n        }\n        .alert-success {\n            background-color: #d4edda;\n            border-color: #c3e6cb;\n            color: #155724;\n        }\n        .alert-error, .alert-danger {\n            background-color: #f8d7da;\n            border-color: #f5c6cb;\n            color: #721c24;\n        }\n        .alert-warning {\n            background-color: #fff3cd;\n            border-color: #ffeaa7;\n            color: #856404;\n        }\n        .alert-info {\n            background-color: #d1ecf1;\n            border-color: #bee5eb;\n            color: #0c5460;\n        }\n    </style>\n</head>\n<body>\n    <h1>Minibini</h1>\n\n    <!-- Search Bar -->\n    <div style="margin: 10px 0;">\n        <form method="GET" action="/search/" style="display: inline-block;">\n            <input type="text" name="q" placeholder="Search..." value="" style="padding: 5px; width: 300px;">\n            <button type="submit" style="padding: 5px 10px;">Search</button>\n        </form>\n    </div>\n\n    <nav>\n        \n        <strong>Main:</strong>\n        <a href="/jobs/">Jobs</a> |\n        <a href="/jobs/create/">New Job</a> |\n        <a href="/jobs/tasks/">Tasks</a> |\n        <a href="/contacts/">Contacts</a> |\n        <a href="/contacts/businesses/">Businesses</a> |\n        <a href="/purchasing/purchase-orders/">Purchase Orders</a> |\n        <a href="/purchasing/bills/">Bills</a> |\n        <a href="/invoicing/">Invoices</a>\n<br/>\n        (<a href="/jobs/estimates/">Estimates</a> |\n        <a href="/jobs/worksheets/">Worksheets</a> |\n        <a href="/jobs/workorders/">Work Orders</a>)\n        \n    </nav>\n\n    \n        <div class="messages">\n            \n                <div class="alert alert-success">Contact &quot;John Doe&quot; has been deleted successfully.</div>\n            \n        </div>\n    \n\n    <main>\n        \n<h2>All Contacts</h2>\n<a href="/contacts/add/" style="display: inline-block; background-color: #007bff; color: white; padding: 10px 20px; text-decoration: none; border-radius: 4px; margin-bottom: 20px;">Add Contact</a>\n\n\n    <table border="1">\n        <tr>\n            <th>Name</th>\n            <th>Email</th>\n            <th>Phone</th>\n            <th>Actions</th>\n        </tr>\n        \n        <tr>\n            <td>Initial Contact</td>\n            <td>initial@test.com</td>\n            <td>555-0000</td>\n            <td><a href="/contacts/84/">View</a></td>\n        </tr>\n        \n    </table>\n\n\n    </main>\n\n    <hr>\n    <footer>\n        <a href="/">Main</a> |\n        <a href="/settings/">Settings</a>\n    </footer>\n</body>\n</html>\n'

----------------------------------------------------------------------
Ran 653 tests in 25.246s

FAILED (failures=8, errors=552)
Destroying test database for alias 'default'...
Found 749 test(s).
